Build Errors Summary:
- Main API project builds successfully with 0 warnings and 0 errors
- Test project has 94 compilation errors
- Primary issue: BaseStepDefinitions class is missing
- All BDD step definition files are looking for BaseStepDefinitions base class