  UPTRMS.Api -> /home/srowe/workspace/pediatric-therapy-resource/api/bin/Debug/net9.0/UPTRMS.Api.dll

Build succeeded.
    0 Warning(s)
    0 Error(s)

Time Elapsed 00:00:00.77
