MSBUILD : error MSB1008: Only one project can be specified.
    Full command line: '/usr/lib/dotnet/sdk/9.0.107/MSBuild.dll -maxcpucount -verbosity:m -tlp:default=auto -nologo -nodereuse:false -target:VSTest -nologo -property:VSTestTestCaseFilter="FullyQualifiedName~SuccessfullyLoginWithValidCredentials" -property:VSTestLogger="console%3bverbosity=detailed" -property:VSTestNoBuild=true Tests/UPTRMS.Api.Tests.csproj 2 -property:VSTestArtifactsProcessingMode=collect -property:VSTestSessionCorrelationId=33476_c0c76275-2461-4c51-abde-4f46d4b0253a'
  Switches appended by response files:
Switch: 2

For switch syntax, type "MSBuild -help"
