Build started 07/08/2025 13:32:13.
     1>Project "/home/srowe/workspace/pediatric-therapy-resource/api/TherapyDocs.sln" on node 1 (VSTest target(s)).
     1>ValidateSolutionConfiguration:
         Building solution configuration "Debug|Any CPU".
Test run for /home/srowe/workspace/pediatric-therapy-resource/api/Tests/bin/Debug/TherapyDocs.Api.Tests.dll (.NETCoreApp,Version=v9.0)
VSTest version 17.12.0 (x64)

Starting test execution, please wait...
A total of 1 test files matched the specified pattern.
[xUnit.net 00:00:00.00] xUnit.net VSTest Adapter v2.5.4.1+b9eacec401 (64-bit .NET 9.0.6)
[xUnit.net 00:00:00.08]   Discovering: TherapyDocs.Api.Tests
[xUnit.net 00:00:00.48]   Discovered:  TherapyDocs.Api.Tests
[xUnit.net 00:00:00.48]   Starting:    TherapyDocs.Api.Tests
-> Loading plugin /home/srowe/workspace/pediatric-therapy-resource/api/Tests/bin/Debug/LivingDoc.SpecFlowPlugin.dll
-> Loading plugin /home/srowe/workspace/pediatric-therapy-resource/api/Tests/bin/Debug/TechTalk.SpecFlow.xUnit.SpecFlowPlugin.dll
-> Loading plugin /home/srowe/workspace/pediatric-therapy-resource/api/Tests/bin/Debug/TherapyDocs.Api.Tests.dll
-> Using specflow.json
[13:32:15 WRN] The property 'ApplicationRole.Permissions' is a collection or enumeration type with a value converter but with no value comparer. Set a value comparer to ensure the collection/enumeration elements are compared correctly.
[13:32:15 WRN] The property 'ApplicationUser.DirectPermissions' is a collection or enumeration type with a value converter but with no value comparer. Set a value comparer to ensure the collection/enumeration elements are compared correctly.
[13:32:15 WRN] The property 'ApplicationUser.Roles' is a collection or enumeration type with a value converter but with no value comparer. Set a value comparer to ensure the collection/enumeration elements are compared correctly.
[13:32:15 WRN] The property 'BreachAssessment.RecommendedActions' is a collection or enumeration type with a value converter but with no value comparer. Set a value comparer to ensure the collection/enumeration elements are compared correctly.
[13:32:15 WRN] The property 'BreachAssessment.RiskFactors' is a collection or enumeration type with a value converter but with no value comparer. Set a value comparer to ensure the collection/enumeration elements are compared correctly.
[13:32:15 WRN] The property 'MfaStatus.BackupCodes' is a collection or enumeration type with a value converter but with no value comparer. Set a value comparer to ensure the collection/enumeration elements are compared correctly.
[13:32:15 WRN] The property 'SecurityIncident.AffectedData' is a collection or enumeration type with a value converter but with no value comparer. Set a value comparer to ensure the collection/enumeration elements are compared correctly.
[13:32:15 WRN] The property 'SecurityIncident.AffectedUsers' is a collection or enumeration type with a value converter but with no value comparer. Set a value comparer to ensure the collection/enumeration elements are compared correctly.
[13:32:15 INF] Starting TherapyDocs API
[13:32:15 INF] Starting TherapyDocs API
[13:32:15 INF] Starting TherapyDocs API
[13:32:15 INF] Starting TherapyDocs API
[13:32:15 INF] Starting TherapyDocs API
[13:32:15 INF] Starting TherapyDocs API
[13:32:15 INF] Starting TherapyDocs API
[13:32:15 INF] Starting TherapyDocs API
[13:32:15 INF] Starting TherapyDocs API
[13:32:15 INF] Starting TherapyDocs API
[13:32:15 INF] Starting TherapyDocs API
[13:32:15 INF] Starting TherapyDocs API
[13:32:15 INF] Starting TherapyDocs API
[13:32:15 INF] Starting TherapyDocs API
[13:32:15 INF] Starting TherapyDocs API
[13:32:15 INF] Starting TherapyDocs API
[13:32:15 INF] Starting TherapyDocs API
[13:32:15 INF] Starting TherapyDocs API
[13:32:15 INF] Starting TherapyDocs API
[13:32:15 INF] Starting TherapyDocs API
[13:32:15 INF] Starting TherapyDocs API
[13:32:15 INF] Starting TherapyDocs API
[13:32:15 INF] Starting TherapyDocs API
[13:32:15 INF] Starting TherapyDocs API
[13:32:15 INF] Starting TherapyDocs API
[13:32:15 INF] Starting TherapyDocs API
[13:32:15 INF] Starting TherapyDocs API
[13:32:15 INF] Starting TherapyDocs API
[13:32:15 INF] Starting TherapyDocs API
[13:32:15 INF] Starting TherapyDocs API
[13:32:15 INF] Starting TherapyDocs API
[13:32:15 INF] Starting TherapyDocs API
[13:32:16 INF] Starting TherapyDocs API
[13:32:16 INF] Starting TherapyDocs API
[13:32:16 INF] Starting TherapyDocs API
[13:32:16 INF] Starting TherapyDocs API
[13:32:16 INF] Starting TherapyDocs API
[13:32:16 INF] Starting TherapyDocs API
[13:32:16 INF] Starting TherapyDocs API
[13:32:16 INF] Starting TherapyDocs API
[13:32:16 INF] Starting TherapyDocs API
[13:32:16 INF] Starting TherapyDocs API
[13:32:16 INF] Starting TherapyDocs API
[13:32:16 INF] Starting TherapyDocs API
[xUnit.net 00:00:02.19]       TechTalk.SpecFlow.BindingException : Multiple step definitions found, but none of them have matching parameter count and type for step 'Given the resource library contains 100,000+ resources': TherapyDocs.Api.Tests:TherapyDocs.Api.Tests.BDD.StepDefinitions.ResourceSearchSteps.GivenTheResourceLibraryContainsResources(Int32), TherapyDocs.Api.Tests:TherapyDocs.Api.Tests.BDD.StepDefinitions.ResourceStepDefinitions.GivenTheResourceLibraryContainsResources(Int32)
[xUnit.net 00:00:02.19]       Stack Trace:
[xUnit.net 00:00:02.19]            at TechTalk.SpecFlow.Infrastructure.TestExecutionEngine.GetStepMatch(StepInstance stepInstance)
[xUnit.net 00:00:02.19]            at TechTalk.SpecFlow.Infrastructure.TestExecutionEngine.ExecuteStep(IContextManager contextManager, StepInstance stepInstance)
[xUnit.net 00:00:02.19]            at TechTalk.SpecFlow.Infrastructure.TestExecutionEngine.OnAfterLastStep()
[xUnit.net 00:00:02.19]            at TechTalk.SpecFlow.TestRunner.CollectScenarioErrors()
[xUnit.net 00:00:02.19]            at TherapyDocs.Api.Tests.BDD.Features.Resources.ResourceLibrarySearchAPIEndpointsFR_002Feature.ScenarioCleanup()
[xUnit.net 00:00:02.19]         /home/srowe/workspace/pediatric-therapy-resource/api/Tests/BDD/Features/resources/resource-search.feature(121,0): at TherapyDocs.Api.Tests.BDD.Features.Resources.ResourceLibrarySearchAPIEndpointsFR_002Feature.GetAllResourceCategories()
[xUnit.net 00:00:02.19]            at System.RuntimeMethodHandle.InvokeMethod(Object target, Void** arguments, Signature sig, Boolean isConstructor)
[xUnit.net 00:00:02.19]            at System.Reflection.MethodBaseInvoker.InvokeWithNoArgs(Object obj, BindingFlags invokeAttr)
[xUnit.net 00:00:02.19]       Output:
[xUnit.net 00:00:02.19]         Given the API is available
[xUnit.net 00:00:02.19]         -> done: CommonStepDefinitions.GivenTheAPIIsAvailable() (0.5s)
[xUnit.net 00:00:02.19]         And I am authenticated as "therapist@clinic.com"
[xUnit.net 00:00:02.19]         -> done: CommonStepDefinitions.GivenIAmAuthenticatedAs("therapist@clinic.com") (0.0s)
[xUnit.net 00:00:02.19]         And the resource library contains 100,000+ resources
[xUnit.net 00:00:02.19]         -> binding error: Multiple step definitions found, but none of them have matching parameter count and type for step 'Given the resource library contains 100,000+ resources': TherapyDocs.Api.Tests:TherapyDocs.Api.Tests.BDD.StepDefinitions.ResourceSearchSteps.GivenTheResourceLibraryContainsResources(Int32), TherapyDocs.Api.Tests:TherapyDocs.Api.Tests.BDD.StepDefinitions.ResourceStepDefinitions.GivenTheResourceLibraryContainsResources(Int32)
[xUnit.net 00:00:02.19]         When I send a GET request to "/api/resources/categories"
[xUnit.net 00:00:02.19]         -> skipped because of previous errors
[xUnit.net 00:00:02.19]         Then the response status should be 200
[xUnit.net 00:00:02.19]         -> skipped because of previous errors
[xUnit.net 00:00:02.19]         And the response should contain hierarchical category tree:
[xUnit.net 00:00:02.19]           --- table step argument ---
[xUnit.net 00:00:02.19]           | field    | type   |
[xUnit.net 00:00:02.19]           | id       | string |
[xUnit.net 00:00:02.19]           | name     | string |
[xUnit.net 00:00:02.19]           | slug     | string |
[xUnit.net 00:00:02.19]           | parent   | string |
[xUnit.net 00:00:02.19]           | children | array  |
[xUnit.net 00:00:02.19]           | count    | number |
[xUnit.net 00:00:02.19]         -> skipped because of previous errors
[xUnit.net 00:00:02.23]       TechTalk.SpecFlow.BindingException : Multiple step definitions found, but none of them have matching parameter count and type for step 'Given the resource library contains 100,000+ resources': TherapyDocs.Api.Tests:TherapyDocs.Api.Tests.BDD.StepDefinitions.ResourceSearchSteps.GivenTheResourceLibraryContainsResources(Int32), TherapyDocs.Api.Tests:TherapyDocs.Api.Tests.BDD.StepDefinitions.ResourceStepDefinitions.GivenTheResourceLibraryContainsResources(Int32)
[xUnit.net 00:00:02.24]       Stack Trace:
[xUnit.net 00:00:02.24]            at TechTalk.SpecFlow.Infrastructure.TestExecutionEngine.GetStepMatch(StepInstance stepInstance)
[xUnit.net 00:00:02.24]            at TechTalk.SpecFlow.Infrastructure.TestExecutionEngine.ExecuteStep(IContextManager contextManager, StepInstance stepInstance)
[xUnit.net 00:00:02.24]            at TechTalk.SpecFlow.Infrastructure.TestExecutionEngine.OnAfterLastStep()
[xUnit.net 00:00:02.24]            at TechTalk.SpecFlow.TestRunner.CollectScenarioErrors()
[xUnit.net 00:00:02.24]            at TherapyDocs.Api.Tests.BDD.Features.Resources.ResourceLibrarySearchAPIEndpointsFR_002Feature.ScenarioCleanup()
[xUnit.net 00:00:02.24]         /home/srowe/workspace/pediatric-therapy-resource/api/Tests/BDD/Features/resources/resource-search.feature(199,0): at TherapyDocs.Api.Tests.BDD.Features.Resources.ResourceLibrarySearchAPIEndpointsFR_002Feature.HandleNoSearchResults()
[xUnit.net 00:00:02.24]            at System.RuntimeMethodHandle.InvokeMethod(Object target, Void** arguments, Signature sig, Boolean isConstructor)
[xUnit.net 00:00:02.24]            at System.Reflection.MethodBaseInvoker.InvokeWithNoArgs(Object obj, BindingFlags invokeAttr)
[xUnit.net 00:00:02.24]       Output:
[xUnit.net 00:00:02.24]         Given the API is available
[xUnit.net 00:00:02.24]         -> done: CommonStepDefinitions.GivenTheAPIIsAvailable() (0.0s)
[xUnit.net 00:00:02.24]         And I am authenticated as "therapist@clinic.com"
[xUnit.net 00:00:02.24]         -> done: CommonStepDefinitions.GivenIAmAuthenticatedAs("therapist@clinic.com") (0.0s)
[xUnit.net 00:00:02.24]         And the resource library contains 100,000+ resources
[xUnit.net 00:00:02.24]         -> binding error: Multiple step definitions found, but none of them have matching parameter count and type for step 'Given the resource library contains 100,000+ resources': TherapyDocs.Api.Tests:TherapyDocs.Api.Tests.BDD.StepDefinitions.ResourceSearchSteps.GivenTheResourceLibraryContainsResources(Int32), TherapyDocs.Api.Tests:TherapyDocs.Api.Tests.BDD.StepDefinitions.ResourceStepDefinitions.GivenTheResourceLibraryContainsResources(Int32)
[xUnit.net 00:00:02.24]         When I send a GET request to "/api/resources/search?q=xyznonexistent123"
[xUnit.net 00:00:02.24]         -> skipped because of previous errors
[xUnit.net 00:00:02.24]         Then the response status should be 200
[xUnit.net 00:00:02.24]         -> skipped because of previous errors
[xUnit.net 00:00:02.24]         And the response should contain:
[xUnit.net 00:00:02.24]           --- table step argument ---
[xUnit.net 00:00:02.24]           | field   | value |
[xUnit.net 00:00:02.24]           | total   | 0     |
[xUnit.net 00:00:02.24]           | results | []    |
[xUnit.net 00:00:02.24]         -> skipped because of previous errors
[xUnit.net 00:00:02.24]         And suggested alternatives should be provided
[xUnit.net 00:00:02.24]         -> skipped because of previous errors
[xUnit.net 00:00:02.26]       TechTalk.SpecFlow.BindingException : Multiple step definitions found, but none of them have matching parameter count and type for step 'Given the resource library contains 100,000+ resources': TherapyDocs.Api.Tests:TherapyDocs.Api.Tests.BDD.StepDefinitions.ResourceSearchSteps.GivenTheResourceLibraryContainsResources(Int32), TherapyDocs.Api.Tests:TherapyDocs.Api.Tests.BDD.StepDefinitions.ResourceStepDefinitions.GivenTheResourceLibraryContainsResources(Int32)
[xUnit.net 00:00:02.26]       Stack Trace:
[xUnit.net 00:00:02.26]            at TechTalk.SpecFlow.Infrastructure.TestExecutionEngine.GetStepMatch(StepInstance stepInstance)
[xUnit.net 00:00:02.26]            at TechTalk.SpecFlow.Infrastructure.TestExecutionEngine.ExecuteStep(IContextManager contextManager, StepInstance stepInstance)
[xUnit.net 00:00:02.26]            at TechTalk.SpecFlow.Infrastructure.TestExecutionEngine.OnAfterLastStep()
[xUnit.net 00:00:02.26]            at TechTalk.SpecFlow.TestRunner.CollectScenarioErrors()
[xUnit.net 00:00:02.26]            at TherapyDocs.Api.Tests.BDD.Features.Resources.ResourceLibrarySearchAPIEndpointsFR_002Feature.ScenarioCleanup()
[xUnit.net 00:00:02.26]         /home/srowe/workspace/pediatric-therapy-resource/api/Tests/BDD/Features/resources/resource-search.feature(157,0): at TherapyDocs.Api.Tests.BDD.Features.Resources.ResourceLibrarySearchAPIEndpointsFR_002Feature.GetAllGradeLevels()
[xUnit.net 00:00:02.26]            at System.RuntimeMethodHandle.InvokeMethod(Object target, Void** arguments, Signature sig, Boolean isConstructor)
[xUnit.net 00:00:02.26]            at System.Reflection.MethodBaseInvoker.InvokeWithNoArgs(Object obj, BindingFlags invokeAttr)
[xUnit.net 00:00:02.26]       Output:
[xUnit.net 00:00:02.26]         Given the API is available
[xUnit.net 00:00:02.26]         -> done: CommonStepDefinitions.GivenTheAPIIsAvailable() (0.0s)
[xUnit.net 00:00:02.26]         And I am authenticated as "therapist@clinic.com"
[xUnit.net 00:00:02.26]         -> done: CommonStepDefinitions.GivenIAmAuthenticatedAs("therapist@clinic.com") (0.0s)
[xUnit.net 00:00:02.26]         And the resource library contains 100,000+ resources
[xUnit.net 00:00:02.26]         -> binding error: Multiple step definitions found, but none of them have matching parameter count and type for step 'Given the resource library contains 100,000+ resources': TherapyDocs.Api.Tests:TherapyDocs.Api.Tests.BDD.StepDefinitions.ResourceSearchSteps.GivenTheResourceLibraryContainsResources(Int32), TherapyDocs.Api.Tests:TherapyDocs.Api.Tests.BDD.StepDefinitions.ResourceStepDefinitions.GivenTheResourceLibraryContainsResources(Int32)
[xUnit.net 00:00:02.26]         When I send a GET request to "/api/resources/grades"
[xUnit.net 00:00:02.26]         -> skipped because of previous errors
[xUnit.net 00:00:02.26]         Then the response status should be 200
[xUnit.net 00:00:02.26]         -> skipped because of previous errors
[xUnit.net 00:00:02.26]         And the response should contain array of:
[xUnit.net 00:00:02.26]           --- table step argument ---
[xUnit.net 00:00:02.26]           | field    | type   |
[xUnit.net 00:00:02.26]           | id       | string |
[xUnit.net 00:00:02.26]           | name     | string |
[xUnit.net 00:00:02.26]           | ageRange | string |
[xUnit.net 00:00:02.26]           | order    | number |
[xUnit.net 00:00:02.26]         -> skipped because of previous errors
[xUnit.net 00:00:02.27]     Get visual support library [SKIP]
[xUnit.net 00:00:02.28]       No matching step definition found for one or more steps.\nusing System;\r\nusing TechTalk.SpecFlow;\r\n\r\nnamespace MyNamespace\r\n{\r\n    [Binding]\r\n    public class StepDefinitions\r\n    {\r\n        private readonly ScenarioContext _scenarioContext;\r\n\r\n        public StepDefinitions(ScenarioContext scenarioContext)\r\n        {\r\n            _scenarioContext = scenarioContext;\r\n        }\r\n        [Given(@"I have ABA certification")]\r\n        public void GivenIHaveABACertification()\r\n        {\r\n            _scenarioContext.Pending();\r\n        }\r\n    }\r\n}\r\n
[xUnit.net 00:00:02.29]     Process high-velocity data streams at scale [SKIP]
[xUnit.net 00:00:02.29]       No matching step definition found for one or more steps.\nusing System;\r\nusing TechTalk.SpecFlow;\r\n\r\nnamespace MyNamespace\r\n{\r\n    [Binding]\r\n    public class StepDefinitions\r\n    {\r\n        private readonly ScenarioContext _scenarioContext;\r\n\r\n        public StepDefinitions(ScenarioContext scenarioContext)\r\n        {\r\n            _scenarioContext = scenarioContext;\r\n        }\r\n        [Given(@"data volume management systems are configured")]\r\n        public void GivenDataVolumeManagementSystemsAreConfigured()\r\n        {\r\n            _scenarioContext.Pending();\r\n        }\r\n        \n        [Given(@"big data infrastructure is deployed")]\r\n        public void GivenBigDataInfrastructureIsDeployed()\r\n        {\r\n            _scenarioContext.Pending();\r\n        }\r\n        \n        [Given(@"data lifecycle policies are defined")]\r\n        public void GivenDataLifecyclePoliciesAreDefined()\r\n        {\r\n            _scenarioContext.Pending();\r\n        }\r\n        \n        [Given(@"storage tiers are established")]\r\n        public void GivenStorageTiersAreEstablished()\r\n        {\r\n            _scenarioContext.Pending();\r\n        }\r\n        \n        [Given(@"processing frameworks are initialized")]\r\n        public void GivenProcessingFrameworksAreInitialized()\r\n        {\r\n            _scenarioContext.Pending();\r\n        }\r\n        \n        [Given(@"millions of events stream in per second")]\r\n        public void GivenMillionsOfEventsStreamInPerSecond()\r\n        {\r\n            _scenarioContext.Pending();\r\n        }\r\n        \n        [Given(@"processing must be real-time")]\r\n        public void GivenProcessingMustBeReal_Time()\r\n        {\r\n            _scenarioContext.Pending();\r\n        }\r\n        \n        [When(@"implementing stream processing:")]\r\n        public void WhenImplementingStreamProcessing(Table table)\r\n        {\r\n            _scenarioContext.Pending();\r\n        }\r\n        \n        [Then(@"streams should be processed in real-time")]\r\n        public void ThenStreamsShouldBeProcessedInReal_Time()\r\n        {\r\n            _scenarioContext.Pending();\r\n        }\r\n        \n        [Then(@"latency should be minimal")]\r\n        public void ThenLatencyShouldBeMinimal()\r\n        {\r\n            _scenarioContext.Pending();\r\n        }\r\n        \n        [Then(@"processing should be fault-tolerant")]\r\n        public void ThenProcessingShouldBeFault_Tolerant()\r\n        {\r\n            _scenarioContext.Pending();\r\n        }\r\n    }\r\n}\r\n
[xUnit.net 00:00:02.29]       TechTalk.SpecFlow.BindingException : Multiple step definitions found, but none of them have matching parameter count and type for step 'Given the resource library contains 100,000+ resources': TherapyDocs.Api.Tests:TherapyDocs.Api.Tests.BDD.StepDefinitions.ResourceSearchSteps.GivenTheResourceLibraryContainsResources(Int32), TherapyDocs.Api.Tests:TherapyDocs.Api.Tests.BDD.StepDefinitions.ResourceStepDefinitions.GivenTheResourceLibraryContainsResources(Int32)
[xUnit.net 00:00:02.29]       Stack Trace:
[xUnit.net 00:00:02.29]            at TechTalk.SpecFlow.Infrastructure.TestExecutionEngine.GetStepMatch(StepInstance stepInstance)
[xUnit.net 00:00:02.29]            at TechTalk.SpecFlow.Infrastructure.TestExecutionEngine.ExecuteStep(IContextManager contextManager, StepInstance stepInstance)
[xUnit.net 00:00:02.29]            at TechTalk.SpecFlow.Infrastructure.TestExecutionEngine.OnAfterLastStep()
[xUnit.net 00:00:02.29]            at TechTalk.SpecFlow.TestRunner.CollectScenarioErrors()
[xUnit.net 00:00:02.29]            at TherapyDocs.Api.Tests.BDD.Features.Resources.ResourceLibrarySearchAPIEndpointsFR_002Feature.ScenarioCleanup()
[xUnit.net 00:00:02.29]         /home/srowe/workspace/pediatric-therapy-resource/api/Tests/BDD/Features/resources/resource-search.feature(85,0): at TherapyDocs.Api.Tests.BDD.Features.Resources.ResourceLibrarySearchAPIEndpointsFR_002Feature.GetFeaturedResources()
[xUnit.net 00:00:02.29]            at System.RuntimeMethodHandle.InvokeMethod(Object target, Void** arguments, Signature sig, Boolean isConstructor)
[13:32:16 WRN] Failed to determine the https port for redirect.
[13:32:16 WRN] Failed to determine the https port for redirect.
[13:32:16 WRN] Failed to determine the https port for redirect.
[13:32:16 WRN] Failed to determine the https port for redirect.
[13:32:16 WRN] Failed to determine the https port for redirect.
[13:32:16 WRN] Failed to determine the https port for redirect.
[xUnit.net 00:00:02.29]            at System.Reflection.MethodBaseInvoker.InvokeWithNoArgs(Object obj, BindingFlags invokeAttr)
[xUnit.net 00:00:02.29]       Output:
[xUnit.net 00:00:02.29]         Given the API is available
[xUnit.net 00:00:02.29]         -> done: CommonStepDefinitions.GivenTheAPIIsAvailable() (0.0s)
[xUnit.net 00:00:02.29]         And I am authenticated as "therapist@clinic.com"
[xUnit.net 00:00:02.29]         -> done: CommonStepDefinitions.GivenIAmAuthenticatedAs("therapist@clinic.com") (0.0s)
[xUnit.net 00:00:02.29]         And the resource library contains 100,000+ resources
[xUnit.net 00:00:02.29]         -> binding error: Multiple step definitions found, but none of them have matching parameter count and type for step 'Given the resource library contains 100,000+ resources': TherapyDocs.Api.Tests:TherapyDocs.Api.Tests.BDD.StepDefinitions.ResourceSearchSteps.GivenTheResourceLibraryContainsResources(Int32), TherapyDocs.Api.Tests:TherapyDocs.Api.Tests.BDD.StepDefinitions.ResourceStepDefinitions.GivenTheResourceLibraryContainsResources(Int32)
[xUnit.net 00:00:02.29]         When I send a GET request to "/api/resources/featured"
[xUnit.net 00:00:02.29]         -> skipped because of previous errors
[xUnit.net 00:00:02.29]         Then the response status should be 200
[xUnit.net 00:00:02.29]         -> skipped because of previous errors
[xUnit.net 00:00:02.29]         And the response should contain array of featured resources
[xUnit.net 00:00:02.29]         -> skipped because of previous errors
[xUnit.net 00:00:02.29]         And each resource should have "featured" flag true
[xUnit.net 00:00:02.29]         -> skipped because of previous errors
[xUnit.net 00:00:02.29]         And results should be limited to 20 items
[xUnit.net 00:00:02.29]         -> skipped because of previous errors
[xUnit.net 00:00:02.29]     Validate and verify analytical insights [SKIP]
[xUnit.net 00:00:02.29]       No matching step definition found for one or more steps.\nusing System;\r\nusing TechTalk.SpecFlow;\r\n\r\nnamespace MyNamespace\r\n{\r\n    [Binding]\r\n    public class StepDefinitions\r\n    {\r\n        private readonly ScenarioContext _scenarioContext;\r\n\r\n        public StepDefinitions(ScenarioContext scenarioContext)\r\n        {\r\n            _scenarioContext = scenarioContext;\r\n        }\r\n        [Given(@"usage analytics system is configured")]\r\n        public void GivenUsageAnalyticsSystemIsConfigured()\r\n        {\r\n            _scenarioContext.Pending();\r\n        }\r\n        \n        [Given(@"comprehensive tracking is enabled")]\r\n        public void GivenComprehensiveTrackingIsEnabled()\r\n        {\r\n            _scenarioContext.Pending();\r\n        }\r\n        \n        [Given(@"pattern recognition algorithms are active")]\r\n        public void GivenPatternRecognitionAlgorithmsAreActive()\r\n        {\r\n            _scenarioContext.Pending();\r\n        }\r\n        \n        [Given(@"insight generation engine is ready")]\r\n        public void GivenInsightGenerationEngineIsReady()\r\n        {\r\n            _scenarioContext.Pending();\r\n        }\r\n        \n        [Given(@"insights may be misleading")]\r\n        public void GivenInsightsMayBeMisleading()\r\n        {\r\n            _scenarioContext.Pending();\r\n        }\r\n        \n        [When(@"validating analytical conclusions:")]\r\n        public void WhenValidatingAnalyticalConclusions(Table table)\r\n        {\r\n            _scenarioContext.Pending();\r\n        }\r\n        \n        [Then(@"insights should be statistically validated")]\r\n        public void ThenInsightsShouldBeStatisticallyValidated()\r\n        {\r\n            _scenarioContext.Pending();\r\n        }\r\n        \n        [Then(@"confidence levels should be reported")]\r\n        public void ThenConfidenceLevelsShouldBeReported()\r\n        {\r\n            _scenarioContext.Pending();\r\n        }\r\n        \n        [Then(@"external validation should be sought")]\r\n        public void ThenExternalValidationShouldBeSought()\r\n        {\r\n            _scenarioContext.Pending();\r\n        }\r\n        \n        [Then(@"decisions should be evidence-based")]\r\n        public void ThenDecisionsShouldBeEvidence_Based()\r\n        {\r\n            _scenarioContext.Pending();\r\n        }\r\n    }\r\n}\r\n
[13:32:16 WRN] Failed to determine the https port for redirect.
[13:32:16 WRN] Failed to determine the https port for redirect.
  Failed Get all resource categories [1 s]
  Error Message:
   TechTalk.SpecFlow.BindingException : Multiple step definitions found, but none of them have matching parameter count and type for step 'Given the resource library contains 100,000+ resources': TherapyDocs.Api.Tests:TherapyDocs.Api.Tests.BDD.StepDefinitions.ResourceSearchSteps.GivenTheResourceLibraryContainsResources(Int32), TherapyDocs.Api.Tests:TherapyDocs.Api.Tests.BDD.StepDefinitions.ResourceStepDefinitions.GivenTheResourceLibraryContainsResources(Int32)
  Stack Trace:
     at TechTalk.SpecFlow.Infrastructure.TestExecutionEngine.GetStepMatch(StepInstance stepInstance)
   at TechTalk.SpecFlow.Infrastructure.TestExecutionEngine.ExecuteStep(IContextManager contextManager, StepInstance stepInstance)
   at TechTalk.SpecFlow.Infrastructure.TestExecutionEngine.OnAfterLastStep()
   at TechTalk.SpecFlow.TestRunner.CollectScenarioErrors()
   at TherapyDocs.Api.Tests.BDD.Features.Resources.ResourceLibrarySearchAPIEndpointsFR_002Feature.ScenarioCleanup()
   at TherapyDocs.Api.Tests.BDD.Features.Resources.ResourceLibrarySearchAPIEndpointsFR_002Feature.GetAllResourceCategories() in /home/srowe/workspace/pediatric-therapy-resource/api/Tests/BDD/Features/resources/resource-search.feature:line 121
   at System.RuntimeMethodHandle.InvokeMethod(Object target, Void** arguments, Signature sig, Boolean isConstructor)
   at System.Reflection.MethodBaseInvoker.InvokeWithNoArgs(Object obj, BindingFlags invokeAttr)
  Standard Output Messages:
 Given the API is available
 -> done: CommonStepDefinitions.GivenTheAPIIsAvailable() (0.5s)
 And I am authenticated as "therapist@clinic.com"
 -> done: CommonStepDefinitions.GivenIAmAuthenticatedAs("therapist@clinic.com") (0.0s)
 And the resource library contains 100,000+ resources
 -> binding error: Multiple step definitions found, but none of them have matching parameter count and type for step 'Given the resource library contains 100,000+ resources': TherapyDocs.Api.Tests:TherapyDocs.Api.Tests.BDD.StepDefinitions.ResourceSearchSteps.GivenTheResourceLibraryContainsResources(Int32), TherapyDocs.Api.Tests:TherapyDocs.Api.Tests.BDD.StepDefinitions.ResourceStepDefinitions.GivenTheResourceLibraryContainsResources(Int32)
 When I send a GET request to "/api/resources/categories"
 -> skipped because of previous errors
 Then the response status should be 200
 -> skipped because of previous errors
 And the response should contain hierarchical category tree:
   --- table step argument ---
   | field    | type   |
   | id       | string |
   | name     | string |
   | slug     | string |
   | parent   | string |
   | children | array  |
   | count    | number |
 -> skipped because of previous errors


  Failed Handle no search results [21 ms]
  Error Message:
   TechTalk.SpecFlow.BindingException : Multiple step definitions found, but none of them have matching parameter count and type for step 'Given the resource library contains 100,000+ resources': TherapyDocs.Api.Tests:TherapyDocs.Api.Tests.BDD.StepDefinitions.ResourceSearchSteps.GivenTheResourceLibraryContainsResources(Int32), TherapyDocs.Api.Tests:TherapyDocs.Api.Tests.BDD.StepDefinitions.ResourceStepDefinitions.GivenTheResourceLibraryContainsResources(Int32)
  Stack Trace:
     at TechTalk.SpecFlow.Infrastructure.TestExecutionEngine.GetStepMatch(StepInstance stepInstance)
   at TechTalk.SpecFlow.Infrastructure.TestExecutionEngine.ExecuteStep(IContextManager contextManager, StepInstance stepInstance)
   at TechTalk.SpecFlow.Infrastructure.TestExecutionEngine.OnAfterLastStep()
   at TechTalk.SpecFlow.TestRunner.CollectScenarioErrors()
   at TherapyDocs.Api.Tests.BDD.Features.Resources.ResourceLibrarySearchAPIEndpointsFR_002Feature.ScenarioCleanup()
   at TherapyDocs.Api.Tests.BDD.Features.Resources.ResourceLibrarySearchAPIEndpointsFR_002Feature.HandleNoSearchResults() in /home/srowe/workspace/pediatric-therapy-resource/api/Tests/BDD/Features/resources/resource-search.feature:line 199
   at System.RuntimeMethodHandle.InvokeMethod(Object target, Void** arguments, Signature sig, Boolean isConstructor)
   at System.Reflection.MethodBaseInvoker.InvokeWithNoArgs(Object obj, BindingFlags invokeAttr)
  Standard Output Messages:
 Given the API is available
 -> done: CommonStepDefinitions.GivenTheAPIIsAvailable() (0.0s)
 And I am authenticated as "therapist@clinic.com"
 -> done: CommonStepDefinitions.GivenIAmAuthenticatedAs("therapist@clinic.com") (0.0s)
 And the resource library contains 100,000+ resources
 -> binding error: Multiple step definitions found, but none of them have matching parameter count and type for step 'Given the resource library contains 100,000+ resources': TherapyDocs.Api.Tests:TherapyDocs.Api.Tests.BDD.StepDefinitions.ResourceSearchSteps.GivenTheResourceLibraryContainsResources(Int32), TherapyDocs.Api.Tests:TherapyDocs.Api.Tests.BDD.StepDefinitions.ResourceStepDefinitions.GivenTheResourceLibraryContainsResources(Int32)
 When I send a GET request to "/api/resources/search?q=xyznonexistent123"
 -> skipped because of previous errors
 Then the response status should be 200
 -> skipped because of previous errors
 And the response should contain:
   --- table step argument ---
   | field   | value |
   | total   | 0     |
   | results | []    |
 -> skipped because of previous errors
 And suggested alternatives should be provided
 -> skipped because of previous errors


  Failed Get all grade levels [48 ms]
  Error Message:
   TechTalk.SpecFlow.BindingException : Multiple step definitions found, but none of them have matching parameter count and type for step 'Given the resource library contains 100,000+ resources': TherapyDocs.Api.Tests:TherapyDocs.Api.Tests.BDD.StepDefinitions.ResourceSearchSteps.GivenTheResourceLibraryContainsResources(Int32), TherapyDocs.Api.Tests:TherapyDocs.Api.Tests.BDD.StepDefinitions.ResourceStepDefinitions.GivenTheResourceLibraryContainsResources(Int32)
  Stack Trace:
     at TechTalk.SpecFlow.Infrastructure.TestExecutionEngine.GetStepMatch(StepInstance stepInstance)
   at TechTalk.SpecFlow.Infrastructure.TestExecutionEngine.ExecuteStep(IContextManager contextManager, StepInstance stepInstance)
   at TechTalk.SpecFlow.Infrastructure.TestExecutionEngine.OnAfterLastStep()
   at TechTalk.SpecFlow.TestRunner.CollectScenarioErrors()
   at TherapyDocs.Api.Tests.BDD.Features.Resources.ResourceLibrarySearchAPIEndpointsFR_002Feature.ScenarioCleanup()
   at TherapyDocs.Api.Tests.BDD.Features.Resources.ResourceLibrarySearchAPIEndpointsFR_002Feature.GetAllGradeLevels() in /home/srowe/workspace/pediatric-therapy-resource/api/Tests/BDD/Features/resources/resource-search.feature:line 157
   at System.RuntimeMethodHandle.InvokeMethod(Object target, Void** arguments, Signature sig, Boolean isConstructor)
   at System.Reflection.MethodBaseInvoker.InvokeWithNoArgs(Object obj, BindingFlags invokeAttr)
  Standard Output Messages:
 Given the API is available
 -> done: CommonStepDefinitions.GivenTheAPIIsAvailable() (0.0s)
 And I am authenticated as "therapist@clinic.com"
 -> done: CommonStepDefinitions.GivenIAmAuthenticatedAs("therapist@clinic.com") (0.0s)
 And the resource library contains 100,000+ resources
 -> binding error: Multiple step definitions found, but none of them have matching parameter count and type for step 'Given the resource library contains 100,000+ resources': TherapyDocs.Api.Tests:TherapyDocs.Api.Tests.BDD.StepDefinitions.ResourceSearchSteps.GivenTheResourceLibraryContainsResources(Int32), TherapyDocs.Api.Tests:TherapyDocs.Api.Tests.BDD.StepDefinitions.ResourceStepDefinitions.GivenTheResourceLibraryContainsResources(Int32)
 When I send a GET request to "/api/resources/grades"
 -> skipped because of previous errors
 Then the response status should be 200
 -> skipped because of previous errors
 And the response should contain array of:
   --- table step argument ---
   | field    | type   |
   | id       | string |
   | name     | string |
   | ageRange | string |
   | order    | number |
 -> skipped because of previous errors


  Skipped Get visual support library [1 ms]
  Skipped Process high-velocity data streams at scale [1 ms]
  Failed Get featured resources [26 ms]
  Error Message:
   TechTalk.SpecFlow.BindingException : Multiple step definitions found, but none of them have matching parameter count and type for step 'Given the resource library contains 100,000+ resources': TherapyDocs.Api.Tests:TherapyDocs.Api.Tests.BDD.StepDefinitions.ResourceSearchSteps.GivenTheResourceLibraryContainsResources(Int32), TherapyDocs.Api.Tests:TherapyDocs.Api.Tests.BDD.StepDefinitions.ResourceStepDefinitions.GivenTheResourceLibraryContainsResources(Int32)
  Stack Trace:
     at TechTalk.SpecFlow.Infrastructure.TestExecutionEngine.GetStepMatch(StepInstance stepInstance)
   at TechTalk.SpecFlow.Infrastructure.TestExecutionEngine.ExecuteStep(IContextManager contextManager, StepInstance stepInstance)
   at TechTalk.SpecFlow.Infrastructure.TestExecutionEngine.OnAfterLastStep()
   at TechTalk.SpecFlow.TestRunner.CollectScenarioErrors()
   at TherapyDocs.Api.Tests.BDD.Features.Resources.ResourceLibrarySearchAPIEndpointsFR_002Feature.ScenarioCleanup()
   at TherapyDocs.Api.Tests.BDD.Features.Resources.ResourceLibrarySearchAPIEndpointsFR_002Feature.GetFeaturedResources() in /home/srowe/workspace/pediatric-therapy-resource/api/Tests/BDD/Features/resources/resource-search.feature:line 85
   at System.RuntimeMethodHandle.InvokeMethod(Object target, Void** arguments, Signature sig, Boolean isConstructor)
   at System.Reflection.MethodBaseInvoker.InvokeWithNoArgs(Object obj, BindingFlags invokeAttr)
  Standard Output Messages:
 Given the API is available
 -> done: CommonStepDefinitions.GivenTheAPIIsAvailable() (0.0s)
 And I am authenticated as "therapist@clinic.com"
 -> done: CommonStepDefinitions.GivenIAmAuthenticatedAs("therapist@clinic.com") (0.0s)
 And the resource library contains 100,000+ resources
 -> binding error: Multiple step definitions found, but none of them have matching parameter count and type for step 'Given the resource library contains 100,000+ resources': TherapyDocs.Api.Tests:TherapyDocs.Api.Tests.BDD.StepDefinitions.ResourceSearchSteps.GivenTheResourceLibraryContainsResources(Int32), TherapyDocs.Api.Tests:TherapyDocs.Api.Tests.BDD.StepDefinitions.ResourceStepDefinitions.GivenTheResourceLibraryContainsResources(Int32)
 When I send a GET request to "/api/resources/featured"
 -> skipped because of previous errors
 Then the response status should be 200
 -> skipped because of previous errors
 And the response should contain array of featured resources
 -> skipped because of previous errors
 And each resource should have "featured" flag true
 -> skipped because of previous errors
 And results should be limited to 20 items
 -> skipped because of previous errors


  Skipped Validate and verify analytical insights [1 ms]
[xUnit.net 00:00:02.37]     Implement continuous learning from production feedback [SKIP]
[xUnit.net 00:00:02.37]       No matching step definition found for one or more steps.\nusing System;\r\nusing TechTalk.SpecFlow;\r\n\r\nnamespace MyNamespace\r\n{\r\n    [Binding]\r\n    public class StepDefinitions\r\n    {\r\n        private readonly ScenarioContext _scenarioContext;\r\n\r\n        public StepDefinitions(ScenarioContext scenarioContext)\r\n        {\r\n            _scenarioContext = scenarioContext;\r\n        }\r\n        [Given(@"custom ML model training infrastructure is configured")]\r\n        public void GivenCustomMLModelTrainingInfrastructureIsConfigured()\r\n        {\r\n            _scenarioContext.Pending();\r\n        }\r\n        \n        [Given(@"training data management system is active")]\r\n        public void GivenTrainingDataManagementSystemIsActive()\r\n        {\r\n            _scenarioContext.Pending();\r\n        }\r\n        \n        [Given(@"model versioning and deployment pipeline exists")]\r\n        public void GivenModelVersioningAndDeploymentPipelineExists()\r\n        {\r\n            _scenarioContext.Pending();\r\n        }\r\n        \n        [Given(@"performance monitoring is enabled")]\r\n        public void GivenPerformanceMonitoringIsEnabled()\r\n        {\r\n            _scenarioContext.Pending();\r\n        }\r\n        \n        [Given(@"security and compliance measures are enforced")]\r\n        public void GivenSecurityAndComplianceMeasuresAreEnforced()\r\n        {\r\n            _scenarioContext.Pending();\r\n        }\r\n        \n        [Given(@"models improve with real-world usage data")]\r\n        public void GivenModelsImproveWithReal_WorldUsageData()\r\n        {\r\n            _scenarioContext.Pending();\r\n        }\r\n        \n        [Given(@"user feedback provides valuable signals")]\r\n        public void GivenUserFeedbackProvidesValuableSignals()\r\n        {\r\n            _scenarioContext.Pending();\r\n        }\r\n        \n        [When(@"implementing continuous learning:")]\r\n        public void WhenImplementingContinuousLearning(Table table)\r\n        {\r\n            _scenarioContext.Pending();\r\n        }\r\n        \n        [Then(@"models should improve continuously")]\r\n        public void ThenModelsShouldImproveContinuously()\r\n        {\r\n            _scenarioContext.Pending();\r\n        }\r\n        \n        [Then(@"performance should trend upward")]\r\n        public void ThenPerformanceShouldTrendUpward()\r\n        {\r\n            _scenarioContext.Pending();\r\n        }\r\n        \n        [Then(@"stability should be maintained")]\r\n        public void ThenStabilityShouldBeMaintained()\r\n        {\r\n            _scenarioContext.Pending();\r\n        }\r\n        \n        [Then(@"user experience should enhance")]\r\n        public void ThenUserExperienceShouldEnhance()\r\n        {\r\n            _scenarioContext.Pending();\r\n        }\r\n    }\r\n}\r\n
[xUnit.net 00:00:02.37]       TechTalk.SpecFlow.BindingException : Multiple step definitions found, but none of them have matching parameter count and type for step 'Given the resource library contains 100,000+ resources': TherapyDocs.Api.Tests:TherapyDocs.Api.Tests.BDD.StepDefinitions.ResourceSearchSteps.GivenTheResourceLibraryContainsResources(Int32), TherapyDocs.Api.Tests:TherapyDocs.Api.Tests.BDD.StepDefinitions.ResourceStepDefinitions.GivenTheResourceLibraryContainsResources(Int32)
[xUnit.net 00:00:02.37]       Stack Trace:
[xUnit.net 00:00:02.37]            at TechTalk.SpecFlow.Infrastructure.TestExecutionEngine.GetStepMatch(StepInstance stepInstance)
[xUnit.net 00:00:02.37]            at TechTalk.SpecFlow.Infrastructure.TestExecutionEngine.ExecuteStep(IContextManager contextManager, StepInstance stepInstance)
[xUnit.net 00:00:02.37]            at TechTalk.SpecFlow.Infrastructure.TestExecutionEngine.OnAfterLastStep()
[xUnit.net 00:00:02.37]            at TechTalk.SpecFlow.TestRunner.CollectScenarioErrors()
[xUnit.net 00:00:02.37]            at TherapyDocs.Api.Tests.BDD.Features.Resources.ResourceLibrarySearchAPIEndpointsFR_002Feature.ScenarioCleanup()
[xUnit.net 00:00:02.37]         /home/srowe/workspace/pediatric-therapy-resource/api/Tests/BDD/Features/resources/resource-search.feature(206,0): at TherapyDocs.Api.Tests.BDD.Features.Resources.ResourceLibrarySearchAPIEndpointsFR_002Feature.HandleSpecialCharactersInSearch()
[xUnit.net 00:00:02.37]            at System.RuntimeMethodHandle.InvokeMethod(Object target, Void** arguments, Signature sig, Boolean isConstructor)
[xUnit.net 00:00:02.37]            at System.Reflection.MethodBaseInvoker.InvokeWithNoArgs(Object obj, BindingFlags invokeAttr)
[xUnit.net 00:00:02.37]       Output:
[xUnit.net 00:00:02.37]         Given the API is available
[xUnit.net 00:00:02.37]         -> done: CommonStepDefinitions.GivenTheAPIIsAvailable() (0.0s)
[xUnit.net 00:00:02.37]         And I am authenticated as "therapist@clinic.com"
[xUnit.net 00:00:02.37]         -> done: CommonStepDefinitions.GivenIAmAuthenticatedAs("therapist@clinic.com") (0.0s)
[xUnit.net 00:00:02.37]         And the resource library contains 100,000+ resources
[xUnit.net 00:00:02.37]         -> binding error: Multiple step definitions found, but none of them have matching parameter count and type for step 'Given the resource library contains 100,000+ resources': TherapyDocs.Api.Tests:TherapyDocs.Api.Tests.BDD.StepDefinitions.ResourceSearchSteps.GivenTheResourceLibraryContainsResources(Int32), TherapyDocs.Api.Tests:TherapyDocs.Api.Tests.BDD.StepDefinitions.ResourceStepDefinitions.GivenTheResourceLibraryContainsResources(Int32)
[xUnit.net 00:00:02.37]         When I send a GET request to "/api/resources/search?q=O%26P+therapy"
[xUnit.net 00:00:02.37]         -> skipped because of previous errors
[xUnit.net 00:00:02.37]         Then the response status should be 200
[xUnit.net 00:00:02.37]         -> skipped because of previous errors
[xUnit.net 00:00:02.37]         And the search should handle "O&P therapy" correctly
[xUnit.net 00:00:02.37]         -> skipped because of previous errors
[xUnit.net 00:00:02.37]         And results should include occupational and physical therapy resources
[xUnit.net 00:00:02.37]         -> skipped because of previous errors
[xUnit.net 00:00:02.37]     Implement Orton-Gillingham reading approach [SKIP]
[xUnit.net 00:00:02.37]       No matching step definition found for one or more steps.\nusing System;\r\nusing TechTalk.SpecFlow;\r\n\r\nnamespace MyNamespace\r\n{\r\n    [Binding]\r\n    public class StepDefinitions\r\n    {\r\n        private readonly ScenarioContext _scenarioContext;\r\n\r\n        public StepDefinitions(ScenarioContext scenarioContext)\r\n        {\r\n            _scenarioContext = scenarioContext;\r\n        }\r\n        [Given(@"specialized therapy protocols are available")]\r\n        public void GivenSpecializedTherapyProtocolsAreAvailable()\r\n        {\r\n            _scenarioContext.Pending();\r\n        }\r\n        \n        [Given(@"clinical procedures are documented")]\r\n        public void GivenClinicalProceduresAreDocumented()\r\n        {\r\n            _scenarioContext.Pending();\r\n        }\r\n        \n        [Given(@"fidelity tracking is enabled")]\r\n        public void GivenFidelityTrackingIsEnabled()\r\n        {\r\n            _scenarioContext.Pending();\r\n        }\r\n        \n        [Given(@"outcome measurements are integrated")]\r\n        public void GivenOutcomeMeasurementsAreIntegrated()\r\n        {\r\n            _scenarioContext.Pending();\r\n        }\r\n        \n        [Given(@"training requirements are defined")]\r\n        public void GivenTrainingRequirementsAreDefined()\r\n        {\r\n            _scenarioContext.Pending();\r\n        }\r\n        \n        [Given(@"OG provides structured literacy instruction")]\r\n        public void GivenOGProvidesStructuredLiteracyInstruction()\r\n        {\r\n            _scenarioContext.Pending();\r\n        }\r\n        \n        [Given(@"multisensory techniques enhance learning")]\r\n        public void GivenMultisensoryTechniquesEnhanceLearning()\r\n        {\r\n            _scenarioContext.Pending();\r\n        }\r\n        \n        [When(@"delivering OG instruction:")]\r\n        public void WhenDeliveringOGInstruction(Table table)\r\n        {\r\n            _scenarioContext.Pending();\r\n        }\r\n        \n        [Then(@"reading skills should build systematically")]\r\n        public void ThenReadingSkillsShouldBuildSystematically()\r\n        {\r\n            _scenarioContext.Pending();\r\n        }\r\n        \n        [Then(@"decoding should become automatic")]\r\n        public void ThenDecodingShouldBecomeAutomatic()\r\n        {\r\n            _scenarioContext.Pending();\r\n        }\r\n        \n        [Then(@"comprehension should improve")]\r\n        public void ThenComprehensionShouldImprove()\r\n        {\r\n            _scenarioContext.Pending();\r\n        }\r\n        \n        [Then(@"confidence should grow")]\r\n        public void ThenConfidenceShouldGrow()\r\n        {\r\n            _scenarioContext.Pending();\r\n        }\r\n    }\r\n}\r\n
[xUnit.net 00:00:02.37]       TechTalk.SpecFlow.BindingException : Multiple step definitions found, but none of them have matching parameter count and type for step 'Given the resource library contains 100,000+ resources': TherapyDocs.Api.Tests:TherapyDocs.Api.Tests.BDD.StepDefinitions.ResourceSearchSteps.GivenTheResourceLibraryContainsResources(Int32), TherapyDocs.Api.Tests:TherapyDocs.Api.Tests.BDD.StepDefinitions.ResourceStepDefinitions.GivenTheResourceLibraryContainsResources(Int32)
[xUnit.net 00:00:02.37]       Stack Trace:
[xUnit.net 00:00:02.37]            at TechTalk.SpecFlow.Infrastructure.TestExecutionEngine.GetStepMatch(StepInstance stepInstance)
[xUnit.net 00:00:02.37]            at TechTalk.SpecFlow.Infrastructure.TestExecutionEngine.ExecuteStep(IContextManager contextManager, StepInstance stepInstance)
[xUnit.net 00:00:02.37]            at TechTalk.SpecFlow.Infrastructure.TestExecutionEngine.OnAfterLastStep()
[xUnit.net 00:00:02.37]            at TechTalk.SpecFlow.TestRunner.CollectScenarioErrors()
[xUnit.net 00:00:02.37]            at TherapyDocs.Api.Tests.BDD.Features.Resources.ResourceLibrarySearchAPIEndpointsFR_002Feature.ScenarioCleanup()
[xUnit.net 00:00:02.37]         /home/srowe/workspace/pediatric-therapy-resource/api/Tests/BDD/Features/resources/resource-search.feature(137,0): at TherapyDocs.Api.Tests.BDD.Features.Resources.ResourceLibrarySearchAPIEndpointsFR_002Feature.GetResourcesByCategory()
[xUnit.net 00:00:02.37]            at System.RuntimeMethodHandle.InvokeMethod(Object target, Void** arguments, Signature sig, Boolean isConstructor)
[xUnit.net 00:00:02.37]            at System.Reflection.MethodBaseInvoker.InvokeWithNoArgs(Object obj, BindingFlags invokeAttr)
[xUnit.net 00:00:02.37]       Output:
[xUnit.net 00:00:02.37]         Given the API is available
[xUnit.net 00:00:02.37]         -> done: CommonStepDefinitions.GivenTheAPIIsAvailable() (0.0s)
[xUnit.net 00:00:02.37]         And I am authenticated as "therapist@clinic.com"
[xUnit.net 00:00:02.37]         -> done: CommonStepDefinitions.GivenIAmAuthenticatedAs("therapist@clinic.com") (0.0s)
[xUnit.net 00:00:02.37]         And the resource library contains 100,000+ resources
[xUnit.net 00:00:02.37]         -> binding error: Multiple step definitions found, but none of them have matching parameter count and type for step 'Given the resource library contains 100,000+ resources': TherapyDocs.Api.Tests:TherapyDocs.Api.Tests.BDD.StepDefinitions.ResourceSearchSteps.GivenTheResourceLibraryContainsResources(Int32), TherapyDocs.Api.Tests:TherapyDocs.Api.Tests.BDD.StepDefinitions.ResourceStepDefinitions.GivenTheResourceLibraryContainsResources(Int32)
[xUnit.net 00:00:02.37]         Given category "fine-motor" exists with 500 resources
[xUnit.net 00:00:02.37]         -> skipped because of previous errors
[xUnit.net 00:00:02.37]         When I send a GET request to "/api/resources/categories/fine-motor/resources"
[xUnit.net 00:00:02.37]         -> skipped because of previous errors
[xUnit.net 00:00:02.37]         Then the response status should be 200
[xUnit.net 00:00:02.37]         -> skipped because of previous errors
[xUnit.net 00:00:02.37]         And all resources should belong to "fine-motor" category
[xUnit.net 00:00:02.37]         -> skipped because of previous errors
[xUnit.net 00:00:02.37]         And subcategory resources should be included
[xUnit.net 00:00:02.37]         -> skipped because of previous errors
[xUnit.net 00:00:02.37]     Implement circuit breaker patterns to isolate failing services [SKIP]
[xUnit.net 00:00:02.37]       No matching step definition found for one or more steps.\nusing System;\r\nusing TechTalk.SpecFlow;\r\n\r\nnamespace MyNamespace\r\n{\r\n    [Binding]\r\n    public class StepDefinitions\r\n    {\r\n        private readonly ScenarioContext _scenarioContext;\r\n\r\n        public StepDefinitions(ScenarioContext scenarioContext)\r\n        {\r\n            _scenarioContext = scenarioContext;\r\n        }\r\n        [Given(@"external service monitoring is active")]\r\n        public void GivenExternalServiceMonitoringIsActive()\r\n        {\r\n            _scenarioContext.Pending();\r\n        }\r\n        \n        [Given(@"fallback mechanisms are implemented")]\r\n        public void GivenFallbackMechanismsAreImplemented()\r\n        {\r\n            _scenarioContext.Pending();\r\n        }\r\n        \n        [Given(@"service health checks are configured")]\r\n        public void GivenServiceHealthChecksAreConfigured()\r\n        {\r\n            _scenarioContext.Pending();\r\n        }\r\n        \n        [Given(@"circuit breaker patterns are deployed")]\r\n        public void GivenCircuitBreakerPatternsAreDeployed()\r\n        {\r\n            _scenarioContext.Pending();\r\n        }\r\n        \n        [Given(@"error handling workflows are established")]\r\n        public void GivenErrorHandlingWorkflowsAreEstablished()\r\n        {\r\n            _scenarioContext.Pending();\r\n        }\r\n        \n        [Given(@"circuit breakers prevent cascading failures")]\r\n        public void GivenCircuitBreakersPreventCascadingFailures()\r\n        {\r\n            _scenarioContext.Pending();\r\n        }\r\n        \n        [Given(@"service isolation maintains system stability")]\r\n        public void GivenServiceIsolationMaintainsSystemStability()\r\n        {\r\n            _scenarioContext.Pending();\r\n        }\r\n        \n        [When(@"implementing circuit breaker patterns:")]\r\n        public void WhenImplementingCircuitBreakerPatterns(Table table)\r\n        {\r\n            _scenarioContext.Pending();\r\n        }\r\n        \n        [Then(@"circuit breakers should prevent cascading failures")]\r\n        public void ThenCircuitBreakersShouldPreventCascadingFailures()\r\n        {\r\n            _scenarioContext.Pending();\r\n        }\r\n        \n        [Then(@"responses should be appropriate for each state")]\r\n        public void ThenResponsesShouldBeAppropriateForEachState()\r\n        {\r\n            _scenarioContext.Pending();\r\n        }\r\n        \n        [Then(@"recovery should be systematic")]\r\n        public void ThenRecoveryShouldBeSystematic()\r\n        {\r\n            _scenarioContext.Pending();\r\n        }\r\n        \n        [Then(@"fallbacks should maintain functionality")]\r\n        public void ThenFallbacksShouldMaintainFunctionality()\r\n        {\r\n            _scenarioContext.Pending();\r\n        }\r\n    }\r\n}\r\n
  Skipped Implement continuous learning from production feedback [1 ms]
  Failed Handle special characters in search [37 ms]
  Error Message:
   TechTalk.SpecFlow.BindingException : Multiple step definitions found, but none of them have matching parameter count and type for step 'Given the resource library contains 100,000+ resources': TherapyDocs.Api.Tests:TherapyDocs.Api.Tests.BDD.StepDefinitions.ResourceSearchSteps.GivenTheResourceLibraryContainsResources(Int32), TherapyDocs.Api.Tests:TherapyDocs.Api.Tests.BDD.StepDefinitions.ResourceStepDefinitions.GivenTheResourceLibraryContainsResources(Int32)
  Stack Trace:
     at TechTalk.SpecFlow.Infrastructure.TestExecutionEngine.GetStepMatch(StepInstance stepInstance)
   at TechTalk.SpecFlow.Infrastructure.TestExecutionEngine.ExecuteStep(IContextManager contextManager, StepInstance stepInstance)
   at TechTalk.SpecFlow.Infrastructure.TestExecutionEngine.OnAfterLastStep()
   at TechTalk.SpecFlow.TestRunner.CollectScenarioErrors()
   at TherapyDocs.Api.Tests.BDD.Features.Resources.ResourceLibrarySearchAPIEndpointsFR_002Feature.ScenarioCleanup()
   at TherapyDocs.Api.Tests.BDD.Features.Resources.ResourceLibrarySearchAPIEndpointsFR_002Feature.HandleSpecialCharactersInSearch() in /home/srowe/workspace/pediatric-therapy-resource/api/Tests/BDD/Features/resources/resource-search.feature:line 206
   at System.RuntimeMethodHandle.InvokeMethod(Object target, Void** arguments, Signature sig, Boolean isConstructor)
   at System.Reflection.MethodBaseInvoker.InvokeWithNoArgs(Object obj, BindingFlags invokeAttr)
  Standard Output Messages:
 Given the API is available
 -> done: CommonStepDefinitions.GivenTheAPIIsAvailable() (0.0s)
 And I am authenticated as "therapist@clinic.com"
 -> done: CommonStepDefinitions.GivenIAmAuthenticatedAs("therapist@clinic.com") (0.0s)
 And the resource library contains 100,000+ resources
 -> binding error: Multiple step definitions found, but none of them have matching parameter count and type for step 'Given the resource library contains 100,000+ resources': TherapyDocs.Api.Tests:TherapyDocs.Api.Tests.BDD.StepDefinitions.ResourceSearchSteps.GivenTheResourceLibraryContainsResources(Int32), TherapyDocs.Api.Tests:TherapyDocs.Api.Tests.BDD.StepDefinitions.ResourceStepDefinitions.GivenTheResourceLibraryContainsResources(Int32)
 When I send a GET request to "/api/resources/search?q=O%26P+therapy"
 -> skipped because of previous errors
 Then the response status should be 200
 -> skipped because of previous errors
 And the search should handle "O&P therapy" correctly
 -> skipped because of previous errors
 And results should include occupational and physical therapy resources
 -> skipped because of previous errors


  Skipped Implement Orton-Gillingham reading approach [1 ms]
  Failed Get resources by category [20 ms]
  Error Message:
   TechTalk.SpecFlow.BindingException : Multiple step definitions found, but none of them have matching parameter count and type for step 'Given the resource library contains 100,000+ resources': TherapyDocs.Api.Tests:TherapyDocs.Api.Tests.BDD.StepDefinitions.ResourceSearchSteps.GivenTheResourceLibraryContainsResources(Int32), TherapyDocs.Api.Tests:TherapyDocs.Api.Tests.BDD.StepDefinitions.ResourceStepDefinitions.GivenTheResourceLibraryContainsResources(Int32)
  Stack Trace:
     at TechTalk.SpecFlow.Infrastructure.TestExecutionEngine.GetStepMatch(StepInstance stepInstance)
   at TechTalk.SpecFlow.Infrastructure.TestExecutionEngine.ExecuteStep(IContextManager contextManager, StepInstance stepInstance)
   at TechTalk.SpecFlow.Infrastructure.TestExecutionEngine.OnAfterLastStep()
   at TechTalk.SpecFlow.TestRunner.CollectScenarioErrors()
   at TherapyDocs.Api.Tests.BDD.Features.Resources.ResourceLibrarySearchAPIEndpointsFR_002Feature.ScenarioCleanup()
   at TherapyDocs.Api.Tests.BDD.Features.Resources.ResourceLibrarySearchAPIEndpointsFR_002Feature.GetResourcesByCategory() in /home/srowe/workspace/pediatric-therapy-resource/api/Tests/BDD/Features/resources/resource-search.feature:line 137
   at System.RuntimeMethodHandle.InvokeMethod(Object target, Void** arguments, Signature sig, Boolean isConstructor)
   at System.Reflection.MethodBaseInvoker.InvokeWithNoArgs(Object obj, BindingFlags invokeAttr)
  Standard Output Messages:
 Given the API is available
 -> done: CommonStepDefinitions.GivenTheAPIIsAvailable() (0.0s)
 And I am authenticated as "therapist@clinic.com"
 -> done: CommonStepDefinitions.GivenIAmAuthenticatedAs("therapist@clinic.com") (0.0s)
 And the resource library contains 100,000+ resources
 -> binding error: Multiple step definitions found, but none of them have matching parameter count and type for step 'Given the resource library contains 100,000+ resources': TherapyDocs.Api.Tests:TherapyDocs.Api.Tests.BDD.StepDefinitions.ResourceSearchSteps.GivenTheResourceLibraryContainsResources(Int32), TherapyDocs.Api.Tests:TherapyDocs.Api.Tests.BDD.StepDefinitions.ResourceStepDefinitions.GivenTheResourceLibraryContainsResources(Int32)
 Given category "fine-motor" exists with 500 resources
 -> skipped because of previous errors
 When I send a GET request to "/api/resources/categories/fine-motor/resources"
 -> skipped because of previous errors
 Then the response status should be 200
 -> skipped because of previous errors
 And all resources should belong to "fine-motor" category
 -> skipped because of previous errors
 And subcategory resources should be included
 -> skipped because of previous errors


  Skipped Implement circuit breaker patterns to isolate failing services [1 ms]
[xUnit.net 00:00:02.38]     Implement comprehensive review moderation and quality control [SKIP]
[xUnit.net 00:00:02.38]       No matching step definition found for one or more steps.\nusing System;\r\nusing TechTalk.SpecFlow;\r\n\r\nnamespace MyNamespace\r\n{\r\n    [Binding]\r\n    public class StepDefinitions\r\n    {\r\n        private readonly ScenarioContext _scenarioContext;\r\n\r\n        public StepDefinitions(ScenarioContext scenarioContext)\r\n        {\r\n            _scenarioContext = scenarioContext;\r\n        }\r\n        [Given(@"quality rating system is configured")]\r\n        public void GivenQualityRatingSystemIsConfigured()\r\n        {\r\n            _scenarioContext.Pending();\r\n        }\r\n        \n        [Given(@"review collection is implemented")]\r\n        public void GivenReviewCollectionIsImplemented()\r\n        {\r\n            _scenarioContext.Pending();\r\n        }\r\n        \n        [Given(@"rating algorithms are established")]\r\n        public void GivenRatingAlgorithmsAreEstablished()\r\n        {\r\n            _scenarioContext.Pending();\r\n        }\r\n        \n        [Given(@"quality standards are defined")]\r\n        public void GivenQualityStandardsAreDefined()\r\n        {\r\n            _scenarioContext.Pending();\r\n        }\r\n        \n        [Given(@"moderation tools are available")]\r\n        public void GivenModerationToolsAreAvailable()\r\n        {\r\n            _scenarioContext.Pending();\r\n        }\r\n        \n        [Given(@"review quality affects marketplace credibility")]\r\n        public void GivenReviewQualityAffectsMarketplaceCredibility()\r\n        {\r\n            _scenarioContext.Pending();\r\n        }\r\n        \n        [Given(@"moderation ensures appropriate content standards")]\r\n        public void GivenModerationEnsuresAppropriateContentStandards()\r\n        {\r\n            _scenarioContext.Pending();\r\n        }\r\n        \n        [When(@"implementing review moderation:")]\r\n        public void WhenImplementingReviewModeration(Table table)\r\n        {\r\n            _scenarioContext.Pending();\r\n        }\r\n        \n        [Then(@"moderation should be multi-layered")]\r\n        public void ThenModerationShouldBeMulti_Layered()\r\n        {\r\n            _scenarioContext.Pending();\r\n        }\r\n        \n        [Then(@"response times should be appropriate")]\r\n        public void ThenResponseTimesShouldBeAppropriate()\r\n        {\r\n            _scenarioContext.Pending();\r\n        }\r\n        \n        [Then(@"appeals should be fair and accessible")]\r\n        public void ThenAppealsShouldBeFairAndAccessible()\r\n        {\r\n            _scenarioContext.Pending();\r\n        }\r\n        \n        [Then(@"standards should be clearly defined")]\r\n        public void ThenStandardsShouldBeClearlyDefined()\r\n        {\r\n            _scenarioContext.Pending();\r\n        }\r\n    }\r\n}\r\n
[xUnit.net 00:00:02.38]     Conduct access review [SKIP]
[xUnit.net 00:00:02.38]       No matching step definition found for one or more steps.\nusing System;\r\nusing TechTalk.SpecFlow;\r\n\r\nnamespace MyNamespace\r\n{\r\n    [Binding]\r\n    public class StepDefinitions\r\n    {\r\n        private readonly ScenarioContext _scenarioContext;\r\n\r\n        public StepDefinitions(ScenarioContext scenarioContext)\r\n        {\r\n            _scenarioContext = scenarioContext;\r\n        }\r\n        [Given(@"I am authenticated")]\r\n        public void GivenIAmAuthenticated()\r\n        {\r\n            _scenarioContext.Pending();\r\n        }\r\n        \n        [Then(@"review should analyze all user permissions")]\r\n        public void ThenReviewShouldAnalyzeAllUserPermissions()\r\n        {\r\n            _scenarioContext.Pending();\r\n        }\r\n        \n        [Then(@"over-privileged accounts should be identified")]\r\n        public void ThenOver_PrivilegedAccountsShouldBeIdentified()\r\n        {\r\n            _scenarioContext.Pending();\r\n        }\r\n        \n        [Then(@"recommendations should be provided")]\r\n        public void ThenRecommendationsShouldBeProvided()\r\n        {\r\n            _scenarioContext.Pending();\r\n        }\r\n    }\r\n}\r\n
[xUnit.net 00:00:02.38]     Disconnect integration [SKIP]
[xUnit.net 00:00:02.38]       No matching step definition found for one or more steps.\nusing System;\r\nusing TechTalk.SpecFlow;\r\n\r\nnamespace MyNamespace\r\n{\r\n    [Binding]\r\n    public class StepDefinitions\r\n    {\r\n        private readonly ScenarioContext _scenarioContext;\r\n\r\n        public StepDefinitions(ScenarioContext scenarioContext)\r\n        {\r\n            _scenarioContext = scenarioContext;\r\n        }\r\n        [Given(@"integration ""(.*)"" is connected")]\r\n        public void GivenIntegrationIsConnected(string p0)\r\n        {\r\n            _scenarioContext.Pending();\r\n        }\r\n        \n        [Then(@"integration should be disconnected")]\r\n        public void ThenIntegrationShouldBeDisconnected()\r\n        {\r\n            _scenarioContext.Pending();\r\n        }\r\n        \n        [Then(@"data should be retained")]\r\n        public void ThenDataShouldBeRetained()\r\n        {\r\n            _scenarioContext.Pending();\r\n        }\r\n        \n        [Then(@"audit log should be created")]\r\n        public void ThenAuditLogShouldBeCreated()\r\n        {\r\n            _scenarioContext.Pending();\r\n        }\r\n    }\r\n}\r\n
[xUnit.net 00:00:02.38]       TechTalk.SpecFlow.BindingException : Multiple step definitions found, but none of them have matching parameter count and type for step 'Given the resource library contains 100,000+ resources': TherapyDocs.Api.Tests:TherapyDocs.Api.Tests.BDD.StepDefinitions.ResourceSearchSteps.GivenTheResourceLibraryContainsResources(Int32), TherapyDocs.Api.Tests:TherapyDocs.Api.Tests.BDD.StepDefinitions.ResourceStepDefinitions.GivenTheResourceLibraryContainsResources(Int32)
[xUnit.net 00:00:02.38]       Stack Trace:
[xUnit.net 00:00:02.38]            at TechTalk.SpecFlow.Infrastructure.TestExecutionEngine.GetStepMatch(StepInstance stepInstance)
[xUnit.net 00:00:02.38]            at TechTalk.SpecFlow.Infrastructure.TestExecutionEngine.ExecuteStep(IContextManager contextManager, StepInstance stepInstance)
[xUnit.net 00:00:02.38]            at TechTalk.SpecFlow.Infrastructure.TestExecutionEngine.OnAfterLastStep()
[xUnit.net 00:00:02.38]            at TechTalk.SpecFlow.TestRunner.CollectScenarioErrors()
[xUnit.net 00:00:02.38]            at TherapyDocs.Api.Tests.BDD.Features.Resources.ResourceLibrarySearchAPIEndpointsFR_002Feature.ScenarioCleanup()
[xUnit.net 00:00:02.38]         /home/srowe/workspace/pediatric-therapy-resource/api/Tests/BDD/Features/resources/resource-search.feature(68,0): at TherapyDocs.Api.Tests.BDD.Features.Resources.ResourceLibrarySearchAPIEndpointsFR_002Feature.SortSearchResults(String sort, String field, String order, String[] exampleTags)
[xUnit.net 00:00:02.38]            at System.RuntimeMethodHandle.InvokeMethod(Object target, Void** arguments, Signature sig, Boolean isConstructor)
[xUnit.net 00:00:02.38]            at System.Reflection.MethodBaseInvoker.InvokeDirectByRefWithFewArgs(Object obj, Span`1 copyOfArgs, BindingFlags invokeAttr)
[xUnit.net 00:00:02.38]       Output:
[xUnit.net 00:00:02.38]         Given the API is available
[xUnit.net 00:00:02.38]         -> done: CommonStepDefinitions.GivenTheAPIIsAvailable() (0.0s)
[xUnit.net 00:00:02.38]         And I am authenticated as "therapist@clinic.com"
[xUnit.net 00:00:02.38]         -> done: CommonStepDefinitions.GivenIAmAuthenticatedAs("therapist@clinic.com") (0.0s)
[xUnit.net 00:00:02.38]         And the resource library contains 100,000+ resources
[xUnit.net 00:00:02.38]         -> binding error: Multiple step definitions found, but none of them have matching parameter count and type for step 'Given the resource library contains 100,000+ resources': TherapyDocs.Api.Tests:TherapyDocs.Api.Tests.BDD.StepDefinitions.ResourceSearchSteps.GivenTheResourceLibraryContainsResources(Int32), TherapyDocs.Api.Tests:TherapyDocs.Api.Tests.BDD.StepDefinitions.ResourceStepDefinitions.GivenTheResourceLibraryContainsResources(Int32)
[xUnit.net 00:00:02.38]         When I send a GET request to "/api/resources/search?q=math&sort=title"
[xUnit.net 00:00:02.38]         -> skipped because of previous errors
[xUnit.net 00:00:02.38]         Then the response status should be 200
[xUnit.net 00:00:02.38]         -> skipped because of previous errors
[xUnit.net 00:00:02.38]         And results should be sorted by "title" in "ascending" order
[xUnit.net 00:00:02.38]         -> binding error: Ambiguous step definitions found for step 'Then results should be sorted by "title" in "ascending" order': TherapyDocs.Api.Tests:TherapyDocs.Api.Tests.BDD.StepDefinitions.ResourceSearchSteps.ThenResultsShouldBeSortedByInOrder(String, String), TherapyDocs.Api.Tests:TherapyDocs.Api.Tests.BDD.StepDefinitions.ResourceStepDefinitions.ThenResultsShouldBeSortedBy(String)
[xUnit.net 00:00:02.38]     Record scatterplot data [SKIP]
[xUnit.net 00:00:02.38]       No matching step definition found for one or more steps.\nusing System;\r\nusing TechTalk.SpecFlow;\r\n\r\nnamespace MyNamespace\r\n{\r\n    [Binding]\r\n    public class StepDefinitions\r\n    {\r\n        private readonly ScenarioContext _scenarioContext;\r\n\r\n        public StepDefinitions(ScenarioContext scenarioContext)\r\n        {\r\n            _scenarioContext = scenarioContext;\r\n        }\r\n        [Given(@"I have ABA certification")]\r\n        public void GivenIHaveABACertification()\r\n        {\r\n            _scenarioContext.Pending();\r\n        }\r\n        \n        [Then(@"pattern analysis should identify high-probability times")]\r\n        public void ThenPatternAnalysisShouldIdentifyHigh_ProbabilityTimes()\r\n        {\r\n            _scenarioContext.Pending();\r\n        }\r\n        \n        [Then(@"environmental correlations should be noted")]\r\n        public void ThenEnvironmentalCorrelationsShouldBeNoted()\r\n        {\r\n            _scenarioContext.Pending();\r\n        }\r\n    }\r\n}\r\n
  Skipped Implement comprehensive review moderation and quality control [1 ms]
  Skipped Conduct access review [1 ms]
  Skipped Disconnect integration [1 ms]
  Failed Sort search results(sort: "title", field: "title", order: "ascending", exampleTags: []) [15 ms]
  Error Message:
   TechTalk.SpecFlow.BindingException : Multiple step definitions found, but none of them have matching parameter count and type for step 'Given the resource library contains 100,000+ resources': TherapyDocs.Api.Tests:TherapyDocs.Api.Tests.BDD.StepDefinitions.ResourceSearchSteps.GivenTheResourceLibraryContainsResources(Int32), TherapyDocs.Api.Tests:TherapyDocs.Api.Tests.BDD.StepDefinitions.ResourceStepDefinitions.GivenTheResourceLibraryContainsResources(Int32)
  Stack Trace:
     at TechTalk.SpecFlow.Infrastructure.TestExecutionEngine.GetStepMatch(StepInstance stepInstance)
   at TechTalk.SpecFlow.Infrastructure.TestExecutionEngine.ExecuteStep(IContextManager contextManager, StepInstance stepInstance)
   at TechTalk.SpecFlow.Infrastructure.TestExecutionEngine.OnAfterLastStep()
   at TechTalk.SpecFlow.TestRunner.CollectScenarioErrors()
   at TherapyDocs.Api.Tests.BDD.Features.Resources.ResourceLibrarySearchAPIEndpointsFR_002Feature.ScenarioCleanup()
   at TherapyDocs.Api.Tests.BDD.Features.Resources.ResourceLibrarySearchAPIEndpointsFR_002Feature.SortSearchResults(String sort, String field, String order, String[] exampleTags) in /home/srowe/workspace/pediatric-therapy-resource/api/Tests/BDD/Features/resources/resource-search.feature:line 68
   at System.RuntimeMethodHandle.InvokeMethod(Object target, Void** arguments, Signature sig, Boolean isConstructor)
   at System.Reflection.MethodBaseInvoker.InvokeDirectByRefWithFewArgs(Object obj, Span`1 copyOfArgs, BindingFlags invokeAttr)
  Standard Output Messages:
 Given the API is available
 -> done: CommonStepDefinitions.GivenTheAPIIsAvailable() (0.0s)
 And I am authenticated as "therapist@clinic.com"
 -> done: CommonStepDefinitions.GivenIAmAuthenticatedAs("therapist@clinic.com") (0.0s)
 And the resource library contains 100,000+ resources
 -> binding error: Multiple step definitions found, but none of them have matching parameter count and type for step 'Given the resource library contains 100,000+ resources': TherapyDocs.Api.Tests:TherapyDocs.Api.Tests.BDD.StepDefinitions.ResourceSearchSteps.GivenTheResourceLibraryContainsResources(Int32), TherapyDocs.Api.Tests:TherapyDocs.Api.Tests.BDD.StepDefinitions.ResourceStepDefinitions.GivenTheResourceLibraryContainsResources(Int32)
 When I send a GET request to "/api/resources/search?q=math&sort=title"
 -> skipped because of previous errors
 Then the response status should be 200
 -> skipped because of previous errors
 And results should be sorted by "title" in "ascending" order
 -> binding error: Ambiguous step definitions found for step 'Then results should be sorted by "title" in "ascending" order': TherapyDocs.Api.Tests:TherapyDocs.Api.Tests.BDD.StepDefinitions.ResourceSearchSteps.ThenResultsShouldBeSortedByInOrder(String, String), TherapyDocs.Api.Tests:TherapyDocs.Api.Tests.BDD.StepDefinitions.ResourceStepDefinitions.ThenResultsShouldBeSortedBy(String)


  Skipped Record scatterplot data [1 ms]
[xUnit.net 00:00:02.38]       TechTalk.SpecFlow.BindingException : Multiple step definitions found, but none of them have matching parameter count and type for step 'Given the resource library contains 100,000+ resources': TherapyDocs.Api.Tests:TherapyDocs.Api.Tests.BDD.StepDefinitions.ResourceSearchSteps.GivenTheResourceLibraryContainsResources(Int32), TherapyDocs.Api.Tests:TherapyDocs.Api.Tests.BDD.StepDefinitions.ResourceStepDefinitions.GivenTheResourceLibraryContainsResources(Int32)
[xUnit.net 00:00:02.38]       Stack Trace:
[xUnit.net 00:00:02.38]            at TechTalk.SpecFlow.Infrastructure.TestExecutionEngine.GetStepMatch(StepInstance stepInstance)
[xUnit.net 00:00:02.38]            at TechTalk.SpecFlow.Infrastructure.TestExecutionEngine.ExecuteStep(IContextManager contextManager, StepInstance stepInstance)
[xUnit.net 00:00:02.38]            at TechTalk.SpecFlow.Infrastructure.TestExecutionEngine.OnAfterLastStep()
[xUnit.net 00:00:02.38]            at TechTalk.SpecFlow.TestRunner.CollectScenarioErrors()
[xUnit.net 00:00:02.38]            at TherapyDocs.Api.Tests.BDD.Features.Resources.ResourceLibrarySearchAPIEndpointsFR_002Feature.ScenarioCleanup()
[xUnit.net 00:00:02.38]         /home/srowe/workspace/pediatric-therapy-resource/api/Tests/BDD/Features/resources/resource-search.feature(68,0): at TherapyDocs.Api.Tests.BDD.Features.Resources.ResourceLibrarySearchAPIEndpointsFR_002Feature.SortSearchResults(String sort, String field, String order, String[] exampleTags)
[xUnit.net 00:00:02.38]            at InvokeStub_ResourceLibrarySearchAPIEndpointsFR_002Feature.SortSearchResults(Object, Span`1)
[xUnit.net 00:00:02.38]            at System.Reflection.MethodBaseInvoker.InvokeWithFewArgs(Object obj, BindingFlags invokeAttr, Binder binder, Object[] parameters, CultureInfo culture)
[xUnit.net 00:00:02.38]       Output:
[xUnit.net 00:00:02.38]         Given the API is available
[xUnit.net 00:00:02.38]         -> done: CommonStepDefinitions.GivenTheAPIIsAvailable() (0.0s)
[xUnit.net 00:00:02.38]         And I am authenticated as "therapist@clinic.com"
[xUnit.net 00:00:02.38]         -> done: CommonStepDefinitions.GivenIAmAuthenticatedAs("therapist@clinic.com") (0.0s)
[xUnit.net 00:00:02.39]         And the resource library contains 100,000+ resources
[xUnit.net 00:00:02.39]         -> binding error: Multiple step definitions found, but none of them have matching parameter count and type for step 'Given the resource library contains 100,000+ resources': TherapyDocs.Api.Tests:TherapyDocs.Api.Tests.BDD.StepDefinitions.ResourceSearchSteps.GivenTheResourceLibraryContainsResources(Int32), TherapyDocs.Api.Tests:TherapyDocs.Api.Tests.BDD.StepDefinitions.ResourceStepDefinitions.GivenTheResourceLibraryContainsResources(Int32)
[xUnit.net 00:00:02.39]         When I send a GET request to "/api/resources/search?q=math&sort=popular"
[xUnit.net 00:00:02.39]         -> skipped because of previous errors
[xUnit.net 00:00:02.39]         Then the response status should be 200
[xUnit.net 00:00:02.39]         -> skipped because of previous errors
[xUnit.net 00:00:02.39]         And results should be sorted by "downloadCount" in "descending" order
[xUnit.net 00:00:02.39]         -> binding error: Ambiguous step definitions found for step 'Then results should be sorted by "downloadCount" in "descending" order': TherapyDocs.Api.Tests:TherapyDocs.Api.Tests.BDD.StepDefinitions.ResourceSearchSteps.ThenResultsShouldBeSortedByInOrder(String, String), TherapyDocs.Api.Tests:TherapyDocs.Api.Tests.BDD.StepDefinitions.ResourceStepDefinitions.ThenResultsShouldBeSortedBy(String)
[xUnit.net 00:00:02.40]     Get calendar availability [SKIP]
[xUnit.net 00:00:02.40]       No matching step definition found for one or more steps.\nusing System;\r\nusing TechTalk.SpecFlow;\r\n\r\nnamespace MyNamespace\r\n{\r\n    [Binding]\r\n    public class StepDefinitions\r\n    {\r\n        private readonly ScenarioContext _scenarioContext;\r\n\r\n        public StepDefinitions(ScenarioContext scenarioContext)\r\n        {\r\n            _scenarioContext = scenarioContext;\r\n        }\r\n        [Given(@"calendar integration is connected")]\r\n        public void GivenCalendarIntegrationIsConnected()\r\n        {\r\n            _scenarioContext.Pending();\r\n        }\r\n    }\r\n}\r\n
[xUnit.net 00:00:02.40]       TechTalk.SpecFlow.BindingException : Multiple step definitions found, but none of them have matching parameter count and type for step 'Given the resource library contains 100,000+ resources': TherapyDocs.Api.Tests:TherapyDocs.Api.Tests.BDD.StepDefinitions.ResourceSearchSteps.GivenTheResourceLibraryContainsResources(Int32), TherapyDocs.Api.Tests:TherapyDocs.Api.Tests.BDD.StepDefinitions.ResourceStepDefinitions.GivenTheResourceLibraryContainsResources(Int32)
[xUnit.net 00:00:02.40]       Stack Trace:
[xUnit.net 00:00:02.40]            at TechTalk.SpecFlow.Infrastructure.TestExecutionEngine.GetStepMatch(StepInstance stepInstance)
[xUnit.net 00:00:02.40]            at TechTalk.SpecFlow.Infrastructure.TestExecutionEngine.ExecuteStep(IContextManager contextManager, StepInstance stepInstance)
[xUnit.net 00:00:02.40]            at TechTalk.SpecFlow.Infrastructure.TestExecutionEngine.OnAfterLastStep()
[xUnit.net 00:00:02.40]            at TechTalk.SpecFlow.TestRunner.CollectScenarioErrors()
[xUnit.net 00:00:02.40]            at TherapyDocs.Api.Tests.BDD.Features.Resources.ResourceLibrarySearchAPIEndpointsFR_002Feature.ScenarioCleanup()
[xUnit.net 00:00:02.40]         /home/srowe/workspace/pediatric-therapy-resource/api/Tests/BDD/Features/resources/resource-search.feature(68,0): at TherapyDocs.Api.Tests.BDD.Features.Resources.ResourceLibrarySearchAPIEndpointsFR_002Feature.SortSearchResults(String sort, String field, String order, String[] exampleTags)
[xUnit.net 00:00:02.40]            at InvokeStub_ResourceLibrarySearchAPIEndpointsFR_002Feature.SortSearchResults(Object, Span`1)
[xUnit.net 00:00:02.40]            at System.Reflection.MethodBaseInvoker.InvokeWithFewArgs(Object obj, BindingFlags invokeAttr, Binder binder, Object[] parameters, CultureInfo culture)
[xUnit.net 00:00:02.40]       Output:
[xUnit.net 00:00:02.40]         Given the API is available
[xUnit.net 00:00:02.40]         -> done: CommonStepDefinitions.GivenTheAPIIsAvailable() (0.0s)
[xUnit.net 00:00:02.40]         And I am authenticated as "therapist@clinic.com"
[xUnit.net 00:00:02.40]         -> done: CommonStepDefinitions.GivenIAmAuthenticatedAs("therapist@clinic.com") (0.0s)
[xUnit.net 00:00:02.40]         And the resource library contains 100,000+ resources
[xUnit.net 00:00:02.40]         -> binding error: Multiple step definitions found, but none of them have matching parameter count and type for step 'Given the resource library contains 100,000+ resources': TherapyDocs.Api.Tests:TherapyDocs.Api.Tests.BDD.StepDefinitions.ResourceSearchSteps.GivenTheResourceLibraryContainsResources(Int32), TherapyDocs.Api.Tests:TherapyDocs.Api.Tests.BDD.StepDefinitions.ResourceStepDefinitions.GivenTheResourceLibraryContainsResources(Int32)
[xUnit.net 00:00:02.40]         When I send a GET request to "/api/resources/search?q=math&sort=relevance"
[xUnit.net 00:00:02.40]         -> skipped because of previous errors
[xUnit.net 00:00:02.40]         Then the response status should be 200
[xUnit.net 00:00:02.40]         -> skipped because of previous errors
[xUnit.net 00:00:02.40]         And results should be sorted by "_score" in "descending" order
[xUnit.net 00:00:02.40]         -> binding error: Ambiguous step definitions found for step 'Then results should be sorted by "_score" in "descending" order': TherapyDocs.Api.Tests:TherapyDocs.Api.Tests.BDD.StepDefinitions.ResourceSearchSteps.ThenResultsShouldBeSortedByInOrder(String, String), TherapyDocs.Api.Tests:TherapyDocs.Api.Tests.BDD.StepDefinitions.ResourceStepDefinitions.ThenResultsShouldBeSortedBy(String)
[xUnit.net 00:00:02.41]       TechTalk.SpecFlow.BindingException : Multiple step definitions found, but none of them have matching parameter count and type for step 'Given the resource library contains 100,000+ resources': TherapyDocs.Api.Tests:TherapyDocs.Api.Tests.BDD.StepDefinitions.ResourceSearchSteps.GivenTheResourceLibraryContainsResources(Int32), TherapyDocs.Api.Tests:TherapyDocs.Api.Tests.BDD.StepDefinitions.ResourceStepDefinitions.GivenTheResourceLibraryContainsResources(Int32)
[xUnit.net 00:00:02.41]       Stack Trace:
[xUnit.net 00:00:02.41]            at TechTalk.SpecFlow.Infrastructure.TestExecutionEngine.GetStepMatch(StepInstance stepInstance)
[xUnit.net 00:00:02.41]            at TechTalk.SpecFlow.Infrastructure.TestExecutionEngine.ExecuteStep(IContextManager contextManager, StepInstance stepInstance)
[xUnit.net 00:00:02.41]            at TechTalk.SpecFlow.Infrastructure.TestExecutionEngine.OnAfterLastStep()
[xUnit.net 00:00:02.41]            at TechTalk.SpecFlow.TestRunner.CollectScenarioErrors()
[xUnit.net 00:00:02.41]            at TherapyDocs.Api.Tests.BDD.Features.Resources.ResourceLibrarySearchAPIEndpointsFR_002Feature.ScenarioCleanup()
[xUnit.net 00:00:02.41]         /home/srowe/workspace/pediatric-therapy-resource/api/Tests/BDD/Features/resources/resource-search.feature(68,0): at TherapyDocs.Api.Tests.BDD.Features.Resources.ResourceLibrarySearchAPIEndpointsFR_002Feature.SortSearchResults(String sort, String field, String order, String[] exampleTags)
[xUnit.net 00:00:02.41]            at InvokeStub_ResourceLibrarySearchAPIEndpointsFR_002Feature.SortSearchResults(Object, Span`1)
[xUnit.net 00:00:02.41]            at System.Reflection.MethodBaseInvoker.InvokeWithFewArgs(Object obj, BindingFlags invokeAttr, Binder binder, Object[] parameters, CultureInfo culture)
[xUnit.net 00:00:02.41]       Output:
[xUnit.net 00:00:02.41]         Given the API is available
[xUnit.net 00:00:02.41]         -> done: CommonStepDefinitions.GivenTheAPIIsAvailable() (0.0s)
[xUnit.net 00:00:02.41]         And I am authenticated as "therapist@clinic.com"
[xUnit.net 00:00:02.41]         -> done: CommonStepDefinitions.GivenIAmAuthenticatedAs("therapist@clinic.com") (0.0s)
[xUnit.net 00:00:02.41]         And the resource library contains 100,000+ resources
[xUnit.net 00:00:02.41]         -> binding error: Multiple step definitions found, but none of them have matching parameter count and type for step 'Given the resource library contains 100,000+ resources': TherapyDocs.Api.Tests:TherapyDocs.Api.Tests.BDD.StepDefinitions.ResourceSearchSteps.GivenTheResourceLibraryContainsResources(Int32), TherapyDocs.Api.Tests:TherapyDocs.Api.Tests.BDD.StepDefinitions.ResourceStepDefinitions.GivenTheResourceLibraryContainsResources(Int32)
[xUnit.net 00:00:02.41]         When I send a GET request to "/api/resources/search?q=math&sort=rating"
[xUnit.net 00:00:02.41]         -> skipped because of previous errors
[xUnit.net 00:00:02.41]         Then the response status should be 200
[xUnit.net 00:00:02.41]         -> skipped because of previous errors
[xUnit.net 00:00:02.41]         And results should be sorted by "rating" in "descending" order
[xUnit.net 00:00:02.41]         -> binding error: Ambiguous step definitions found for step 'Then results should be sorted by "rating" in "descending" order': TherapyDocs.Api.Tests:TherapyDocs.Api.Tests.BDD.StepDefinitions.ResourceSearchSteps.ThenResultsShouldBeSortedByInOrder(String, String), TherapyDocs.Api.Tests:TherapyDocs.Api.Tests.BDD.StepDefinitions.ResourceStepDefinitions.ThenResultsShouldBeSortedBy(String)
[xUnit.net 00:00:02.43]       TechTalk.SpecFlow.BindingException : Multiple step definitions found, but none of them have matching parameter count and type for step 'Given the resource library contains 100,000+ resources': TherapyDocs.Api.Tests:TherapyDocs.Api.Tests.BDD.StepDefinitions.ResourceSearchSteps.GivenTheResourceLibraryContainsResources(Int32), TherapyDocs.Api.Tests:TherapyDocs.Api.Tests.BDD.StepDefinitions.ResourceStepDefinitions.GivenTheResourceLibraryContainsResources(Int32)
[xUnit.net 00:00:02.43]       Stack Trace:
[xUnit.net 00:00:02.43]            at TechTalk.SpecFlow.Infrastructure.TestExecutionEngine.GetStepMatch(StepInstance stepInstance)
[xUnit.net 00:00:02.43]            at TechTalk.SpecFlow.Infrastructure.TestExecutionEngine.ExecuteStep(IContextManager contextManager, StepInstance stepInstance)
[xUnit.net 00:00:02.43]            at TechTalk.SpecFlow.Infrastructure.TestExecutionEngine.OnAfterLastStep()
[xUnit.net 00:00:02.43]            at TechTalk.SpecFlow.TestRunner.CollectScenarioErrors()
[xUnit.net 00:00:02.43]            at TherapyDocs.Api.Tests.BDD.Features.Resources.ResourceLibrarySearchAPIEndpointsFR_002Feature.ScenarioCleanup()
[xUnit.net 00:00:02.43]         /home/srowe/workspace/pediatric-therapy-resource/api/Tests/BDD/Features/resources/resource-search.feature(68,0): at TherapyDocs.Api.Tests.BDD.Features.Resources.ResourceLibrarySearchAPIEndpointsFR_002Feature.SortSearchResults(String sort, String field, String order, String[] exampleTags)
[xUnit.net 00:00:02.43]            at InvokeStub_ResourceLibrarySearchAPIEndpointsFR_002Feature.SortSearchResults(Object, Span`1)
[xUnit.net 00:00:02.43]            at System.Reflection.MethodBaseInvoker.InvokeWithFewArgs(Object obj, BindingFlags invokeAttr, Binder binder, Object[] parameters, CultureInfo culture)
[xUnit.net 00:00:02.44]       Output:
[xUnit.net 00:00:02.44]         Given the API is available
[xUnit.net 00:00:02.44]         -> done: CommonStepDefinitions.GivenTheAPIIsAvailable() (0.0s)
[xUnit.net 00:00:02.44]         And I am authenticated as "therapist@clinic.com"
[xUnit.net 00:00:02.44]         -> done: CommonStepDefinitions.GivenIAmAuthenticatedAs("therapist@clinic.com") (0.0s)
[xUnit.net 00:00:02.44]         And the resource library contains 100,000+ resources
[xUnit.net 00:00:02.44]         -> binding error: Multiple step definitions found, but none of them have matching parameter count and type for step 'Given the resource library contains 100,000+ resources': TherapyDocs.Api.Tests:TherapyDocs.Api.Tests.BDD.StepDefinitions.ResourceSearchSteps.GivenTheResourceLibraryContainsResources(Int32), TherapyDocs.Api.Tests:TherapyDocs.Api.Tests.BDD.StepDefinitions.ResourceStepDefinitions.GivenTheResourceLibraryContainsResources(Int32)
[xUnit.net 00:00:02.44]         When I send a GET request to "/api/resources/search?q=math&sort=newest"
[xUnit.net 00:00:02.44]         -> skipped because of previous errors
[xUnit.net 00:00:02.44]         Then the response status should be 200
[xUnit.net 00:00:02.44]         -> skipped because of previous errors
[xUnit.net 00:00:02.44]         And results should be sorted by "createdAt" in "descending" order
[xUnit.net 00:00:02.44]         -> binding error: Ambiguous step definitions found for step 'Then results should be sorted by "createdAt" in "descending" order': TherapyDocs.Api.Tests:TherapyDocs.Api.Tests.BDD.StepDefinitions.ResourceSearchSteps.ThenResultsShouldBeSortedByInOrder(String, String), TherapyDocs.Api.Tests:TherapyDocs.Api.Tests.BDD.StepDefinitions.ResourceStepDefinitions.ThenResultsShouldBeSortedBy(String)
[xUnit.net 00:00:02.46]     Conduct preference assessment [SKIP]
[xUnit.net 00:00:02.46]       No matching step definition found for one or more steps.\nusing System;\r\nusing TechTalk.SpecFlow;\r\n\r\nnamespace MyNamespace\r\n{\r\n    [Binding]\r\n    public class StepDefinitions\r\n    {\r\n        private readonly ScenarioContext _scenarioContext;\r\n\r\n        public StepDefinitions(ScenarioContext scenarioContext)\r\n        {\r\n            _scenarioContext = scenarioContext;\r\n        }\r\n        [Given(@"I have ABA certification")]\r\n        public void GivenIHaveABACertification()\r\n        {\r\n            _scenarioContext.Pending();\r\n        }\r\n        \n        [Then(@"preference hierarchy should be calculated")]\r\n        public void ThenPreferenceHierarchyShouldBeCalculated()\r\n        {\r\n            _scenarioContext.Pending();\r\n        }\r\n        \n        [Then(@"reinforcer effectiveness should be tracked")]\r\n        public void ThenReinforcerEffectivenessShouldBeTracked()\r\n        {\r\n            _scenarioContext.Pending();\r\n        }\r\n    }\r\n}\r\n
[xUnit.net 00:00:02.47]       TechTalk.SpecFlow.BindingException : Multiple step definitions found, but none of them have matching parameter count and type for step 'Given the resource library contains 100,000+ resources': TherapyDocs.Api.Tests:TherapyDocs.Api.Tests.BDD.StepDefinitions.ResourceSearchSteps.GivenTheResourceLibraryContainsResources(Int32), TherapyDocs.Api.Tests:TherapyDocs.Api.Tests.BDD.StepDefinitions.ResourceStepDefinitions.GivenTheResourceLibraryContainsResources(Int32)
[xUnit.net 00:00:02.47]       Stack Trace:
[xUnit.net 00:00:02.47]            at TechTalk.SpecFlow.Infrastructure.TestExecutionEngine.GetStepMatch(StepInstance stepInstance)
[xUnit.net 00:00:02.47]            at TechTalk.SpecFlow.Infrastructure.TestExecutionEngine.ExecuteStep(IContextManager contextManager, StepInstance stepInstance)
[xUnit.net 00:00:02.47]            at TechTalk.SpecFlow.Infrastructure.TestExecutionEngine.OnAfterLastStep()
[xUnit.net 00:00:02.47]            at TechTalk.SpecFlow.TestRunner.CollectScenarioErrors()
[xUnit.net 00:00:02.47]            at TherapyDocs.Api.Tests.BDD.Features.Resources.ResourceLibrarySearchAPIEndpointsFR_002Feature.ScenarioCleanup()
[xUnit.net 00:00:02.47]         /home/srowe/workspace/pediatric-therapy-resource/api/Tests/BDD/Features/resources/resource-search.feature(189,0): at TherapyDocs.Api.Tests.BDD.Features.Resources.ResourceLibrarySearchAPIEndpointsFR_002Feature.SearchRespectsUserPermissions()
[xUnit.net 00:00:02.47]            at System.RuntimeMethodHandle.InvokeMethod(Object target, Void** arguments, Signature sig, Boolean isConstructor)
[xUnit.net 00:00:02.47]            at System.Reflection.MethodBaseInvoker.InvokeWithNoArgs(Object obj, BindingFlags invokeAttr)
[xUnit.net 00:00:02.47]       Output:
[xUnit.net 00:00:02.47]         Given the API is available
[xUnit.net 00:00:02.47]         -> done: CommonStepDefinitions.GivenTheAPIIsAvailable() (0.0s)
[xUnit.net 00:00:02.47]         And I am authenticated as "therapist@clinic.com"
[xUnit.net 00:00:02.47]         -> done: CommonStepDefinitions.GivenIAmAuthenticatedAs("therapist@clinic.com") (0.0s)
[xUnit.net 00:00:02.47]         And the resource library contains 100,000+ resources
[xUnit.net 00:00:02.47]         -> binding error: Multiple step definitions found, but none of them have matching parameter count and type for step 'Given the resource library contains 100,000+ resources': TherapyDocs.Api.Tests:TherapyDocs.Api.Tests.BDD.StepDefinitions.ResourceSearchSteps.GivenTheResourceLibraryContainsResources(Int32), TherapyDocs.Api.Tests:TherapyDocs.Api.Tests.BDD.StepDefinitions.ResourceStepDefinitions.GivenTheResourceLibraryContainsResources(Int32)
[xUnit.net 00:00:02.47]         Given I have a "basic" subscription with resource limits
[xUnit.net 00:00:02.47]         -> skipped because of previous errors
[xUnit.net 00:00:02.47]         When I send a GET request to "/api/resources/search?q=premium"
[xUnit.net 00:00:02.47]         -> skipped because of previous errors
[xUnit.net 00:00:02.47]         Then the response status should be 200
[xUnit.net 00:00:02.47]         -> skipped because of previous errors
[xUnit.net 00:00:02.47]         And premium resources should be marked as "locked"
[xUnit.net 00:00:02.47]         -> skipped because of previous errors
[xUnit.net 00:00:02.47]         And preview-only access should be indicated
[xUnit.net 00:00:02.47]         -> skipped because of previous errors
[13:32:16 INF] Starting TherapyDocs API
  Failed Sort search results(sort: "popular", field: "downloadCount", order: "descending", exampleTags: []) [21 ms]
  Error Message:
   TechTalk.SpecFlow.BindingException : Multiple step definitions found, but none of them have matching parameter count and type for step 'Given the resource library contains 100,000+ resources': TherapyDocs.Api.Tests:TherapyDocs.Api.Tests.BDD.StepDefinitions.ResourceSearchSteps.GivenTheResourceLibraryContainsResources(Int32), TherapyDocs.Api.Tests:TherapyDocs.Api.Tests.BDD.StepDefinitions.ResourceStepDefinitions.GivenTheResourceLibraryContainsResources(Int32)
  Stack Trace:
     at TechTalk.SpecFlow.Infrastructure.TestExecutionEngine.GetStepMatch(StepInstance stepInstance)
   at TechTalk.SpecFlow.Infrastructure.TestExecutionEngine.ExecuteStep(IContextManager contextManager, StepInstance stepInstance)
   at TechTalk.SpecFlow.Infrastructure.TestExecutionEngine.OnAfterLastStep()
   at TechTalk.SpecFlow.TestRunner.CollectScenarioErrors()
   at TherapyDocs.Api.Tests.BDD.Features.Resources.ResourceLibrarySearchAPIEndpointsFR_002Feature.ScenarioCleanup()
   at TherapyDocs.Api.Tests.BDD.Features.Resources.ResourceLibrarySearchAPIEndpointsFR_002Feature.SortSearchResults(String sort, String field, String order, String[] exampleTags) in /home/srowe/workspace/pediatric-therapy-resource/api/Tests/BDD/Features/resources/resource-search.feature:line 68
   at InvokeStub_ResourceLibrarySearchAPIEndpointsFR_002Feature.SortSearchResults(Object, Span`1)
   at System.Reflection.MethodBaseInvoker.InvokeWithFewArgs(Object obj, BindingFlags invokeAttr, Binder binder, Object[] parameters, CultureInfo culture)
  Standard Output Messages:
 Given the API is available
 -> done: CommonStepDefinitions.GivenTheAPIIsAvailable() (0.0s)
 And I am authenticated as "therapist@clinic.com"
 -> done: CommonStepDefinitions.GivenIAmAuthenticatedAs("therapist@clinic.com") (0.0s)
 And the resource library contains 100,000+ resources
 -> binding error: Multiple step definitions found, but none of them have matching parameter count and type for step 'Given the resource library contains 100,000+ resources': TherapyDocs.Api.Tests:TherapyDocs.Api.Tests.BDD.StepDefinitions.ResourceSearchSteps.GivenTheResourceLibraryContainsResources(Int32), TherapyDocs.Api.Tests:TherapyDocs.Api.Tests.BDD.StepDefinitions.ResourceStepDefinitions.GivenTheResourceLibraryContainsResources(Int32)
 When I send a GET request to "/api/resources/search?q=math&sort=popular"
 -> skipped because of previous errors
 Then the response status should be 200
 -> skipped because of previous errors
 And results should be sorted by "downloadCount" in "descending" order
 -> binding error: Ambiguous step definitions found for step 'Then results should be sorted by "downloadCount" in "descending" order': TherapyDocs.Api.Tests:TherapyDocs.Api.Tests.BDD.StepDefinitions.ResourceSearchSteps.ThenResultsShouldBeSortedByInOrder(String, String), TherapyDocs.Api.Tests:TherapyDocs.Api.Tests.BDD.StepDefinitions.ResourceStepDefinitions.ThenResultsShouldBeSortedBy(String)


  Skipped Get calendar availability [1 ms]
  Failed Sort search results(sort: "relevance", field: "_score", order: "descending", exampleTags: []) [15 ms]
  Error Message:
   TechTalk.SpecFlow.BindingException : Multiple step definitions found, but none of them have matching parameter count and type for step 'Given the resource library contains 100,000+ resources': TherapyDocs.Api.Tests:TherapyDocs.Api.Tests.BDD.StepDefinitions.ResourceSearchSteps.GivenTheResourceLibraryContainsResources(Int32), TherapyDocs.Api.Tests:TherapyDocs.Api.Tests.BDD.StepDefinitions.ResourceStepDefinitions.GivenTheResourceLibraryContainsResources(Int32)
  Stack Trace:
     at TechTalk.SpecFlow.Infrastructure.TestExecutionEngine.GetStepMatch(StepInstance stepInstance)
   at TechTalk.SpecFlow.Infrastructure.TestExecutionEngine.ExecuteStep(IContextManager contextManager, StepInstance stepInstance)
   at TechTalk.SpecFlow.Infrastructure.TestExecutionEngine.OnAfterLastStep()
   at TechTalk.SpecFlow.TestRunner.CollectScenarioErrors()
   at TherapyDocs.Api.Tests.BDD.Features.Resources.ResourceLibrarySearchAPIEndpointsFR_002Feature.ScenarioCleanup()
   at TherapyDocs.Api.Tests.BDD.Features.Resources.ResourceLibrarySearchAPIEndpointsFR_002Feature.SortSearchResults(String sort, String field, String order, String[] exampleTags) in /home/srowe/workspace/pediatric-therapy-resource/api/Tests/BDD/Features/resources/resource-search.feature:line 68
   at InvokeStub_ResourceLibrarySearchAPIEndpointsFR_002Feature.SortSearchResults(Object, Span`1)
   at System.Reflection.MethodBaseInvoker.InvokeWithFewArgs(Object obj, BindingFlags invokeAttr, Binder binder, Object[] parameters, CultureInfo culture)
  Standard Output Messages:
 Given the API is available
 -> done: CommonStepDefinitions.GivenTheAPIIsAvailable() (0.0s)
 And I am authenticated as "therapist@clinic.com"
 -> done: CommonStepDefinitions.GivenIAmAuthenticatedAs("therapist@clinic.com") (0.0s)
 And the resource library contains 100,000+ resources
 -> binding error: Multiple step definitions found, but none of them have matching parameter count and type for step 'Given the resource library contains 100,000+ resources': TherapyDocs.Api.Tests:TherapyDocs.Api.Tests.BDD.StepDefinitions.ResourceSearchSteps.GivenTheResourceLibraryContainsResources(Int32), TherapyDocs.Api.Tests:TherapyDocs.Api.Tests.BDD.StepDefinitions.ResourceStepDefinitions.GivenTheResourceLibraryContainsResources(Int32)
 When I send a GET request to "/api/resources/search?q=math&sort=relevance"
 -> skipped because of previous errors
 Then the response status should be 200
 -> skipped because of previous errors
 And results should be sorted by "_score" in "descending" order
 -> binding error: Ambiguous step definitions found for step 'Then results should be sorted by "_score" in "descending" order': TherapyDocs.Api.Tests:TherapyDocs.Api.Tests.BDD.StepDefinitions.ResourceSearchSteps.ThenResultsShouldBeSortedByInOrder(String, String), TherapyDocs.Api.Tests:TherapyDocs.Api.Tests.BDD.StepDefinitions.ResourceStepDefinitions.ThenResultsShouldBeSortedBy(String)


  Failed Sort search results(sort: "rating", field: "rating", order: "descending", exampleTags: []) [15 ms]
  Error Message:
   TechTalk.SpecFlow.BindingException : Multiple step definitions found, but none of them have matching parameter count and type for step 'Given the resource library contains 100,000+ resources': TherapyDocs.Api.Tests:TherapyDocs.Api.Tests.BDD.StepDefinitions.ResourceSearchSteps.GivenTheResourceLibraryContainsResources(Int32), TherapyDocs.Api.Tests:TherapyDocs.Api.Tests.BDD.StepDefinitions.ResourceStepDefinitions.GivenTheResourceLibraryContainsResources(Int32)
  Stack Trace:
     at TechTalk.SpecFlow.Infrastructure.TestExecutionEngine.GetStepMatch(StepInstance stepInstance)
   at TechTalk.SpecFlow.Infrastructure.TestExecutionEngine.ExecuteStep(IContextManager contextManager, StepInstance stepInstance)
   at TechTalk.SpecFlow.Infrastructure.TestExecutionEngine.OnAfterLastStep()
   at TechTalk.SpecFlow.TestRunner.CollectScenarioErrors()
   at TherapyDocs.Api.Tests.BDD.Features.Resources.ResourceLibrarySearchAPIEndpointsFR_002Feature.ScenarioCleanup()
   at TherapyDocs.Api.Tests.BDD.Features.Resources.ResourceLibrarySearchAPIEndpointsFR_002Feature.SortSearchResults(String sort, String field, String order, String[] exampleTags) in /home/srowe/workspace/pediatric-therapy-resource/api/Tests/BDD/Features/resources/resource-search.feature:line 68
   at InvokeStub_ResourceLibrarySearchAPIEndpointsFR_002Feature.SortSearchResults(Object, Span`1)
   at System.Reflection.MethodBaseInvoker.InvokeWithFewArgs(Object obj, BindingFlags invokeAttr, Binder binder, Object[] parameters, CultureInfo culture)
  Standard Output Messages:
 Given the API is available
 -> done: CommonStepDefinitions.GivenTheAPIIsAvailable() (0.0s)
 And I am authenticated as "therapist@clinic.com"
 -> done: CommonStepDefinitions.GivenIAmAuthenticatedAs("therapist@clinic.com") (0.0s)
 And the resource library contains 100,000+ resources
 -> binding error: Multiple step definitions found, but none of them have matching parameter count and type for step 'Given the resource library contains 100,000+ resources': TherapyDocs.Api.Tests:TherapyDocs.Api.Tests.BDD.StepDefinitions.ResourceSearchSteps.GivenTheResourceLibraryContainsResources(Int32), TherapyDocs.Api.Tests:TherapyDocs.Api.Tests.BDD.StepDefinitions.ResourceStepDefinitions.GivenTheResourceLibraryContainsResources(Int32)
 When I send a GET request to "/api/resources/search?q=math&sort=rating"
 -> skipped because of previous errors
 Then the response status should be 200
 -> skipped because of previous errors
 And results should be sorted by "rating" in "descending" order
 -> binding error: Ambiguous step definitions found for step 'Then results should be sorted by "rating" in "descending" order': TherapyDocs.Api.Tests:TherapyDocs.Api.Tests.BDD.StepDefinitions.ResourceSearchSteps.ThenResultsShouldBeSortedByInOrder(String, String), TherapyDocs.Api.Tests:TherapyDocs.Api.Tests.BDD.StepDefinitions.ResourceStepDefinitions.ThenResultsShouldBeSortedBy(String)


  Failed Sort search results(sort: "newest", field: "createdAt", order: "descending", exampleTags: []) [14 ms]
  Error Message:
   TechTalk.SpecFlow.BindingException : Multiple step definitions found, but none of them have matching parameter count and type for step 'Given the resource library contains 100,000+ resources': TherapyDocs.Api.Tests:TherapyDocs.Api.Tests.BDD.StepDefinitions.ResourceSearchSteps.GivenTheResourceLibraryContainsResources(Int32), TherapyDocs.Api.Tests:TherapyDocs.Api.Tests.BDD.StepDefinitions.ResourceStepDefinitions.GivenTheResourceLibraryContainsResources(Int32)
  Stack Trace:
     at TechTalk.SpecFlow.Infrastructure.TestExecutionEngine.GetStepMatch(StepInstance stepInstance)
   at TechTalk.SpecFlow.Infrastructure.TestExecutionEngine.ExecuteStep(IContextManager contextManager, StepInstance stepInstance)
   at TechTalk.SpecFlow.Infrastructure.TestExecutionEngine.OnAfterLastStep()
   at TechTalk.SpecFlow.TestRunner.CollectScenarioErrors()
   at TherapyDocs.Api.Tests.BDD.Features.Resources.ResourceLibrarySearchAPIEndpointsFR_002Feature.ScenarioCleanup()
   at TherapyDocs.Api.Tests.BDD.Features.Resources.ResourceLibrarySearchAPIEndpointsFR_002Feature.SortSearchResults(String sort, String field, String order, String[] exampleTags) in /home/srowe/workspace/pediatric-therapy-resource/api/Tests/BDD/Features/resources/resource-search.feature:line 68
   at InvokeStub_ResourceLibrarySearchAPIEndpointsFR_002Feature.SortSearchResults(Object, Span`1)
   at System.Reflection.MethodBaseInvoker.InvokeWithFewArgs(Object obj, BindingFlags invokeAttr, Binder binder, Object[] parameters, CultureInfo culture)
  Standard Output Messages:
 Given the API is available
 -> done: CommonStepDefinitions.GivenTheAPIIsAvailable() (0.0s)
 And I am authenticated as "therapist@clinic.com"
 -> done: CommonStepDefinitions.GivenIAmAuthenticatedAs("therapist@clinic.com") (0.0s)
 And the resource library contains 100,000+ resources
 -> binding error: Multiple step definitions found, but none of them have matching parameter count and type for step 'Given the resource library contains 100,000+ resources': TherapyDocs.Api.Tests:TherapyDocs.Api.Tests.BDD.StepDefinitions.ResourceSearchSteps.GivenTheResourceLibraryContainsResources(Int32), TherapyDocs.Api.Tests:TherapyDocs.Api.Tests.BDD.StepDefinitions.ResourceStepDefinitions.GivenTheResourceLibraryContainsResources(Int32)
 When I send a GET request to "/api/resources/search?q=math&sort=newest"
 -> skipped because of previous errors
 Then the response status should be 200
 -> skipped because of previous errors
 And results should be sorted by "createdAt" in "descending" order
 -> binding error: Ambiguous step definitions found for step 'Then results should be sorted by "createdAt" in "descending" order': TherapyDocs.Api.Tests:TherapyDocs.Api.Tests.BDD.StepDefinitions.ResourceSearchSteps.ThenResultsShouldBeSortedByInOrder(String, String), TherapyDocs.Api.Tests:TherapyDocs.Api.Tests.BDD.StepDefinitions.ResourceStepDefinitions.ThenResultsShouldBeSortedBy(String)


  Skipped Conduct preference assessment [1 ms]
  Failed Search respects user permissions [42 ms]
  Error Message:
   TechTalk.SpecFlow.BindingException : Multiple step definitions found, but none of them have matching parameter count and type for step 'Given the resource library contains 100,000+ resources': TherapyDocs.Api.Tests:TherapyDocs.Api.Tests.BDD.StepDefinitions.ResourceSearchSteps.GivenTheResourceLibraryContainsResources(Int32), TherapyDocs.Api.Tests:TherapyDocs.Api.Tests.BDD.StepDefinitions.ResourceStepDefinitions.GivenTheResourceLibraryContainsResources(Int32)
  Stack Trace:
     at TechTalk.SpecFlow.Infrastructure.TestExecutionEngine.GetStepMatch(StepInstance stepInstance)
   at TechTalk.SpecFlow.Infrastructure.TestExecutionEngine.ExecuteStep(IContextManager contextManager, StepInstance stepInstance)
   at TechTalk.SpecFlow.Infrastructure.TestExecutionEngine.OnAfterLastStep()
   at TechTalk.SpecFlow.TestRunner.CollectScenarioErrors()
   at TherapyDocs.Api.Tests.BDD.Features.Resources.ResourceLibrarySearchAPIEndpointsFR_002Feature.ScenarioCleanup()
   at TherapyDocs.Api.Tests.BDD.Features.Resources.ResourceLibrarySearchAPIEndpointsFR_002Feature.SearchRespectsUserPermissions() in /home/srowe/workspace/pediatric-therapy-resource/api/Tests/BDD/Features/resources/resource-search.feature:line 189
   at System.RuntimeMethodHandle.InvokeMethod(Object target, Void** arguments, Signature sig, Boolean isConstructor)
   at System.Reflection.MethodBaseInvoker.InvokeWithNoArgs(Object obj, BindingFlags invokeAttr)
  Standard Output Messages:
 Given the API is available
 -> done: CommonStepDefinitions.GivenTheAPIIsAvailable() (0.0s)
 And I am authenticated as "therapist@clinic.com"
 -> done: CommonStepDefinitions.GivenIAmAuthenticatedAs("therapist@clinic.com") (0.0s)
 And the resource library contains 100,000+ resources
 -> binding error: Multiple step definitions found, but none of them have matching parameter count and type for step 'Given the resource library contains 100,000+ resources': TherapyDocs.Api.Tests:TherapyDocs.Api.Tests.BDD.StepDefinitions.ResourceSearchSteps.GivenTheResourceLibraryContainsResources(Int32), TherapyDocs.Api.Tests:TherapyDocs.Api.Tests.BDD.StepDefinitions.ResourceStepDefinitions.GivenTheResourceLibraryContainsResources(Int32)
 Given I have a "basic" subscription with resource limits
 -> skipped because of previous errors
 When I send a GET request to "/api/resources/search?q=premium"
 -> skipped because of previous errors
 Then the response status should be 200
 -> skipped because of previous errors
 And premium resources should be marked as "locked"
 -> skipped because of previous errors
 And preview-only access should be indicated
 -> skipped because of previous errors


[xUnit.net 00:00:02.47]     Report potential data breach [SKIP]
[xUnit.net 00:00:02.47]       No matching step definition found for one or more steps.\nusing System;\r\nusing TechTalk.SpecFlow;\r\n\r\nnamespace MyNamespace\r\n{\r\n    [Binding]\r\n    public class StepDefinitions\r\n    {\r\n        private readonly ScenarioContext _scenarioContext;\r\n\r\n        public StepDefinitions(ScenarioContext scenarioContext)\r\n        {\r\n            _scenarioContext = scenarioContext;\r\n        }\r\n        [Given(@"I am authenticated")]\r\n        public void GivenIAmAuthenticated()\r\n        {\r\n            _scenarioContext.Pending();\r\n        }\r\n        \n        [Then(@"incident response should be triggered")]\r\n        public void ThenIncidentResponseShouldBeTriggered()\r\n        {\r\n            _scenarioContext.Pending();\r\n        }\r\n        \n        [Then(@"compliance team should be notified")]\r\n        public void ThenComplianceTeamShouldBeNotified()\r\n        {\r\n            _scenarioContext.Pending();\r\n        }\r\n        \n        [Then(@"breach assessment should begin")]\r\n        public void ThenBreachAssessmentShouldBegin()\r\n        {\r\n            _scenarioContext.Pending();\r\n        }\r\n    }\r\n}\r\n
[xUnit.net 00:00:02.49]       TechTalk.SpecFlow.BindingException : Multiple step definitions found, but none of them have matching parameter count and type for step 'Given the resource library contains 100,000+ resources': TherapyDocs.Api.Tests:TherapyDocs.Api.Tests.BDD.StepDefinitions.ResourceSearchSteps.GivenTheResourceLibraryContainsResources(Int32), TherapyDocs.Api.Tests:TherapyDocs.Api.Tests.BDD.StepDefinitions.ResourceStepDefinitions.GivenTheResourceLibraryContainsResources(Int32)
[xUnit.net 00:00:02.49]       Stack Trace:
[xUnit.net 00:00:02.49]            at TechTalk.SpecFlow.Infrastructure.TestExecutionEngine.GetStepMatch(StepInstance stepInstance)
[xUnit.net 00:00:02.49]            at TechTalk.SpecFlow.Infrastructure.TestExecutionEngine.ExecuteStep(IContextManager contextManager, StepInstance stepInstance)
[xUnit.net 00:00:02.49]            at TechTalk.SpecFlow.Infrastructure.TestExecutionEngine.OnAfterLastStep()
[xUnit.net 00:00:02.49]            at TechTalk.SpecFlow.TestRunner.CollectScenarioErrors()
[xUnit.net 00:00:02.49]            at TherapyDocs.Api.Tests.BDD.Features.Resources.ResourceLibrarySearchAPIEndpointsFR_002Feature.ScenarioCleanup()
[xUnit.net 00:00:02.49]         /home/srowe/workspace/pediatric-therapy-resource/api/Tests/BDD/Features/resources/resource-search.feature(169,0): at TherapyDocs.Api.Tests.BDD.Features.Resources.ResourceLibrarySearchAPIEndpointsFR_002Feature.GetTherapyTypes()
[xUnit.net 00:00:02.49]            at System.RuntimeMethodHandle.InvokeMethod(Object target, Void** arguments, Signature sig, Boolean isConstructor)
[xUnit.net 00:00:02.49]            at System.Reflection.MethodBaseInvoker.InvokeWithNoArgs(Object obj, BindingFlags invokeAttr)
[xUnit.net 00:00:02.49]       Output:
[xUnit.net 00:00:02.49]         Given the API is available
[xUnit.net 00:00:02.49]         -> done: CommonStepDefinitions.GivenTheAPIIsAvailable() (0.0s)
[xUnit.net 00:00:02.49]         And I am authenticated as "therapist@clinic.com"
[xUnit.net 00:00:02.49]         -> done: CommonStepDefinitions.GivenIAmAuthenticatedAs("therapist@clinic.com") (0.0s)
[xUnit.net 00:00:02.49]         And the resource library contains 100,000+ resources
[xUnit.net 00:00:02.49]         -> binding error: Multiple step definitions found, but none of them have matching parameter count and type for step 'Given the resource library contains 100,000+ resources': TherapyDocs.Api.Tests:TherapyDocs.Api.Tests.BDD.StepDefinitions.ResourceSearchSteps.GivenTheResourceLibraryContainsResources(Int32), TherapyDocs.Api.Tests:TherapyDocs.Api.Tests.BDD.StepDefinitions.ResourceStepDefinitions.GivenTheResourceLibraryContainsResources(Int32)
[xUnit.net 00:00:02.49]         When I send a GET request to "/api/resources/therapy-types"
[xUnit.net 00:00:02.49]         -> skipped because of previous errors
[xUnit.net 00:00:02.50]         Then the response status should be 200
[xUnit.net 00:00:02.50]         -> skipped because of previous errors
[xUnit.net 00:00:02.50]         And the response should include:
[xUnit.net 00:00:02.50]           --- table step argument ---
[xUnit.net 00:00:02.50]           | id  | name                      | abbreviation |
[xUnit.net 00:00:02.50]           | ot  | Occupational Therapy      | OT           |
[xUnit.net 00:00:02.50]           | pt  | Physical Therapy          | PT           |
[xUnit.net 00:00:02.50]           | slp | Speech-Language Pathology | SLP          |
[xUnit.net 00:00:02.50]           | aba | Applied Behavior Analysis | ABA          |
[xUnit.net 00:00:02.50]         -> skipped because of previous errors
[13:32:16 INF] Starting TherapyDocs API
[xUnit.net 00:00:02.51]     Execute structured incident response workflow [SKIP]
[xUnit.net 00:00:02.51]       No matching step definition found for one or more steps.\nusing System;\r\nusing TechTalk.SpecFlow;\r\n\r\nnamespace MyNamespace\r\n{\r\n    [Binding]\r\n    public class StepDefinitions\r\n    {\r\n        private readonly ScenarioContext _scenarioContext;\r\n\r\n        public StepDefinitions(ScenarioContext scenarioContext)\r\n        {\r\n            _scenarioContext = scenarioContext;\r\n        }\r\n        [Given(@"the incident response system is active")]\r\n        public void GivenTheIncidentResponseSystemIsActive()\r\n        {\r\n            _scenarioContext.Pending();\r\n        }\r\n        \n        [Given(@"security monitoring is enabled")]\r\n        public void GivenSecurityMonitoringIsEnabled()\r\n        {\r\n            _scenarioContext.Pending();\r\n        }\r\n        \n        [Given(@"response procedures are configured")]\r\n        public void GivenResponseProceduresAreConfigured()\r\n        {\r\n            _scenarioContext.Pending();\r\n        }\r\n        \n        [Given(@"security incident ""(.*)"" is detected")]\r\n        public void GivenSecurityIncidentIsDetected(string p0)\r\n        {\r\n            _scenarioContext.Pending();\r\n        }\r\n        \n        [Given(@"incident severity is classified as ""(.*)""")]\r\n        public void GivenIncidentSeverityIsClassifiedAs(string critical0)\r\n        {\r\n            _scenarioContext.Pending();\r\n        }\r\n        \n        [When(@"incident response workflow is triggered")]\r\n        public void WhenIncidentResponseWorkflowIsTriggered()\r\n        {\r\n            _scenarioContext.Pending();\r\n        }\r\n        \n        [Then(@"response should follow structured phases:")]\r\n        public void ThenResponseShouldFollowStructuredPhases(Table table)\r\n        {\r\n            _scenarioContext.Pending();\r\n        }\r\n        \n        [Then(@"each phase should have specific deliverables and sign-offs")]\r\n        public void ThenEachPhaseShouldHaveSpecificDeliverablesAndSign_Offs()\r\n        {\r\n            _scenarioContext.Pending();\r\n        }\r\n        \n        [Then(@"progress should be tracked in incident management system")]\r\n        public void ThenProgressShouldBeTrackedInIncidentManagementSystem()\r\n        {\r\n            _scenarioContext.Pending();\r\n        }\r\n    }\r\n}\r\n
[xUnit.net 00:00:02.52]       TechTalk.SpecFlow.BindingException : Multiple step definitions found, but none of them have matching parameter count and type for step 'Given the resource library contains 100,000+ resources': TherapyDocs.Api.Tests:TherapyDocs.Api.Tests.BDD.StepDefinitions.ResourceSearchSteps.GivenTheResourceLibraryContainsResources(Int32), TherapyDocs.Api.Tests:TherapyDocs.Api.Tests.BDD.StepDefinitions.ResourceStepDefinitions.GivenTheResourceLibraryContainsResources(Int32)
[xUnit.net 00:00:02.52]       Stack Trace:
[xUnit.net 00:00:02.52]            at TechTalk.SpecFlow.Infrastructure.TestExecutionEngine.GetStepMatch(StepInstance stepInstance)
[xUnit.net 00:00:02.52]            at TechTalk.SpecFlow.Infrastructure.TestExecutionEngine.ExecuteStep(IContextManager contextManager, StepInstance stepInstance)
[xUnit.net 00:00:02.52]            at TechTalk.SpecFlow.Infrastructure.TestExecutionEngine.OnAfterLastStep()
[xUnit.net 00:00:02.52]            at TechTalk.SpecFlow.TestRunner.CollectScenarioErrors()
[xUnit.net 00:00:02.52]            at TherapyDocs.Api.Tests.BDD.Features.Resources.ResourceLibrarySearchAPIEndpointsFR_002Feature.ScenarioCleanup()
[xUnit.net 00:00:02.52]         /home/srowe/workspace/pediatric-therapy-resource/api/Tests/BDD/Features/resources/resource-search.feature(49,0): at TherapyDocs.Api.Tests.BDD.Features.Resources.ResourceLibrarySearchAPIEndpointsFR_002Feature.SearchWithMultipleFilters()
[xUnit.net 00:00:02.52]            at System.RuntimeMethodHandle.InvokeMethod(Object target, Void** arguments, Signature sig, Boolean isConstructor)
[xUnit.net 00:00:02.52]            at System.Reflection.MethodBaseInvoker.InvokeWithNoArgs(Object obj, BindingFlags invokeAttr)
[xUnit.net 00:00:02.52]       Output:
[xUnit.net 00:00:02.52]         Given the API is available
[xUnit.net 00:00:02.52]         -> done: CommonStepDefinitions.GivenTheAPIIsAvailable() (0.0s)
[xUnit.net 00:00:02.52]         And I am authenticated as "therapist@clinic.com"
[xUnit.net 00:00:02.52]         -> done: CommonStepDefinitions.GivenIAmAuthenticatedAs("therapist@clinic.com") (0.0s)
[xUnit.net 00:00:02.52]         And the resource library contains 100,000+ resources
[xUnit.net 00:00:02.52]         -> binding error: Multiple step definitions found, but none of them have matching parameter count and type for step 'Given the resource library contains 100,000+ resources': TherapyDocs.Api.Tests:TherapyDocs.Api.Tests.BDD.StepDefinitions.ResourceSearchSteps.GivenTheResourceLibraryContainsResources(Int32), TherapyDocs.Api.Tests:TherapyDocs.Api.Tests.BDD.StepDefinitions.ResourceStepDefinitions.GivenTheResourceLibraryContainsResources(Int32)
[xUnit.net 00:00:02.52]         When I send a GET request to "/api/resources/search" with parameters:
[xUnit.net 00:00:02.52]           --- table step argument ---
[xUnit.net 00:00:02.52]           | parameter     | value                  |
[xUnit.net 00:00:02.52]           | therapyType   | OT,PT                  |
[xUnit.net 00:00:02.52]           | skillArea     | bilateral-coordination |
[xUnit.net 00:00:02.52]           | ageRange      | 4-6                    |
[xUnit.net 00:00:02.52]           | resourceType  | digital-interactive    |
[xUnit.net 00:00:02.52]           | evidenceLevel | 4                      |
[xUnit.net 00:00:02.52]           | language      | en,es                  |
[xUnit.net 00:00:02.52]         -> skipped because of previous errors
[xUnit.net 00:00:02.52]         Then the response status should be 200
[xUnit.net 00:00:02.52]         -> skipped because of previous errors
[xUnit.net 00:00:02.52]         And all results should match the filter criteria
[xUnit.net 00:00:02.52]         -> skipped because of previous errors
[xUnit.net 00:00:02.52]         And facets should show available filter options with counts
[xUnit.net 00:00:02.52]         -> skipped because of previous errors
[xUnit.net 00:00:02.53]     Plan maternity leave coverage [SKIP]
[xUnit.net 00:00:02.53]       No matching step definition found for one or more steps.\nusing System;\r\nusing TechTalk.SpecFlow;\r\n\r\nnamespace MyNamespace\r\n{\r\n    [Binding]\r\n    public class StepDefinitions\r\n    {\r\n        private readonly ScenarioContext _scenarioContext;\r\n\r\n        public StepDefinitions(ScenarioContext scenarioContext)\r\n        {\r\n            _scenarioContext = scenarioContext;\r\n        }\r\n        [Given(@"I am logged in as therapy coordinator")]\r\n        public void GivenIAmLoggedInAsTherapyCoordinator()\r\n        {\r\n            _scenarioContext.Pending();\r\n        }\r\n        \n        [Given(@"the following therapists are active:")]\r\n        public void GivenTheFollowingTherapistsAreActive(Table table)\r\n        {\r\n            _scenarioContext.Pending();\r\n        }\r\n        \n        [Given(@"""(.*)"" announces (.*)-week leave")]\r\n        public void GivenAnnounces_WeekLeave(string p0, int p1)\r\n        {\r\n            _scenarioContext.Pending();\r\n        }\r\n        \n        [When(@"I create coverage plan")]\r\n        public void WhenICreateCoveragePlan()\r\n        {\r\n            _scenarioContext.Pending();\r\n        }\r\n        \n        [Then(@"timeline includes:")]\r\n        public void ThenTimelineIncludes(Table table)\r\n        {\r\n            _scenarioContext.Pending();\r\n        }\r\n        \n        [Then(@"all stakeholders notified appropriately")]\r\n        public void ThenAllStakeholdersNotifiedAppropriately()\r\n        {\r\n            _scenarioContext.Pending();\r\n        }\r\n    }\r\n}\r\n
[xUnit.net 00:00:02.53]       TechTalk.SpecFlow.BindingException : Multiple step definitions found, but none of them have matching parameter count and type for step 'Given the resource library contains 100,000+ resources': TherapyDocs.Api.Tests:TherapyDocs.Api.Tests.BDD.StepDefinitions.ResourceSearchSteps.GivenTheResourceLibraryContainsResources(Int32), TherapyDocs.Api.Tests:TherapyDocs.Api.Tests.BDD.StepDefinitions.ResourceStepDefinitions.GivenTheResourceLibraryContainsResources(Int32)
[xUnit.net 00:00:02.53]       Stack Trace:
[xUnit.net 00:00:02.53]            at TechTalk.SpecFlow.Infrastructure.TestExecutionEngine.GetStepMatch(StepInstance stepInstance)
[xUnit.net 00:00:02.53]            at TechTalk.SpecFlow.Infrastructure.TestExecutionEngine.ExecuteStep(IContextManager contextManager, StepInstance stepInstance)
[xUnit.net 00:00:02.53]            at TechTalk.SpecFlow.Infrastructure.TestExecutionEngine.OnAfterLastStep()
[xUnit.net 00:00:02.53]            at TechTalk.SpecFlow.TestRunner.CollectScenarioErrors()
[xUnit.net 00:00:02.53]            at TherapyDocs.Api.Tests.BDD.Features.Resources.ResourceLibrarySearchAPIEndpointsFR_002Feature.ScenarioCleanup()
[xUnit.net 00:00:02.53]         /home/srowe/workspace/pediatric-therapy-resource/api/Tests/BDD/Features/resources/resource-search.feature(62,0): at TherapyDocs.Api.Tests.BDD.Features.Resources.ResourceLibrarySearchAPIEndpointsFR_002Feature.PaginateSearchResults()
[xUnit.net 00:00:02.53]            at System.RuntimeMethodHandle.InvokeMethod(Object target, Void** arguments, Signature sig, Boolean isConstructor)
[xUnit.net 00:00:02.53]            at System.Reflection.MethodBaseInvoker.InvokeWithNoArgs(Object obj, BindingFlags invokeAttr)
[xUnit.net 00:00:02.53]       Output:
[xUnit.net 00:00:02.53]         Given the API is available
[xUnit.net 00:00:02.53]         -> done: CommonStepDefinitions.GivenTheAPIIsAvailable() (0.0s)
[xUnit.net 00:00:02.53]         And I am authenticated as "therapist@clinic.com"
[xUnit.net 00:00:02.53]         -> done: CommonStepDefinitions.GivenIAmAuthenticatedAs("therapist@clinic.com") (0.0s)
[xUnit.net 00:00:02.53]         And the resource library contains 100,000+ resources
[xUnit.net 00:00:02.53]         -> binding error: Multiple step definitions found, but none of them have matching parameter count and type for step 'Given the resource library contains 100,000+ resources': TherapyDocs.Api.Tests:TherapyDocs.Api.Tests.BDD.StepDefinitions.ResourceSearchSteps.GivenTheResourceLibraryContainsResources(Int32), TherapyDocs.Api.Tests:TherapyDocs.Api.Tests.BDD.StepDefinitions.ResourceStepDefinitions.GivenTheResourceLibraryContainsResources(Int32)
[xUnit.net 00:00:02.53]         Given a search returns 150 results
[xUnit.net 00:00:02.53]         -> skipped because of previous errors
[xUnit.net 00:00:02.55]         When I send a GET request to "/api/resources/search?q=sensory&page=2&limit=50"
[xUnit.net 00:00:02.55]         -> skipped because of previous errors
[xUnit.net 00:00:02.55]         Then the response status should be 200
[xUnit.net 00:00:02.55]         -> skipped because of previous errors
[xUnit.net 00:00:02.55]         And the response should contain:
[xUnit.net 00:00:02.55]           --- table step argument ---
[xUnit.net 00:00:02.55]           | field      | value |
[xUnit.net 00:00:02.55]           | page       | 2     |
[xUnit.net 00:00:02.55]           | limit      | 50    |
[xUnit.net 00:00:02.55]           | total      | 150   |
[xUnit.net 00:00:02.55]           | totalPages | 3     |
[xUnit.net 00:00:02.55]         -> skipped because of previous errors
[xUnit.net 00:00:02.55]         And results array should contain 50 items
[xUnit.net 00:00:02.55]         -> skipped because of previous errors
  Skipped Report potential data breach [1 ms]
  Failed Get therapy types [15 ms]
  Error Message:
   TechTalk.SpecFlow.BindingException : Multiple step definitions found, but none of them have matching parameter count and type for step 'Given the resource library contains 100,000+ resources': TherapyDocs.Api.Tests:TherapyDocs.Api.Tests.BDD.StepDefinitions.ResourceSearchSteps.GivenTheResourceLibraryContainsResources(Int32), TherapyDocs.Api.Tests:TherapyDocs.Api.Tests.BDD.StepDefinitions.ResourceStepDefinitions.GivenTheResourceLibraryContainsResources(Int32)
  Stack Trace:
     at TechTalk.SpecFlow.Infrastructure.TestExecutionEngine.GetStepMatch(StepInstance stepInstance)
   at TechTalk.SpecFlow.Infrastructure.TestExecutionEngine.ExecuteStep(IContextManager contextManager, StepInstance stepInstance)
   at TechTalk.SpecFlow.Infrastructure.TestExecutionEngine.OnAfterLastStep()
   at TechTalk.SpecFlow.TestRunner.CollectScenarioErrors()
   at TherapyDocs.Api.Tests.BDD.Features.Resources.ResourceLibrarySearchAPIEndpointsFR_002Feature.ScenarioCleanup()
   at TherapyDocs.Api.Tests.BDD.Features.Resources.ResourceLibrarySearchAPIEndpointsFR_002Feature.GetTherapyTypes() in /home/srowe/workspace/pediatric-therapy-resource/api/Tests/BDD/Features/resources/resource-search.feature:line 169
   at System.RuntimeMethodHandle.InvokeMethod(Object target, Void** arguments, Signature sig, Boolean isConstructor)
   at System.Reflection.MethodBaseInvoker.InvokeWithNoArgs(Object obj, BindingFlags invokeAttr)
  Standard Output Messages:
 Given the API is available
 -> done: CommonStepDefinitions.GivenTheAPIIsAvailable() (0.0s)
 And I am authenticated as "therapist@clinic.com"
 -> done: CommonStepDefinitions.GivenIAmAuthenticatedAs("therapist@clinic.com") (0.0s)
 And the resource library contains 100,000+ resources
 -> binding error: Multiple step definitions found, but none of them have matching parameter count and type for step 'Given the resource library contains 100,000+ resources': TherapyDocs.Api.Tests:TherapyDocs.Api.Tests.BDD.StepDefinitions.ResourceSearchSteps.GivenTheResourceLibraryContainsResources(Int32), TherapyDocs.Api.Tests:TherapyDocs.Api.Tests.BDD.StepDefinitions.ResourceStepDefinitions.GivenTheResourceLibraryContainsResources(Int32)
 When I send a GET request to "/api/resources/therapy-types"
 -> skipped because of previous errors
 Then the response status should be 200
 -> skipped because of previous errors
 And the response should include:
   --- table step argument ---
   | id  | name                      | abbreviation |
   | ot  | Occupational Therapy      | OT           |
   | pt  | Physical Therapy          | PT           |
   | slp | Speech-Language Pathology | SLP          |
   | aba | Applied Behavior Analysis | ABA          |
 -> skipped because of previous errors


  Skipped Execute structured incident response workflow [1 ms]
  Failed Search with multiple filters [28 ms]
  Error Message:
   TechTalk.SpecFlow.BindingException : Multiple step definitions found, but none of them have matching parameter count and type for step 'Given the resource library contains 100,000+ resources': TherapyDocs.Api.Tests:TherapyDocs.Api.Tests.BDD.StepDefinitions.ResourceSearchSteps.GivenTheResourceLibraryContainsResources(Int32), TherapyDocs.Api.Tests:TherapyDocs.Api.Tests.BDD.StepDefinitions.ResourceStepDefinitions.GivenTheResourceLibraryContainsResources(Int32)
  Stack Trace:
     at TechTalk.SpecFlow.Infrastructure.TestExecutionEngine.GetStepMatch(StepInstance stepInstance)
   at TechTalk.SpecFlow.Infrastructure.TestExecutionEngine.ExecuteStep(IContextManager contextManager, StepInstance stepInstance)
   at TechTalk.SpecFlow.Infrastructure.TestExecutionEngine.OnAfterLastStep()
   at TechTalk.SpecFlow.TestRunner.CollectScenarioErrors()
   at TherapyDocs.Api.Tests.BDD.Features.Resources.ResourceLibrarySearchAPIEndpointsFR_002Feature.ScenarioCleanup()
   at TherapyDocs.Api.Tests.BDD.Features.Resources.ResourceLibrarySearchAPIEndpointsFR_002Feature.SearchWithMultipleFilters() in /home/srowe/workspace/pediatric-therapy-resource/api/Tests/BDD/Features/resources/resource-search.feature:line 49
   at System.RuntimeMethodHandle.InvokeMethod(Object target, Void** arguments, Signature sig, Boolean isConstructor)
   at System.Reflection.MethodBaseInvoker.InvokeWithNoArgs(Object obj, BindingFlags invokeAttr)
  Standard Output Messages:
 Given the API is available
 -> done: CommonStepDefinitions.GivenTheAPIIsAvailable() (0.0s)
 And I am authenticated as "therapist@clinic.com"
 -> done: CommonStepDefinitions.GivenIAmAuthenticatedAs("therapist@clinic.com") (0.0s)
 And the resource library contains 100,000+ resources
 -> binding error: Multiple step definitions found, but none of them have matching parameter count and type for step 'Given the resource library contains 100,000+ resources': TherapyDocs.Api.Tests:TherapyDocs.Api.Tests.BDD.StepDefinitions.ResourceSearchSteps.GivenTheResourceLibraryContainsResources(Int32), TherapyDocs.Api.Tests:TherapyDocs.Api.Tests.BDD.StepDefinitions.ResourceStepDefinitions.GivenTheResourceLibraryContainsResources(Int32)
 When I send a GET request to "/api/resources/search" with parameters:
   --- table step argument ---
   | parameter     | value                  |
   | therapyType   | OT,PT                  |
   | skillArea     | bilateral-coordination |
   | ageRange      | 4-6                    |
   | resourceType  | digital-interactive    |
   | evidenceLevel | 4                      |
   | language      | en,es                  |
 -> skipped because of previous errors
 Then the response status should be 200
 -> skipped because of previous errors
 And all results should match the filter criteria
 -> skipped because of previous errors
 And facets should show available filter options with counts
 -> skipped because of previous errors


  Skipped Plan maternity leave coverage [1 ms]
  Failed Paginate search results [18 ms]
  Error Message:
   TechTalk.SpecFlow.BindingException : Multiple step definitions found, but none of them have matching parameter count and type for step 'Given the resource library contains 100,000+ resources': TherapyDocs.Api.Tests:TherapyDocs.Api.Tests.BDD.StepDefinitions.ResourceSearchSteps.GivenTheResourceLibraryContainsResources(Int32), TherapyDocs.Api.Tests:TherapyDocs.Api.Tests.BDD.StepDefinitions.ResourceStepDefinitions.GivenTheResourceLibraryContainsResources(Int32)
  Stack Trace:
     at TechTalk.SpecFlow.Infrastructure.TestExecutionEngine.GetStepMatch(StepInstance stepInstance)
   at TechTalk.SpecFlow.Infrastructure.TestExecutionEngine.ExecuteStep(IContextManager contextManager, StepInstance stepInstance)
   at TechTalk.SpecFlow.Infrastructure.TestExecutionEngine.OnAfterLastStep()
   at TechTalk.SpecFlow.TestRunner.CollectScenarioErrors()
   at TherapyDocs.Api.Tests.BDD.Features.Resources.ResourceLibrarySearchAPIEndpointsFR_002Feature.ScenarioCleanup()
   at TherapyDocs.Api.Tests.BDD.Features.Resources.ResourceLibrarySearchAPIEndpointsFR_002Feature.PaginateSearchResults() in /home/srowe/workspace/pediatric-therapy-resource/api/Tests/BDD/Features/resources/resource-search.feature:line 62
   at System.RuntimeMethodHandle.InvokeMethod(Object target, Void** arguments, Signature sig, Boolean isConstructor)
   at System.Reflection.MethodBaseInvoker.InvokeWithNoArgs(Object obj, BindingFlags invokeAttr)
  Standard Output Messages:
 Given the API is available
 -> done: CommonStepDefinitions.GivenTheAPIIsAvailable() (0.0s)
 And I am authenticated as "therapist@clinic.com"
 -> done: CommonStepDefinitions.GivenIAmAuthenticatedAs("therapist@clinic.com") (0.0s)
 And the resource library contains 100,000+ resources
 -> binding error: Multiple step definitions found, but none of them have matching parameter count and type for step 'Given the resource library contains 100,000+ resources': TherapyDocs.Api.Tests:TherapyDocs.Api.Tests.BDD.StepDefinitions.ResourceSearchSteps.GivenTheResourceLibraryContainsResources(Int32), TherapyDocs.Api.Tests:TherapyDocs.Api.Tests.BDD.StepDefinitions.ResourceStepDefinitions.GivenTheResourceLibraryContainsResources(Int32)
 Given a search returns 150 results
 -> skipped because of previous errors
 When I send a GET request to "/api/resources/search?q=sensory&page=2&limit=50"
 -> skipped because of previous errors
 Then the response status should be 200
 -> skipped because of previous errors
 And the response should contain:
   --- table step argument ---
   | field      | value |
   | page       | 2     |
   | limit      | 50    |
   | total      | 150   |
   | totalPages | 3     |
 -> skipped because of previous errors
 And results array should contain 50 items
 -> skipped because of previous errors


[xUnit.net 00:00:02.55]     Access audit trail [SKIP]
[xUnit.net 00:00:02.55]       No matching step definition found for one or more steps.\nusing System;\r\nusing TechTalk.SpecFlow;\r\n\r\nnamespace MyNamespace\r\n{\r\n    [Binding]\r\n    public class StepDefinitions\r\n    {\r\n        private readonly ScenarioContext _scenarioContext;\r\n\r\n        public StepDefinitions(ScenarioContext scenarioContext)\r\n        {\r\n            _scenarioContext = scenarioContext;\r\n        }\r\n        [Given(@"I am authenticated")]\r\n        public void GivenIAmAuthenticated()\r\n        {\r\n            _scenarioContext.Pending();\r\n        }\r\n        \n        [Then(@"all data access should be logged")]\r\n        public void ThenAllDataAccessShouldBeLogged()\r\n        {\r\n            _scenarioContext.Pending();\r\n        }\r\n    }\r\n}\r\n
[xUnit.net 00:00:02.56]       TechTalk.SpecFlow.BindingException : Multiple step definitions found, but none of them have matching parameter count and type for step 'Given the resource library contains 100,000+ resources': TherapyDocs.Api.Tests:TherapyDocs.Api.Tests.BDD.StepDefinitions.ResourceSearchSteps.GivenTheResourceLibraryContainsResources(Int32), TherapyDocs.Api.Tests:TherapyDocs.Api.Tests.BDD.StepDefinitions.ResourceStepDefinitions.GivenTheResourceLibraryContainsResources(Int32)
[xUnit.net 00:00:02.56]       Stack Trace:
[xUnit.net 00:00:02.56]            at TechTalk.SpecFlow.Infrastructure.TestExecutionEngine.GetStepMatch(StepInstance stepInstance)
[xUnit.net 00:00:02.56]            at TechTalk.SpecFlow.Infrastructure.TestExecutionEngine.ExecuteStep(IContextManager contextManager, StepInstance stepInstance)
[xUnit.net 00:00:02.56]            at TechTalk.SpecFlow.Infrastructure.TestExecutionEngine.OnAfterLastStep()
[xUnit.net 00:00:02.56]            at TechTalk.SpecFlow.TestRunner.CollectScenarioErrors()
[xUnit.net 00:00:02.56]            at TherapyDocs.Api.Tests.BDD.Features.Resources.ResourceLibrarySearchAPIEndpointsFR_002Feature.ScenarioCleanup()
[xUnit.net 00:00:02.56]         /home/srowe/workspace/pediatric-therapy-resource/api/Tests/BDD/Features/resources/resource-search.feature(181,0): at TherapyDocs.Api.Tests.BDD.Features.Resources.ResourceLibrarySearchAPIEndpointsFR_002Feature.SearchCompletesWithinPerformanceThreshold()
[xUnit.net 00:00:02.56]            at System.RuntimeMethodHandle.InvokeMethod(Object target, Void** arguments, Signature sig, Boolean isConstructor)
[xUnit.net 00:00:02.56]            at System.Reflection.MethodBaseInvoker.InvokeWithNoArgs(Object obj, BindingFlags invokeAttr)
[xUnit.net 00:00:02.56]       Output:
[xUnit.net 00:00:02.56]         Given the API is available
[xUnit.net 00:00:02.56]         -> done: CommonStepDefinitions.GivenTheAPIIsAvailable() (0.0s)
[xUnit.net 00:00:02.56]         And I am authenticated as "therapist@clinic.com"
[xUnit.net 00:00:02.56]         -> done: CommonStepDefinitions.GivenIAmAuthenticatedAs("therapist@clinic.com") (0.0s)
[xUnit.net 00:00:02.56]         And the resource library contains 100,000+ resources
[xUnit.net 00:00:02.56]         -> binding error: Multiple step definitions found, but none of them have matching parameter count and type for step 'Given the resource library contains 100,000+ resources': TherapyDocs.Api.Tests:TherapyDocs.Api.Tests.BDD.StepDefinitions.ResourceSearchSteps.GivenTheResourceLibraryContainsResources(Int32), TherapyDocs.Api.Tests:TherapyDocs.Api.Tests.BDD.StepDefinitions.ResourceStepDefinitions.GivenTheResourceLibraryContainsResources(Int32)
[xUnit.net 00:00:02.56]         When I send a GET request to "/api/resources/search?q=complex+query+with+filters"
[xUnit.net 00:00:02.56]         -> skipped because of previous errors
[xUnit.net 00:00:02.56]         Then the response status should be 200
[xUnit.net 00:00:02.56]         -> skipped because of previous errors
[xUnit.net 00:00:02.56]         And the response time should be less than 2000ms
[xUnit.net 00:00:02.56]         -> skipped because of previous errors
[xUnit.net 00:00:02.56]         And search results should use cached data when available
[xUnit.net 00:00:02.56]         -> skipped because of previous errors
[xUnit.net 00:00:02.59]       TechTalk.SpecFlow.BindingException : Multiple step definitions found, but none of them have matching parameter count and type for step 'Given the resource library contains 100,000+ resources': TherapyDocs.Api.Tests:TherapyDocs.Api.Tests.BDD.StepDefinitions.ResourceSearchSteps.GivenTheResourceLibraryContainsResources(Int32), TherapyDocs.Api.Tests:TherapyDocs.Api.Tests.BDD.StepDefinitions.ResourceStepDefinitions.GivenTheResourceLibraryContainsResources(Int32)
[xUnit.net 00:00:02.59]       Stack Trace:
[xUnit.net 00:00:02.59]            at TechTalk.SpecFlow.Infrastructure.TestExecutionEngine.GetStepMatch(StepInstance stepInstance)
[xUnit.net 00:00:02.59]            at TechTalk.SpecFlow.Infrastructure.TestExecutionEngine.ExecuteStep(IContextManager contextManager, StepInstance stepInstance)
[xUnit.net 00:00:02.59]            at TechTalk.SpecFlow.Infrastructure.TestExecutionEngine.OnAfterLastStep()
[xUnit.net 00:00:02.59]            at TechTalk.SpecFlow.TestRunner.CollectScenarioErrors()
[xUnit.net 00:00:02.59]            at TherapyDocs.Api.Tests.BDD.Features.Resources.ResourceLibrarySearchAPIEndpointsFR_002Feature.ScenarioCleanup()
[xUnit.net 00:00:02.59]         /home/srowe/workspace/pediatric-therapy-resource/api/Tests/BDD/Features/resources/resource-search.feature(144,0): at TherapyDocs.Api.Tests.BDD.Features.Resources.ResourceLibrarySearchAPIEndpointsFR_002Feature.GetAllSkillAreas()
[xUnit.net 00:00:02.59]            at System.RuntimeMethodHandle.InvokeMethod(Object target, Void** arguments, Signature sig, Boolean isConstructor)
[xUnit.net 00:00:02.59]            at System.Reflection.MethodBaseInvoker.InvokeWithNoArgs(Object obj, BindingFlags invokeAttr)
[xUnit.net 00:00:02.59]       Output:
[xUnit.net 00:00:02.59]         Given the API is available
[xUnit.net 00:00:02.59]         -> done: CommonStepDefinitions.GivenTheAPIIsAvailable() (0.0s)
[xUnit.net 00:00:02.59]         And I am authenticated as "therapist@clinic.com"
[xUnit.net 00:00:02.59]         -> done: CommonStepDefinitions.GivenIAmAuthenticatedAs("therapist@clinic.com") (0.0s)
[xUnit.net 00:00:02.59]         And the resource library contains 100,000+ resources
[xUnit.net 00:00:02.59]         -> binding error: Multiple step definitions found, but none of them have matching parameter count and type for step 'Given the resource library contains 100,000+ resources': TherapyDocs.Api.Tests:TherapyDocs.Api.Tests.BDD.StepDefinitions.ResourceSearchSteps.GivenTheResourceLibraryContainsResources(Int32), TherapyDocs.Api.Tests:TherapyDocs.Api.Tests.BDD.StepDefinitions.ResourceStepDefinitions.GivenTheResourceLibraryContainsResources(Int32)
[xUnit.net 00:00:02.59]         When I send a GET request to "/api/resources/skills"
[xUnit.net 00:00:02.59]         -> skipped because of previous errors
[xUnit.net 00:00:02.59]         Then the response status should be 200
[xUnit.net 00:00:02.59]         -> skipped because of previous errors
[xUnit.net 00:00:02.59]         And the response should contain array of:
[xUnit.net 00:00:02.59]           --- table step argument ---
[xUnit.net 00:00:02.59]           | field       | type   |
[xUnit.net 00:00:02.59]           | id          | string |
[xUnit.net 00:00:02.59]           | name        | string |
[xUnit.net 00:00:02.59]           | category    | string |
[xUnit.net 00:00:02.59]           | description | string |
[xUnit.net 00:00:02.59]           | ageRanges   | array  |
[xUnit.net 00:00:02.59]         -> skipped because of previous errors
[xUnit.net 00:00:02.59]     Generate HIPAA compliance report [SKIP]
[xUnit.net 00:00:02.59]       No matching step definition found for one or more steps.\nusing System;\r\nusing TechTalk.SpecFlow;\r\n\r\nnamespace MyNamespace\r\n{\r\n    [Binding]\r\n    public class StepDefinitions\r\n    {\r\n        private readonly ScenarioContext _scenarioContext;\r\n\r\n        public StepDefinitions(ScenarioContext scenarioContext)\r\n        {\r\n            _scenarioContext = scenarioContext;\r\n        }\r\n        [Given(@"I am authenticated")]\r\n        public void GivenIAmAuthenticated()\r\n        {\r\n            _scenarioContext.Pending();\r\n        }\r\n    }\r\n}\r\n
[xUnit.net 00:00:02.60]     Handle database connection failures gracefully [SKIP]
[xUnit.net 00:00:02.60]       No matching step definition found for one or more steps.\nusing System;\r\nusing TechTalk.SpecFlow;\r\n\r\nnamespace MyNamespace\r\n{\r\n    [Binding]\r\n    public class StepDefinitions\r\n    {\r\n        private readonly ScenarioContext _scenarioContext;\r\n\r\n        public StepDefinitions(ScenarioContext scenarioContext)\r\n        {\r\n            _scenarioContext = scenarioContext;\r\n        }\r\n        [Then(@"connection failures should be detected quickly")]\r\n        public void ThenConnectionFailuresShouldBeDetectedQuickly()\r\n        {\r\n            _scenarioContext.Pending();\r\n        }\r\n        \n        [Then(@"automatic reconnection should restore service")]\r\n        public void ThenAutomaticReconnectionShouldRestoreService()\r\n        {\r\n            _scenarioContext.Pending();\r\n        }\r\n        \n        [Then(@"application should gracefully degrade when database unavailable")]\r\n        public void ThenApplicationShouldGracefullyDegradeWhenDatabaseUnavailable()\r\n        {\r\n            _scenarioContext.Pending();\r\n        }\r\n        \n        [Then(@"connection health should be monitored continuously")]\r\n        public void ThenConnectionHealthShouldBeMonitoredContinuously()\r\n        {\r\n            _scenarioContext.Pending();\r\n        }\r\n    }\r\n}\r\n
[xUnit.net 00:00:02.61]       TechTalk.SpecFlow.BindingException : Multiple step definitions found, but none of them have matching parameter count and type for step 'Given the resource library contains 100,000+ resources': TherapyDocs.Api.Tests:TherapyDocs.Api.Tests.BDD.StepDefinitions.ResourceSearchSteps.GivenTheResourceLibraryContainsResources(Int32), TherapyDocs.Api.Tests:TherapyDocs.Api.Tests.BDD.StepDefinitions.ResourceStepDefinitions.GivenTheResourceLibraryContainsResources(Int32)
[xUnit.net 00:00:02.61]       Stack Trace:
[xUnit.net 00:00:02.61]            at TechTalk.SpecFlow.Infrastructure.TestExecutionEngine.GetStepMatch(StepInstance stepInstance)
[xUnit.net 00:00:02.61]            at TechTalk.SpecFlow.Infrastructure.TestExecutionEngine.ExecuteStep(IContextManager contextManager, StepInstance stepInstance)
[xUnit.net 00:00:02.61]            at TechTalk.SpecFlow.Infrastructure.TestExecutionEngine.OnAfterLastStep()
[xUnit.net 00:00:02.61]            at TechTalk.SpecFlow.TestRunner.CollectScenarioErrors()
[xUnit.net 00:00:02.61]            at TherapyDocs.Api.Tests.BDD.Features.Resources.ResourceLibrarySearchAPIEndpointsFR_002Feature.ScenarioCleanup()
[xUnit.net 00:00:02.62]         /home/srowe/workspace/pediatric-therapy-resource/api/Tests/BDD/Features/resources/resource-search.feature(114,0): at TherapyDocs.Api.Tests.BDD.Features.Resources.ResourceLibrarySearchAPIEndpointsFR_002Feature.GetAI_PoweredRecommendations()
[xUnit.net 00:00:02.62]            at System.RuntimeMethodHandle.InvokeMethod(Object target, Void** arguments, Signature sig, Boolean isConstructor)
[xUnit.net 00:00:02.62]            at System.Reflection.MethodBaseInvoker.InvokeWithNoArgs(Object obj, BindingFlags invokeAttr)
[xUnit.net 00:00:02.62]       Output:
[xUnit.net 00:00:02.62]         Given the API is available
[xUnit.net 00:00:02.62]         -> done: CommonStepDefinitions.GivenTheAPIIsAvailable() (0.0s)
[xUnit.net 00:00:02.62]         And I am authenticated as "therapist@clinic.com"
[xUnit.net 00:00:02.62]         -> done: CommonStepDefinitions.GivenIAmAuthenticatedAs("therapist@clinic.com") (0.0s)
[xUnit.net 00:00:02.62]         And the resource library contains 100,000+ resources
[xUnit.net 00:00:02.62]         -> binding error: Multiple step definitions found, but none of them have matching parameter count and type for step 'Given the resource library contains 100,000+ resources': TherapyDocs.Api.Tests:TherapyDocs.Api.Tests.BDD.StepDefinitions.ResourceSearchSteps.GivenTheResourceLibraryContainsResources(Int32), TherapyDocs.Api.Tests:TherapyDocs.Api.Tests.BDD.StepDefinitions.ResourceStepDefinitions.GivenTheResourceLibraryContainsResources(Int32)
[xUnit.net 00:00:02.62]         Given I have download history of sensory and handwriting resources
[xUnit.net 00:00:02.62]         -> skipped because of previous errors
[xUnit.net 00:00:02.62]         When I send a GET request to "/api/resources/recommended"
[xUnit.net 00:00:02.62]         -> skipped because of previous errors
[xUnit.net 00:00:02.62]         Then the response status should be 200
[xUnit.net 00:00:02.62]         -> skipped because of previous errors
[xUnit.net 00:00:02.62]         And the response should contain:
[xUnit.net 00:00:02.62]           --- table step argument ---
[xUnit.net 00:00:02.62]           | field           | type   |
[xUnit.net 00:00:02.62]           | recommendations | array  |
[xUnit.net 00:00:02.62]           | basedOn         | array  |
[xUnit.net 00:00:02.62]           | algorithm       | string |
[xUnit.net 00:00:02.62]         -> skipped because of previous errors
[xUnit.net 00:00:02.62]         And recommendations should be relevant to my usage patterns
[xUnit.net 00:00:02.62]         -> skipped because of previous errors
[xUnit.net 00:00:02.62]     Record DTT trial data [SKIP]
[xUnit.net 00:00:02.62]       No matching step definition found for one or more steps.\nusing System;\r\nusing TechTalk.SpecFlow;\r\n\r\nnamespace MyNamespace\r\n{\r\n    [Binding]\r\n    public class StepDefinitions\r\n    {\r\n        private readonly ScenarioContext _scenarioContext;\r\n\r\n        public StepDefinitions(ScenarioContext scenarioContext)\r\n        {\r\n            _scenarioContext = scenarioContext;\r\n        }\r\n        [Given(@"I have ABA certification")]\r\n        public void GivenIHaveABACertification()\r\n        {\r\n            _scenarioContext.Pending();\r\n        }\r\n        \n        [Given(@"DTT session ""(.*)"" is active")]\r\n        public void GivenDTTSessionIsActive(string p0)\r\n        {\r\n            _scenarioContext.Pending();\r\n        }\r\n        \n        [Then(@"mastery criteria should be checked")]\r\n        public void ThenMasteryCriteriaShouldBeChecked()\r\n        {\r\n            _scenarioContext.Pending();\r\n        }\r\n        \n        [Then(@"next trial should be prepared")]\r\n        public void ThenNextTrialShouldBePrepared()\r\n        {\r\n            _scenarioContext.Pending();\r\n        }\r\n    }\r\n}\r\n
  Skipped Access audit trail [1 ms]
  Failed Search completes within performance threshold [27 ms]
  Error Message:
   TechTalk.SpecFlow.BindingException : Multiple step definitions found, but none of them have matching parameter count and type for step 'Given the resource library contains 100,000+ resources': TherapyDocs.Api.Tests:TherapyDocs.Api.Tests.BDD.StepDefinitions.ResourceSearchSteps.GivenTheResourceLibraryContainsResources(Int32), TherapyDocs.Api.Tests:TherapyDocs.Api.Tests.BDD.StepDefinitions.ResourceStepDefinitions.GivenTheResourceLibraryContainsResources(Int32)
  Stack Trace:
     at TechTalk.SpecFlow.Infrastructure.TestExecutionEngine.GetStepMatch(StepInstance stepInstance)
   at TechTalk.SpecFlow.Infrastructure.TestExecutionEngine.ExecuteStep(IContextManager contextManager, StepInstance stepInstance)
   at TechTalk.SpecFlow.Infrastructure.TestExecutionEngine.OnAfterLastStep()
   at TechTalk.SpecFlow.TestRunner.CollectScenarioErrors()
   at TherapyDocs.Api.Tests.BDD.Features.Resources.ResourceLibrarySearchAPIEndpointsFR_002Feature.ScenarioCleanup()
   at TherapyDocs.Api.Tests.BDD.Features.Resources.ResourceLibrarySearchAPIEndpointsFR_002Feature.SearchCompletesWithinPerformanceThreshold() in /home/srowe/workspace/pediatric-therapy-resource/api/Tests/BDD/Features/resources/resource-search.feature:line 181
   at System.RuntimeMethodHandle.InvokeMethod(Object target, Void** arguments, Signature sig, Boolean isConstructor)
   at System.Reflection.MethodBaseInvoker.InvokeWithNoArgs(Object obj, BindingFlags invokeAttr)
  Standard Output Messages:
 Given the API is available
 -> done: CommonStepDefinitions.GivenTheAPIIsAvailable() (0.0s)
 And I am authenticated as "therapist@clinic.com"
 -> done: CommonStepDefinitions.GivenIAmAuthenticatedAs("therapist@clinic.com") (0.0s)
 And the resource library contains 100,000+ resources
 -> binding error: Multiple step definitions found, but none of them have matching parameter count and type for step 'Given the resource library contains 100,000+ resources': TherapyDocs.Api.Tests:TherapyDocs.Api.Tests.BDD.StepDefinitions.ResourceSearchSteps.GivenTheResourceLibraryContainsResources(Int32), TherapyDocs.Api.Tests:TherapyDocs.Api.Tests.BDD.StepDefinitions.ResourceStepDefinitions.GivenTheResourceLibraryContainsResources(Int32)
 When I send a GET request to "/api/resources/search?q=complex+query+with+filters"
 -> skipped because of previous errors
 Then the response status should be 200
 -> skipped because of previous errors
 And the response time should be less than 2000ms
 -> skipped because of previous errors
 And search results should use cached data when available
 -> skipped because of previous errors


  Failed Get all skill areas [24 ms]
  Error Message:
   TechTalk.SpecFlow.BindingException : Multiple step definitions found, but none of them have matching parameter count and type for step 'Given the resource library contains 100,000+ resources': TherapyDocs.Api.Tests:TherapyDocs.Api.Tests.BDD.StepDefinitions.ResourceSearchSteps.GivenTheResourceLibraryContainsResources(Int32), TherapyDocs.Api.Tests:TherapyDocs.Api.Tests.BDD.StepDefinitions.ResourceStepDefinitions.GivenTheResourceLibraryContainsResources(Int32)
  Stack Trace:
     at TechTalk.SpecFlow.Infrastructure.TestExecutionEngine.GetStepMatch(StepInstance stepInstance)
   at TechTalk.SpecFlow.Infrastructure.TestExecutionEngine.ExecuteStep(IContextManager contextManager, StepInstance stepInstance)
   at TechTalk.SpecFlow.Infrastructure.TestExecutionEngine.OnAfterLastStep()
   at TechTalk.SpecFlow.TestRunner.CollectScenarioErrors()
   at TherapyDocs.Api.Tests.BDD.Features.Resources.ResourceLibrarySearchAPIEndpointsFR_002Feature.ScenarioCleanup()
   at TherapyDocs.Api.Tests.BDD.Features.Resources.ResourceLibrarySearchAPIEndpointsFR_002Feature.GetAllSkillAreas() in /home/srowe/workspace/pediatric-therapy-resource/api/Tests/BDD/Features/resources/resource-search.feature:line 144
   at System.RuntimeMethodHandle.InvokeMethod(Object target, Void** arguments, Signature sig, Boolean isConstructor)
   at System.Reflection.MethodBaseInvoker.InvokeWithNoArgs(Object obj, BindingFlags invokeAttr)
  Standard Output Messages:
 Given the API is available
 -> done: CommonStepDefinitions.GivenTheAPIIsAvailable() (0.0s)
 And I am authenticated as "therapist@clinic.com"
 -> done: CommonStepDefinitions.GivenIAmAuthenticatedAs("therapist@clinic.com") (0.0s)
 And the resource library contains 100,000+ resources
 -> binding error: Multiple step definitions found, but none of them have matching parameter count and type for step 'Given the resource library contains 100,000+ resources': TherapyDocs.Api.Tests:TherapyDocs.Api.Tests.BDD.StepDefinitions.ResourceSearchSteps.GivenTheResourceLibraryContainsResources(Int32), TherapyDocs.Api.Tests:TherapyDocs.Api.Tests.BDD.StepDefinitions.ResourceStepDefinitions.GivenTheResourceLibraryContainsResources(Int32)
 When I send a GET request to "/api/resources/skills"
 -> skipped because of previous errors
 Then the response status should be 200
 -> skipped because of previous errors
 And the response should contain array of:
   --- table step argument ---
   | field       | type   |
   | id          | string |
   | name        | string |
   | category    | string |
   | description | string |
   | ageRanges   | array  |
 -> skipped because of previous errors


  Skipped Generate HIPAA compliance report [1 ms]
  Skipped Handle database connection failures gracefully [1 ms]
  Failed Get AI-powered recommendations [15 ms]
  Error Message:
   TechTalk.SpecFlow.BindingException : Multiple step definitions found, but none of them have matching parameter count and type for step 'Given the resource library contains 100,000+ resources': TherapyDocs.Api.Tests:TherapyDocs.Api.Tests.BDD.StepDefinitions.ResourceSearchSteps.GivenTheResourceLibraryContainsResources(Int32), TherapyDocs.Api.Tests:TherapyDocs.Api.Tests.BDD.StepDefinitions.ResourceStepDefinitions.GivenTheResourceLibraryContainsResources(Int32)
  Stack Trace:
     at TechTalk.SpecFlow.Infrastructure.TestExecutionEngine.GetStepMatch(StepInstance stepInstance)
   at TechTalk.SpecFlow.Infrastructure.TestExecutionEngine.ExecuteStep(IContextManager contextManager, StepInstance stepInstance)
   at TechTalk.SpecFlow.Infrastructure.TestExecutionEngine.OnAfterLastStep()
   at TechTalk.SpecFlow.TestRunner.CollectScenarioErrors()
   at TherapyDocs.Api.Tests.BDD.Features.Resources.ResourceLibrarySearchAPIEndpointsFR_002Feature.ScenarioCleanup()
   at TherapyDocs.Api.Tests.BDD.Features.Resources.ResourceLibrarySearchAPIEndpointsFR_002Feature.GetAI_PoweredRecommendations() in /home/srowe/workspace/pediatric-therapy-resource/api/Tests/BDD/Features/resources/resource-search.feature:line 114
   at System.RuntimeMethodHandle.InvokeMethod(Object target, Void** arguments, Signature sig, Boolean isConstructor)
   at System.Reflection.MethodBaseInvoker.InvokeWithNoArgs(Object obj, BindingFlags invokeAttr)
  Standard Output Messages:
 Given the API is available
 -> done: CommonStepDefinitions.GivenTheAPIIsAvailable() (0.0s)
 And I am authenticated as "therapist@clinic.com"
 -> done: CommonStepDefinitions.GivenIAmAuthenticatedAs("therapist@clinic.com") (0.0s)
 And the resource library contains 100,000+ resources
 -> binding error: Multiple step definitions found, but none of them have matching parameter count and type for step 'Given the resource library contains 100,000+ resources': TherapyDocs.Api.Tests:TherapyDocs.Api.Tests.BDD.StepDefinitions.ResourceSearchSteps.GivenTheResourceLibraryContainsResources(Int32), TherapyDocs.Api.Tests:TherapyDocs.Api.Tests.BDD.StepDefinitions.ResourceStepDefinitions.GivenTheResourceLibraryContainsResources(Int32)
 Given I have download history of sensory and handwriting resources
 -> skipped because of previous errors
 When I send a GET request to "/api/resources/recommended"
 -> skipped because of previous errors
 Then the response status should be 200
 -> skipped because of previous errors
 And the response should contain:
   --- table step argument ---
   | field           | type   |
   | recommendations | array  |
   | basedOn         | array  |
   | algorithm       | string |
 -> skipped because of previous errors
 And recommendations should be relevant to my usage patterns
 -> skipped because of previous errors


  Skipped Record DTT trial data [1 ms]
[xUnit.net 00:00:02.63]       TechTalk.SpecFlow.BindingException : Multiple step definitions found, but none of them have matching parameter count and type for step 'Given the resource library contains 100,000+ resources': TherapyDocs.Api.Tests:TherapyDocs.Api.Tests.BDD.StepDefinitions.ResourceSearchSteps.GivenTheResourceLibraryContainsResources(Int32), TherapyDocs.Api.Tests:TherapyDocs.Api.Tests.BDD.StepDefinitions.ResourceStepDefinitions.GivenTheResourceLibraryContainsResources(Int32)
[xUnit.net 00:00:02.63]       Stack Trace:
[xUnit.net 00:00:02.63]            at TechTalk.SpecFlow.Infrastructure.TestExecutionEngine.GetStepMatch(StepInstance stepInstance)
[xUnit.net 00:00:02.63]            at TechTalk.SpecFlow.Infrastructure.TestExecutionEngine.ExecuteStep(IContextManager contextManager, StepInstance stepInstance)
[xUnit.net 00:00:02.63]            at TechTalk.SpecFlow.Infrastructure.TestExecutionEngine.OnAfterLastStep()
[xUnit.net 00:00:02.63]            at TechTalk.SpecFlow.TestRunner.CollectScenarioErrors()
[xUnit.net 00:00:02.63]            at TherapyDocs.Api.Tests.BDD.Features.Resources.ResourceLibrarySearchAPIEndpointsFR_002Feature.ScenarioCleanup()
[xUnit.net 00:00:02.63]         /home/srowe/workspace/pediatric-therapy-resource/api/Tests/BDD/Features/resources/resource-search.feature(93,0): at TherapyDocs.Api.Tests.BDD.Features.Resources.ResourceLibrarySearchAPIEndpointsFR_002Feature.GetNewestResources()
[xUnit.net 00:00:02.63]            at System.RuntimeMethodHandle.InvokeMethod(Object target, Void** arguments, Signature sig, Boolean isConstructor)
[xUnit.net 00:00:02.63]            at System.Reflection.MethodBaseInvoker.InvokeWithNoArgs(Object obj, BindingFlags invokeAttr)
[xUnit.net 00:00:02.63]       Output:
[xUnit.net 00:00:02.63]         Given the API is available
[xUnit.net 00:00:02.63]         -> done: CommonStepDefinitions.GivenTheAPIIsAvailable() (0.0s)
[xUnit.net 00:00:02.63]         And I am authenticated as "therapist@clinic.com"
[xUnit.net 00:00:02.63]         -> done: CommonStepDefinitions.GivenIAmAuthenticatedAs("therapist@clinic.com") (0.0s)
[xUnit.net 00:00:02.63]         And the resource library contains 100,000+ resources
[xUnit.net 00:00:02.63]         -> binding error: Multiple step definitions found, but none of them have matching parameter count and type for step 'Given the resource library contains 100,000+ resources': TherapyDocs.Api.Tests:TherapyDocs.Api.Tests.BDD.StepDefinitions.ResourceSearchSteps.GivenTheResourceLibraryContainsResources(Int32), TherapyDocs.Api.Tests:TherapyDocs.Api.Tests.BDD.StepDefinitions.ResourceStepDefinitions.GivenTheResourceLibraryContainsResources(Int32)
[xUnit.net 00:00:02.63]         When I send a GET request to "/api/resources/new?days=7"
[xUnit.net 00:00:02.63]         -> skipped because of previous errors
[xUnit.net 00:00:02.63]         Then the response status should be 200
[xUnit.net 00:00:02.63]         -> skipped because of previous errors
[xUnit.net 00:00:02.63]         And all resources should be created within last 7 days
[xUnit.net 00:00:02.63]         -> skipped because of previous errors
[xUnit.net 00:00:02.63]         And results should be sorted by creation date descending
[xUnit.net 00:00:02.63]         -> binding error: Ambiguous step definitions found for step 'Then results should be sorted by creation date descending': TherapyDocs.Api.Tests:TherapyDocs.Api.Tests.BDD.StepDefinitions.ResourceSearchSteps.ThenResultsShouldBeSortedByCreationDateDescending(), TherapyDocs.Api.Tests:TherapyDocs.Api.Tests.BDD.StepDefinitions.ResourceStepDefinitions.ThenResultsShouldBeSortedBy(String)
[13:32:17 WRN] Failed to determine the https port for redirect.
[xUnit.net 00:00:02.65]     Automate data lifecycle management across storage tiers [SKIP]
[xUnit.net 00:00:02.65]       No matching step definition found for one or more steps.\nusing System;\r\nusing TechTalk.SpecFlow;\r\n\r\nnamespace MyNamespace\r\n{\r\n    [Binding]\r\n    public class StepDefinitions\r\n    {\r\n        private readonly ScenarioContext _scenarioContext;\r\n\r\n        public StepDefinitions(ScenarioContext scenarioContext)\r\n        {\r\n            _scenarioContext = scenarioContext;\r\n        }\r\n        [Given(@"data volume management systems are configured")]\r\n        public void GivenDataVolumeManagementSystemsAreConfigured()\r\n        {\r\n            _scenarioContext.Pending();\r\n        }\r\n        \n        [Given(@"big data infrastructure is deployed")]\r\n        public void GivenBigDataInfrastructureIsDeployed()\r\n        {\r\n            _scenarioContext.Pending();\r\n        }\r\n        \n        [Given(@"data lifecycle policies are defined")]\r\n        public void GivenDataLifecyclePoliciesAreDefined()\r\n        {\r\n            _scenarioContext.Pending();\r\n        }\r\n        \n        [Given(@"storage tiers are established")]\r\n        public void GivenStorageTiersAreEstablished()\r\n        {\r\n            _scenarioContext.Pending();\r\n        }\r\n        \n        [Given(@"processing frameworks are initialized")]\r\n        public void GivenProcessingFrameworksAreInitialized()\r\n        {\r\n            _scenarioContext.Pending();\r\n        }\r\n        \n        [Given(@"data value decreases over time")]\r\n        public void GivenDataValueDecreasesOverTime()\r\n        {\r\n            _scenarioContext.Pending();\r\n        }\r\n        \n        [Given(@"storage costs must be optimized")]\r\n        public void GivenStorageCostsMustBeOptimized()\r\n        {\r\n            _scenarioContext.Pending();\r\n        }\r\n        \n        [When(@"implementing lifecycle automation:")]\r\n        public void WhenImplementingLifecycleAutomation(Table table)\r\n        {\r\n            _scenarioContext.Pending();\r\n        }\r\n        \n        [Then(@"data should move automatically")]\r\n        public void ThenDataShouldMoveAutomatically()\r\n        {\r\n            _scenarioContext.Pending();\r\n        }\r\n        \n        [Then(@"access patterns should be honored")]\r\n        public void ThenAccessPatternsShouldBeHonored()\r\n        {\r\n            _scenarioContext.Pending();\r\n        }\r\n        \n        [Then(@"costs should be minimized")]\r\n        public void ThenCostsShouldBeMinimized()\r\n        {\r\n            _scenarioContext.Pending();\r\n        }\r\n        \n        [Then(@"compliance should be maintained")]\r\n        public void ThenComplianceShouldBeMaintained()\r\n        {\r\n            _scenarioContext.Pending();\r\n        }\r\n    }\r\n}\r\n
[xUnit.net 00:00:02.65]       TechTalk.SpecFlow.BindingException : Multiple step definitions found, but none of them have matching parameter count and type for step 'Given the resource library contains 100,000+ resources': TherapyDocs.Api.Tests:TherapyDocs.Api.Tests.BDD.StepDefinitions.ResourceSearchSteps.GivenTheResourceLibraryContainsResources(Int32), TherapyDocs.Api.Tests:TherapyDocs.Api.Tests.BDD.StepDefinitions.ResourceStepDefinitions.GivenTheResourceLibraryContainsResources(Int32)
[xUnit.net 00:00:02.65]       Stack Trace:
[xUnit.net 00:00:02.65]            at TechTalk.SpecFlow.Infrastructure.TestExecutionEngine.GetStepMatch(StepInstance stepInstance)
[xUnit.net 00:00:02.65]            at TechTalk.SpecFlow.Infrastructure.TestExecutionEngine.ExecuteStep(IContextManager contextManager, StepInstance stepInstance)
[xUnit.net 00:00:02.65]            at TechTalk.SpecFlow.Infrastructure.TestExecutionEngine.OnAfterLastStep()
[xUnit.net 00:00:02.65]            at TechTalk.SpecFlow.TestRunner.CollectScenarioErrors()
[xUnit.net 00:00:02.65]            at TherapyDocs.Api.Tests.BDD.Features.Resources.ResourceLibrarySearchAPIEndpointsFR_002Feature.ScenarioCleanup()
[xUnit.net 00:00:02.65]         /home/srowe/workspace/pediatric-therapy-resource/api/Tests/BDD/Features/resources/resource-search.feature(101,0): at TherapyDocs.Api.Tests.BDD.Features.Resources.ResourceLibrarySearchAPIEndpointsFR_002Feature.GetPopularResources()
[xUnit.net 00:00:02.65]            at System.RuntimeMethodHandle.InvokeMethod(Object target, Void** arguments, Signature sig, Boolean isConstructor)
[xUnit.net 00:00:02.65]            at System.Reflection.MethodBaseInvoker.InvokeWithNoArgs(Object obj, BindingFlags invokeAttr)
[xUnit.net 00:00:02.65]       Output:
[xUnit.net 00:00:02.65]         Given the API is available
[xUnit.net 00:00:02.65]         -> done: CommonStepDefinitions.GivenTheAPIIsAvailable() (0.0s)
[xUnit.net 00:00:02.65]         And I am authenticated as "therapist@clinic.com"
[xUnit.net 00:00:02.65]         -> done: CommonStepDefinitions.GivenIAmAuthenticatedAs("therapist@clinic.com") (0.0s)
[xUnit.net 00:00:02.65]         And the resource library contains 100,000+ resources
[xUnit.net 00:00:02.65]         -> binding error: Multiple step definitions found, but none of them have matching parameter count and type for step 'Given the resource library contains 100,000+ resources': TherapyDocs.Api.Tests:TherapyDocs.Api.Tests.BDD.StepDefinitions.ResourceSearchSteps.GivenTheResourceLibraryContainsResources(Int32), TherapyDocs.Api.Tests:TherapyDocs.Api.Tests.BDD.StepDefinitions.ResourceStepDefinitions.GivenTheResourceLibraryContainsResources(Int32)
[xUnit.net 00:00:02.65]         When I send a GET request to "/api/resources/popular?period=month"
[xUnit.net 00:00:02.65]         -> skipped because of previous errors
[xUnit.net 00:00:02.65]         Then the response status should be 200
[xUnit.net 00:00:02.65]         -> skipped because of previous errors
[xUnit.net 00:00:02.65]         And results should be sorted by download count descending
[xUnit.net 00:00:02.65]         -> binding error: Ambiguous step definitions found for step 'Then results should be sorted by download count descending': TherapyDocs.Api.Tests:TherapyDocs.Api.Tests.BDD.StepDefinitions.ResourceSearchSteps.ThenResultsShouldBeSortedByDownloadCountDescending(), TherapyDocs.Api.Tests:TherapyDocs.Api.Tests.BDD.StepDefinitions.ResourceStepDefinitions.ThenResultsShouldBeSortedBy(String)
[xUnit.net 00:00:02.65]         And download counts should be from the last month
[xUnit.net 00:00:02.65]         -> skipped because of previous errors
[xUnit.net 00:00:02.65]     Identify seasonal and temporal usage trends [SKIP]
[xUnit.net 00:00:02.65]       No matching step definition found for one or more steps.\nusing System;\r\nusing TechTalk.SpecFlow;\r\n\r\nnamespace MyNamespace\r\n{\r\n    [Binding]\r\n    public class StepDefinitions\r\n    {\r\n        private readonly ScenarioContext _scenarioContext;\r\n\r\n        public StepDefinitions(ScenarioContext scenarioContext)\r\n        {\r\n            _scenarioContext = scenarioContext;\r\n        }\r\n        [Given(@"usage analytics system is configured")]\r\n        public void GivenUsageAnalyticsSystemIsConfigured()\r\n        {\r\n            _scenarioContext.Pending();\r\n        }\r\n        \n        [Given(@"comprehensive tracking is enabled")]\r\n        public void GivenComprehensiveTrackingIsEnabled()\r\n        {\r\n            _scenarioContext.Pending();\r\n        }\r\n        \n        [Given(@"pattern recognition algorithms are active")]\r\n        public void GivenPatternRecognitionAlgorithmsAreActive()\r\n        {\r\n            _scenarioContext.Pending();\r\n        }\r\n        \n        [Given(@"insight generation engine is ready")]\r\n        public void GivenInsightGenerationEngineIsReady()\r\n        {\r\n            _scenarioContext.Pending();\r\n        }\r\n        \n        [Given(@"historical usage data spans multiple years")]\r\n        public void GivenHistoricalUsageDataSpansMultipleYears()\r\n        {\r\n            _scenarioContext.Pending();\r\n        }\r\n        \n        [Given(@"seasonal patterns can be detected")]\r\n        public void GivenSeasonalPatternsCanBeDetected()\r\n        {\r\n            _scenarioContext.Pending();\r\n        }\r\n        \n        [When(@"analyzing temporal usage patterns:")]\r\n        public void WhenAnalyzingTemporalUsagePatterns(Table table)\r\n        {\r\n            _scenarioContext.Pending();\r\n        }\r\n        \n        [Then(@"seasonal insights should inform capacity planning")]\r\n        public void ThenSeasonalInsightsShouldInformCapacityPlanning()\r\n        {\r\n            _scenarioContext.Pending();\r\n        }\r\n        \n        [Then(@"content calendars should align with trends")]\r\n        public void ThenContentCalendarsShouldAlignWithTrends()\r\n        {\r\n            _scenarioContext.Pending();\r\n        }\r\n        \n        [Then(@"marketing campaigns should leverage patterns")]\r\n        public void ThenMarketingCampaignsShouldLeveragePatterns()\r\n        {\r\n            _scenarioContext.Pending();\r\n        }\r\n        \n        [Then(@"resource allocation should be optimized")]\r\n        public void ThenResourceAllocationShouldBeOptimized()\r\n        {\r\n            _scenarioContext.Pending();\r\n        }\r\n    }\r\n}\r\n
[13:32:17 INF] Starting TherapyDocs API
[xUnit.net 00:00:02.68]       TechTalk.SpecFlow.BindingException : Multiple step definitions found, but none of them have matching parameter count and type for step 'Given the resource library contains 100,000+ resources': TherapyDocs.Api.Tests:TherapyDocs.Api.Tests.BDD.StepDefinitions.ResourceSearchSteps.GivenTheResourceLibraryContainsResources(Int32), TherapyDocs.Api.Tests:TherapyDocs.Api.Tests.BDD.StepDefinitions.ResourceStepDefinitions.GivenTheResourceLibraryContainsResources(Int32)
[xUnit.net 00:00:02.68]       Stack Trace:
[xUnit.net 00:00:02.68]            at TechTalk.SpecFlow.Infrastructure.TestExecutionEngine.GetStepMatch(StepInstance stepInstance)
[xUnit.net 00:00:02.68]            at TechTalk.SpecFlow.Infrastructure.TestExecutionEngine.ExecuteStep(IContextManager contextManager, StepInstance stepInstance)
[xUnit.net 00:00:02.68]            at TechTalk.SpecFlow.Infrastructure.TestExecutionEngine.OnAfterLastStep()
[xUnit.net 00:00:02.68]            at TechTalk.SpecFlow.TestRunner.CollectScenarioErrors()
[xUnit.net 00:00:02.68]            at TherapyDocs.Api.Tests.BDD.Features.Resources.ResourceLibrarySearchAPIEndpointsFR_002Feature.ScenarioCleanup()
[xUnit.net 00:00:02.68]         /home/srowe/workspace/pediatric-therapy-resource/api/Tests/BDD/Features/resources/resource-search.feature(35,0): at TherapyDocs.Api.Tests.BDD.Features.Resources.ResourceLibrarySearchAPIEndpointsFR_002Feature.SearchResourcesWithKeyword()
[xUnit.net 00:00:02.68]            at System.RuntimeMethodHandle.InvokeMethod(Object target, Void** arguments, Signature sig, Boolean isConstructor)
[xUnit.net 00:00:02.68]            at System.Reflection.MethodBaseInvoker.InvokeWithNoArgs(Object obj, BindingFlags invokeAttr)
[xUnit.net 00:00:02.68]       Output:
[xUnit.net 00:00:02.68]         Given the API is available
[xUnit.net 00:00:02.68]         -> done: CommonStepDefinitions.GivenTheAPIIsAvailable() (0.0s)
[xUnit.net 00:00:02.68]         And I am authenticated as "therapist@clinic.com"
[xUnit.net 00:00:02.68]         -> done: CommonStepDefinitions.GivenIAmAuthenticatedAs("therapist@clinic.com") (0.0s)
[xUnit.net 00:00:02.68]         And the resource library contains 100,000+ resources
[xUnit.net 00:00:02.68]         -> binding error: Multiple step definitions found, but none of them have matching parameter count and type for step 'Given the resource library contains 100,000+ resources': TherapyDocs.Api.Tests:TherapyDocs.Api.Tests.BDD.StepDefinitions.ResourceSearchSteps.GivenTheResourceLibraryContainsResources(Int32), TherapyDocs.Api.Tests:TherapyDocs.Api.Tests.BDD.StepDefinitions.ResourceStepDefinitions.GivenTheResourceLibraryContainsResources(Int32)
[xUnit.net 00:00:02.68]         When I send a GET request to "/api/resources/search?q=fine+motor+kindergarten"
[xUnit.net 00:00:02.68]         -> skipped because of previous errors
[xUnit.net 00:00:02.68]         Then the response status should be 200
[xUnit.net 00:00:02.68]         -> skipped because of previous errors
[xUnit.net 00:00:02.68]         And the response should contain:
[xUnit.net 00:00:02.68]           --- table step argument ---
[xUnit.net 00:00:02.68]           | field   | type   |
[xUnit.net 00:00:02.68]           | results | array  |
[xUnit.net 00:00:02.68]           | total   | number |
[xUnit.net 00:00:02.68]           | page    | number |
[xUnit.net 00:00:02.68]           | limit   | number |
[xUnit.net 00:00:02.68]           | facets  | object |
[xUnit.net 00:00:02.68]         -> skipped because of previous errors
[xUnit.net 00:00:02.68]         And each result should contain:
[xUnit.net 00:00:02.68]           --- table step argument ---
[xUnit.net 00:00:02.68]           | field         | type   |
[xUnit.net 00:00:02.68]           | id            | string |
[xUnit.net 00:00:02.68]           | title         | string |
[xUnit.net 00:00:02.68]           | description   | string |
[xUnit.net 00:00:02.68]           | thumbnailUrl  | string |
[xUnit.net 00:00:02.68]           | skillAreas    | array  |
[xUnit.net 00:00:02.68]           | gradeLevels   | array  |
[xUnit.net 00:00:02.68]           | resourceType  | string |
[xUnit.net 00:00:02.68]           | evidenceLevel | number |
[xUnit.net 00:00:02.68]           | rating        | number |
[xUnit.net 00:00:02.68]           | downloadCount | number |
[xUnit.net 00:00:02.68]         -> skipped because of previous errors
[xUnit.net 00:00:02.68]         And results should be sorted by relevance
[xUnit.net 00:00:02.68]         -> binding error: Ambiguous step definitions found for step 'Then results should be sorted by relevance': TherapyDocs.Api.Tests:TherapyDocs.Api.Tests.BDD.StepDefinitions.ResourceSearchSteps.ThenResultsShouldBeSortedByRelevance(), TherapyDocs.Api.Tests:TherapyDocs.Api.Tests.BDD.StepDefinitions.ResourceStepDefinitions.ThenResultsShouldBeSortedBy(String)
[xUnit.net 00:00:02.70]       Expected ((int)LastResponse!.StatusCode) to be 200, but found 404 (difference of 204).
[13:32:17 INF] Starting TherapyDocs API
[xUnit.net 00:00:02.70]       Stack Trace:
[xUnit.net 00:00:02.70]            at FluentAssertions.Execution.XUnit2TestFramework.Throw(String message)
[xUnit.net 00:00:02.70]            at FluentAssertions.Execution.TestFrameworkProvider.Throw(String message)
[xUnit.net 00:00:02.70]            at FluentAssertions.Execution.DefaultAssertionStrategy.HandleFailure(String message)
[xUnit.net 00:00:02.70]            at FluentAssertions.Execution.AssertionScope.FailWith(Func`1 failReasonFunc)
[xUnit.net 00:00:02.70]            at FluentAssertions.Execution.AssertionScope.FailWith(Func`1 failReasonFunc)
[xUnit.net 00:00:02.70]            at FluentAssertions.Execution.AssertionScope.FailWith(String message, Object[] args)
[xUnit.net 00:00:02.70]            at FluentAssertions.Numeric.NumericAssertions`2.Be(T expected, String because, Object[] becauseArgs)
[xUnit.net 00:00:02.70]         /home/srowe/workspace/pediatric-therapy-resource/api/Tests/BDD/StepDefinitions/BaseStepDefinitions.cs(72,0): at TherapyDocs.Api.Tests.BDD.StepDefinitions.BaseStepDefinitions.ThenTheResponseStatusShouldBe(Int32 statusCode)
[xUnit.net 00:00:02.71]         /home/srowe/workspace/pediatric-therapy-resource/api/Tests/BDD/StepDefinitions/CommonStepDefinitions.cs(55,0): at TherapyDocs.Api.Tests.BDD.StepDefinitions.CommonStepDefinitions.ThenTheResponseStatusShouldBeStep(Int32 statusCode)
[xUnit.net 00:00:02.71]            at InvokeStub_Action`2.Invoke(Object, Span`1)
[xUnit.net 00:00:02.71]            at System.Reflection.MethodBaseInvoker.InvokeWithFewArgs(Object obj, BindingFlags invokeAttr, Binder binder, Object[] parameters, CultureInfo culture)
[xUnit.net 00:00:02.71]            at TechTalk.SpecFlow.Bindings.BindingInvoker.InvokeBinding(IBinding binding, IContextManager contextManager, Object[] arguments, ITestTracer testTracer, TimeSpan& duration)
[xUnit.net 00:00:02.71]            at TechTalk.SpecFlow.Infrastructure.TestExecutionEngine.ExecuteStepMatch(BindingMatch match, Object[] arguments, TimeSpan& duration)
[xUnit.net 00:00:02.71]            at TechTalk.SpecFlow.Infrastructure.TestExecutionEngine.ExecuteStep(IContextManager contextManager, StepInstance stepInstance)
[xUnit.net 00:00:02.71]            at TechTalk.SpecFlow.Infrastructure.TestExecutionEngine.OnAfterLastStep()
[xUnit.net 00:00:02.71]            at TechTalk.SpecFlow.TestRunner.CollectScenarioErrors()
[xUnit.net 00:00:02.71]            at TherapyDocs.Api.Tests.BDD.Features.Therapy.AdultTherapyResourcesAPIEndpointsFR_016Feature.ScenarioCleanup()
[xUnit.net 00:00:02.71]         /home/srowe/workspace/pediatric-therapy-resource/api/Tests/BDD/Features/therapy/adult-therapy.feature(15,0): at TherapyDocs.Api.Tests.BDD.Features.Therapy.AdultTherapyResourcesAPIEndpointsFR_016Feature.SearchAdult_SpecificTherapyResources()
[xUnit.net 00:00:02.71]            at System.RuntimeMethodHandle.InvokeMethod(Object target, Void** arguments, Signature sig, Boolean isConstructor)
[xUnit.net 00:00:02.71]            at System.Reflection.MethodBaseInvoker.InvokeWithNoArgs(Object obj, BindingFlags invokeAttr)
[xUnit.net 00:00:02.71]       Output:
[xUnit.net 00:00:02.71]         Given the API is available
[xUnit.net 00:00:02.71]         -> done: CommonStepDefinitions.GivenTheAPIIsAvailable() (0.5s)
[xUnit.net 00:00:02.71]         And I am authenticated as "therapist@clinic.com"
[xUnit.net 00:00:02.71]         -> done: CommonStepDefinitions.GivenIAmAuthenticatedAs("therapist@clinic.com") (0.0s)
[xUnit.net 00:00:02.71]         When I send a GET request to "/api/resources/adult/search?condition=aphasia&level=moderate"
[xUnit.net 00:00:02.71]         -> done: CommonStepDefinitions.WhenISendAGETRequestToStep("/api/resources/ad...") (0.3s)
[xUnit.net 00:00:02.71]         Then the response status should be 200
[xUnit.net 00:00:02.71]         -> error: Expected ((int)LastResponse!.StatusCode) to be 200, but found 404 (difference of 204). (0.2s)
[xUnit.net 00:00:02.71]         And the therapy response should contain array of:
[xUnit.net 00:00:02.71]           --- table step argument ---
[xUnit.net 00:00:02.71]           | field           | type   |
[xUnit.net 00:00:02.71]           | resourceId      | string |
[xUnit.net 00:00:02.71]           | title           | string |
[xUnit.net 00:00:02.71]           | ageRange        | string |
[xUnit.net 00:00:02.71]           | conditionFocus  | array  |
[xUnit.net 00:00:02.71]           | complexityLevel | string |
[xUnit.net 00:00:02.71]           | format          | string |
[xUnit.net 00:00:02.71]         -> skipped because of previous errors
  Failed Get newest resources [31 ms]
  Error Message:
   TechTalk.SpecFlow.BindingException : Multiple step definitions found, but none of them have matching parameter count and type for step 'Given the resource library contains 100,000+ resources': TherapyDocs.Api.Tests:TherapyDocs.Api.Tests.BDD.StepDefinitions.ResourceSearchSteps.GivenTheResourceLibraryContainsResources(Int32), TherapyDocs.Api.Tests:TherapyDocs.Api.Tests.BDD.StepDefinitions.ResourceStepDefinitions.GivenTheResourceLibraryContainsResources(Int32)
  Stack Trace:
     at TechTalk.SpecFlow.Infrastructure.TestExecutionEngine.GetStepMatch(StepInstance stepInstance)
   at TechTalk.SpecFlow.Infrastructure.TestExecutionEngine.ExecuteStep(IContextManager contextManager, StepInstance stepInstance)
   at TechTalk.SpecFlow.Infrastructure.TestExecutionEngine.OnAfterLastStep()
   at TechTalk.SpecFlow.TestRunner.CollectScenarioErrors()
   at TherapyDocs.Api.Tests.BDD.Features.Resources.ResourceLibrarySearchAPIEndpointsFR_002Feature.ScenarioCleanup()
   at TherapyDocs.Api.Tests.BDD.Features.Resources.ResourceLibrarySearchAPIEndpointsFR_002Feature.GetNewestResources() in /home/srowe/workspace/pediatric-therapy-resource/api/Tests/BDD/Features/resources/resource-search.feature:line 93
   at System.RuntimeMethodHandle.InvokeMethod(Object target, Void** arguments, Signature sig, Boolean isConstructor)
   at System.Reflection.MethodBaseInvoker.InvokeWithNoArgs(Object obj, BindingFlags invokeAttr)
  Standard Output Messages:
 Given the API is available
 -> done: CommonStepDefinitions.GivenTheAPIIsAvailable() (0.0s)
 And I am authenticated as "therapist@clinic.com"
 -> done: CommonStepDefinitions.GivenIAmAuthenticatedAs("therapist@clinic.com") (0.0s)
 And the resource library contains 100,000+ resources
 -> binding error: Multiple step definitions found, but none of them have matching parameter count and type for step 'Given the resource library contains 100,000+ resources': TherapyDocs.Api.Tests:TherapyDocs.Api.Tests.BDD.StepDefinitions.ResourceSearchSteps.GivenTheResourceLibraryContainsResources(Int32), TherapyDocs.Api.Tests:TherapyDocs.Api.Tests.BDD.StepDefinitions.ResourceStepDefinitions.GivenTheResourceLibraryContainsResources(Int32)
 When I send a GET request to "/api/resources/new?days=7"
 -> skipped because of previous errors
 Then the response status should be 200
 -> skipped because of previous errors
 And all resources should be created within last 7 days
 -> skipped because of previous errors
 And results should be sorted by creation date descending
 -> binding error: Ambiguous step definitions found for step 'Then results should be sorted by creation date descending': TherapyDocs.Api.Tests:TherapyDocs.Api.Tests.BDD.StepDefinitions.ResourceSearchSteps.ThenResultsShouldBeSortedByCreationDateDescending(), TherapyDocs.Api.Tests:TherapyDocs.Api.Tests.BDD.StepDefinitions.ResourceStepDefinitions.ThenResultsShouldBeSortedBy(String)


  Skipped Automate data lifecycle management across storage tiers [1 ms]
  Failed Get popular resources [18 ms]
  Error Message:
   TechTalk.SpecFlow.BindingException : Multiple step definitions found, but none of them have matching parameter count and type for step 'Given the resource library contains 100,000+ resources': TherapyDocs.Api.Tests:TherapyDocs.Api.Tests.BDD.StepDefinitions.ResourceSearchSteps.GivenTheResourceLibraryContainsResources(Int32), TherapyDocs.Api.Tests:TherapyDocs.Api.Tests.BDD.StepDefinitions.ResourceStepDefinitions.GivenTheResourceLibraryContainsResources(Int32)
  Stack Trace:
     at TechTalk.SpecFlow.Infrastructure.TestExecutionEngine.GetStepMatch(StepInstance stepInstance)
   at TechTalk.SpecFlow.Infrastructure.TestExecutionEngine.ExecuteStep(IContextManager contextManager, StepInstance stepInstance)
   at TechTalk.SpecFlow.Infrastructure.TestExecutionEngine.OnAfterLastStep()
   at TechTalk.SpecFlow.TestRunner.CollectScenarioErrors()
   at TherapyDocs.Api.Tests.BDD.Features.Resources.ResourceLibrarySearchAPIEndpointsFR_002Feature.ScenarioCleanup()
   at TherapyDocs.Api.Tests.BDD.Features.Resources.ResourceLibrarySearchAPIEndpointsFR_002Feature.GetPopularResources() in /home/srowe/workspace/pediatric-therapy-resource/api/Tests/BDD/Features/resources/resource-search.feature:line 101
   at System.RuntimeMethodHandle.InvokeMethod(Object target, Void** arguments, Signature sig, Boolean isConstructor)
   at System.Reflection.MethodBaseInvoker.InvokeWithNoArgs(Object obj, BindingFlags invokeAttr)
  Standard Output Messages:
 Given the API is available
 -> done: CommonStepDefinitions.GivenTheAPIIsAvailable() (0.0s)
 And I am authenticated as "therapist@clinic.com"
 -> done: CommonStepDefinitions.GivenIAmAuthenticatedAs("therapist@clinic.com") (0.0s)
 And the resource library contains 100,000+ resources
 -> binding error: Multiple step definitions found, but none of them have matching parameter count and type for step 'Given the resource library contains 100,000+ resources': TherapyDocs.Api.Tests:TherapyDocs.Api.Tests.BDD.StepDefinitions.ResourceSearchSteps.GivenTheResourceLibraryContainsResources(Int32), TherapyDocs.Api.Tests:TherapyDocs.Api.Tests.BDD.StepDefinitions.ResourceStepDefinitions.GivenTheResourceLibraryContainsResources(Int32)
 When I send a GET request to "/api/resources/popular?period=month"
 -> skipped because of previous errors
 Then the response status should be 200
 -> skipped because of previous errors
 And results should be sorted by download count descending
 -> binding error: Ambiguous step definitions found for step 'Then results should be sorted by download count descending': TherapyDocs.Api.Tests:TherapyDocs.Api.Tests.BDD.StepDefinitions.ResourceSearchSteps.ThenResultsShouldBeSortedByDownloadCountDescending(), TherapyDocs.Api.Tests:TherapyDocs.Api.Tests.BDD.StepDefinitions.ResourceStepDefinitions.ThenResultsShouldBeSortedBy(String)
 And download counts should be from the last month
 -> skipped because of previous errors


  Skipped Identify seasonal and temporal usage trends [1 ms]
  Failed Search resources with keyword [28 ms]
  Error Message:
   TechTalk.SpecFlow.BindingException : Multiple step definitions found, but none of them have matching parameter count and type for step 'Given the resource library contains 100,000+ resources': TherapyDocs.Api.Tests:TherapyDocs.Api.Tests.BDD.StepDefinitions.ResourceSearchSteps.GivenTheResourceLibraryContainsResources(Int32), TherapyDocs.Api.Tests:TherapyDocs.Api.Tests.BDD.StepDefinitions.ResourceStepDefinitions.GivenTheResourceLibraryContainsResources(Int32)
  Stack Trace:
     at TechTalk.SpecFlow.Infrastructure.TestExecutionEngine.GetStepMatch(StepInstance stepInstance)
   at TechTalk.SpecFlow.Infrastructure.TestExecutionEngine.ExecuteStep(IContextManager contextManager, StepInstance stepInstance)
   at TechTalk.SpecFlow.Infrastructure.TestExecutionEngine.OnAfterLastStep()
   at TechTalk.SpecFlow.TestRunner.CollectScenarioErrors()
   at TherapyDocs.Api.Tests.BDD.Features.Resources.ResourceLibrarySearchAPIEndpointsFR_002Feature.ScenarioCleanup()
   at TherapyDocs.Api.Tests.BDD.Features.Resources.ResourceLibrarySearchAPIEndpointsFR_002Feature.SearchResourcesWithKeyword() in /home/srowe/workspace/pediatric-therapy-resource/api/Tests/BDD/Features/resources/resource-search.feature:line 35
   at System.RuntimeMethodHandle.InvokeMethod(Object target, Void** arguments, Signature sig, Boolean isConstructor)
   at System.Reflection.MethodBaseInvoker.InvokeWithNoArgs(Object obj, BindingFlags invokeAttr)
  Standard Output Messages:
 Given the API is available
 -> done: CommonStepDefinitions.GivenTheAPIIsAvailable() (0.0s)
 And I am authenticated as "therapist@clinic.com"
 -> done: CommonStepDefinitions.GivenIAmAuthenticatedAs("therapist@clinic.com") (0.0s)
 And the resource library contains 100,000+ resources
 -> binding error: Multiple step definitions found, but none of them have matching parameter count and type for step 'Given the resource library contains 100,000+ resources': TherapyDocs.Api.Tests:TherapyDocs.Api.Tests.BDD.StepDefinitions.ResourceSearchSteps.GivenTheResourceLibraryContainsResources(Int32), TherapyDocs.Api.Tests:TherapyDocs.Api.Tests.BDD.StepDefinitions.ResourceStepDefinitions.GivenTheResourceLibraryContainsResources(Int32)
 When I send a GET request to "/api/resources/search?q=fine+motor+kindergarten"
 -> skipped because of previous errors
 Then the response status should be 200
 -> skipped because of previous errors
 And the response should contain:
   --- table step argument ---
   | field   | type   |
   | results | array  |
   | total   | number |
   | page    | number |
   | limit   | number |
   | facets  | object |
 -> skipped because of previous errors
 And each result should contain:
   --- table step argument ---
   | field         | type   |
   | id            | string |
   | title         | string |
   | description   | string |
   | thumbnailUrl  | string |
   | skillAreas    | array  |
   | gradeLevels   | array  |
   | resourceType  | string |
   | evidenceLevel | number |
   | rating        | number |
   | downloadCount | number |
 -> skipped because of previous errors
 And results should be sorted by relevance
 -> binding error: Ambiguous step definitions found for step 'Then results should be sorted by relevance': TherapyDocs.Api.Tests:TherapyDocs.Api.Tests.BDD.StepDefinitions.ResourceSearchSteps.ThenResultsShouldBeSortedByRelevance(), TherapyDocs.Api.Tests:TherapyDocs.Api.Tests.BDD.StepDefinitions.ResourceStepDefinitions.ThenResultsShouldBeSortedBy(String)


  Failed Search adult-specific therapy resources [2 s]
  Error Message:
   Expected ((int)LastResponse!.StatusCode) to be 200, but found 404 (difference of 204).
  Stack Trace:
     at FluentAssertions.Execution.XUnit2TestFramework.Throw(String message)
   at FluentAssertions.Execution.TestFrameworkProvider.Throw(String message)
   at FluentAssertions.Execution.DefaultAssertionStrategy.HandleFailure(String message)
   at FluentAssertions.Execution.AssertionScope.FailWith(Func`1 failReasonFunc)
   at FluentAssertions.Execution.AssertionScope.FailWith(Func`1 failReasonFunc)
   at FluentAssertions.Execution.AssertionScope.FailWith(String message, Object[] args)
   at FluentAssertions.Numeric.NumericAssertions`2.Be(T expected, String because, Object[] becauseArgs)
   at TherapyDocs.Api.Tests.BDD.StepDefinitions.BaseStepDefinitions.ThenTheResponseStatusShouldBe(Int32 statusCode) in /home/srowe/workspace/pediatric-therapy-resource/api/Tests/BDD/StepDefinitions/BaseStepDefinitions.cs:line 72
   at TherapyDocs.Api.Tests.BDD.StepDefinitions.CommonStepDefinitions.ThenTheResponseStatusShouldBeStep(Int32 statusCode) in /home/srowe/workspace/pediatric-therapy-resource/api/Tests/BDD/StepDefinitions/CommonStepDefinitions.cs:line 55
   at InvokeStub_Action`2.Invoke(Object, Span`1)
   at System.Reflection.MethodBaseInvoker.InvokeWithFewArgs(Object obj, BindingFlags invokeAttr, Binder binder, Object[] parameters, CultureInfo culture)
   at TechTalk.SpecFlow.Bindings.BindingInvoker.InvokeBinding(IBinding binding, IContextManager contextManager, Object[] arguments, ITestTracer testTracer, TimeSpan& duration)
   at TechTalk.SpecFlow.Infrastructure.TestExecutionEngine.ExecuteStepMatch(BindingMatch match, Object[] arguments, TimeSpan& duration)
   at TechTalk.SpecFlow.Infrastructure.TestExecutionEngine.ExecuteStep(IContextManager contextManager, StepInstance stepInstance)
   at TechTalk.SpecFlow.Infrastructure.TestExecutionEngine.OnAfterLastStep()
   at TechTalk.SpecFlow.TestRunner.CollectScenarioErrors()
   at TherapyDocs.Api.Tests.BDD.Features.Therapy.AdultTherapyResourcesAPIEndpointsFR_016Feature.ScenarioCleanup()
   at TherapyDocs.Api.Tests.BDD.Features.Therapy.AdultTherapyResourcesAPIEndpointsFR_016Feature.SearchAdult_SpecificTherapyResources() in /home/srowe/workspace/pediatric-therapy-resource/api/Tests/BDD/Features/therapy/adult-therapy.feature:line 15
   at System.RuntimeMethodHandle.InvokeMethod(Object target, Void** arguments, Signature sig, Boolean isConstructor)
   at System.Reflection.MethodBaseInvoker.InvokeWithNoArgs(Object obj, BindingFlags invokeAttr)
  Standard Output Messages:
 Given the API is available
 -> done: CommonStepDefinitions.GivenTheAPIIsAvailable() (0.5s)
 And I am authenticated as "therapist@clinic.com"
 -> done: CommonStepDefinitions.GivenIAmAuthenticatedAs("therapist@clinic.com") (0.0s)
 When I send a GET request to "/api/resources/adult/search?condition=aphasia&level=moderate"
 -> done: CommonStepDefinitions.WhenISendAGETRequestToStep("/api/resources/ad...") (0.3s)
 Then the response status should be 200
 -> error: Expected ((int)LastResponse!.StatusCode) to be 200, but found 404 (difference of 204). (0.2s)
 And the therapy response should contain array of:
   --- table step argument ---
   | field           | type   |
   | resourceId      | string |
   | title           | string |
   | ageRange        | string |
   | conditionFocus  | array  |
   | complexityLevel | string |
   | format          | string |
 -> skipped because of previous errors


[xUnit.net 00:00:02.71]       Expected ((int)LastResponse!.StatusCode) to be 201, but found 404 (difference of 203).
[xUnit.net 00:00:02.71]       Stack Trace:
[xUnit.net 00:00:02.71]            at FluentAssertions.Execution.XUnit2TestFramework.Throw(String message)
[xUnit.net 00:00:02.71]            at FluentAssertions.Execution.TestFrameworkProvider.Throw(String message)
[xUnit.net 00:00:02.71]            at FluentAssertions.Execution.DefaultAssertionStrategy.HandleFailure(String message)
[xUnit.net 00:00:02.71]            at FluentAssertions.Execution.AssertionScope.FailWith(Func`1 failReasonFunc)
[xUnit.net 00:00:02.71]            at FluentAssertions.Execution.AssertionScope.FailWith(Func`1 failReasonFunc)
[xUnit.net 00:00:02.71]            at FluentAssertions.Execution.AssertionScope.FailWith(String message, Object[] args)
[xUnit.net 00:00:02.71]            at FluentAssertions.Numeric.NumericAssertions`2.Be(T expected, String because, Object[] becauseArgs)
[xUnit.net 00:00:02.71]         /home/srowe/workspace/pediatric-therapy-resource/api/Tests/BDD/StepDefinitions/BaseStepDefinitions.cs(72,0): at TherapyDocs.Api.Tests.BDD.StepDefinitions.BaseStepDefinitions.ThenTheResponseStatusShouldBe(Int32 statusCode)
[xUnit.net 00:00:02.71]         /home/srowe/workspace/pediatric-therapy-resource/api/Tests/BDD/StepDefinitions/CommonStepDefinitions.cs(55,0): at TherapyDocs.Api.Tests.BDD.StepDefinitions.CommonStepDefinitions.ThenTheResponseStatusShouldBeStep(Int32 statusCode)
[xUnit.net 00:00:02.71]            at InvokeStub_Action`2.Invoke(Object, Span`1)
[xUnit.net 00:00:02.71]            at System.Reflection.MethodBaseInvoker.InvokeWithFewArgs(Object obj, BindingFlags invokeAttr, Binder binder, Object[] parameters, CultureInfo culture)
[xUnit.net 00:00:02.71]            at TechTalk.SpecFlow.Bindings.BindingInvoker.InvokeBinding(IBinding binding, IContextManager contextManager, Object[] arguments, ITestTracer testTracer, TimeSpan& duration)
[xUnit.net 00:00:02.71]            at TechTalk.SpecFlow.Infrastructure.TestExecutionEngine.ExecuteStepMatch(BindingMatch match, Object[] arguments, TimeSpan& duration)
[xUnit.net 00:00:02.71]            at TechTalk.SpecFlow.Infrastructure.TestExecutionEngine.ExecuteStep(IContextManager contextManager, StepInstance stepInstance)
[xUnit.net 00:00:02.71]            at TechTalk.SpecFlow.Infrastructure.TestExecutionEngine.OnAfterLastStep()
[xUnit.net 00:00:02.71]            at TechTalk.SpecFlow.TestRunner.CollectScenarioErrors()
[xUnit.net 00:00:02.71]            at TherapyDocs.Api.Tests.BDD.Features.Therapy.OutcomeMeasurementAPIEndpointsFR_032Feature.ScenarioCleanup()
[xUnit.net 00:00:02.71]         /home/srowe/workspace/pediatric-therapy-resource/api/Tests/BDD/Features/therapy/outcome-measurement.feature(37,0): at TherapyDocs.Api.Tests.BDD.Features.Therapy.OutcomeMeasurementAPIEndpointsFR_032Feature.AdministerFOTOAssessment()
[xUnit.net 00:00:02.71]            at System.RuntimeMethodHandle.InvokeMethod(Object target, Void** arguments, Signature sig, Boolean isConstructor)
[xUnit.net 00:00:02.71]            at System.Reflection.MethodBaseInvoker.InvokeWithNoArgs(Object obj, BindingFlags invokeAttr)
[xUnit.net 00:00:02.71]       Output:
[xUnit.net 00:00:02.71]         Given the API is available
[xUnit.net 00:00:02.71]         -> done: CommonStepDefinitions.GivenTheAPIIsAvailable() (0.5s)
[xUnit.net 00:00:02.71]         And I am authenticated as "therapist@clinic.com"
[xUnit.net 00:00:02.71]         -> done: CommonStepDefinitions.GivenIAmAuthenticatedAs("therapist@clinic.com") (0.0s)
[xUnit.net 00:00:02.71]         When I send a POST request to "/api/outcome-measures/foto/administer" with:
[xUnit.net 00:00:02.71]           --- table step argument ---
[xUnit.net 00:00:02.71]           | field       | value              |
[xUnit.net 00:00:02.71]           | patientId   | patient-123        |
[xUnit.net 00:00:02.71]           | bodyPart    | shoulder           |
[xUnit.net 00:00:02.71]           | visitType   | initial-evaluation |
[xUnit.net 00:00:02.71]           | diagnosis   | M75.30             |
[xUnit.net 00:00:02.71]           | surgeryDate | null               |
[xUnit.net 00:00:02.71]         -> done: CommonStepDefinitions.WhenISendAPOSTRequestToWithStep("/api/outcome-meas...", <table>) (0.3s)
[xUnit.net 00:00:02.71]         Then the response status should be 201
[xUnit.net 00:00:02.71]         -> error: Expected ((int)LastResponse!.StatusCode) to be 201, but found 404 (difference of 203). (0.2s)
[xUnit.net 00:00:02.71]         And the response should contain:
[xUnit.net 00:00:02.71]           --- table step argument ---
[xUnit.net 00:00:02.71]           | field        | type    |
[xUnit.net 00:00:02.71]           | assessmentId | string  |
[xUnit.net 00:00:02.71]           | questions    | array   |
[xUnit.net 00:00:02.71]           | adaptive     | boolean |
[xUnit.net 00:00:02.71]         -> skipped because of previous errors
[xUnit.net 00:00:02.71]       Expected ((int)LastResponse!.StatusCode) to be 200, but found 404 (difference of 204).
[xUnit.net 00:00:02.71]       Stack Trace:
[xUnit.net 00:00:02.71]            at FluentAssertions.Execution.XUnit2TestFramework.Throw(String message)
[xUnit.net 00:00:02.71]            at FluentAssertions.Execution.TestFrameworkProvider.Throw(String message)
[xUnit.net 00:00:02.71]            at FluentAssertions.Execution.DefaultAssertionStrategy.HandleFailure(String message)
[xUnit.net 00:00:02.71]            at FluentAssertions.Execution.AssertionScope.FailWith(Func`1 failReasonFunc)
[xUnit.net 00:00:02.71]            at FluentAssertions.Execution.AssertionScope.FailWith(Func`1 failReasonFunc)
[xUnit.net 00:00:02.71]            at FluentAssertions.Execution.AssertionScope.FailWith(String message, Object[] args)
[xUnit.net 00:00:02.71]            at FluentAssertions.Numeric.NumericAssertions`2.Be(T expected, String because, Object[] becauseArgs)
[xUnit.net 00:00:02.71]         /home/srowe/workspace/pediatric-therapy-resource/api/Tests/BDD/StepDefinitions/BaseStepDefinitions.cs(72,0): at TherapyDocs.Api.Tests.BDD.StepDefinitions.BaseStepDefinitions.ThenTheResponseStatusShouldBe(Int32 statusCode)
[xUnit.net 00:00:02.71]         /home/srowe/workspace/pediatric-therapy-resource/api/Tests/BDD/StepDefinitions/VideoStreamingSteps.cs(706,0): at TherapyDocs.Api.Tests.BDD.StepDefinitions.VideoStreamingSteps.ThenCDNShouldDeliverContentFromNearestEdgeLocations()
[xUnit.net 00:00:02.71]            at InvokeStub_Action`1.Invoke(Object, Span`1)
[xUnit.net 00:00:02.71]            at System.Reflection.MethodBaseInvoker.InvokeWithOneArg(Object obj, BindingFlags invokeAttr, Binder binder, Object[] parameters, CultureInfo culture)
[xUnit.net 00:00:02.71]            at TechTalk.SpecFlow.Bindings.BindingInvoker.InvokeBinding(IBinding binding, IContextManager contextManager, Object[] arguments, ITestTracer testTracer, TimeSpan& duration)
[xUnit.net 00:00:02.71]            at TechTalk.SpecFlow.Infrastructure.TestExecutionEngine.ExecuteStepMatch(BindingMatch match, Object[] arguments, TimeSpan& duration)
[xUnit.net 00:00:02.71]            at TechTalk.SpecFlow.Infrastructure.TestExecutionEngine.ExecuteStep(IContextManager contextManager, StepInstance stepInstance)
[xUnit.net 00:00:02.71]            at TechTalk.SpecFlow.Infrastructure.TestExecutionEngine.OnAfterLastStep()
[xUnit.net 00:00:02.71]            at TechTalk.SpecFlow.TestRunner.CollectScenarioErrors()
[xUnit.net 00:00:02.71]            at TherapyDocs.Api.Tests.BDD.Features.Performance.VideoStreamingPerformanceAndQualityTestingFeature.ScenarioCleanup()
[xUnit.net 00:00:02.71]         /home/srowe/workspace/pediatric-therapy-resource/api/Tests/BDD/Features/performance/video-streaming.feature(57,0): at TherapyDocs.Api.Tests.BDD.Features.Performance.VideoStreamingPerformanceAndQualityTestingFeature.TestVideoStreamingPerformanceAcrossGlobalRegions()
[xUnit.net 00:00:02.71]            at System.RuntimeMethodHandle.InvokeMethod(Object target, Void** arguments, Signature sig, Boolean isConstructor)
[xUnit.net 00:00:02.71]            at System.Reflection.MethodBaseInvoker.InvokeWithNoArgs(Object obj, BindingFlags invokeAttr)
[xUnit.net 00:00:02.71]       Output:
[xUnit.net 00:00:02.71]         Given video streaming infrastructure is configured
[xUnit.net 00:00:02.71]         -> done: VideoStreamingSteps.GivenVideoStreamingInfrastructureIsConfigured() (0.5s)
[xUnit.net 00:00:02.71]         And CDN distribution is optimized
[xUnit.net 00:00:02.71]         -> done: VideoStreamingSteps.GivenCDNDistributionIsOptimized() (0.0s)
[xUnit.net 00:00:02.71]         And adaptive bitrate streaming is enabled
[xUnit.net 00:00:02.71]         -> done: VideoStreamingSteps.GivenAdaptiveBitrateStreamingIsEnabled() (0.0s)
[xUnit.net 00:00:02.71]         And video quality metrics are monitored
[xUnit.net 00:00:02.71]         -> done: VideoStreamingSteps.GivenVideoQualityMetricsAreMonitored() (0.0s)
[xUnit.net 00:00:02.71]         Given CDN is deployed globally for video delivery
[xUnit.net 00:00:02.71]         -> done: VideoStreamingSteps.GivenCDNIsDeployedGloballyForVideoDelivery() (0.0s)
[xUnit.net 00:00:02.71]         When video streaming is tested from multiple geographic locations:
[xUnit.net 00:00:02.71]           --- table step argument ---
[xUnit.net 00:00:02.71]           | Geographic Region  | Expected Latency | CDN Edge Distance | Target Quality | Local Cache Hit |
[xUnit.net 00:00:02.71]           | North America East | <50ms            | <500 miles        | 1080p          | >95%            |
[xUnit.net 00:00:02.71]           | North America West | <75ms            | <800 miles        | 1080p          | >90%            |
[xUnit.net 00:00:02.71]           | Europe             | <100ms           | <1000 miles       | 1080p          | >85%            |
[xUnit.net 00:00:02.71]           | Asia Pacific       | <150ms           | <2000 miles       | 720p           | >80%            |
[xUnit.net 00:00:02.71]           | South America      | <200ms           | <2500 miles       | 720p           | >75%            |
[xUnit.net 00:00:02.71]           | Remote locations   | <300ms           | >3000 miles       | 480p           | >60%            |
[xUnit.net 00:00:02.71]         -> done: VideoStreamingSteps.WhenVideoStreamingIsTestedFromMultipleGeographicLocations(<table>) (0.3s)
[xUnit.net 00:00:02.71]         Then CDN should deliver content from nearest edge locations
[xUnit.net 00:00:02.71]         -> error: Expected ((int)LastResponse!.StatusCode) to be 200, but found 404 (difference of 204). (0.2s)
[xUnit.net 00:00:02.71]         And cache hit rates should be optimized for each region
[xUnit.net 00:00:02.71]         -> skipped because of previous errors
[xUnit.net 00:00:02.71]         And video quality should be appropriate for regional infrastructure
[xUnit.net 00:00:02.71]         -> skipped because of previous errors
[xUnit.net 00:00:02.71]         And latency should meet regional performance targets
[xUnit.net 00:00:02.71]         -> skipped because of previous errors
[xUnit.net 00:00:02.71]       Expected ((int)LastResponse!.StatusCode) to be 200, but found 404 (difference of 204).
[xUnit.net 00:00:02.71]       Stack Trace:
[xUnit.net 00:00:02.71]            at FluentAssertions.Execution.XUnit2TestFramework.Throw(String message)
[xUnit.net 00:00:02.71]            at FluentAssertions.Execution.TestFrameworkProvider.Throw(String message)
[xUnit.net 00:00:02.71]            at FluentAssertions.Execution.DefaultAssertionStrategy.HandleFailure(String message)
[xUnit.net 00:00:02.71]            at FluentAssertions.Execution.AssertionScope.FailWith(Func`1 failReasonFunc)
[xUnit.net 00:00:02.71]            at FluentAssertions.Execution.AssertionScope.FailWith(Func`1 failReasonFunc)
[xUnit.net 00:00:02.71]            at FluentAssertions.Execution.AssertionScope.FailWith(String message, Object[] args)
[xUnit.net 00:00:02.71]            at FluentAssertions.Numeric.NumericAssertions`2.Be(T expected, String because, Object[] becauseArgs)
[xUnit.net 00:00:02.71]         /home/srowe/workspace/pediatric-therapy-resource/api/Tests/BDD/StepDefinitions/BaseStepDefinitions.cs(72,0): at TherapyDocs.Api.Tests.BDD.StepDefinitions.BaseStepDefinitions.ThenTheResponseStatusShouldBe(Int32 statusCode)
[xUnit.net 00:00:02.71]         /home/srowe/workspace/pediatric-therapy-resource/api/Tests/BDD/StepDefinitions/EHRIntegrationSteps.cs(431,0): at TherapyDocs.Api.Tests.BDD.StepDefinitions.EHRIntegrationSteps.ThenAllIntegrationStepsShouldCompleteSuccessfully()
[xUnit.net 00:00:02.71]            at InvokeStub_Action`1.Invoke(Object, Span`1)
[xUnit.net 00:00:02.71]            at System.Reflection.MethodBaseInvoker.InvokeWithOneArg(Object obj, BindingFlags invokeAttr, Binder binder, Object[] parameters, CultureInfo culture)
[xUnit.net 00:00:02.71]            at TechTalk.SpecFlow.Bindings.BindingInvoker.InvokeBinding(IBinding binding, IContextManager contextManager, Object[] arguments, ITestTracer testTracer, TimeSpan& duration)
[xUnit.net 00:00:02.71]            at TechTalk.SpecFlow.Infrastructure.TestExecutionEngine.ExecuteStepMatch(BindingMatch match, Object[] arguments, TimeSpan& duration)
[xUnit.net 00:00:02.71]            at TechTalk.SpecFlow.Infrastructure.TestExecutionEngine.ExecuteStep(IContextManager contextManager, StepInstance stepInstance)
[xUnit.net 00:00:02.71]            at TechTalk.SpecFlow.Infrastructure.TestExecutionEngine.OnAfterLastStep()
[xUnit.net 00:00:02.71]            at TechTalk.SpecFlow.TestRunner.CollectScenarioErrors()
[xUnit.net 00:00:02.71]            at TherapyDocs.Api.Tests.BDD.Features.Integrations.ComprehensiveEHRIntegrationTestingFeature.ScenarioCleanup()
[xUnit.net 00:00:02.72]         /home/srowe/workspace/pediatric-therapy-resource/api/Tests/BDD/Features/integrations/ehr-comprehensive.feature(29,0): at TherapyDocs.Api.Tests.BDD.Features.Integrations.ComprehensiveEHRIntegrationTestingFeature.CompleteSimplePracticeIntegrationWorkflow()
[xUnit.net 00:00:02.72]            at System.RuntimeMethodHandle.InvokeMethod(Object target, Void** arguments, Signature sig, Boolean isConstructor)
[xUnit.net 00:00:02.73]            at System.Reflection.MethodBaseInvoker.InvokeWithNoArgs(Object obj, BindingFlags invokeAttr)
[xUnit.net 00:00:02.73]       Output:
[xUnit.net 00:00:02.73]         Given EHR integration is configured and active
[xUnit.net 00:00:02.73]         -> done: EHRIntegrationSteps.GivenEHRIntegrationIsConfiguredAndActive() (0.5s)
[xUnit.net 00:00:02.73]         And supported EHR systems include SimplePractice, WebPT, and TheraNest
[xUnit.net 00:00:02.73]         -> done: EHRIntegrationSteps.GivenSupportedEHRSystemsIncludeSimplePracticeWebPTAndTheraNest() (0.0s)
[xUnit.net 00:00:02.73]         And OAuth 2.0 authentication is implemented for secure connections
[xUnit.net 00:00:02.73]         -> done: EHRIntegrationSteps.GivenOAuth20AuthenticationIsImplementedForSecureConnections() (0.0s)
[xUnit.net 00:00:02.73]         And bi-directional data sync is enabled
[xUnit.net 00:00:02.73]         -> done: EHRIntegrationSteps.GivenBiDirectionalDataSyncIsEnabled() (0.0s)
[xUnit.net 00:00:02.73]         Given I am connected to SimplePractice EHR system
[xUnit.net 00:00:02.73]         -> done: EHRIntegrationSteps.GivenIAmConnectedToSimplePracticeEHRSystem() (0.0s)
[xUnit.net 00:00:02.73]         And my SimplePractice credentials are validated
[xUnit.net 00:00:02.73]         -> done: EHRIntegrationSteps.GivenMySimplePracticeCredentialsAreValidated() (0.0s)
[xUnit.net 00:00:02.73]         When I perform complete EHR integration workflow:
[xUnit.net 00:00:02.73]           --- table step argument ---
[xUnit.net 00:00:02.73]           | Integration Step        | Expected Action           | Data Synchronized     | Response Time Target |
[xUnit.net 00:00:02.73]           | Initial authentication  | OAuth 2.0 flow completion | User profile data     | <10 seconds          |
[xUnit.net 00:00:02.73]           | Patient roster sync     | Import active patients    | Patient demographics  | <30 seconds          |
[xUnit.net 00:00:02.73]           | Appointment retrieval   | Sync scheduled sessions   | Session schedule      | <15 seconds          |
[xUnit.net 00:00:02.73]           | Session documentation   | Create therapy notes      | Session details       | <5 seconds           |
[xUnit.net 00:00:02.73]           | Progress data upload    | Sync assessment results   | Progress measurements | <10 seconds          |
[xUnit.net 00:00:02.73]           | Billing code assignment | Attach CPT codes          | Treatment codes       | <3 seconds           |
[xUnit.net 00:00:02.73]           | Insurance verification  | Check coverage status     | Insurance details     | <20 seconds          |
[xUnit.net 00:00:02.73]         -> done: EHRIntegrationSteps.WhenIPerformCompleteEHRIntegrationWorkflow(<table>) (0.3s)
[xUnit.net 00:00:02.73]         Then all integration steps should complete successfully
[xUnit.net 00:00:02.73]         -> error: Expected ((int)LastResponse!.StatusCode) to be 200, but found 404 (difference of 204). (0.2s)
[xUnit.net 00:00:02.73]         And data should be synchronized bidirectionally
[xUnit.net 00:00:02.73]         -> skipped because of previous errors
[xUnit.net 00:00:02.73]         And session documentation should appear in SimplePractice
[xUnit.net 00:00:02.73]         -> skipped because of previous errors
[xUnit.net 00:00:02.73]         And therapy progress should be accessible from EHR dashboard
[xUnit.net 00:00:02.73]         -> skipped because of previous errors
[xUnit.net 00:00:02.73]     Optimize connection pooling for maximum efficiency [SKIP]
[xUnit.net 00:00:02.73]       No matching step definition found for one or more steps.\nusing System;\r\nusing TechTalk.SpecFlow;\r\n\r\nnamespace MyNamespace\r\n{\r\n    [Binding]\r\n    public class StepDefinitions\r\n    {\r\n        private readonly ScenarioContext _scenarioContext;\r\n\r\n        public StepDefinitions(ScenarioContext scenarioContext)\r\n        {\r\n            _scenarioContext = scenarioContext;\r\n        }\r\n        [Given(@"concurrent session infrastructure is deployed")]\r\n        public void GivenConcurrentSessionInfrastructureIsDeployed()\r\n        {\r\n            _scenarioContext.Pending();\r\n        }\r\n        \n        [Given(@"real-time communication systems are configured")]\r\n        public void GivenReal_TimeCommunicationSystemsAreConfigured()\r\n        {\r\n            _scenarioContext.Pending();\r\n        }\r\n        \n        [Given(@"session state management is distributed")]\r\n        public void GivenSessionStateManagementIsDistributed()\r\n        {\r\n            _scenarioContext.Pending();\r\n        }\r\n        \n        [Given(@"connection pooling is optimized")]\r\n        public void GivenConnectionPoolingIsOptimized()\r\n        {\r\n            _scenarioContext.Pending();\r\n        }\r\n        \n        [Given(@"monitoring systems track active sessions")]\r\n        public void GivenMonitoringSystemsTrackActiveSessions()\r\n        {\r\n            _scenarioContext.Pending();\r\n        }\r\n        \n        [Given(@"connections are expensive resources")]\r\n        public void GivenConnectionsAreExpensiveResources()\r\n        {\r\n            _scenarioContext.Pending();\r\n        }\r\n        \n        [Given(@"pooling must be optimized for scale")]\r\n        public void GivenPoolingMustBeOptimizedForScale()\r\n        {\r\n            _scenarioContext.Pending();\r\n        }\r\n        \n        [When(@"implementing connection pooling:")]\r\n        public void WhenImplementingConnectionPooling(Table table)\r\n        {\r\n            _scenarioContext.Pending();\r\n        }\r\n        \n        [Then(@"connection pools should be efficient")]\r\n        public void ThenConnectionPoolsShouldBeEfficient()\r\n        {\r\n            _scenarioContext.Pending();\r\n        }\r\n        \n        [Then(@"resources should be reused")]\r\n        public void ThenResourcesShouldBeReused()\r\n        {\r\n            _scenarioContext.Pending();\r\n        }\r\n        \n        [Then(@"timeouts should be appropriate")]\r\n        public void ThenTimeoutsShouldBeAppropriate()\r\n        {\r\n            _scenarioContext.Pending();\r\n        }\r\n        \n        [Then(@"scaling should be automatic")]\r\n        public void ThenScalingShouldBeAutomatic()\r\n        {\r\n            _scenarioContext.Pending();\r\n        }\r\n    }\r\n}\r\n
[xUnit.net 00:00:02.73]       Expected ((int)LastResponse!.StatusCode) to be 200, but found 404 (difference of 204).
[xUnit.net 00:00:02.73]       Stack Trace:
[xUnit.net 00:00:02.73]            at FluentAssertions.Execution.XUnit2TestFramework.Throw(String message)
[xUnit.net 00:00:02.73]            at FluentAssertions.Execution.TestFrameworkProvider.Throw(String message)
[xUnit.net 00:00:02.73]            at FluentAssertions.Execution.DefaultAssertionStrategy.HandleFailure(String message)
[xUnit.net 00:00:02.73]            at FluentAssertions.Execution.AssertionScope.FailWith(Func`1 failReasonFunc)
[xUnit.net 00:00:02.73]            at FluentAssertions.Execution.AssertionScope.FailWith(Func`1 failReasonFunc)
[xUnit.net 00:00:02.73]            at FluentAssertions.Execution.AssertionScope.FailWith(String message, Object[] args)
[xUnit.net 00:00:02.73]            at FluentAssertions.Numeric.NumericAssertions`2.Be(T expected, String because, Object[] becauseArgs)
[xUnit.net 00:00:02.73]         /home/srowe/workspace/pediatric-therapy-resource/api/Tests/BDD/StepDefinitions/BaseStepDefinitions.cs(72,0): at TherapyDocs.Api.Tests.BDD.StepDefinitions.BaseStepDefinitions.ThenTheResponseStatusShouldBe(Int32 statusCode)
[xUnit.net 00:00:02.73]         /home/srowe/workspace/pediatric-therapy-resource/api/Tests/BDD/StepDefinitions/CommonStepDefinitions.cs(55,0): at TherapyDocs.Api.Tests.BDD.StepDefinitions.CommonStepDefinitions.ThenTheResponseStatusShouldBeStep(Int32 statusCode)
[xUnit.net 00:00:02.73]            at InvokeStub_Action`2.Invoke(Object, Span`1)
[xUnit.net 00:00:02.73]            at System.Reflection.MethodBaseInvoker.InvokeWithFewArgs(Object obj, BindingFlags invokeAttr, Binder binder, Object[] parameters, CultureInfo culture)
[xUnit.net 00:00:02.73]            at TechTalk.SpecFlow.Bindings.BindingInvoker.InvokeBinding(IBinding binding, IContextManager contextManager, Object[] arguments, ITestTracer testTracer, TimeSpan& duration)
[xUnit.net 00:00:02.73]            at TechTalk.SpecFlow.Infrastructure.TestExecutionEngine.ExecuteStepMatch(BindingMatch match, Object[] arguments, TimeSpan& duration)
[xUnit.net 00:00:02.73]            at TechTalk.SpecFlow.Infrastructure.TestExecutionEngine.ExecuteStep(IContextManager contextManager, StepInstance stepInstance)
[xUnit.net 00:00:02.73]            at TechTalk.SpecFlow.Infrastructure.TestExecutionEngine.OnAfterLastStep()
[xUnit.net 00:00:02.73]            at TechTalk.SpecFlow.TestRunner.CollectScenarioErrors()
[xUnit.net 00:00:02.73]            at TherapyDocs.Api.Tests.BDD.Features.Therapy.VirtualToolsAPIEndpointsFR_024Feature.ScenarioCleanup()
[xUnit.net 00:00:02.73]         /home/srowe/workspace/pediatric-therapy-resource/api/Tests/BDD/Features/therapy/virtual-tools.feature(99,0): at TherapyDocs.Api.Tests.BDD.Features.Therapy.VirtualToolsAPIEndpointsFR_024Feature.AccessMovement_BasedVirtualGames()
[xUnit.net 00:00:02.73]            at System.RuntimeMethodHandle.InvokeMethod(Object target, Void** arguments, Signature sig, Boolean isConstructor)
[xUnit.net 00:00:02.73]            at System.Reflection.MethodBaseInvoker.InvokeWithNoArgs(Object obj, BindingFlags invokeAttr)
[xUnit.net 00:00:02.73]       Output:
[xUnit.net 00:00:02.73]         Given the API is available
[xUnit.net 00:00:02.73]         -> done: CommonStepDefinitions.GivenTheAPIIsAvailable() (0.5s)
[xUnit.net 00:00:02.73]         And I am authenticated as "therapist@clinic.com"
[13:32:17 INF] Starting TherapyDocs API
[xUnit.net 00:00:02.73]         -> done: CommonStepDefinitions.GivenIAmAuthenticatedAs("therapist@clinic.com") (0.0s)
[xUnit.net 00:00:02.73]         When I send a GET request to "/api/virtual/games/movement?age=5-7"
[xUnit.net 00:00:02.73]         -> done: CommonStepDefinitions.WhenISendAGETRequestToStep("/api/virtual/game...") (0.3s)
[xUnit.net 00:00:02.73]         Then the response status should be 200
[xUnit.net 00:00:02.73]         -> error: Expected ((int)LastResponse!.StatusCode) to be 200, but found 404 (difference of 204). (0.2s)
[xUnit.net 00:00:02.73]         And games should include:
[xUnit.net 00:00:02.73]           --- table step argument ---
[xUnit.net 00:00:02.73]           | game           | type                  |
[xUnit.net 00:00:02.73]           | Simon Says     | Follow directions     |
[xUnit.net 00:00:02.73]           | Freeze Dance   | Music and movement    |
[xUnit.net 00:00:02.73]           | Animal Walks   | Gross motor imitation |
[xUnit.net 00:00:02.73]           | Yoga Adventure | Guided positions      |
[xUnit.net 00:00:02.73]         -> No matching step definition found for the step. Use the following code to create one:
[xUnit.net 00:00:02.73]                 [Then(@"games should include:")]
[xUnit.net 00:00:02.73]                 public void ThenGamesShouldInclude(Table table)
[xUnit.net 00:00:02.73]                 {
[xUnit.net 00:00:02.73]                     _scenarioContext.Pending();
[xUnit.net 00:00:02.73]                 }
[xUnit.net 00:00:02.73]         
  Failed Administer FOTO assessment [2 s]
  Error Message:
   Expected ((int)LastResponse!.StatusCode) to be 201, but found 404 (difference of 203).
  Stack Trace:
     at FluentAssertions.Execution.XUnit2TestFramework.Throw(String message)
   at FluentAssertions.Execution.TestFrameworkProvider.Throw(String message)
   at FluentAssertions.Execution.DefaultAssertionStrategy.HandleFailure(String message)
   at FluentAssertions.Execution.AssertionScope.FailWith(Func`1 failReasonFunc)
   at FluentAssertions.Execution.AssertionScope.FailWith(Func`1 failReasonFunc)
   at FluentAssertions.Execution.AssertionScope.FailWith(String message, Object[] args)
   at FluentAssertions.Numeric.NumericAssertions`2.Be(T expected, String because, Object[] becauseArgs)
   at TherapyDocs.Api.Tests.BDD.StepDefinitions.BaseStepDefinitions.ThenTheResponseStatusShouldBe(Int32 statusCode) in /home/srowe/workspace/pediatric-therapy-resource/api/Tests/BDD/StepDefinitions/BaseStepDefinitions.cs:line 72
   at TherapyDocs.Api.Tests.BDD.StepDefinitions.CommonStepDefinitions.ThenTheResponseStatusShouldBeStep(Int32 statusCode) in /home/srowe/workspace/pediatric-therapy-resource/api/Tests/BDD/StepDefinitions/CommonStepDefinitions.cs:line 55
   at InvokeStub_Action`2.Invoke(Object, Span`1)
   at System.Reflection.MethodBaseInvoker.InvokeWithFewArgs(Object obj, BindingFlags invokeAttr, Binder binder, Object[] parameters, CultureInfo culture)
   at TechTalk.SpecFlow.Bindings.BindingInvoker.InvokeBinding(IBinding binding, IContextManager contextManager, Object[] arguments, ITestTracer testTracer, TimeSpan& duration)
   at TechTalk.SpecFlow.Infrastructure.TestExecutionEngine.ExecuteStepMatch(BindingMatch match, Object[] arguments, TimeSpan& duration)
   at TechTalk.SpecFlow.Infrastructure.TestExecutionEngine.ExecuteStep(IContextManager contextManager, StepInstance stepInstance)
   at TechTalk.SpecFlow.Infrastructure.TestExecutionEngine.OnAfterLastStep()
   at TechTalk.SpecFlow.TestRunner.CollectScenarioErrors()
   at TherapyDocs.Api.Tests.BDD.Features.Therapy.OutcomeMeasurementAPIEndpointsFR_032Feature.ScenarioCleanup()
   at TherapyDocs.Api.Tests.BDD.Features.Therapy.OutcomeMeasurementAPIEndpointsFR_032Feature.AdministerFOTOAssessment() in /home/srowe/workspace/pediatric-therapy-resource/api/Tests/BDD/Features/therapy/outcome-measurement.feature:line 37
   at System.RuntimeMethodHandle.InvokeMethod(Object target, Void** arguments, Signature sig, Boolean isConstructor)
   at System.Reflection.MethodBaseInvoker.InvokeWithNoArgs(Object obj, BindingFlags invokeAttr)
  Standard Output Messages:
 Given the API is available
 -> done: CommonStepDefinitions.GivenTheAPIIsAvailable() (0.5s)
 And I am authenticated as "therapist@clinic.com"
 -> done: CommonStepDefinitions.GivenIAmAuthenticatedAs("therapist@clinic.com") (0.0s)
 When I send a POST request to "/api/outcome-measures/foto/administer" with:
   --- table step argument ---
   | field       | value              |
   | patientId   | patient-123        |
   | bodyPart    | shoulder           |
   | visitType   | initial-evaluation |
   | diagnosis   | M75.30             |
   | surgeryDate | null               |
 -> done: CommonStepDefinitions.WhenISendAPOSTRequestToWithStep("/api/outcome-meas...", <table>) (0.3s)
 Then the response status should be 201
 -> error: Expected ((int)LastResponse!.StatusCode) to be 201, but found 404 (difference of 203). (0.2s)
 And the response should contain:
   --- table step argument ---
   | field        | type    |
   | assessmentId | string  |
   | questions    | array   |
   | adaptive     | boolean |
 -> skipped because of previous errors


  Failed Test video streaming performance across global regions [2 s]
  Error Message:
   Expected ((int)LastResponse!.StatusCode) to be 200, but found 404 (difference of 204).
  Stack Trace:
     at FluentAssertions.Execution.XUnit2TestFramework.Throw(String message)
   at FluentAssertions.Execution.TestFrameworkProvider.Throw(String message)
   at FluentAssertions.Execution.DefaultAssertionStrategy.HandleFailure(String message)
   at FluentAssertions.Execution.AssertionScope.FailWith(Func`1 failReasonFunc)
   at FluentAssertions.Execution.AssertionScope.FailWith(Func`1 failReasonFunc)
   at FluentAssertions.Execution.AssertionScope.FailWith(String message, Object[] args)
   at FluentAssertions.Numeric.NumericAssertions`2.Be(T expected, String because, Object[] becauseArgs)
   at TherapyDocs.Api.Tests.BDD.StepDefinitions.BaseStepDefinitions.ThenTheResponseStatusShouldBe(Int32 statusCode) in /home/srowe/workspace/pediatric-therapy-resource/api/Tests/BDD/StepDefinitions/BaseStepDefinitions.cs:line 72
   at TherapyDocs.Api.Tests.BDD.StepDefinitions.VideoStreamingSteps.ThenCDNShouldDeliverContentFromNearestEdgeLocations() in /home/srowe/workspace/pediatric-therapy-resource/api/Tests/BDD/StepDefinitions/VideoStreamingSteps.cs:line 706
   at InvokeStub_Action`1.Invoke(Object, Span`1)
   at System.Reflection.MethodBaseInvoker.InvokeWithOneArg(Object obj, BindingFlags invokeAttr, Binder binder, Object[] parameters, CultureInfo culture)
   at TechTalk.SpecFlow.Bindings.BindingInvoker.InvokeBinding(IBinding binding, IContextManager contextManager, Object[] arguments, ITestTracer testTracer, TimeSpan& duration)
   at TechTalk.SpecFlow.Infrastructure.TestExecutionEngine.ExecuteStepMatch(BindingMatch match, Object[] arguments, TimeSpan& duration)
   at TechTalk.SpecFlow.Infrastructure.TestExecutionEngine.ExecuteStep(IContextManager contextManager, StepInstance stepInstance)
   at TechTalk.SpecFlow.Infrastructure.TestExecutionEngine.OnAfterLastStep()
   at TechTalk.SpecFlow.TestRunner.CollectScenarioErrors()
   at TherapyDocs.Api.Tests.BDD.Features.Performance.VideoStreamingPerformanceAndQualityTestingFeature.ScenarioCleanup()
   at TherapyDocs.Api.Tests.BDD.Features.Performance.VideoStreamingPerformanceAndQualityTestingFeature.TestVideoStreamingPerformanceAcrossGlobalRegions() in /home/srowe/workspace/pediatric-therapy-resource/api/Tests/BDD/Features/performance/video-streaming.feature:line 57
   at System.RuntimeMethodHandle.InvokeMethod(Object target, Void** arguments, Signature sig, Boolean isConstructor)
   at System.Reflection.MethodBaseInvoker.InvokeWithNoArgs(Object obj, BindingFlags invokeAttr)
  Standard Output Messages:
 Given video streaming infrastructure is configured
 -> done: VideoStreamingSteps.GivenVideoStreamingInfrastructureIsConfigured() (0.5s)
 And CDN distribution is optimized
 -> done: VideoStreamingSteps.GivenCDNDistributionIsOptimized() (0.0s)
 And adaptive bitrate streaming is enabled
 -> done: VideoStreamingSteps.GivenAdaptiveBitrateStreamingIsEnabled() (0.0s)
 And video quality metrics are monitored
 -> done: VideoStreamingSteps.GivenVideoQualityMetricsAreMonitored() (0.0s)
 Given CDN is deployed globally for video delivery
 -> done: VideoStreamingSteps.GivenCDNIsDeployedGloballyForVideoDelivery() (0.0s)
 When video streaming is tested from multiple geographic locations:
   --- table step argument ---
   | Geographic Region  | Expected Latency | CDN Edge Distance | Target Quality | Local Cache Hit |
   | North America East | <50ms            | <500 miles        | 1080p          | >95%            |
   | North America West | <75ms            | <800 miles        | 1080p          | >90%            |
   | Europe             | <100ms           | <1000 miles       | 1080p          | >85%            |
   | Asia Pacific       | <150ms           | <2000 miles       | 720p           | >80%            |
   | South America      | <200ms           | <2500 miles       | 720p           | >75%            |
   | Remote locations   | <300ms           | >3000 miles       | 480p           | >60%            |
 -> done: VideoStreamingSteps.WhenVideoStreamingIsTestedFromMultipleGeographicLocations(<table>) (0.3s)
 Then CDN should deliver content from nearest edge locations
 -> error: Expected ((int)LastResponse!.StatusCode) to be 200, but found 404 (difference of 204). (0.2s)
 And cache hit rates should be optimized for each region
 -> skipped because of previous errors
 And video quality should be appropriate for regional infrastructure
 -> skipped because of previous errors
 And latency should meet regional performance targets
 -> skipped because of previous errors


  Failed Complete SimplePractice integration workflow [2 s]
  Error Message:
   Expected ((int)LastResponse!.StatusCode) to be 200, but found 404 (difference of 204).
  Stack Trace:
     at FluentAssertions.Execution.XUnit2TestFramework.Throw(String message)
   at FluentAssertions.Execution.TestFrameworkProvider.Throw(String message)
   at FluentAssertions.Execution.DefaultAssertionStrategy.HandleFailure(String message)
   at FluentAssertions.Execution.AssertionScope.FailWith(Func`1 failReasonFunc)
   at FluentAssertions.Execution.AssertionScope.FailWith(Func`1 failReasonFunc)
   at FluentAssertions.Execution.AssertionScope.FailWith(String message, Object[] args)
   at FluentAssertions.Numeric.NumericAssertions`2.Be(T expected, String because, Object[] becauseArgs)
   at TherapyDocs.Api.Tests.BDD.StepDefinitions.BaseStepDefinitions.ThenTheResponseStatusShouldBe(Int32 statusCode) in /home/srowe/workspace/pediatric-therapy-resource/api/Tests/BDD/StepDefinitions/BaseStepDefinitions.cs:line 72
   at TherapyDocs.Api.Tests.BDD.StepDefinitions.EHRIntegrationSteps.ThenAllIntegrationStepsShouldCompleteSuccessfully() in /home/srowe/workspace/pediatric-therapy-resource/api/Tests/BDD/StepDefinitions/EHRIntegrationSteps.cs:line 431
   at InvokeStub_Action`1.Invoke(Object, Span`1)
   at System.Reflection.MethodBaseInvoker.InvokeWithOneArg(Object obj, BindingFlags invokeAttr, Binder binder, Object[] parameters, CultureInfo culture)
   at TechTalk.SpecFlow.Bindings.BindingInvoker.InvokeBinding(IBinding binding, IContextManager contextManager, Object[] arguments, ITestTracer testTracer, TimeSpan& duration)
   at TechTalk.SpecFlow.Infrastructure.TestExecutionEngine.ExecuteStepMatch(BindingMatch match, Object[] arguments, TimeSpan& duration)
   at TechTalk.SpecFlow.Infrastructure.TestExecutionEngine.ExecuteStep(IContextManager contextManager, StepInstance stepInstance)
   at TechTalk.SpecFlow.Infrastructure.TestExecutionEngine.OnAfterLastStep()
   at TechTalk.SpecFlow.TestRunner.CollectScenarioErrors()
   at TherapyDocs.Api.Tests.BDD.Features.Integrations.ComprehensiveEHRIntegrationTestingFeature.ScenarioCleanup()
   at TherapyDocs.Api.Tests.BDD.Features.Integrations.ComprehensiveEHRIntegrationTestingFeature.CompleteSimplePracticeIntegrationWorkflow() in /home/srowe/workspace/pediatric-therapy-resource/api/Tests/BDD/Features/integrations/ehr-comprehensive.feature:line 29
   at System.RuntimeMethodHandle.InvokeMethod(Object target, Void** arguments, Signature sig, Boolean isConstructor)
   at System.Reflection.MethodBaseInvoker.InvokeWithNoArgs(Object obj, BindingFlags invokeAttr)
  Standard Output Messages:
 Given EHR integration is configured and active
 -> done: EHRIntegrationSteps.GivenEHRIntegrationIsConfiguredAndActive() (0.5s)
 And supported EHR systems include SimplePractice, WebPT, and TheraNest
 -> done: EHRIntegrationSteps.GivenSupportedEHRSystemsIncludeSimplePracticeWebPTAndTheraNest() (0.0s)
 And OAuth 2.0 authentication is implemented for secure connections
 -> done: EHRIntegrationSteps.GivenOAuth20AuthenticationIsImplementedForSecureConnections() (0.0s)
 And bi-directional data sync is enabled
 -> done: EHRIntegrationSteps.GivenBiDirectionalDataSyncIsEnabled() (0.0s)
 Given I am connected to SimplePractice EHR system
 -> done: EHRIntegrationSteps.GivenIAmConnectedToSimplePracticeEHRSystem() (0.0s)
 And my SimplePractice credentials are validated
 -> done: EHRIntegrationSteps.GivenMySimplePracticeCredentialsAreValidated() (0.0s)
 When I perform complete EHR integration workflow:
   --- table step argument ---
   | Integration Step        | Expected Action           | Data Synchronized     | Response Time Target |
   | Initial authentication  | OAuth 2.0 flow completion | User profile data     | <10 seconds          |
   | Patient roster sync     | Import active patients    | Patient demographics  | <30 seconds          |
   | Appointment retrieval   | Sync scheduled sessions   | Session schedule      | <15 seconds          |
   | Session documentation   | Create therapy notes      | Session details       | <5 seconds           |
   | Progress data upload    | Sync assessment results   | Progress measurements | <10 seconds          |
   | Billing code assignment | Attach CPT codes          | Treatment codes       | <3 seconds           |
   | Insurance verification  | Check coverage status     | Insurance details     | <20 seconds          |
 -> done: EHRIntegrationSteps.WhenIPerformCompleteEHRIntegrationWorkflow(<table>) (0.3s)
 Then all integration steps should complete successfully
 -> error: Expected ((int)LastResponse!.StatusCode) to be 200, but found 404 (difference of 204). (0.2s)
 And data should be synchronized bidirectionally
 -> skipped because of previous errors
 And session documentation should appear in SimplePractice
 -> skipped because of previous errors
 And therapy progress should be accessible from EHR dashboard
 -> skipped because of previous errors


  Skipped Optimize connection pooling for maximum efficiency [1 ms]
  Failed Access movement-based virtual games [2 s]
  Error Message:
   Expected ((int)LastResponse!.StatusCode) to be 200, but found 404 (difference of 204).
  Stack Trace:
     at FluentAssertions.Execution.XUnit2TestFramework.Throw(String message)
   at FluentAssertions.Execution.TestFrameworkProvider.Throw(String message)
   at FluentAssertions.Execution.DefaultAssertionStrategy.HandleFailure(String message)
   at FluentAssertions.Execution.AssertionScope.FailWith(Func`1 failReasonFunc)
   at FluentAssertions.Execution.AssertionScope.FailWith(Func`1 failReasonFunc)
   at FluentAssertions.Execution.AssertionScope.FailWith(String message, Object[] args)
   at FluentAssertions.Numeric.NumericAssertions`2.Be(T expected, String because, Object[] becauseArgs)
   at TherapyDocs.Api.Tests.BDD.StepDefinitions.BaseStepDefinitions.ThenTheResponseStatusShouldBe(Int32 statusCode) in /home/srowe/workspace/pediatric-therapy-resource/api/Tests/BDD/StepDefinitions/BaseStepDefinitions.cs:line 72
   at TherapyDocs.Api.Tests.BDD.StepDefinitions.CommonStepDefinitions.ThenTheResponseStatusShouldBeStep(Int32 statusCode) in /home/srowe/workspace/pediatric-therapy-resource/api/Tests/BDD/StepDefinitions/CommonStepDefinitions.cs:line 55
   at InvokeStub_Action`2.Invoke(Object, Span`1)
   at System.Reflection.MethodBaseInvoker.InvokeWithFewArgs(Object obj, BindingFlags invokeAttr, Binder binder, Object[] parameters, CultureInfo culture)
   at TechTalk.SpecFlow.Bindings.BindingInvoker.InvokeBinding(IBinding binding, IContextManager contextManager, Object[] arguments, ITestTracer testTracer, TimeSpan& duration)
   at TechTalk.SpecFlow.Infrastructure.TestExecutionEngine.ExecuteStepMatch(BindingMatch match, Object[] arguments, TimeSpan& duration)
   at TechTalk.SpecFlow.Infrastructure.TestExecutionEngine.ExecuteStep(IContextManager contextManager, StepInstance stepInstance)
   at TechTalk.SpecFlow.Infrastructure.TestExecutionEngine.OnAfterLastStep()
   at TechTalk.SpecFlow.TestRunner.CollectScenarioErrors()
   at TherapyDocs.Api.Tests.BDD.Features.Therapy.VirtualToolsAPIEndpointsFR_024Feature.ScenarioCleanup()
   at TherapyDocs.Api.Tests.BDD.Features.Therapy.VirtualToolsAPIEndpointsFR_024Feature.AccessMovement_BasedVirtualGames() in /home/srowe/workspace/pediatric-therapy-resource/api/Tests/BDD/Features/therapy/virtual-tools.feature:line 99
   at System.RuntimeMethodHandle.InvokeMethod(Object target, Void** arguments, Signature sig, Boolean isConstructor)
   at System.Reflection.MethodBaseInvoker.InvokeWithNoArgs(Object obj, BindingFlags invokeAttr)
  Standard Output Messages:
 Given the API is available
 -> done: CommonStepDefinitions.GivenTheAPIIsAvailable() (0.5s)
 And I am authenticated as "therapist@clinic.com"
 -> done: CommonStepDefinitions.GivenIAmAuthenticatedAs("therapist@clinic.com") (0.0s)
 When I send a GET request to "/api/virtual/games/movement?age=5-7"
 -> done: CommonStepDefinitions.WhenISendAGETRequestToStep("/api/virtual/game...") (0.3s)
 Then the response status should be 200
 -> error: Expected ((int)LastResponse!.StatusCode) to be 200, but found 404 (difference of 204). (0.2s)
 And games should include:
   --- table step argument ---
   | game           | type                  |
   | Simon Says     | Follow directions     |
   | Freeze Dance   | Music and movement    |
   | Animal Walks   | Gross motor imitation |
   | Yoga Adventure | Guided positions      |
 -> No matching step definition found for the step. Use the following code to create one:
         [Then(@"games should include:")]
         public void ThenGamesShouldInclude(Table table)
         {
             _scenarioContext.Pending();
         }
 


[xUnit.net 00:00:02.73]       Expected ((int)LastResponse!.StatusCode) to be 200, but found 404 (difference of 204).
[xUnit.net 00:00:02.73]       Stack Trace:
[xUnit.net 00:00:02.73]            at FluentAssertions.Execution.XUnit2TestFramework.Throw(String message)
[xUnit.net 00:00:02.73]            at FluentAssertions.Execution.TestFrameworkProvider.Throw(String message)
[xUnit.net 00:00:02.73]            at FluentAssertions.Execution.DefaultAssertionStrategy.HandleFailure(String message)
[xUnit.net 00:00:02.73]            at FluentAssertions.Execution.AssertionScope.FailWith(Func`1 failReasonFunc)
[xUnit.net 00:00:02.73]            at FluentAssertions.Execution.AssertionScope.FailWith(Func`1 failReasonFunc)
[xUnit.net 00:00:02.73]            at FluentAssertions.Execution.AssertionScope.FailWith(String message, Object[] args)
[xUnit.net 00:00:02.73]            at FluentAssertions.Numeric.NumericAssertions`2.Be(T expected, String because, Object[] becauseArgs)
[xUnit.net 00:00:02.73]         /home/srowe/workspace/pediatric-therapy-resource/api/Tests/BDD/StepDefinitions/BaseStepDefinitions.cs(72,0): at TherapyDocs.Api.Tests.BDD.StepDefinitions.BaseStepDefinitions.ThenTheResponseStatusShouldBe(Int32 statusCode)
[xUnit.net 00:00:02.73]         /home/srowe/workspace/pediatric-therapy-resource/api/Tests/BDD/StepDefinitions/CommonStepDefinitions.cs(55,0): at TherapyDocs.Api.Tests.BDD.StepDefinitions.CommonStepDefinitions.ThenTheResponseStatusShouldBeStep(Int32 statusCode)
[xUnit.net 00:00:02.73]            at InvokeStub_Action`2.Invoke(Object, Span`1)
[xUnit.net 00:00:02.73]            at System.Reflection.MethodBaseInvoker.InvokeWithFewArgs(Object obj, BindingFlags invokeAttr, Binder binder, Object[] parameters, CultureInfo culture)
[xUnit.net 00:00:02.73]            at TechTalk.SpecFlow.Bindings.BindingInvoker.InvokeBinding(IBinding binding, IContextManager contextManager, Object[] arguments, ITestTracer testTracer, TimeSpan& duration)
[xUnit.net 00:00:02.73]            at TechTalk.SpecFlow.Infrastructure.TestExecutionEngine.ExecuteStepMatch(BindingMatch match, Object[] arguments, TimeSpan& duration)
[xUnit.net 00:00:02.73]            at TechTalk.SpecFlow.Infrastructure.TestExecutionEngine.ExecuteStep(IContextManager contextManager, StepInstance stepInstance)
[xUnit.net 00:00:02.73]            at TechTalk.SpecFlow.Infrastructure.TestExecutionEngine.OnAfterLastStep()
[xUnit.net 00:00:02.73]            at TechTalk.SpecFlow.TestRunner.CollectScenarioErrors()
[xUnit.net 00:00:02.73]            at TherapyDocs.Api.Tests.BDD.Features.Therapy.DocumentationHelpersAPIEndpointsFR_028Feature.ScenarioCleanup()
[xUnit.net 00:00:02.73]         /home/srowe/workspace/pediatric-therapy-resource/api/Tests/BDD/Features/therapy/documentation-helpers.feature(51,0): at TherapyDocs.Api.Tests.BDD.Features.Therapy.DocumentationHelpersAPIEndpointsFR_028Feature.Auto_GenerateProgressReport()
[xUnit.net 00:00:02.73]            at System.RuntimeMethodHandle.InvokeMethod(Object target, Void** arguments, Signature sig, Boolean isConstructor)
[xUnit.net 00:00:02.73]            at System.Reflection.MethodBaseInvoker.InvokeWithNoArgs(Object obj, BindingFlags invokeAttr)
[xUnit.net 00:00:02.73]       Output:
[xUnit.net 00:00:02.73]         Given the API is available
[xUnit.net 00:00:02.73]         -> done: CommonStepDefinitions.GivenTheAPIIsAvailable() (0.5s)
[xUnit.net 00:00:02.73]         And I am authenticated as "therapist@clinic.com"
[xUnit.net 00:00:02.73]         -> done: CommonStepDefinitions.GivenIAmAuthenticatedAs("therapist@clinic.com") (0.0s)
[xUnit.net 00:00:02.73]         When I send a POST request to "/api/documentation/progress-report/auto-generate" with:
[xUnit.net 00:00:02.73]           --- table step argument ---
[xUnit.net 00:00:02.73]           | field         | value                                        |
[xUnit.net 00:00:02.73]           | studentId     | student-123                                  |
[xUnit.net 00:00:02.73]           | dateRange     | {"start": "2024-01-01", "end": "2024-03-31"} |
[xUnit.net 00:00:02.73]           | includeGraphs | true                                         |
[xUnit.net 00:00:02.73]           | reportType    | quarterly                                    |
[xUnit.net 00:00:02.73]         -> done: CommonStepDefinitions.WhenISendAPOSTRequestToWithStep("/api/documentatio...", <table>) (0.3s)
[xUnit.net 00:00:02.73]         Then the response status should be 200
[xUnit.net 00:00:02.73]         -> error: Expected ((int)LastResponse!.StatusCode) to be 200, but found 404 (difference of 204). (0.2s)
[xUnit.net 00:00:02.73]         And report should contain:
[13:32:17 INF] Starting TherapyDocs API
[xUnit.net 00:00:02.73]           --- table step argument ---
[xUnit.net 00:00:02.75]           | section         | content                 |
[xUnit.net 00:00:02.75]           | attendance      | Session summary         |
[xUnit.net 00:00:02.75]           | goalProgress    | Objective data charts   |
[xUnit.net 00:00:02.75]           | recommendations | Data-driven suggestions |
[xUnit.net 00:00:02.75]           | parentSummary   | Simplified version      |
[xUnit.net 00:00:02.75]         -> No matching step definition found for the step. Use the following code to create one:
[xUnit.net 00:00:02.75]                 [Then(@"report should contain:")]
[xUnit.net 00:00:02.75]                 public void ThenReportShouldContain(Table table)
[xUnit.net 00:00:02.75]                 {
[xUnit.net 00:00:02.75]                     _scenarioContext.Pending();
[xUnit.net 00:00:02.75]                 }
[xUnit.net 00:00:02.75]         
[xUnit.net 00:00:02.75]     Handle data quality issues during training [SKIP]
[xUnit.net 00:00:02.75]       No matching step definition found for one or more steps.\nusing System;\r\nusing TechTalk.SpecFlow;\r\n\r\nnamespace MyNamespace\r\n{\r\n    [Binding]\r\n    public class StepDefinitions\r\n    {\r\n        private readonly ScenarioContext _scenarioContext;\r\n\r\n        public StepDefinitions(ScenarioContext scenarioContext)\r\n        {\r\n            _scenarioContext = scenarioContext;\r\n        }\r\n        [Given(@"custom ML model training infrastructure is configured")]\r\n        public void GivenCustomMLModelTrainingInfrastructureIsConfigured()\r\n        {\r\n            _scenarioContext.Pending();\r\n        }\r\n        \n        [Given(@"training data management system is active")]\r\n        public void GivenTrainingDataManagementSystemIsActive()\r\n        {\r\n            _scenarioContext.Pending();\r\n        }\r\n        \n        [Given(@"model versioning and deployment pipeline exists")]\r\n        public void GivenModelVersioningAndDeploymentPipelineExists()\r\n        {\r\n            _scenarioContext.Pending();\r\n        }\r\n        \n        [Given(@"performance monitoring is enabled")]\r\n        public void GivenPerformanceMonitoringIsEnabled()\r\n        {\r\n            _scenarioContext.Pending();\r\n        }\r\n        \n        [Given(@"security and compliance measures are enforced")]\r\n        public void GivenSecurityAndComplianceMeasuresAreEnforced()\r\n        {\r\n            _scenarioContext.Pending();\r\n        }\r\n        \n        [Given(@"data quality affects model performance")]\r\n        public void GivenDataQualityAffectsModelPerformance()\r\n        {\r\n            _scenarioContext.Pending();\r\n        }\r\n        \n        [When(@"data quality issues are detected:")]\r\n        public void WhenDataQualityIssuesAreDetected(Table table)\r\n        {\r\n            _scenarioContext.Pending();\r\n        }\r\n        \n        [Then(@"data quality should be improved")]\r\n        public void ThenDataQualityShouldBeImproved()\r\n        {\r\n            _scenarioContext.Pending();\r\n        }\r\n        \n        [Then(@"model robustness should increase")]\r\n        public void ThenModelRobustnessShouldIncrease()\r\n        {\r\n            _scenarioContext.Pending();\r\n        }\r\n        \n        [Then(@"training should proceed with clean data")]\r\n        public void ThenTrainingShouldProceedWithCleanData()\r\n        {\r\n            _scenarioContext.Pending();\r\n        }\r\n        \n        [Then(@"quality metrics should be tracked")]\r\n        public void ThenQualityMetricsShouldBeTracked()\r\n        {\r\n            _scenarioContext.Pending();\r\n        }\r\n    }\r\n}\r\n
[xUnit.net 00:00:02.75]       Expected ((int)LastResponse!.StatusCode) to be 201, but found 404 (difference of 203).
[xUnit.net 00:00:02.75]       Stack Trace:
[xUnit.net 00:00:02.75]            at FluentAssertions.Execution.XUnit2TestFramework.Throw(String message)
[xUnit.net 00:00:02.75]            at FluentAssertions.Execution.TestFrameworkProvider.Throw(String message)
[xUnit.net 00:00:02.75]            at FluentAssertions.Execution.DefaultAssertionStrategy.HandleFailure(String message)
[xUnit.net 00:00:02.75]            at FluentAssertions.Execution.AssertionScope.FailWith(Func`1 failReasonFunc)
[xUnit.net 00:00:02.75]            at FluentAssertions.Execution.AssertionScope.FailWith(Func`1 failReasonFunc)
[xUnit.net 00:00:02.75]            at FluentAssertions.Execution.AssertionScope.FailWith(String message, Object[] args)
[xUnit.net 00:00:02.75]            at FluentAssertions.Numeric.NumericAssertions`2.Be(T expected, String because, Object[] becauseArgs)
[xUnit.net 00:00:02.75]         /home/srowe/workspace/pediatric-therapy-resource/api/Tests/BDD/StepDefinitions/BaseStepDefinitions.cs(72,0): at TherapyDocs.Api.Tests.BDD.StepDefinitions.BaseStepDefinitions.ThenTheResponseStatusShouldBe(Int32 statusCode)
[xUnit.net 00:00:02.75]         /home/srowe/workspace/pediatric-therapy-resource/api/Tests/BDD/StepDefinitions/CommonStepDefinitions.cs(55,0): at TherapyDocs.Api.Tests.BDD.StepDefinitions.CommonStepDefinitions.ThenTheResponseStatusShouldBeStep(Int32 statusCode)
[xUnit.net 00:00:02.75]            at System.RuntimeMethodHandle.InvokeMethod(Object target, Void** arguments, Signature sig, Boolean isConstructor)
[xUnit.net 00:00:02.75]            at System.Reflection.MethodBaseInvoker.InvokeDirectByRefWithFewArgs(Object obj, Span`1 copyOfArgs, BindingFlags invokeAttr)
[xUnit.net 00:00:02.75]            at TechTalk.SpecFlow.Bindings.BindingInvoker.InvokeBinding(IBinding binding, IContextManager contextManager, Object[] arguments, ITestTracer testTracer, TimeSpan& duration)
[xUnit.net 00:00:02.75]            at TechTalk.SpecFlow.Infrastructure.TestExecutionEngine.ExecuteStepMatch(BindingMatch match, Object[] arguments, TimeSpan& duration)
[xUnit.net 00:00:02.75]            at TechTalk.SpecFlow.Infrastructure.TestExecutionEngine.ExecuteStep(IContextManager contextManager, StepInstance stepInstance)
[xUnit.net 00:00:02.75]            at TechTalk.SpecFlow.Infrastructure.TestExecutionEngine.OnAfterLastStep()
[xUnit.net 00:00:02.75]            at TechTalk.SpecFlow.TestRunner.CollectScenarioErrors()
[xUnit.net 00:00:02.75]            at TherapyDocs.Api.Tests.BDD.Features.Platform.CommunityFeaturesAPIEndpointsFR_030Feature.ScenarioCleanup()
[xUnit.net 00:00:02.75]         /home/srowe/workspace/pediatric-therapy-resource/api/Tests/BDD/Features/platform/community-features.feature(46,0): at TherapyDocs.Api.Tests.BDD.Features.Platform.CommunityFeaturesAPIEndpointsFR_030Feature.SubmitSuccessStory()
[xUnit.net 00:00:02.75]            at System.RuntimeMethodHandle.InvokeMethod(Object target, Void** arguments, Signature sig, Boolean isConstructor)
[xUnit.net 00:00:02.75]            at System.Reflection.MethodBaseInvoker.InvokeWithNoArgs(Object obj, BindingFlags invokeAttr)
[xUnit.net 00:00:02.75]       Output:
[xUnit.net 00:00:02.75]         Given the API is available
[xUnit.net 00:00:02.75]         -> done: CommonStepDefinitions.GivenTheAPIIsAvailable() (0.5s)
[xUnit.net 00:00:02.75]         And I am authenticated as "therapist@clinic.com"
[xUnit.net 00:00:02.75]         -> done: CommonStepDefinitions.GivenIAmAuthenticatedAs("therapist@clinic.com") (0.0s)
[xUnit.net 00:00:02.75]         When I send a POST request to "/api/community/success-stories/submit" with:
[xUnit.net 00:00:02.75]           --- table step argument ---
[xUnit.net 00:00:02.75]           | field         | value                       |
[xUnit.net 00:00:02.75]           | title         | "Breakthrough with AAC"     |
[xUnit.net 00:00:02.75]           | story         | "After 6 months using..."   |
[xUnit.net 00:00:02.75]           | resourcesUsed | ["res-123", "res-124"]      |
[xUnit.net 00:00:02.75]           | outcomes      | "First 2-word combinations" |
[xUnit.net 00:00:02.75]           | permission    | "anonymous"                 |
[xUnit.net 00:00:02.75]         -> done: CommonStepDefinitions.WhenISendAPOSTRequestToWithStep("/api/community/su...", <table>) (0.3s)
[xUnit.net 00:00:02.75]         Then the response status should be 201
[xUnit.net 00:00:02.75]         -> error: Expected ((int)LastResponse!.StatusCode) to be 201, but found 404 (difference of 203). (0.2s)
[xUnit.net 00:00:02.75]         And story should be queued for review
[xUnit.net 00:00:02.75]         -> No matching step definition found for the step. Use the following code to create one:
[xUnit.net 00:00:02.75]                 [Then(@"story should be queued for review")]
[xUnit.net 00:00:02.75]                 public void ThenStoryShouldBeQueuedForReview()
[xUnit.net 00:00:02.75]                 {
[xUnit.net 00:00:02.75]                     _scenarioContext.Pending();
[xUnit.net 00:00:02.75]                 }
[xUnit.net 00:00:02.75]         
[xUnit.net 00:00:02.75]         And editorial team should be notified
[xUnit.net 00:00:02.75]         -> No matching step definition found for the step. Use the following code to create one:
[xUnit.net 00:00:02.75]                 [Then(@"editorial team should be notified")]
[xUnit.net 00:00:02.75]                 public void ThenEditorialTeamShouldBeNotified()
[xUnit.net 00:00:02.75]                 {
[xUnit.net 00:00:02.75]                     _scenarioContext.Pending();
[xUnit.net 00:00:02.75]                 }
[xUnit.net 00:00:02.75]         
[xUnit.net 00:00:02.76]     Leverage technology for compliance monitoring [SKIP]
[xUnit.net 00:00:02.76]       No matching step definition found for one or more steps.\nusing System;\r\nusing TechTalk.SpecFlow;\r\n\r\nnamespace MyNamespace\r\n{\r\n    [Binding]\r\n    public class StepDefinitions\r\n    {\r\n        private readonly ScenarioContext _scenarioContext;\r\n\r\n        public StepDefinitions(ScenarioContext scenarioContext)\r\n        {\r\n            _scenarioContext = scenarioContext;\r\n        }\r\n        [Given(@"protocol compliance systems are active")]\r\n        public void GivenProtocolComplianceSystemsAreActive()\r\n        {\r\n            _scenarioContext.Pending();\r\n        }\r\n        \n        [Given(@"quality metrics are defined")]\r\n        public void GivenQualityMetricsAreDefined()\r\n        {\r\n            _scenarioContext.Pending();\r\n        }\r\n        \n        [Given(@"monitoring tools are available")]\r\n        public void GivenMonitoringToolsAreAvailable()\r\n        {\r\n            _scenarioContext.Pending();\r\n        }\r\n        \n        [Given(@"reporting dashboards exist")]\r\n        public void GivenReportingDashboardsExist()\r\n        {\r\n            _scenarioContext.Pending();\r\n        }\r\n        \n        [Given(@"improvement processes are established")]\r\n        public void GivenImprovementProcessesAreEstablished()\r\n        {\r\n            _scenarioContext.Pending();\r\n        }\r\n        \n        [Given(@"technology enables efficient monitoring")]\r\n        public void GivenTechnologyEnablesEfficientMonitoring()\r\n        {\r\n            _scenarioContext.Pending();\r\n        }\r\n        \n        [Given(@"automation reduces manual burden")]\r\n        public void GivenAutomationReducesManualBurden()\r\n        {\r\n            _scenarioContext.Pending();\r\n        }\r\n        \n        [When(@"using technology for compliance:")]\r\n        public void WhenUsingTechnologyForCompliance(Table table)\r\n        {\r\n            _scenarioContext.Pending();\r\n        }\r\n        \n        [Then(@"technology should enhance monitoring")]\r\n        public void ThenTechnologyShouldEnhanceMonitoring()\r\n        {\r\n            _scenarioContext.Pending();\r\n        }\r\n        \n        [Then(@"efficiency should improve")]\r\n        public void ThenEfficiencyShouldImprove()\r\n        {\r\n            _scenarioContext.Pending();\r\n        }\r\n        \n        [Then(@"accuracy should increase")]\r\n        public void ThenAccuracyShouldIncrease()\r\n        {\r\n            _scenarioContext.Pending();\r\n        }\r\n        \n        [Then(@"insights should be actionable")]\r\n        public void ThenInsightsShouldBeActionable()\r\n        {\r\n            _scenarioContext.Pending();\r\n        }\r\n    }\r\n}\r\n
[xUnit.net 00:00:02.76]       Expected ((int)LastResponse!.StatusCode) to be 200, but found 404 (difference of 204).
[xUnit.net 00:00:02.76]       Stack Trace:
[xUnit.net 00:00:02.76]            at FluentAssertions.Execution.XUnit2TestFramework.Throw(String message)
[xUnit.net 00:00:02.76]            at FluentAssertions.Execution.TestFrameworkProvider.Throw(String message)
[xUnit.net 00:00:02.76]            at FluentAssertions.Execution.DefaultAssertionStrategy.HandleFailure(String message)
[xUnit.net 00:00:02.76]            at FluentAssertions.Execution.AssertionScope.FailWith(Func`1 failReasonFunc)
[xUnit.net 00:00:02.76]            at FluentAssertions.Execution.AssertionScope.FailWith(Func`1 failReasonFunc)
[xUnit.net 00:00:02.76]            at FluentAssertions.Execution.AssertionScope.FailWith(String message, Object[] args)
[xUnit.net 00:00:02.76]            at FluentAssertions.Numeric.NumericAssertions`2.Be(T expected, String because, Object[] becauseArgs)
[xUnit.net 00:00:02.76]         /home/srowe/workspace/pediatric-therapy-resource/api/Tests/BDD/StepDefinitions/BaseStepDefinitions.cs(72,0): at TherapyDocs.Api.Tests.BDD.StepDefinitions.BaseStepDefinitions.ThenTheResponseStatusShouldBe(Int32 statusCode)
[xUnit.net 00:00:02.76]         /home/srowe/workspace/pediatric-therapy-resource/api/Tests/BDD/StepDefinitions/CommonStepDefinitions.cs(55,0): at TherapyDocs.Api.Tests.BDD.StepDefinitions.CommonStepDefinitions.ThenTheResponseStatusShouldBeStep(Int32 statusCode)
[xUnit.net 00:00:02.76]            at InvokeStub_Action`2.Invoke(Object, Span`1)
[xUnit.net 00:00:02.76]            at System.Reflection.MethodBaseInvoker.InvokeWithFewArgs(Object obj, BindingFlags invokeAttr, Binder binder, Object[] parameters, CultureInfo culture)
[xUnit.net 00:00:02.76]            at TechTalk.SpecFlow.Bindings.BindingInvoker.InvokeBinding(IBinding binding, IContextManager contextManager, Object[] arguments, ITestTracer testTracer, TimeSpan& duration)
[xUnit.net 00:00:02.76]            at TechTalk.SpecFlow.Infrastructure.TestExecutionEngine.ExecuteStepMatch(BindingMatch match, Object[] arguments, TimeSpan& duration)
[xUnit.net 00:00:02.76]            at TechTalk.SpecFlow.Infrastructure.TestExecutionEngine.ExecuteStep(IContextManager contextManager, StepInstance stepInstance)
[xUnit.net 00:00:02.76]            at TechTalk.SpecFlow.Infrastructure.TestExecutionEngine.OnAfterLastStep()
[xUnit.net 00:00:02.76]            at TechTalk.SpecFlow.TestRunner.CollectScenarioErrors()
[xUnit.net 00:00:02.76]            at TherapyDocs.Api.Tests.BDD.Features.Therapy.AdultTherapyResourcesAPIEndpointsFR_016Feature.ScenarioCleanup()
[xUnit.net 00:00:02.76]         /home/srowe/workspace/pediatric-therapy-resource/api/Tests/BDD/Features/therapy/adult-therapy.feature(29,0): at TherapyDocs.Api.Tests.BDD.Features.Therapy.AdultTherapyResourcesAPIEndpointsFR_016Feature.AccessCognitiveRehabilitationMaterials()
[xUnit.net 00:00:02.76]            at System.RuntimeMethodHandle.InvokeMethod(Object target, Void** arguments, Signature sig, Boolean isConstructor)
[xUnit.net 00:00:02.76]            at System.Reflection.MethodBaseInvoker.InvokeWithNoArgs(Object obj, BindingFlags invokeAttr)
[xUnit.net 00:00:02.76]       Output:
[xUnit.net 00:00:02.76]         Given the API is available
[xUnit.net 00:00:02.76]         -> done: CommonStepDefinitions.GivenTheAPIIsAvailable() (0.0s)
[xUnit.net 00:00:02.76]         And I am authenticated as "therapist@clinic.com"
[xUnit.net 00:00:02.76]         -> done: CommonStepDefinitions.GivenIAmAuthenticatedAs("therapist@clinic.com") (0.0s)
[xUnit.net 00:00:02.76]         When I send a GET request to "/api/resources/adult/cognitive-rehab/memory"
[xUnit.net 00:00:02.76]         -> done: CommonStepDefinitions.WhenISendAGETRequestToStep("/api/resources/ad...") (0.0s)
[xUnit.net 00:00:02.76]         Then the response status should be 200
[xUnit.net 00:00:02.76]         -> error: Expected ((int)LastResponse!.StatusCode) to be 200, but found 404 (difference of 204). (0.0s)
[xUnit.net 00:00:02.76]         And resources should include:
[xUnit.net 00:00:02.76]           --- table step argument ---
[xUnit.net 00:00:02.76]           | type            | content                   |
[xUnit.net 00:00:02.76]           | worksheets      | Memory strategy exercises |
[xUnit.net 00:00:02.76]           | functionalTasks | Medication management     |
[xUnit.net 00:00:02.76]           | compensatory    | Memory aid templates      |
[xUnit.net 00:00:02.76]           | carryover       | Home practice activities  |
[xUnit.net 00:00:02.76]         -> No matching step definition found for the step. Use the following code to create one:
[13:32:17 INF] Starting TherapyDocs API
[xUnit.net 00:00:02.76]                 [Then(@"resources should include:")]
[xUnit.net 00:00:02.76]                 public void ThenResourcesShouldInclude(Table table)
[xUnit.net 00:00:02.76]                 {
[xUnit.net 00:00:02.76]                     _scenarioContext.Pending();
[xUnit.net 00:00:02.76]                 }
[xUnit.net 00:00:02.76]         
  Failed Auto-generate progress report [2 s]
  Error Message:
   Expected ((int)LastResponse!.StatusCode) to be 200, but found 404 (difference of 204).
  Stack Trace:
     at FluentAssertions.Execution.XUnit2TestFramework.Throw(String message)
   at FluentAssertions.Execution.TestFrameworkProvider.Throw(String message)
   at FluentAssertions.Execution.DefaultAssertionStrategy.HandleFailure(String message)
   at FluentAssertions.Execution.AssertionScope.FailWith(Func`1 failReasonFunc)
   at FluentAssertions.Execution.AssertionScope.FailWith(Func`1 failReasonFunc)
   at FluentAssertions.Execution.AssertionScope.FailWith(String message, Object[] args)
   at FluentAssertions.Numeric.NumericAssertions`2.Be(T expected, String because, Object[] becauseArgs)
   at TherapyDocs.Api.Tests.BDD.StepDefinitions.BaseStepDefinitions.ThenTheResponseStatusShouldBe(Int32 statusCode) in /home/srowe/workspace/pediatric-therapy-resource/api/Tests/BDD/StepDefinitions/BaseStepDefinitions.cs:line 72
   at TherapyDocs.Api.Tests.BDD.StepDefinitions.CommonStepDefinitions.ThenTheResponseStatusShouldBeStep(Int32 statusCode) in /home/srowe/workspace/pediatric-therapy-resource/api/Tests/BDD/StepDefinitions/CommonStepDefinitions.cs:line 55
   at InvokeStub_Action`2.Invoke(Object, Span`1)
   at System.Reflection.MethodBaseInvoker.InvokeWithFewArgs(Object obj, BindingFlags invokeAttr, Binder binder, Object[] parameters, CultureInfo culture)
   at TechTalk.SpecFlow.Bindings.BindingInvoker.InvokeBinding(IBinding binding, IContextManager contextManager, Object[] arguments, ITestTracer testTracer, TimeSpan& duration)
   at TechTalk.SpecFlow.Infrastructure.TestExecutionEngine.ExecuteStepMatch(BindingMatch match, Object[] arguments, TimeSpan& duration)
   at TechTalk.SpecFlow.Infrastructure.TestExecutionEngine.ExecuteStep(IContextManager contextManager, StepInstance stepInstance)
   at TechTalk.SpecFlow.Infrastructure.TestExecutionEngine.OnAfterLastStep()
   at TechTalk.SpecFlow.TestRunner.CollectScenarioErrors()
   at TherapyDocs.Api.Tests.BDD.Features.Therapy.DocumentationHelpersAPIEndpointsFR_028Feature.ScenarioCleanup()
   at TherapyDocs.Api.Tests.BDD.Features.Therapy.DocumentationHelpersAPIEndpointsFR_028Feature.Auto_GenerateProgressReport() in /home/srowe/workspace/pediatric-therapy-resource/api/Tests/BDD/Features/therapy/documentation-helpers.feature:line 51
   at System.RuntimeMethodHandle.InvokeMethod(Object target, Void** arguments, Signature sig, Boolean isConstructor)
   at System.Reflection.MethodBaseInvoker.InvokeWithNoArgs(Object obj, BindingFlags invokeAttr)
  Standard Output Messages:
 Given the API is available
 -> done: CommonStepDefinitions.GivenTheAPIIsAvailable() (0.5s)
 And I am authenticated as "therapist@clinic.com"
 -> done: CommonStepDefinitions.GivenIAmAuthenticatedAs("therapist@clinic.com") (0.0s)
 When I send a POST request to "/api/documentation/progress-report/auto-generate" with:
   --- table step argument ---
   | field         | value                                        |
   | studentId     | student-123                                  |
   | dateRange     | {"start": "2024-01-01", "end": "2024-03-31"} |
   | includeGraphs | true                                         |
   | reportType    | quarterly                                    |
 -> done: CommonStepDefinitions.WhenISendAPOSTRequestToWithStep("/api/documentatio...", <table>) (0.3s)
 Then the response status should be 200
 -> error: Expected ((int)LastResponse!.StatusCode) to be 200, but found 404 (difference of 204). (0.2s)
 And report should contain:
   --- table step argument ---
   | section         | content                 |
   | attendance      | Session summary         |
   | goalProgress    | Objective data charts   |
   | recommendations | Data-driven suggestions |
   | parentSummary   | Simplified version      |
 -> No matching step definition found for the step. Use the following code to create one:
         [Then(@"report should contain:")]
         public void ThenReportShouldContain(Table table)
         {
             _scenarioContext.Pending();
         }
 


  Skipped Handle data quality issues during training [1 ms]
  Failed Submit success story [2 s]
  Error Message:
   Expected ((int)LastResponse!.StatusCode) to be 201, but found 404 (difference of 203).
  Stack Trace:
     at FluentAssertions.Execution.XUnit2TestFramework.Throw(String message)
   at FluentAssertions.Execution.TestFrameworkProvider.Throw(String message)
   at FluentAssertions.Execution.DefaultAssertionStrategy.HandleFailure(String message)
   at FluentAssertions.Execution.AssertionScope.FailWith(Func`1 failReasonFunc)
   at FluentAssertions.Execution.AssertionScope.FailWith(Func`1 failReasonFunc)
   at FluentAssertions.Execution.AssertionScope.FailWith(String message, Object[] args)
   at FluentAssertions.Numeric.NumericAssertions`2.Be(T expected, String because, Object[] becauseArgs)
   at TherapyDocs.Api.Tests.BDD.StepDefinitions.BaseStepDefinitions.ThenTheResponseStatusShouldBe(Int32 statusCode) in /home/srowe/workspace/pediatric-therapy-resource/api/Tests/BDD/StepDefinitions/BaseStepDefinitions.cs:line 72
   at TherapyDocs.Api.Tests.BDD.StepDefinitions.CommonStepDefinitions.ThenTheResponseStatusShouldBeStep(Int32 statusCode) in /home/srowe/workspace/pediatric-therapy-resource/api/Tests/BDD/StepDefinitions/CommonStepDefinitions.cs:line 55
   at System.RuntimeMethodHandle.InvokeMethod(Object target, Void** arguments, Signature sig, Boolean isConstructor)
   at System.Reflection.MethodBaseInvoker.InvokeDirectByRefWithFewArgs(Object obj, Span`1 copyOfArgs, BindingFlags invokeAttr)
   at TechTalk.SpecFlow.Bindings.BindingInvoker.InvokeBinding(IBinding binding, IContextManager contextManager, Object[] arguments, ITestTracer testTracer, TimeSpan& duration)
   at TechTalk.SpecFlow.Infrastructure.TestExecutionEngine.ExecuteStepMatch(BindingMatch match, Object[] arguments, TimeSpan& duration)
   at TechTalk.SpecFlow.Infrastructure.TestExecutionEngine.ExecuteStep(IContextManager contextManager, StepInstance stepInstance)
   at TechTalk.SpecFlow.Infrastructure.TestExecutionEngine.OnAfterLastStep()
   at TechTalk.SpecFlow.TestRunner.CollectScenarioErrors()
   at TherapyDocs.Api.Tests.BDD.Features.Platform.CommunityFeaturesAPIEndpointsFR_030Feature.ScenarioCleanup()
   at TherapyDocs.Api.Tests.BDD.Features.Platform.CommunityFeaturesAPIEndpointsFR_030Feature.SubmitSuccessStory() in /home/srowe/workspace/pediatric-therapy-resource/api/Tests/BDD/Features/platform/community-features.feature:line 46
   at System.RuntimeMethodHandle.InvokeMethod(Object target, Void** arguments, Signature sig, Boolean isConstructor)
   at System.Reflection.MethodBaseInvoker.InvokeWithNoArgs(Object obj, BindingFlags invokeAttr)
  Standard Output Messages:
 Given the API is available
 -> done: CommonStepDefinitions.GivenTheAPIIsAvailable() (0.5s)
 And I am authenticated as "therapist@clinic.com"
 -> done: CommonStepDefinitions.GivenIAmAuthenticatedAs("therapist@clinic.com") (0.0s)
 When I send a POST request to "/api/community/success-stories/submit" with:
   --- table step argument ---
   | field         | value                       |
   | title         | "Breakthrough with AAC"     |
   | story         | "After 6 months using..."   |
   | resourcesUsed | ["res-123", "res-124"]      |
   | outcomes      | "First 2-word combinations" |
   | permission    | "anonymous"                 |
 -> done: CommonStepDefinitions.WhenISendAPOSTRequestToWithStep("/api/community/su...", <table>) (0.3s)
 Then the response status should be 201
 -> error: Expected ((int)LastResponse!.StatusCode) to be 201, but found 404 (difference of 203). (0.2s)
 And story should be queued for review
 -> No matching step definition found for the step. Use the following code to create one:
         [Then(@"story should be queued for review")]
         public void ThenStoryShouldBeQueuedForReview()
         {
             _scenarioContext.Pending();
         }
 
 And editorial team should be notified
 -> No matching step definition found for the step. Use the following code to create one:
         [Then(@"editorial team should be notified")]
         public void ThenEditorialTeamShouldBeNotified()
         {
             _scenarioContext.Pending();
         }
 


  Skipped Leverage technology for compliance monitoring [1 ms]
  Failed Access cognitive rehabilitation materials [66 ms]
  Error Message:
   Expected ((int)LastResponse!.StatusCode) to be 200, but found 404 (difference of 204).
  Stack Trace:
     at FluentAssertions.Execution.XUnit2TestFramework.Throw(String message)
   at FluentAssertions.Execution.TestFrameworkProvider.Throw(String message)
   at FluentAssertions.Execution.DefaultAssertionStrategy.HandleFailure(String message)
   at FluentAssertions.Execution.AssertionScope.FailWith(Func`1 failReasonFunc)
   at FluentAssertions.Execution.AssertionScope.FailWith(Func`1 failReasonFunc)
   at FluentAssertions.Execution.AssertionScope.FailWith(String message, Object[] args)
   at FluentAssertions.Numeric.NumericAssertions`2.Be(T expected, String because, Object[] becauseArgs)
   at TherapyDocs.Api.Tests.BDD.StepDefinitions.BaseStepDefinitions.ThenTheResponseStatusShouldBe(Int32 statusCode) in /home/srowe/workspace/pediatric-therapy-resource/api/Tests/BDD/StepDefinitions/BaseStepDefinitions.cs:line 72
   at TherapyDocs.Api.Tests.BDD.StepDefinitions.CommonStepDefinitions.ThenTheResponseStatusShouldBeStep(Int32 statusCode) in /home/srowe/workspace/pediatric-therapy-resource/api/Tests/BDD/StepDefinitions/CommonStepDefinitions.cs:line 55
   at InvokeStub_Action`2.Invoke(Object, Span`1)
   at System.Reflection.MethodBaseInvoker.InvokeWithFewArgs(Object obj, BindingFlags invokeAttr, Binder binder, Object[] parameters, CultureInfo culture)
   at TechTalk.SpecFlow.Bindings.BindingInvoker.InvokeBinding(IBinding binding, IContextManager contextManager, Object[] arguments, ITestTracer testTracer, TimeSpan& duration)
   at TechTalk.SpecFlow.Infrastructure.TestExecutionEngine.ExecuteStepMatch(BindingMatch match, Object[] arguments, TimeSpan& duration)
   at TechTalk.SpecFlow.Infrastructure.TestExecutionEngine.ExecuteStep(IContextManager contextManager, StepInstance stepInstance)
   at TechTalk.SpecFlow.Infrastructure.TestExecutionEngine.OnAfterLastStep()
   at TechTalk.SpecFlow.TestRunner.CollectScenarioErrors()
   at TherapyDocs.Api.Tests.BDD.Features.Therapy.AdultTherapyResourcesAPIEndpointsFR_016Feature.ScenarioCleanup()
   at TherapyDocs.Api.Tests.BDD.Features.Therapy.AdultTherapyResourcesAPIEndpointsFR_016Feature.AccessCognitiveRehabilitationMaterials() in /home/srowe/workspace/pediatric-therapy-resource/api/Tests/BDD/Features/therapy/adult-therapy.feature:line 29
   at System.RuntimeMethodHandle.InvokeMethod(Object target, Void** arguments, Signature sig, Boolean isConstructor)
   at System.Reflection.MethodBaseInvoker.InvokeWithNoArgs(Object obj, BindingFlags invokeAttr)
  Standard Output Messages:
 Given the API is available
 -> done: CommonStepDefinitions.GivenTheAPIIsAvailable() (0.0s)
 And I am authenticated as "therapist@clinic.com"
 -> done: CommonStepDefinitions.GivenIAmAuthenticatedAs("therapist@clinic.com") (0.0s)
 When I send a GET request to "/api/resources/adult/cognitive-rehab/memory"
 -> done: CommonStepDefinitions.WhenISendAGETRequestToStep("/api/resources/ad...") (0.0s)
 Then the response status should be 200
 -> error: Expected ((int)LastResponse!.StatusCode) to be 200, but found 404 (difference of 204). (0.0s)
 And resources should include:
   --- table step argument ---
   | type            | content                   |
   | worksheets      | Memory strategy exercises |
   | functionalTasks | Medication management     |
   | compensatory    | Memory aid templates      |
   | carryover       | Home practice activities  |
 -> No matching step definition found for the step. Use the following code to create one:
         [Then(@"resources should include:")]
         public void ThenResourcesShouldInclude(Table table)
         {
             _scenarioContext.Pending();
         }
 


[xUnit.net 00:00:02.76]     Record compliance training completion [SKIP]
[xUnit.net 00:00:02.76]       No matching step definition found for one or more steps.\nusing System;\r\nusing TechTalk.SpecFlow;\r\n\r\nnamespace MyNamespace\r\n{\r\n    [Binding]\r\n    public class StepDefinitions\r\n    {\r\n        private readonly ScenarioContext _scenarioContext;\r\n\r\n        public StepDefinitions(ScenarioContext scenarioContext)\r\n        {\r\n            _scenarioContext = scenarioContext;\r\n        }\r\n        [Given(@"I am authenticated")]\r\n        public void GivenIAmAuthenticated()\r\n        {\r\n            _scenarioContext.Pending();\r\n        }\r\n        \n        [Then(@"training record should be created")]\r\n        public void ThenTrainingRecordShouldBeCreated()\r\n        {\r\n            _scenarioContext.Pending();\r\n        }\r\n        \n        [Then(@"compliance percentage should update")]\r\n        public void ThenCompliancePercentageShouldUpdate()\r\n        {\r\n            _scenarioContext.Pending();\r\n        }\r\n    }\r\n}\r\n
[xUnit.net 00:00:02.76]     Project staffing needs [SKIP]
[xUnit.net 00:00:02.76]       No matching step definition found for one or more steps.\nusing System;\r\nusing TechTalk.SpecFlow;\r\n\r\nnamespace MyNamespace\r\n{\r\n    [Binding]\r\n    public class StepDefinitions\r\n    {\r\n        private readonly ScenarioContext _scenarioContext;\r\n\r\n        public StepDefinitions(ScenarioContext scenarioContext)\r\n        {\r\n            _scenarioContext = scenarioContext;\r\n        }\r\n        [Given(@"I am logged in as therapy coordinator")]\r\n        public void GivenIAmLoggedInAsTherapyCoordinator()\r\n        {\r\n            _scenarioContext.Pending();\r\n        }\r\n        \n        [Given(@"the following therapists are active:")]\r\n        public void GivenTheFollowingTherapistsAreActive(Table table)\r\n        {\r\n            _scenarioContext.Pending();\r\n        }\r\n        \n        [Given(@"current caseload trends")]\r\n        public void GivenCurrentCaseloadTrends()\r\n        {\r\n            _scenarioContext.Pending();\r\n        }\r\n        \n        [When(@"I run staffing projection for ""(.*)""")]\r\n        public void WhenIRunStaffingProjectionFor(string p0)\r\n        {\r\n            _scenarioContext.Pending();\r\n        }\r\n        \n        [Then(@"analysis shows:")]\r\n        public void ThenAnalysisShows(Table table)\r\n        {\r\n            _scenarioContext.Pending();\r\n        }\r\n    }\r\n}\r\n
[xUnit.net 00:00:02.77]     Clinical appropriateness validation for therapy materials [SKIP]
[xUnit.net 00:00:02.77]       No matching step definition found for one or more steps.\nusing System;\r\nusing TechTalk.SpecFlow;\r\n\r\nnamespace MyNamespace\r\n{\r\n    [Binding]\r\n    public class StepDefinitions\r\n    {\r\n        private readonly ScenarioContext _scenarioContext;\r\n\r\n        public StepDefinitions(ScenarioContext scenarioContext)\r\n        {\r\n            _scenarioContext = scenarioContext;\r\n        }\r\n        [Given(@"content moderation system is configured")]\r\n        public void GivenContentModerationSystemIsConfigured()\r\n        {\r\n            _scenarioContext.Pending();\r\n        }\r\n        \n        [Given(@"multi-layer safety checks are active")]\r\n        public void GivenMulti_LayerSafetyChecksAreActive()\r\n        {\r\n            _scenarioContext.Pending();\r\n        }\r\n        \n        [Given(@"clinical appropriateness standards are defined")]\r\n        public void GivenClinicalAppropriatenessStandardsAreDefined()\r\n        {\r\n            _scenarioContext.Pending();\r\n        }\r\n        \n        [Given(@"real-time content filtering is enabled")]\r\n        public void GivenReal_TimeContentFilteringIsEnabled()\r\n        {\r\n            _scenarioContext.Pending();\r\n        }\r\n        \n        [Given(@"moderation feedback loops are established")]\r\n        public void GivenModerationFeedbackLoopsAreEstablished()\r\n        {\r\n            _scenarioContext.Pending();\r\n        }\r\n        \n        [Given(@"therapy materials must meet clinical standards")]\r\n        public void GivenTherapyMaterialsMustMeetClinicalStandards()\r\n        {\r\n            _scenarioContext.Pending();\r\n        }\r\n        \n        [Given(@"evidence-based practices guide validation")]\r\n        public void GivenEvidence_BasedPracticesGuideValidation()\r\n        {\r\n            _scenarioContext.Pending();\r\n        }\r\n        \n        [When(@"validating clinical appropriateness:")]\r\n        public void WhenValidatingClinicalAppropriateness(Table table)\r\n        {\r\n            _scenarioContext.Pending();\r\n        }\r\n        \n        [Then(@"clinical standards should be strictly enforced")]\r\n        public void ThenClinicalStandardsShouldBeStrictlyEnforced()\r\n        {\r\n            _scenarioContext.Pending();\r\n        }\r\n        \n        [Then(@"non-compliant content should be flagged")]\r\n        public void ThenNon_CompliantContentShouldBeFlagged()\r\n        {\r\n            _scenarioContext.Pending();\r\n        }\r\n        \n        [Then(@"modifications should align with evidence")]\r\n        public void ThenModificationsShouldAlignWithEvidence()\r\n        {\r\n            _scenarioContext.Pending();\r\n        }\r\n        \n        [Then(@"final materials should meet all standards")]\r\n        public void ThenFinalMaterialsShouldMeetAllStandards()\r\n        {\r\n            _scenarioContext.Pending();\r\n        }\r\n    }\r\n}\r\n
[xUnit.net 00:00:02.78]     Predict discharge readiness and transition timing [SKIP]
[xUnit.net 00:00:02.78]       No matching step definition found for one or more steps.\nusing System;\r\nusing TechTalk.SpecFlow;\r\n\r\nnamespace MyNamespace\r\n{\r\n    [Binding]\r\n    public class StepDefinitions\r\n    {\r\n        private readonly ScenarioContext _scenarioContext;\r\n\r\n        public StepDefinitions(ScenarioContext scenarioContext)\r\n        {\r\n            _scenarioContext = scenarioContext;\r\n        }\r\n        [Given(@"outcome prediction models are configured")]\r\n        public void GivenOutcomePredictionModelsAreConfigured()\r\n        {\r\n            _scenarioContext.Pending();\r\n        }\r\n        \n        [Given(@"historical outcome data is available")]\r\n        public void GivenHistoricalOutcomeDataIsAvailable()\r\n        {\r\n            _scenarioContext.Pending();\r\n        }\r\n        \n        [Given(@"multivariate analysis is enabled")]\r\n        public void GivenMultivariateAnalysisIsEnabled()\r\n        {\r\n            _scenarioContext.Pending();\r\n        }\r\n        \n        [Given(@"evidence-based benchmarks are loaded")]\r\n        public void GivenEvidence_BasedBenchmarksAreLoaded()\r\n        {\r\n            _scenarioContext.Pending();\r\n        }\r\n        \n        [Given(@"stakeholder communication tools are ready")]\r\n        public void GivenStakeholderCommunicationToolsAreReady()\r\n        {\r\n            _scenarioContext.Pending();\r\n        }\r\n        \n        [Given(@"students are making progress in therapy")]\r\n        public void GivenStudentsAreMakingProgressInTherapy()\r\n        {\r\n            _scenarioContext.Pending();\r\n        }\r\n        \n        [Given(@"discharge criteria are defined")]\r\n        public void GivenDischargeCriteriaAreDefined()\r\n        {\r\n            _scenarioContext.Pending();\r\n        }\r\n        \n        [When(@"predicting discharge readiness:")]\r\n        public void WhenPredictingDischargeReadiness(Table table)\r\n        {\r\n            _scenarioContext.Pending();\r\n        }\r\n        \n        [Then(@"discharge predictions should be realistic")]\r\n        public void ThenDischargePredictionsShouldBeRealistic()\r\n        {\r\n            _scenarioContext.Pending();\r\n        }\r\n        \n        [Then(@"transition plans should be proactive")]\r\n        public void ThenTransitionPlansShouldBeProactive()\r\n        {\r\n            _scenarioContext.Pending();\r\n        }\r\n        \n        [Then(@"follow-up needs should be identified")]\r\n        public void ThenFollow_UpNeedsShouldBeIdentified()\r\n        {\r\n            _scenarioContext.Pending();\r\n        }\r\n        \n        [Then(@"continuity of care should be ensured")]\r\n        public void ThenContinuityOfCareShouldBeEnsured()\r\n        {\r\n            _scenarioContext.Pending();\r\n        }\r\n    }\r\n}\r\n
[xUnit.net 00:00:02.78]       Expected ((int)LastResponse!.StatusCode) to be 201, but found 404 (difference of 203).
[xUnit.net 00:00:02.78]       Stack Trace:
[xUnit.net 00:00:02.78]            at FluentAssertions.Execution.XUnit2TestFramework.Throw(String message)
[xUnit.net 00:00:02.78]            at FluentAssertions.Execution.TestFrameworkProvider.Throw(String message)
[xUnit.net 00:00:02.78]            at FluentAssertions.Execution.DefaultAssertionStrategy.HandleFailure(String message)
[xUnit.net 00:00:02.78]            at FluentAssertions.Execution.AssertionScope.FailWith(Func`1 failReasonFunc)
[xUnit.net 00:00:02.78]            at FluentAssertions.Execution.AssertionScope.FailWith(Func`1 failReasonFunc)
[xUnit.net 00:00:02.78]            at FluentAssertions.Execution.AssertionScope.FailWith(String message, Object[] args)
[xUnit.net 00:00:02.78]            at FluentAssertions.Numeric.NumericAssertions`2.Be(T expected, String because, Object[] becauseArgs)
[xUnit.net 00:00:02.78]         /home/srowe/workspace/pediatric-therapy-resource/api/Tests/BDD/StepDefinitions/BaseStepDefinitions.cs(72,0): at TherapyDocs.Api.Tests.BDD.StepDefinitions.BaseStepDefinitions.ThenTheResponseStatusShouldBe(Int32 statusCode)
[xUnit.net 00:00:02.78]         /home/srowe/workspace/pediatric-therapy-resource/api/Tests/BDD/StepDefinitions/CommonStepDefinitions.cs(55,0): at TherapyDocs.Api.Tests.BDD.StepDefinitions.CommonStepDefinitions.ThenTheResponseStatusShouldBeStep(Int32 statusCode)
[xUnit.net 00:00:02.78]            at InvokeStub_Action`2.Invoke(Object, Span`1)
[xUnit.net 00:00:02.78]            at System.Reflection.MethodBaseInvoker.InvokeWithFewArgs(Object obj, BindingFlags invokeAttr, Binder binder, Object[] parameters, CultureInfo culture)
[xUnit.net 00:00:02.78]            at TechTalk.SpecFlow.Bindings.BindingInvoker.InvokeBinding(IBinding binding, IContextManager contextManager, Object[] arguments, ITestTracer testTracer, TimeSpan& duration)
[xUnit.net 00:00:02.78]            at TechTalk.SpecFlow.Infrastructure.TestExecutionEngine.ExecuteStepMatch(BindingMatch match, Object[] arguments, TimeSpan& duration)
[xUnit.net 00:00:02.78]            at TechTalk.SpecFlow.Infrastructure.TestExecutionEngine.ExecuteStep(IContextManager contextManager, StepInstance stepInstance)
[xUnit.net 00:00:02.78]            at TechTalk.SpecFlow.Infrastructure.TestExecutionEngine.OnAfterLastStep()
[xUnit.net 00:00:02.78]            at TechTalk.SpecFlow.TestRunner.CollectScenarioErrors()
[xUnit.net 00:00:02.78]            at TherapyDocs.Api.Tests.BDD.Features.Therapy.VirtualToolsAPIEndpointsFR_024Feature.ScenarioCleanup()
[xUnit.net 00:00:02.78]         /home/srowe/workspace/pediatric-therapy-resource/api/Tests/BDD/Features/therapy/virtual-tools.feature(130,0): at TherapyDocs.Api.Tests.BDD.Features.Therapy.VirtualToolsAPIEndpointsFR_024Feature.CreateSharedWhiteboard()
[xUnit.net 00:00:02.78]            at System.RuntimeMethodHandle.InvokeMethod(Object target, Void** arguments, Signature sig, Boolean isConstructor)
[xUnit.net 00:00:02.78]            at System.Reflection.MethodBaseInvoker.InvokeWithNoArgs(Object obj, BindingFlags invokeAttr)
[xUnit.net 00:00:02.78]       Output:
[xUnit.net 00:00:02.78]         Given the API is available
[xUnit.net 00:00:02.78]         -> done: CommonStepDefinitions.GivenTheAPIIsAvailable() (0.0s)
[xUnit.net 00:00:02.78]         And I am authenticated as "therapist@clinic.com"
[xUnit.net 00:00:02.78]         -> done: CommonStepDefinitions.GivenIAmAuthenticatedAs("therapist@clinic.com") (0.0s)
[xUnit.net 00:00:02.78]         When I send a POST request to "/api/virtual/whiteboard/shared" with:
[xUnit.net 00:00:02.78]           --- table step argument ---
[xUnit.net 00:00:02.78]           | field        | value                      |
[xUnit.net 00:00:02.78]           | sessionId    | session-123                |
[xUnit.net 00:00:02.78]           | participants | ["therapist", "student"]   |
[xUnit.net 00:00:02.78]           | tools        | ["draw", "text", "shapes"] |
[xUnit.net 00:00:02.78]           | saveWork     | true                       |
[xUnit.net 00:00:02.78]         -> done: CommonStepDefinitions.WhenISendAPOSTRequestToWithStep("/api/virtual/whit...", <table>) (0.0s)
[xUnit.net 00:00:02.78]         Then the response status should be 201
[xUnit.net 00:00:02.78]         -> error: Expected ((int)LastResponse!.StatusCode) to be 201, but found 404 (difference of 203). (0.0s)
[xUnit.net 00:00:02.78]         And whiteboard should allow:
[xUnit.net 00:00:02.78]           --- table step argument ---
[xUnit.net 00:00:02.78]           | feature       | capability          |
[xUnit.net 00:00:02.78]           | collaboration | Real-time drawing   |
[xUnit.net 00:00:02.78]           | templates     | Pre-made activities |
[xUnit.net 00:00:02.78]           | export        | PDF or image        |
[xUnit.net 00:00:02.78]         -> No matching step definition found for the step. Use the following code to create one:
[xUnit.net 00:00:02.78]                 [Then(@"whiteboard should allow:")]
[xUnit.net 00:00:02.78]                 public void ThenWhiteboardShouldAllow(Table table)
[xUnit.net 00:00:02.78]                 {
[xUnit.net 00:00:02.78]                     _scenarioContext.Pending();
[xUnit.net 00:00:02.78]                 }
[xUnit.net 00:00:02.78]         
[13:32:17 INF] Starting TherapyDocs API
[13:32:17 INF] Starting TherapyDocs API
  Skipped Record compliance training completion [1 ms]
  Skipped Project staffing needs [1 ms]
  Skipped Clinical appropriateness validation for therapy materials [1 ms]
  Skipped Predict discharge readiness and transition timing [1 ms]
  Failed Create shared whiteboard [63 ms]
  Error Message:
   Expected ((int)LastResponse!.StatusCode) to be 201, but found 404 (difference of 203).
  Stack Trace:
     at FluentAssertions.Execution.XUnit2TestFramework.Throw(String message)
   at FluentAssertions.Execution.TestFrameworkProvider.Throw(String message)
   at FluentAssertions.Execution.DefaultAssertionStrategy.HandleFailure(String message)
   at FluentAssertions.Execution.AssertionScope.FailWith(Func`1 failReasonFunc)
   at FluentAssertions.Execution.AssertionScope.FailWith(Func`1 failReasonFunc)
   at FluentAssertions.Execution.AssertionScope.FailWith(String message, Object[] args)
   at FluentAssertions.Numeric.NumericAssertions`2.Be(T expected, String because, Object[] becauseArgs)
   at TherapyDocs.Api.Tests.BDD.StepDefinitions.BaseStepDefinitions.ThenTheResponseStatusShouldBe(Int32 statusCode) in /home/srowe/workspace/pediatric-therapy-resource/api/Tests/BDD/StepDefinitions/BaseStepDefinitions.cs:line 72
   at TherapyDocs.Api.Tests.BDD.StepDefinitions.CommonStepDefinitions.ThenTheResponseStatusShouldBeStep(Int32 statusCode) in /home/srowe/workspace/pediatric-therapy-resource/api/Tests/BDD/StepDefinitions/CommonStepDefinitions.cs:line 55
   at InvokeStub_Action`2.Invoke(Object, Span`1)
   at System.Reflection.MethodBaseInvoker.InvokeWithFewArgs(Object obj, BindingFlags invokeAttr, Binder binder, Object[] parameters, CultureInfo culture)
   at TechTalk.SpecFlow.Bindings.BindingInvoker.InvokeBinding(IBinding binding, IContextManager contextManager, Object[] arguments, ITestTracer testTracer, TimeSpan& duration)
   at TechTalk.SpecFlow.Infrastructure.TestExecutionEngine.ExecuteStepMatch(BindingMatch match, Object[] arguments, TimeSpan& duration)
   at TechTalk.SpecFlow.Infrastructure.TestExecutionEngine.ExecuteStep(IContextManager contextManager, StepInstance stepInstance)
   at TechTalk.SpecFlow.Infrastructure.TestExecutionEngine.OnAfterLastStep()
   at TechTalk.SpecFlow.TestRunner.CollectScenarioErrors()
   at TherapyDocs.Api.Tests.BDD.Features.Therapy.VirtualToolsAPIEndpointsFR_024Feature.ScenarioCleanup()
   at TherapyDocs.Api.Tests.BDD.Features.Therapy.VirtualToolsAPIEndpointsFR_024Feature.CreateSharedWhiteboard() in /home/srowe/workspace/pediatric-therapy-resource/api/Tests/BDD/Features/therapy/virtual-tools.feature:line 130
   at System.RuntimeMethodHandle.InvokeMethod(Object target, Void** arguments, Signature sig, Boolean isConstructor)
   at System.Reflection.MethodBaseInvoker.InvokeWithNoArgs(Object obj, BindingFlags invokeAttr)
  Standard Output Messages:
 Given the API is available
 -> done: CommonStepDefinitions.GivenTheAPIIsAvailable() (0.0s)
 And I am authenticated as "therapist@clinic.com"
 -> done: CommonStepDefinitions.GivenIAmAuthenticatedAs("therapist@clinic.com") (0.0s)
 When I send a POST request to "/api/virtual/whiteboard/shared" with:
   --- table step argument ---
   | field        | value                      |
   | sessionId    | session-123                |
   | participants | ["therapist", "student"]   |
   | tools        | ["draw", "text", "shapes"] |
   | saveWork     | true                       |
 -> done: CommonStepDefinitions.WhenISendAPOSTRequestToWithStep("/api/virtual/whit...", <table>) (0.0s)
 Then the response status should be 201
 -> error: Expected ((int)LastResponse!.StatusCode) to be 201, but found 404 (difference of 203). (0.0s)
 And whiteboard should allow:
   --- table step argument ---
   | feature       | capability          |
   | collaboration | Real-time drawing   |
   | templates     | Pre-made activities |
   | export        | PDF or image        |
 -> No matching step definition found for the step. Use the following code to create one:
         [Then(@"whiteboard should allow:")]
         public void ThenWhiteboardShouldAllow(Table table)
         {
             _scenarioContext.Pending();
         }
 


[xUnit.net 00:00:02.80]       Expected ((int)LastResponse!.StatusCode) to be 201, but found 404 (difference of 203).
[xUnit.net 00:00:02.80]       Stack Trace:
[xUnit.net 00:00:02.80]            at FluentAssertions.Execution.XUnit2TestFramework.Throw(String message)
[xUnit.net 00:00:02.80]            at FluentAssertions.Execution.TestFrameworkProvider.Throw(String message)
[xUnit.net 00:00:02.80]            at FluentAssertions.Execution.DefaultAssertionStrategy.HandleFailure(String message)
[xUnit.net 00:00:02.80]            at FluentAssertions.Execution.AssertionScope.FailWith(Func`1 failReasonFunc)
[xUnit.net 00:00:02.80]            at FluentAssertions.Execution.AssertionScope.FailWith(Func`1 failReasonFunc)
[xUnit.net 00:00:02.80]            at FluentAssertions.Execution.AssertionScope.FailWith(String message, Object[] args)
[xUnit.net 00:00:02.80]            at FluentAssertions.Numeric.NumericAssertions`2.Be(T expected, String because, Object[] becauseArgs)
[xUnit.net 00:00:02.80]         /home/srowe/workspace/pediatric-therapy-resource/api/Tests/BDD/StepDefinitions/BaseStepDefinitions.cs(72,0): at TherapyDocs.Api.Tests.BDD.StepDefinitions.BaseStepDefinitions.ThenTheResponseStatusShouldBe(Int32 statusCode)
[xUnit.net 00:00:02.80]         /home/srowe/workspace/pediatric-therapy-resource/api/Tests/BDD/StepDefinitions/CommonStepDefinitions.cs(55,0): at TherapyDocs.Api.Tests.BDD.StepDefinitions.CommonStepDefinitions.ThenTheResponseStatusShouldBeStep(Int32 statusCode)
[xUnit.net 00:00:02.80]            at InvokeStub_Action`2.Invoke(Object, Span`1)
[xUnit.net 00:00:02.80]            at System.Reflection.MethodBaseInvoker.InvokeWithFewArgs(Object obj, BindingFlags invokeAttr, Binder binder, Object[] parameters, CultureInfo culture)
[xUnit.net 00:00:02.80]            at TechTalk.SpecFlow.Bindings.BindingInvoker.InvokeBinding(IBinding binding, IContextManager contextManager, Object[] arguments, ITestTracer testTracer, TimeSpan& duration)
[xUnit.net 00:00:02.80]            at TechTalk.SpecFlow.Infrastructure.TestExecutionEngine.ExecuteStepMatch(BindingMatch match, Object[] arguments, TimeSpan& duration)
[xUnit.net 00:00:02.80]            at TechTalk.SpecFlow.Infrastructure.TestExecutionEngine.ExecuteStep(IContextManager contextManager, StepInstance stepInstance)
[xUnit.net 00:00:02.80]            at TechTalk.SpecFlow.Infrastructure.TestExecutionEngine.OnAfterLastStep()
[xUnit.net 00:00:02.80]            at TechTalk.SpecFlow.TestRunner.CollectScenarioErrors()
[xUnit.net 00:00:02.80]            at TherapyDocs.Api.Tests.BDD.Features.Integrations.ExternalIntegrationAPIEndpointsFR_022Feature.ScenarioCleanup()
[xUnit.net 00:00:02.80]         /home/srowe/workspace/pediatric-therapy-resource/api/Tests/BDD/Features/integrations/external-integrations.feature(194,0): at TherapyDocs.Api.Tests.BDD.Features.Integrations.ExternalIntegrationAPIEndpointsFR_022Feature.ConfigureWebhook()
[xUnit.net 00:00:02.80]            at System.RuntimeMethodHandle.InvokeMethod(Object target, Void** arguments, Signature sig, Boolean isConstructor)
[xUnit.net 00:00:02.80]            at System.Reflection.MethodBaseInvoker.InvokeWithNoArgs(Object obj, BindingFlags invokeAttr)
[xUnit.net 00:00:02.80]       Output:
[xUnit.net 00:00:02.80]         Given the API is available
[xUnit.net 00:00:02.80]         -> done: CommonStepDefinitions.GivenTheAPIIsAvailable() (0.0s)
[xUnit.net 00:00:02.80]         And I am authenticated as "therapist@clinic.com"
[xUnit.net 00:00:02.80]         -> done: CommonStepDefinitions.GivenIAmAuthenticatedAs("therapist@clinic.com") (0.0s)
[xUnit.net 00:00:02.80]         When I send a POST request to "/api/integrations/webhooks" with:
[xUnit.net 00:00:02.80]           --- table step argument ---
[xUnit.net 00:00:02.80]           | field  | value                                    |
[xUnit.net 00:00:02.80]           | url    | https://example.com/webhook              |
[xUnit.net 00:00:02.80]           | events | ["resource.created", "student.progress"] |
[xUnit.net 00:00:02.80]           | secret | webhook-secret                           |
[xUnit.net 00:00:02.80]           | active | true                                     |
[xUnit.net 00:00:02.80]         -> done: CommonStepDefinitions.WhenISendAPOSTRequestToWithStep("/api/integrations...", <table>) (0.0s)
[xUnit.net 00:00:02.80]         Then the response status should be 201
[xUnit.net 00:00:02.80]         -> error: Expected ((int)LastResponse!.StatusCode) to be 201, but found 404 (difference of 203). (0.2s)
[xUnit.net 00:00:02.80]         And webhook should be configured
[xUnit.net 00:00:02.80]         -> No matching step definition found for the step. Use the following code to create one:
[xUnit.net 00:00:02.80]                 [Then(@"webhook should be configured")]
[xUnit.net 00:00:02.80]                 public void ThenWebhookShouldBeConfigured()
[xUnit.net 00:00:02.80]                 {
[xUnit.net 00:00:02.80]                     _scenarioContext.Pending();
[xUnit.net 00:00:02.80]                 }
[xUnit.net 00:00:02.80]         
[xUnit.net 00:00:02.80]         And test payload should be sent
[xUnit.net 00:00:02.80]         -> No matching step definition found for the step. Use the following code to create one:
[xUnit.net 00:00:02.80]                 [Then(@"test payload should be sent")]
[xUnit.net 00:00:02.80]                 public void ThenTestPayloadShouldBeSent()
[xUnit.net 00:00:02.80]                 {
[xUnit.net 00:00:02.80]                     _scenarioContext.Pending();
[xUnit.net 00:00:02.80]                 }
[xUnit.net 00:00:02.80]         
[xUnit.net 00:00:02.80]       Expected ((int)LastResponse!.StatusCode) to be 200, but found 404 (difference of 204).
[xUnit.net 00:00:02.80]       Stack Trace:
[xUnit.net 00:00:02.80]            at FluentAssertions.Execution.XUnit2TestFramework.Throw(String message)
[xUnit.net 00:00:02.80]            at FluentAssertions.Execution.TestFrameworkProvider.Throw(String message)
[xUnit.net 00:00:02.80]            at FluentAssertions.Execution.DefaultAssertionStrategy.HandleFailure(String message)
[xUnit.net 00:00:02.80]            at FluentAssertions.Execution.AssertionScope.FailWith(Func`1 failReasonFunc)
[xUnit.net 00:00:02.80]            at FluentAssertions.Execution.AssertionScope.FailWith(Func`1 failReasonFunc)
[xUnit.net 00:00:02.80]            at FluentAssertions.Execution.AssertionScope.FailWith(String message, Object[] args)
[xUnit.net 00:00:02.80]            at FluentAssertions.Numeric.NumericAssertions`2.Be(T expected, String because, Object[] becauseArgs)
[xUnit.net 00:00:02.80]         /home/srowe/workspace/pediatric-therapy-resource/api/Tests/BDD/StepDefinitions/BaseStepDefinitions.cs(72,0): at TherapyDocs.Api.Tests.BDD.StepDefinitions.BaseStepDefinitions.ThenTheResponseStatusShouldBe(Int32 statusCode)
[xUnit.net 00:00:02.80]         /home/srowe/workspace/pediatric-therapy-resource/api/Tests/BDD/StepDefinitions/CommonStepDefinitions.cs(55,0): at TherapyDocs.Api.Tests.BDD.StepDefinitions.CommonStepDefinitions.ThenTheResponseStatusShouldBeStep(Int32 statusCode)
[xUnit.net 00:00:02.80]            at InvokeStub_Action`2.Invoke(Object, Span`1)
[xUnit.net 00:00:02.80]            at System.Reflection.MethodBaseInvoker.InvokeWithFewArgs(Object obj, BindingFlags invokeAttr, Binder binder, Object[] parameters, CultureInfo culture)
[xUnit.net 00:00:02.80]            at TechTalk.SpecFlow.Bindings.BindingInvoker.InvokeBinding(IBinding binding, IContextManager contextManager, Object[] arguments, ITestTracer testTracer, TimeSpan& duration)
[xUnit.net 00:00:02.80]            at TechTalk.SpecFlow.Infrastructure.TestExecutionEngine.ExecuteStepMatch(BindingMatch match, Object[] arguments, TimeSpan& duration)
[xUnit.net 00:00:02.80]            at TechTalk.SpecFlow.Infrastructure.TestExecutionEngine.ExecuteStep(IContextManager contextManager, StepInstance stepInstance)
[xUnit.net 00:00:02.80]            at TechTalk.SpecFlow.Infrastructure.TestExecutionEngine.OnAfterLastStep()
[xUnit.net 00:00:02.80]            at TechTalk.SpecFlow.TestRunner.CollectScenarioErrors()
[xUnit.net 00:00:02.80]            at TherapyDocs.Api.Tests.BDD.Features.Therapy.DocumentationHelpersAPIEndpointsFR_028Feature.ScenarioCleanup()
[xUnit.net 00:00:02.80]         /home/srowe/workspace/pediatric-therapy-resource/api/Tests/BDD/Features/therapy/documentation-helpers.feature(102,0): at TherapyDocs.Api.Tests.BDD.Features.Therapy.DocumentationHelpersAPIEndpointsFR_028Feature.CheckDocumentationCompliance()
[xUnit.net 00:00:02.80]            at System.RuntimeMethodHandle.InvokeMethod(Object target, Void** arguments, Signature sig, Boolean isConstructor)
[xUnit.net 00:00:02.80]            at System.Reflection.MethodBaseInvoker.InvokeWithNoArgs(Object obj, BindingFlags invokeAttr)
[xUnit.net 00:00:02.80]       Output:
[xUnit.net 00:00:02.80]         Given the API is available
[xUnit.net 00:00:02.80]         -> done: CommonStepDefinitions.GivenTheAPIIsAvailable() (0.0s)
[xUnit.net 00:00:02.80]         And I am authenticated as "therapist@clinic.com"
[xUnit.net 00:00:02.80]         -> done: CommonStepDefinitions.GivenIAmAuthenticatedAs("therapist@clinic.com") (0.0s)
[xUnit.net 00:00:02.80]         When I send a GET request to "/api/documentation/compliance-check/note-123"
[xUnit.net 00:00:02.80]         -> done: CommonStepDefinitions.WhenISendAGETRequestToStep("/api/documentatio...") (0.0s)
[xUnit.net 00:00:02.80]         Then the response status should be 200
[xUnit.net 00:00:02.80]         -> error: Expected ((int)LastResponse!.StatusCode) to be 200, but found 404 (difference of 204). (0.0s)
[xUnit.net 00:00:02.80]         And compliance check should show:
[xUnit.net 00:00:02.80]           --- table step argument ---
[xUnit.net 00:00:02.80]           | requirement      | status  | issue              |
[xUnit.net 00:00:02.80]           | medicalNecessity | pass    | null               |
[xUnit.net 00:00:02.80]           | skillsAddressed  | pass    | null               |
[xUnit.net 00:00:02.80]           | objectiveData    | warning | "Add measurements" |
[xUnit.net 00:00:02.80]           | signatureDate    | fail    | "Missing"          |
[xUnit.net 00:00:02.80]         -> No matching step definition found for the step. Use the following code to create one:
[xUnit.net 00:00:02.80]                 [Then(@"compliance check should show:")]
[xUnit.net 00:00:02.80]                 public void ThenComplianceCheckShouldShow(Table table)
[xUnit.net 00:00:02.80]                 {
[xUnit.net 00:00:02.80]                     _scenarioContext.Pending();
[xUnit.net 00:00:02.80]                 }
[xUnit.net 00:00:02.80]         
[xUnit.net 00:00:02.80]       Expected ((int)LastResponse!.StatusCode) to be 201, but found 404 (difference of 203).
[xUnit.net 00:00:02.80]       Stack Trace:
[xUnit.net 00:00:02.80]            at FluentAssertions.Execution.XUnit2TestFramework.Throw(String message)
[xUnit.net 00:00:02.80]            at FluentAssertions.Execution.TestFrameworkProvider.Throw(String message)
[xUnit.net 00:00:02.80]            at FluentAssertions.Execution.DefaultAssertionStrategy.HandleFailure(String message)
[xUnit.net 00:00:02.80]            at FluentAssertions.Execution.AssertionScope.FailWith(Func`1 failReasonFunc)
[xUnit.net 00:00:02.80]            at FluentAssertions.Execution.AssertionScope.FailWith(Func`1 failReasonFunc)
[xUnit.net 00:00:02.80]            at FluentAssertions.Execution.AssertionScope.FailWith(String message, Object[] args)
[xUnit.net 00:00:02.80]            at FluentAssertions.Numeric.NumericAssertions`2.Be(T expected, String because, Object[] becauseArgs)
[xUnit.net 00:00:02.80]         /home/srowe/workspace/pediatric-therapy-resource/api/Tests/BDD/StepDefinitions/BaseStepDefinitions.cs(72,0): at TherapyDocs.Api.Tests.BDD.StepDefinitions.BaseStepDefinitions.ThenTheResponseStatusShouldBe(Int32 statusCode)
[xUnit.net 00:00:02.80]         /home/srowe/workspace/pediatric-therapy-resource/api/Tests/BDD/StepDefinitions/CommonStepDefinitions.cs(55,0): at TherapyDocs.Api.Tests.BDD.StepDefinitions.CommonStepDefinitions.ThenTheResponseStatusShouldBeStep(Int32 statusCode)
[xUnit.net 00:00:02.80]            at InvokeStub_Action`2.Invoke(Object, Span`1)
[xUnit.net 00:00:02.80]            at System.Reflection.MethodBaseInvoker.InvokeWithFewArgs(Object obj, BindingFlags invokeAttr, Binder binder, Object[] parameters, CultureInfo culture)
[xUnit.net 00:00:02.80]            at TechTalk.SpecFlow.Bindings.BindingInvoker.InvokeBinding(IBinding binding, IContextManager contextManager, Object[] arguments, ITestTracer testTracer, TimeSpan& duration)
[xUnit.net 00:00:02.80]            at TechTalk.SpecFlow.Infrastructure.TestExecutionEngine.ExecuteStepMatch(BindingMatch match, Object[] arguments, TimeSpan& duration)
[xUnit.net 00:00:02.80]            at TechTalk.SpecFlow.Infrastructure.TestExecutionEngine.ExecuteStep(IContextManager contextManager, StepInstance stepInstance)
[xUnit.net 00:00:02.80]            at TechTalk.SpecFlow.Infrastructure.TestExecutionEngine.OnAfterLastStep()
[xUnit.net 00:00:02.80]            at TechTalk.SpecFlow.TestRunner.CollectScenarioErrors()
[xUnit.net 00:00:02.80]            at TherapyDocs.Api.Tests.BDD.Features.Therapy.AdultTherapyResourcesAPIEndpointsFR_016Feature.ScenarioCleanup()
[xUnit.net 00:00:02.80]         /home/srowe/workspace/pediatric-therapy-resource/api/Tests/BDD/Features/therapy/adult-therapy.feature(132,0): at TherapyDocs.Api.Tests.BDD.Features.Therapy.AdultTherapyResourcesAPIEndpointsFR_016Feature.CreateIndependentLivingCurriculum()
[xUnit.net 00:00:02.80]            at System.RuntimeMethodHandle.InvokeMethod(Object target, Void** arguments, Signature sig, Boolean isConstructor)
[xUnit.net 00:00:02.80]            at System.Reflection.MethodBaseInvoker.InvokeWithNoArgs(Object obj, BindingFlags invokeAttr)
[xUnit.net 00:00:02.80]       Output:
[xUnit.net 00:00:02.80]         Given the API is available
[xUnit.net 00:00:02.80]         -> done: CommonStepDefinitions.GivenTheAPIIsAvailable() (0.0s)
[xUnit.net 00:00:02.80]         And I am authenticated as "therapist@clinic.com"
[xUnit.net 00:00:02.80]         -> done: CommonStepDefinitions.GivenIAmAuthenticatedAs("therapist@clinic.com") (0.0s)
[xUnit.net 00:00:02.80]         When I send a POST request to "/api/resources/adult/independent-living" with:
[xUnit.net 00:00:02.80]           --- table step argument ---
[xUnit.net 00:00:02.80]           | field          | value                                |
[xUnit.net 00:00:02.80]           | focusAreas     | ["money", "medication", "meal-prep"] |
[xUnit.net 00:00:02.80]           | cognitiveLevel | mild-impairment                      |
[xUnit.net 00:00:02.80]           | setting        | assisted-living                      |
[xUnit.net 00:00:02.80]         -> done: CommonStepDefinitions.WhenISendAPOSTRequestToWithStep("/api/resources/ad...", <table>) (0.0s)
[xUnit.net 00:00:02.80]         Then the response status should be 201
[xUnit.net 00:00:02.80]         -> error: Expected ((int)LastResponse!.StatusCode) to be 201, but found 404 (difference of 203). (0.0s)
[xUnit.net 00:00:02.80]         And curriculum should contain:
[xUnit.net 00:00:02.80]           --- table step argument ---
[xUnit.net 00:00:02.80]           | module     | activities            |
[xUnit.net 00:00:02.80]           | moneyMgmt  | Budgeting worksheets  |
[xUnit.net 00:00:02.80]           | medication | Pill box organization |
[xUnit.net 00:00:02.80]           | mealPrep   | Simple recipe cards   |
[xUnit.net 00:00:02.80]           | safety     | Emergency procedures  |
[xUnit.net 00:00:02.80]         -> No matching step definition found for the step. Use the following code to create one:
[xUnit.net 00:00:02.80]                 [Then(@"curriculum should contain:")]
[xUnit.net 00:00:02.80]                 public void ThenCurriculumShouldContain(Table table)
[xUnit.net 00:00:02.80]                 {
[xUnit.net 00:00:02.80]                     _scenarioContext.Pending();
[xUnit.net 00:00:02.80]                 }
[xUnit.net 00:00:02.80]         
[xUnit.net 00:00:02.80]     Track patient outcome progress [SKIP]
[xUnit.net 00:00:02.80]       No matching step definition found for one or more steps.\nusing System;\r\nusing TechTalk.SpecFlow;\r\n\r\nnamespace MyNamespace\r\n{\r\n    [Binding]\r\n    public class StepDefinitions\r\n    {\r\n        private readonly ScenarioContext _scenarioContext;\r\n\r\n        public StepDefinitions(ScenarioContext scenarioContext)\r\n        {\r\n            _scenarioContext = scenarioContext;\r\n        }\r\n        [Given(@"patient ""(.*)"" has multiple assessments")]\r\n        public void GivenPatientHasMultipleAssessments(string p0)\r\n        {\r\n            _scenarioContext.Pending();\r\n        }\r\n    }\r\n}\r\n
[xUnit.net 00:00:02.80]     Ensure sustainable quality management and continuous improvement [SKIP]
[xUnit.net 00:00:02.80]       No matching step definition found for one or more steps.\nusing System;\r\nusing TechTalk.SpecFlow;\r\n\r\nnamespace MyNamespace\r\n{\r\n    [Binding]\r\n    public class StepDefinitions\r\n    {\r\n        private readonly ScenarioContext _scenarioContext;\r\n\r\n        public StepDefinitions(ScenarioContext scenarioContext)\r\n        {\r\n            _scenarioContext = scenarioContext;\r\n        }\r\n        [Given(@"quality rating system is configured")]\r\n        public void GivenQualityRatingSystemIsConfigured()\r\n        {\r\n            _scenarioContext.Pending();\r\n        }\r\n        \n        [Given(@"review collection is implemented")]\r\n        public void GivenReviewCollectionIsImplemented()\r\n        {\r\n            _scenarioContext.Pending();\r\n        }\r\n        \n        [Given(@"rating algorithms are established")]\r\n        public void GivenRatingAlgorithmsAreEstablished()\r\n        {\r\n            _scenarioContext.Pending();\r\n        }\r\n        \n        [Given(@"quality standards are defined")]\r\n        public void GivenQualityStandardsAreDefined()\r\n        {\r\n            _scenarioContext.Pending();\r\n        }\r\n        \n        [Given(@"moderation tools are available")]\r\n        public void GivenModerationToolsAreAvailable()\r\n        {\r\n            _scenarioContext.Pending();\r\n        }\r\n        \n        [Given(@"quality systems require long-term sustainability")]\r\n        public void GivenQualitySystemsRequireLong_TermSustainability()\r\n        {\r\n            _scenarioContext.Pending();\r\n        }\r\n        \n        [When(@"planning quality sustainability:")]\r\n        public void WhenPlanningQualitySustainability(Table table)\r\n        {\r\n            _scenarioContext.Pending();\r\n        }\r\n        \n        [Then(@"sustainability should be systematically planned")]\r\n        public void ThenSustainabilityShouldBeSystematicallyPlanned()\r\n        {\r\n            _scenarioContext.Pending();\r\n        }\r\n        \n        [Then(@"improvement should be continuous")]\r\n        public void ThenImprovementShouldBeContinuous()\r\n        {\r\n            _scenarioContext.Pending();\r\n        }\r\n        \n        [Then(@"resources should be adequate")]\r\n        public void ThenResourcesShouldBeAdequate()\r\n        {\r\n            _scenarioContext.Pending();\r\n        }\r\n        \n        [Then(@"long-term viability should be ensured")]\r\n        public void ThenLong_TermViabilityShouldBeEnsured()\r\n        {\r\n            _scenarioContext.Pending();\r\n        }\r\n    }\r\n}\r\n
  Failed Configure webhook [383 ms]
  Error Message:
   Expected ((int)LastResponse!.StatusCode) to be 201, but found 404 (difference of 203).
  Stack Trace:
     at FluentAssertions.Execution.XUnit2TestFramework.Throw(String message)
   at FluentAssertions.Execution.TestFrameworkProvider.Throw(String message)
   at FluentAssertions.Execution.DefaultAssertionStrategy.HandleFailure(String message)
   at FluentAssertions.Execution.AssertionScope.FailWith(Func`1 failReasonFunc)
   at FluentAssertions.Execution.AssertionScope.FailWith(Func`1 failReasonFunc)
   at FluentAssertions.Execution.AssertionScope.FailWith(String message, Object[] args)
   at FluentAssertions.Numeric.NumericAssertions`2.Be(T expected, String because, Object[] becauseArgs)
   at TherapyDocs.Api.Tests.BDD.StepDefinitions.BaseStepDefinitions.ThenTheResponseStatusShouldBe(Int32 statusCode) in /home/srowe/workspace/pediatric-therapy-resource/api/Tests/BDD/StepDefinitions/BaseStepDefinitions.cs:line 72
   at TherapyDocs.Api.Tests.BDD.StepDefinitions.CommonStepDefinitions.ThenTheResponseStatusShouldBeStep(Int32 statusCode) in /home/srowe/workspace/pediatric-therapy-resource/api/Tests/BDD/StepDefinitions/CommonStepDefinitions.cs:line 55
   at InvokeStub_Action`2.Invoke(Object, Span`1)
   at System.Reflection.MethodBaseInvoker.InvokeWithFewArgs(Object obj, BindingFlags invokeAttr, Binder binder, Object[] parameters, CultureInfo culture)
   at TechTalk.SpecFlow.Bindings.BindingInvoker.InvokeBinding(IBinding binding, IContextManager contextManager, Object[] arguments, ITestTracer testTracer, TimeSpan& duration)
   at TechTalk.SpecFlow.Infrastructure.TestExecutionEngine.ExecuteStepMatch(BindingMatch match, Object[] arguments, TimeSpan& duration)
   at TechTalk.SpecFlow.Infrastructure.TestExecutionEngine.ExecuteStep(IContextManager contextManager, StepInstance stepInstance)
   at TechTalk.SpecFlow.Infrastructure.TestExecutionEngine.OnAfterLastStep()
   at TechTalk.SpecFlow.TestRunner.CollectScenarioErrors()
   at TherapyDocs.Api.Tests.BDD.Features.Integrations.ExternalIntegrationAPIEndpointsFR_022Feature.ScenarioCleanup()
   at TherapyDocs.Api.Tests.BDD.Features.Integrations.ExternalIntegrationAPIEndpointsFR_022Feature.ConfigureWebhook() in /home/srowe/workspace/pediatric-therapy-resource/api/Tests/BDD/Features/integrations/external-integrations.feature:line 194
   at System.RuntimeMethodHandle.InvokeMethod(Object target, Void** arguments, Signature sig, Boolean isConstructor)
   at System.Reflection.MethodBaseInvoker.InvokeWithNoArgs(Object obj, BindingFlags invokeAttr)
  Standard Output Messages:
 Given the API is available
 -> done: CommonStepDefinitions.GivenTheAPIIsAvailable() (0.0s)
 And I am authenticated as "therapist@clinic.com"
 -> done: CommonStepDefinitions.GivenIAmAuthenticatedAs("therapist@clinic.com") (0.0s)
 When I send a POST request to "/api/integrations/webhooks" with:
   --- table step argument ---
   | field  | value                                    |
   | url    | https://example.com/webhook              |
   | events | ["resource.created", "student.progress"] |
   | secret | webhook-secret                           |
   | active | true                                     |
 -> done: CommonStepDefinitions.WhenISendAPOSTRequestToWithStep("/api/integrations...", <table>) (0.0s)
 Then the response status should be 201
 -> error: Expected ((int)LastResponse!.StatusCode) to be 201, but found 404 (difference of 203). (0.2s)
 And webhook should be configured
 -> No matching step definition found for the step. Use the following code to create one:
         [Then(@"webhook should be configured")]
         public void ThenWebhookShouldBeConfigured()
         {
             _scenarioContext.Pending();
         }
 
 And test payload should be sent
 -> No matching step definition found for the step. Use the following code to create one:
         [Then(@"test payload should be sent")]
         public void ThenTestPayloadShouldBeSent()
         {
             _scenarioContext.Pending();
         }
 


  Failed Check documentation compliance [52 ms]
  Error Message:
   Expected ((int)LastResponse!.StatusCode) to be 200, but found 404 (difference of 204).
  Stack Trace:
     at FluentAssertions.Execution.XUnit2TestFramework.Throw(String message)
   at FluentAssertions.Execution.TestFrameworkProvider.Throw(String message)
   at FluentAssertions.Execution.DefaultAssertionStrategy.HandleFailure(String message)
   at FluentAssertions.Execution.AssertionScope.FailWith(Func`1 failReasonFunc)
   at FluentAssertions.Execution.AssertionScope.FailWith(Func`1 failReasonFunc)
   at FluentAssertions.Execution.AssertionScope.FailWith(String message, Object[] args)
   at FluentAssertions.Numeric.NumericAssertions`2.Be(T expected, String because, Object[] becauseArgs)
   at TherapyDocs.Api.Tests.BDD.StepDefinitions.BaseStepDefinitions.ThenTheResponseStatusShouldBe(Int32 statusCode) in /home/srowe/workspace/pediatric-therapy-resource/api/Tests/BDD/StepDefinitions/BaseStepDefinitions.cs:line 72
   at TherapyDocs.Api.Tests.BDD.StepDefinitions.CommonStepDefinitions.ThenTheResponseStatusShouldBeStep(Int32 statusCode) in /home/srowe/workspace/pediatric-therapy-resource/api/Tests/BDD/StepDefinitions/CommonStepDefinitions.cs:line 55
   at InvokeStub_Action`2.Invoke(Object, Span`1)
   at System.Reflection.MethodBaseInvoker.InvokeWithFewArgs(Object obj, BindingFlags invokeAttr, Binder binder, Object[] parameters, CultureInfo culture)
   at TechTalk.SpecFlow.Bindings.BindingInvoker.InvokeBinding(IBinding binding, IContextManager contextManager, Object[] arguments, ITestTracer testTracer, TimeSpan& duration)
   at TechTalk.SpecFlow.Infrastructure.TestExecutionEngine.ExecuteStepMatch(BindingMatch match, Object[] arguments, TimeSpan& duration)
   at TechTalk.SpecFlow.Infrastructure.TestExecutionEngine.ExecuteStep(IContextManager contextManager, StepInstance stepInstance)
   at TechTalk.SpecFlow.Infrastructure.TestExecutionEngine.OnAfterLastStep()
   at TechTalk.SpecFlow.TestRunner.CollectScenarioErrors()
   at TherapyDocs.Api.Tests.BDD.Features.Therapy.DocumentationHelpersAPIEndpointsFR_028Feature.ScenarioCleanup()
   at TherapyDocs.Api.Tests.BDD.Features.Therapy.DocumentationHelpersAPIEndpointsFR_028Feature.CheckDocumentationCompliance() in /home/srowe/workspace/pediatric-therapy-resource/api/Tests/BDD/Features/therapy/documentation-helpers.feature:line 102
   at System.RuntimeMethodHandle.InvokeMethod(Object target, Void** arguments, Signature sig, Boolean isConstructor)
   at System.Reflection.MethodBaseInvoker.InvokeWithNoArgs(Object obj, BindingFlags invokeAttr)
  Standard Output Messages:
 Given the API is available
 -> done: CommonStepDefinitions.GivenTheAPIIsAvailable() (0.0s)
 And I am authenticated as "therapist@clinic.com"
 -> done: CommonStepDefinitions.GivenIAmAuthenticatedAs("therapist@clinic.com") (0.0s)
 When I send a GET request to "/api/documentation/compliance-check/note-123"
 -> done: CommonStepDefinitions.WhenISendAGETRequestToStep("/api/documentatio...") (0.0s)
 Then the response status should be 200
 -> error: Expected ((int)LastResponse!.StatusCode) to be 200, but found 404 (difference of 204). (0.0s)
 And compliance check should show:
   --- table step argument ---
   | requirement      | status  | issue              |
   | medicalNecessity | pass    | null               |
   | skillsAddressed  | pass    | null               |
   | objectiveData    | warning | "Add measurements" |
   | signatureDate    | fail    | "Missing"          |
 -> No matching step definition found for the step. Use the following code to create one:
         [Then(@"compliance check should show:")]
         public void ThenComplianceCheckShouldShow(Table table)
         {
             _scenarioContext.Pending();
         }
 


  Failed Create independent living curriculum [48 ms]
  Error Message:
   Expected ((int)LastResponse!.StatusCode) to be 201, but found 404 (difference of 203).
  Stack Trace:
     at FluentAssertions.Execution.XUnit2TestFramework.Throw(String message)
   at FluentAssertions.Execution.TestFrameworkProvider.Throw(String message)
   at FluentAssertions.Execution.DefaultAssertionStrategy.HandleFailure(String message)
   at FluentAssertions.Execution.AssertionScope.FailWith(Func`1 failReasonFunc)
   at FluentAssertions.Execution.AssertionScope.FailWith(Func`1 failReasonFunc)
   at FluentAssertions.Execution.AssertionScope.FailWith(String message, Object[] args)
   at FluentAssertions.Numeric.NumericAssertions`2.Be(T expected, String because, Object[] becauseArgs)
   at TherapyDocs.Api.Tests.BDD.StepDefinitions.BaseStepDefinitions.ThenTheResponseStatusShouldBe(Int32 statusCode) in /home/srowe/workspace/pediatric-therapy-resource/api/Tests/BDD/StepDefinitions/BaseStepDefinitions.cs:line 72
   at TherapyDocs.Api.Tests.BDD.StepDefinitions.CommonStepDefinitions.ThenTheResponseStatusShouldBeStep(Int32 statusCode) in /home/srowe/workspace/pediatric-therapy-resource/api/Tests/BDD/StepDefinitions/CommonStepDefinitions.cs:line 55
   at InvokeStub_Action`2.Invoke(Object, Span`1)
   at System.Reflection.MethodBaseInvoker.InvokeWithFewArgs(Object obj, BindingFlags invokeAttr, Binder binder, Object[] parameters, CultureInfo culture)
   at TechTalk.SpecFlow.Bindings.BindingInvoker.InvokeBinding(IBinding binding, IContextManager contextManager, Object[] arguments, ITestTracer testTracer, TimeSpan& duration)
   at TechTalk.SpecFlow.Infrastructure.TestExecutionEngine.ExecuteStepMatch(BindingMatch match, Object[] arguments, TimeSpan& duration)
   at TechTalk.SpecFlow.Infrastructure.TestExecutionEngine.ExecuteStep(IContextManager contextManager, StepInstance stepInstance)
   at TechTalk.SpecFlow.Infrastructure.TestExecutionEngine.OnAfterLastStep()
   at TechTalk.SpecFlow.TestRunner.CollectScenarioErrors()
   at TherapyDocs.Api.Tests.BDD.Features.Therapy.AdultTherapyResourcesAPIEndpointsFR_016Feature.ScenarioCleanup()
   at TherapyDocs.Api.Tests.BDD.Features.Therapy.AdultTherapyResourcesAPIEndpointsFR_016Feature.CreateIndependentLivingCurriculum() in /home/srowe/workspace/pediatric-therapy-resource/api/Tests/BDD/Features/therapy/adult-therapy.feature:line 132
   at System.RuntimeMethodHandle.InvokeMethod(Object target, Void** arguments, Signature sig, Boolean isConstructor)
   at System.Reflection.MethodBaseInvoker.InvokeWithNoArgs(Object obj, BindingFlags invokeAttr)
  Standard Output Messages:
 Given the API is available
 -> done: CommonStepDefinitions.GivenTheAPIIsAvailable() (0.0s)
 And I am authenticated as "therapist@clinic.com"
 -> done: CommonStepDefinitions.GivenIAmAuthenticatedAs("therapist@clinic.com") (0.0s)
 When I send a POST request to "/api/resources/adult/independent-living" with:
   --- table step argument ---
   | field          | value                                |
   | focusAreas     | ["money", "medication", "meal-prep"] |
   | cognitiveLevel | mild-impairment                      |
   | setting        | assisted-living                      |
 -> done: CommonStepDefinitions.WhenISendAPOSTRequestToWithStep("/api/resources/ad...", <table>) (0.0s)
 Then the response status should be 201
 -> error: Expected ((int)LastResponse!.StatusCode) to be 201, but found 404 (difference of 203). (0.0s)
 And curriculum should contain:
   --- table step argument ---
   | module     | activities            |
   | moneyMgmt  | Budgeting worksheets  |
   | medication | Pill box organization |
   | mealPrep   | Simple recipe cards   |
   | safety     | Emergency procedures  |
 -> No matching step definition found for the step. Use the following code to create one:
         [Then(@"curriculum should contain:")]
         public void ThenCurriculumShouldContain(Table table)
         {
             _scenarioContext.Pending();
         }
 


  Skipped Track patient outcome progress [1 ms]
  Skipped Ensure sustainable quality management and continuous improvement [1 ms]
[xUnit.net 00:00:02.81]       Expected ((int)LastResponse!.StatusCode) to be 200, but found 404 (difference of 204).
[xUnit.net 00:00:02.81]       Stack Trace:
[13:32:17 INF] Starting TherapyDocs API
[13:32:17 INF] Starting TherapyDocs API
[xUnit.net 00:00:02.81]            at FluentAssertions.Execution.XUnit2TestFramework.Throw(String message)
[xUnit.net 00:00:02.81]            at FluentAssertions.Execution.TestFrameworkProvider.Throw(String message)
[xUnit.net 00:00:02.81]            at FluentAssertions.Execution.DefaultAssertionStrategy.HandleFailure(String message)
[xUnit.net 00:00:02.81]            at FluentAssertions.Execution.AssertionScope.FailWith(Func`1 failReasonFunc)
[xUnit.net 00:00:02.81]            at FluentAssertions.Execution.AssertionScope.FailWith(Func`1 failReasonFunc)
[xUnit.net 00:00:02.81]            at FluentAssertions.Execution.AssertionScope.FailWith(String message, Object[] args)
[xUnit.net 00:00:02.81]            at FluentAssertions.Numeric.NumericAssertions`2.Be(T expected, String because, Object[] becauseArgs)
[xUnit.net 00:00:02.81]         /home/srowe/workspace/pediatric-therapy-resource/api/Tests/BDD/StepDefinitions/BaseStepDefinitions.cs(72,0): at TherapyDocs.Api.Tests.BDD.StepDefinitions.BaseStepDefinitions.ThenTheResponseStatusShouldBe(Int32 statusCode)
[xUnit.net 00:00:02.81]         /home/srowe/workspace/pediatric-therapy-resource/api/Tests/BDD/StepDefinitions/CommonStepDefinitions.cs(55,0): at TherapyDocs.Api.Tests.BDD.StepDefinitions.CommonStepDefinitions.ThenTheResponseStatusShouldBeStep(Int32 statusCode)
[xUnit.net 00:00:02.81]            at InvokeStub_Action`2.Invoke(Object, Span`1)
[xUnit.net 00:00:02.81]            at System.Reflection.MethodBaseInvoker.InvokeWithFewArgs(Object obj, BindingFlags invokeAttr, Binder binder, Object[] parameters, CultureInfo culture)
[xUnit.net 00:00:02.81]            at TechTalk.SpecFlow.Bindings.BindingInvoker.InvokeBinding(IBinding binding, IContextManager contextManager, Object[] arguments, ITestTracer testTracer, TimeSpan& duration)
[xUnit.net 00:00:02.81]            at TechTalk.SpecFlow.Infrastructure.TestExecutionEngine.ExecuteStepMatch(BindingMatch match, Object[] arguments, TimeSpan& duration)
[xUnit.net 00:00:02.81]            at TechTalk.SpecFlow.Infrastructure.TestExecutionEngine.ExecuteStep(IContextManager contextManager, StepInstance stepInstance)
[xUnit.net 00:00:02.81]            at TechTalk.SpecFlow.Infrastructure.TestExecutionEngine.OnAfterLastStep()
[xUnit.net 00:00:02.81]            at TechTalk.SpecFlow.TestRunner.CollectScenarioErrors()
[xUnit.net 00:00:02.81]            at TherapyDocs.Api.Tests.BDD.Features.Integrations.ExternalIntegrationAPIEndpointsFR_022Feature.ScenarioCleanup()
[xUnit.net 00:00:02.81]         /home/srowe/workspace/pediatric-therapy-resource/api/Tests/BDD/Features/integrations/external-integrations.feature(15,0): at TherapyDocs.Api.Tests.BDD.Features.Integrations.ExternalIntegrationAPIEndpointsFR_022Feature.ListAvailableIntegrations()
[xUnit.net 00:00:02.81]            at System.RuntimeMethodHandle.InvokeMethod(Object target, Void** arguments, Signature sig, Boolean isConstructor)
[xUnit.net 00:00:02.81]            at System.Reflection.MethodBaseInvoker.InvokeWithNoArgs(Object obj, BindingFlags invokeAttr)
[xUnit.net 00:00:02.81]       Output:
[xUnit.net 00:00:02.81]         Given the API is available
[xUnit.net 00:00:02.81]         -> done: CommonStepDefinitions.GivenTheAPIIsAvailable() (0.0s)
[xUnit.net 00:00:02.81]         And I am authenticated as "therapist@clinic.com"
[xUnit.net 00:00:02.81]         -> done: CommonStepDefinitions.GivenIAmAuthenticatedAs("therapist@clinic.com") (0.0s)
[xUnit.net 00:00:02.81]         When I send a GET request to "/api/integrations/available"
[xUnit.net 00:00:02.81]         -> done: CommonStepDefinitions.WhenISendAGETRequestToStep("/api/integrations...") (0.0s)
[xUnit.net 00:00:02.81]         Then the response status should be 200
[xUnit.net 00:00:02.81]         -> error: Expected ((int)LastResponse!.StatusCode) to be 200, but found 404 (difference of 204). (0.0s)
[xUnit.net 00:00:02.81]         And the response should contain array of:
[xUnit.net 00:00:02.81]           --- table step argument ---
[xUnit.net 00:00:02.81]           | field         | type    |
[xUnit.net 00:00:02.81]           | integrationId | string  |
[xUnit.net 00:00:02.81]           | name          | string  |
[xUnit.net 00:00:02.81]           | category      | string  |
[xUnit.net 00:00:02.81]           | description   | string  |
[xUnit.net 00:00:02.81]           | status        | string  |
[xUnit.net 00:00:02.81]           | configured    | boolean |
[xUnit.net 00:00:02.81]         -> skipped because of previous errors
[xUnit.net 00:00:02.81]     Ensure sustainable analytics and dashboard systems [SKIP]
[xUnit.net 00:00:02.81]       No matching step definition found for one or more steps.\nusing System;\r\nusing TechTalk.SpecFlow;\r\n\r\nnamespace MyNamespace\r\n{\r\n    [Binding]\r\n    public class StepDefinitions\r\n    {\r\n        private readonly ScenarioContext _scenarioContext;\r\n\r\n        public StepDefinitions(ScenarioContext scenarioContext)\r\n        {\r\n            _scenarioContext = scenarioContext;\r\n        }\r\n        [Given(@"seller analytics system is configured")]\r\n        public void GivenSellerAnalyticsSystemIsConfigured()\r\n        {\r\n            _scenarioContext.Pending();\r\n        }\r\n        \n        [Given(@"data collection is comprehensive")]\r\n        public void GivenDataCollectionIsComprehensive()\r\n        {\r\n            _scenarioContext.Pending();\r\n        }\r\n        \n        [Given(@"visualization tools are available")]\r\n        public void GivenVisualizationToolsAreAvailable()\r\n        {\r\n            _scenarioContext.Pending();\r\n        }\r\n        \n        [Given(@"reporting capabilities are functional")]\r\n        public void GivenReportingCapabilitiesAreFunctional()\r\n        {\r\n            _scenarioContext.Pending();\r\n        }\r\n        \n        [Given(@"performance metrics are tracked")]\r\n        public void GivenPerformanceMetricsAreTracked()\r\n        {\r\n            _scenarioContext.Pending();\r\n        }\r\n        \n        [Given(@"analytics systems require long-term sustainability")]\r\n        public void GivenAnalyticsSystemsRequireLong_TermSustainability()\r\n        {\r\n            _scenarioContext.Pending();\r\n        }\r\n        \n        [When(@"planning sustainability:")]\r\n        public void WhenPlanningSustainability(Table table)\r\n        {\r\n            _scenarioContext.Pending();\r\n        }\r\n        \n        [Then(@"sustainability should be systematically planned")]\r\n        public void ThenSustainabilityShouldBeSystematicallyPlanned()\r\n        {\r\n            _scenarioContext.Pending();\r\n        }\r\n        \n        [Then(@"scalability should be built-in")]\r\n        public void ThenScalabilityShouldBeBuilt_In()\r\n        {\r\n            _scenarioContext.Pending();\r\n        }\r\n        \n        [Then(@"user needs should drive development")]\r\n        public void ThenUserNeedsShouldDriveDevelopment()\r\n        {\r\n            _scenarioContext.Pending();\r\n        }\r\n        \n        [Then(@"long-term success should be ensured")]\r\n        public void ThenLong_TermSuccessShouldBeEnsured()\r\n        {\r\n            _scenarioContext.Pending();\r\n        }\r\n    }\r\n}\r\n
[xUnit.net 00:00:02.83]     Manage offline synchronization and eventual consistency [SKIP]
[xUnit.net 00:00:02.83]       No matching step definition found for one or more steps.\nusing System;\r\nusing TechTalk.SpecFlow;\r\n\r\nnamespace MyNamespace\r\n{\r\n    [Binding]\r\n    public class StepDefinitions\r\n    {\r\n        private readonly ScenarioContext _scenarioContext;\r\n\r\n        public StepDefinitions(ScenarioContext scenarioContext)\r\n        {\r\n            _scenarioContext = scenarioContext;\r\n        }\r\n        [Given(@"external service monitoring is active")]\r\n        public void GivenExternalServiceMonitoringIsActive()\r\n        {\r\n            _scenarioContext.Pending();\r\n        }\r\n        \n        [Given(@"fallback mechanisms are implemented")]\r\n        public void GivenFallbackMechanismsAreImplemented()\r\n        {\r\n            _scenarioContext.Pending();\r\n        }\r\n        \n        [Given(@"service health checks are configured")]\r\n        public void GivenServiceHealthChecksAreConfigured()\r\n        {\r\n            _scenarioContext.Pending();\r\n        }\r\n        \n        [Given(@"circuit breaker patterns are deployed")]\r\n        public void GivenCircuitBreakerPatternsAreDeployed()\r\n        {\r\n            _scenarioContext.Pending();\r\n        }\r\n        \n        [Given(@"error handling workflows are established")]\r\n        public void GivenErrorHandlingWorkflowsAreEstablished()\r\n        {\r\n            _scenarioContext.Pending();\r\n        }\r\n        \n        [Given(@"external services may be temporarily unavailable")]\r\n        public void GivenExternalServicesMayBeTemporarilyUnavailable()\r\n        {\r\n            _scenarioContext.Pending();\r\n        }\r\n        \n        [Given(@"offline sync enables continued operation")]\r\n        public void GivenOfflineSyncEnablesContinuedOperation()\r\n        {\r\n            _scenarioContext.Pending();\r\n        }\r\n        \n        [When(@"managing offline synchronization:")]\r\n        public void WhenManagingOfflineSynchronization(Table table)\r\n        {\r\n            _scenarioContext.Pending();\r\n        }\r\n        \n        [Then(@"offline operation should be seamless")]\r\n        public void ThenOfflineOperationShouldBeSeamless()\r\n        {\r\n            _scenarioContext.Pending();\r\n        }\r\n        \n        [Then(@"synchronization should be reliable")]\r\n        public void ThenSynchronizationShouldBeReliable()\r\n        {\r\n            _scenarioContext.Pending();\r\n        }\r\n        \n        [Then(@"conflicts should be resolved appropriately")]\r\n        public void ThenConflictsShouldBeResolvedAppropriately()\r\n        {\r\n            _scenarioContext.Pending();\r\n        }\r\n        \n        [Then(@"recovery should be automatic")]\r\n        public void ThenRecoveryShouldBeAutomatic()\r\n        {\r\n            _scenarioContext.Pending();\r\n        }\r\n    }\r\n}\r\n
[13:32:17 INF] Starting TherapyDocs API
[13:32:17 INF] Starting TherapyDocs API
[xUnit.net 00:00:02.84]     Export user data for GDPR request [SKIP]
[xUnit.net 00:00:02.84]       No matching step definition found for one or more steps.\nusing System;\r\nusing TechTalk.SpecFlow;\r\n\r\nnamespace MyNamespace\r\n{\r\n    [Binding]\r\n    public class StepDefinitions\r\n    {\r\n        private readonly ScenarioContext _scenarioContext;\r\n\r\n        public StepDefinitions(ScenarioContext scenarioContext)\r\n        {\r\n            _scenarioContext = scenarioContext;\r\n        }\r\n        [Given(@"I am authenticated")]\r\n        public void GivenIAmAuthenticated()\r\n        {\r\n            _scenarioContext.Pending();\r\n        }\r\n    }\r\n}\r\n
[xUnit.net 00:00:02.85]       Expected ((int)LastResponse!.StatusCode) to be 200, but found 404 (difference of 204).
[xUnit.net 00:00:02.86]       Stack Trace:
[xUnit.net 00:00:02.86]            at FluentAssertions.Execution.XUnit2TestFramework.Throw(String message)
[xUnit.net 00:00:02.86]            at FluentAssertions.Execution.TestFrameworkProvider.Throw(String message)
[xUnit.net 00:00:02.86]            at FluentAssertions.Execution.DefaultAssertionStrategy.HandleFailure(String message)
[xUnit.net 00:00:02.86]            at FluentAssertions.Execution.AssertionScope.FailWith(Func`1 failReasonFunc)
[xUnit.net 00:00:02.86]            at FluentAssertions.Execution.AssertionScope.FailWith(Func`1 failReasonFunc)
[xUnit.net 00:00:02.86]            at FluentAssertions.Execution.AssertionScope.FailWith(String message, Object[] args)
[xUnit.net 00:00:02.86]            at FluentAssertions.Numeric.NumericAssertions`2.Be(T expected, String because, Object[] becauseArgs)
[xUnit.net 00:00:02.86]         /home/srowe/workspace/pediatric-therapy-resource/api/Tests/BDD/StepDefinitions/BaseStepDefinitions.cs(72,0): at TherapyDocs.Api.Tests.BDD.StepDefinitions.BaseStepDefinitions.ThenTheResponseStatusShouldBe(Int32 statusCode)
[xUnit.net 00:00:02.86]         /home/srowe/workspace/pediatric-therapy-resource/api/Tests/BDD/StepDefinitions/CommonStepDefinitions.cs(55,0): at TherapyDocs.Api.Tests.BDD.StepDefinitions.CommonStepDefinitions.ThenTheResponseStatusShouldBeStep(Int32 statusCode)
[xUnit.net 00:00:02.86]            at InvokeStub_Action`2.Invoke(Object, Span`1)
[xUnit.net 00:00:02.86]            at System.Reflection.MethodBaseInvoker.InvokeWithFewArgs(Object obj, BindingFlags invokeAttr, Binder binder, Object[] parameters, CultureInfo culture)
[xUnit.net 00:00:02.86]            at TechTalk.SpecFlow.Bindings.BindingInvoker.InvokeBinding(IBinding binding, IContextManager contextManager, Object[] arguments, ITestTracer testTracer, TimeSpan& duration)
[xUnit.net 00:00:02.86]            at TechTalk.SpecFlow.Infrastructure.TestExecutionEngine.ExecuteStepMatch(BindingMatch match, Object[] arguments, TimeSpan& duration)
[xUnit.net 00:00:02.86]            at TechTalk.SpecFlow.Infrastructure.TestExecutionEngine.ExecuteStep(IContextManager contextManager, StepInstance stepInstance)
[xUnit.net 00:00:02.86]            at TechTalk.SpecFlow.Infrastructure.TestExecutionEngine.OnAfterLastStep()
[xUnit.net 00:00:02.86]            at TechTalk.SpecFlow.TestRunner.CollectScenarioErrors()
[xUnit.net 00:00:02.86]            at TherapyDocs.Api.Tests.BDD.Features.Integrations.ExternalIntegrationAPIEndpointsFR_022Feature.ScenarioCleanup()
[xUnit.net 00:00:02.86]         /home/srowe/workspace/pediatric-therapy-resource/api/Tests/BDD/Features/integrations/external-integrations.feature(34,0): at TherapyDocs.Api.Tests.BDD.Features.Integrations.ExternalIntegrationAPIEndpointsFR_022Feature.ConnectEHRSystem()
[xUnit.net 00:00:02.86]            at System.RuntimeMethodHandle.InvokeMethod(Object target, Void** arguments, Signature sig, Boolean isConstructor)
[xUnit.net 00:00:02.86]            at System.Reflection.MethodBaseInvoker.InvokeWithNoArgs(Object obj, BindingFlags invokeAttr)
[xUnit.net 00:00:02.86]       Output:
[xUnit.net 00:00:02.86]         Given the API is available
[xUnit.net 00:00:02.86]         -> done: CommonStepDefinitions.GivenTheAPIIsAvailable() (0.0s)
[xUnit.net 00:00:02.86]         And I am authenticated as "therapist@clinic.com"
[xUnit.net 00:00:02.86]         -> done: CommonStepDefinitions.GivenIAmAuthenticatedAs("therapist@clinic.com") (0.0s)
[xUnit.net 00:00:02.86]         When I send a POST request to "/api/integrations/ehr/connect" with:
[xUnit.net 00:00:02.86]           --- table step argument ---
[xUnit.net 00:00:02.86]           | field       | value                 |
[xUnit.net 00:00:02.86]           | provider    | SimplePractice        |
[xUnit.net 00:00:02.86]           | apiKey      | encrypted-api-key     |
[xUnit.net 00:00:02.86]           | practiceId  | practice-123          |
[xUnit.net 00:00:02.86]           | syncOptions | ["sessions", "notes"] |
[xUnit.net 00:00:02.86]         -> done: CommonStepDefinitions.WhenISendAPOSTRequestToWithStep("/api/integrations...", <table>) (0.0s)
[xUnit.net 00:00:02.86]         Then the response status should be 200
[xUnit.net 00:00:02.86]         -> error: Expected ((int)LastResponse!.StatusCode) to be 200, but found 404 (difference of 204). (0.0s)
[xUnit.net 00:00:02.86]         And the response should contain:
[xUnit.net 00:00:02.86]           --- table step argument ---
[xUnit.net 00:00:02.86]           | field        | type   |
[xUnit.net 00:00:02.86]           | connectionId | string |
[xUnit.net 00:00:02.86]           | status       | string |
[xUnit.net 00:00:02.86]           | lastSync     | string |
[xUnit.net 00:00:02.86]           | capabilities | array  |
[xUnit.net 00:00:02.86]         -> skipped because of previous errors
  Failed List available integrations [27 ms]
  Error Message:
   Expected ((int)LastResponse!.StatusCode) to be 200, but found 404 (difference of 204).
  Stack Trace:
     at FluentAssertions.Execution.XUnit2TestFramework.Throw(String message)
   at FluentAssertions.Execution.TestFrameworkProvider.Throw(String message)
   at FluentAssertions.Execution.DefaultAssertionStrategy.HandleFailure(String message)
   at FluentAssertions.Execution.AssertionScope.FailWith(Func`1 failReasonFunc)
   at FluentAssertions.Execution.AssertionScope.FailWith(Func`1 failReasonFunc)
   at FluentAssertions.Execution.AssertionScope.FailWith(String message, Object[] args)
   at FluentAssertions.Numeric.NumericAssertions`2.Be(T expected, String because, Object[] becauseArgs)
   at TherapyDocs.Api.Tests.BDD.StepDefinitions.BaseStepDefinitions.ThenTheResponseStatusShouldBe(Int32 statusCode) in /home/srowe/workspace/pediatric-therapy-resource/api/Tests/BDD/StepDefinitions/BaseStepDefinitions.cs:line 72
   at TherapyDocs.Api.Tests.BDD.StepDefinitions.CommonStepDefinitions.ThenTheResponseStatusShouldBeStep(Int32 statusCode) in /home/srowe/workspace/pediatric-therapy-resource/api/Tests/BDD/StepDefinitions/CommonStepDefinitions.cs:line 55
   at InvokeStub_Action`2.Invoke(Object, Span`1)
   at System.Reflection.MethodBaseInvoker.InvokeWithFewArgs(Object obj, BindingFlags invokeAttr, Binder binder, Object[] parameters, CultureInfo culture)
   at TechTalk.SpecFlow.Bindings.BindingInvoker.InvokeBinding(IBinding binding, IContextManager contextManager, Object[] arguments, ITestTracer testTracer, TimeSpan& duration)
   at TechTalk.SpecFlow.Infrastructure.TestExecutionEngine.ExecuteStepMatch(BindingMatch match, Object[] arguments, TimeSpan& duration)
   at TechTalk.SpecFlow.Infrastructure.TestExecutionEngine.ExecuteStep(IContextManager contextManager, StepInstance stepInstance)
   at TechTalk.SpecFlow.Infrastructure.TestExecutionEngine.OnAfterLastStep()
   at TechTalk.SpecFlow.TestRunner.CollectScenarioErrors()
   at TherapyDocs.Api.Tests.BDD.Features.Integrations.ExternalIntegrationAPIEndpointsFR_022Feature.ScenarioCleanup()
   at TherapyDocs.Api.Tests.BDD.Features.Integrations.ExternalIntegrationAPIEndpointsFR_022Feature.ListAvailableIntegrations() in /home/srowe/workspace/pediatric-therapy-resource/api/Tests/BDD/Features/integrations/external-integrations.feature:line 15
   at System.RuntimeMethodHandle.InvokeMethod(Object target, Void** arguments, Signature sig, Boolean isConstructor)
   at System.Reflection.MethodBaseInvoker.InvokeWithNoArgs(Object obj, BindingFlags invokeAttr)
  Standard Output Messages:
 Given the API is available
 -> done: CommonStepDefinitions.GivenTheAPIIsAvailable() (0.0s)
 And I am authenticated as "therapist@clinic.com"
 -> done: CommonStepDefinitions.GivenIAmAuthenticatedAs("therapist@clinic.com") (0.0s)
 When I send a GET request to "/api/integrations/available"
 -> done: CommonStepDefinitions.WhenISendAGETRequestToStep("/api/integrations...") (0.0s)
 Then the response status should be 200
 -> error: Expected ((int)LastResponse!.StatusCode) to be 200, but found 404 (difference of 204). (0.0s)
 And the response should contain array of:
   --- table step argument ---
   | field         | type    |
   | integrationId | string  |
   | name          | string  |
   | category      | string  |
   | description   | string  |
   | status        | string  |
   | configured    | boolean |
 -> skipped because of previous errors


  Skipped Ensure sustainable analytics and dashboard systems [1 ms]
  Skipped Manage offline synchronization and eventual consistency [1 ms]
  Skipped Export user data for GDPR request [1 ms]
  Failed Connect EHR system [30 ms]
  Error Message:
   Expected ((int)LastResponse!.StatusCode) to be 200, but found 404 (difference of 204).
  Stack Trace:
     at FluentAssertions.Execution.XUnit2TestFramework.Throw(String message)
   at FluentAssertions.Execution.TestFrameworkProvider.Throw(String message)
   at FluentAssertions.Execution.DefaultAssertionStrategy.HandleFailure(String message)
   at FluentAssertions.Execution.AssertionScope.FailWith(Func`1 failReasonFunc)
   at FluentAssertions.Execution.AssertionScope.FailWith(Func`1 failReasonFunc)
   at FluentAssertions.Execution.AssertionScope.FailWith(String message, Object[] args)
   at FluentAssertions.Numeric.NumericAssertions`2.Be(T expected, String because, Object[] becauseArgs)
   at TherapyDocs.Api.Tests.BDD.StepDefinitions.BaseStepDefinitions.ThenTheResponseStatusShouldBe(Int32 statusCode) in /home/srowe/workspace/pediatric-therapy-resource/api/Tests/BDD/StepDefinitions/BaseStepDefinitions.cs:line 72
   at TherapyDocs.Api.Tests.BDD.StepDefinitions.CommonStepDefinitions.ThenTheResponseStatusShouldBeStep(Int32 statusCode) in /home/srowe/workspace/pediatric-therapy-resource/api/Tests/BDD/StepDefinitions/CommonStepDefinitions.cs:line 55
   at InvokeStub_Action`2.Invoke(Object, Span`1)
   at System.Reflection.MethodBaseInvoker.InvokeWithFewArgs(Object obj, BindingFlags invokeAttr, Binder binder, Object[] parameters, CultureInfo culture)
   at TechTalk.SpecFlow.Bindings.BindingInvoker.InvokeBinding(IBinding binding, IContextManager contextManager, Object[] arguments, ITestTracer testTracer, TimeSpan& duration)
   at TechTalk.SpecFlow.Infrastructure.TestExecutionEngine.ExecuteStepMatch(BindingMatch match, Object[] arguments, TimeSpan& duration)
   at TechTalk.SpecFlow.Infrastructure.TestExecutionEngine.ExecuteStep(IContextManager contextManager, StepInstance stepInstance)
   at TechTalk.SpecFlow.Infrastructure.TestExecutionEngine.OnAfterLastStep()
   at TechTalk.SpecFlow.TestRunner.CollectScenarioErrors()
   at TherapyDocs.Api.Tests.BDD.Features.Integrations.ExternalIntegrationAPIEndpointsFR_022Feature.ScenarioCleanup()
   at TherapyDocs.Api.Tests.BDD.Features.Integrations.ExternalIntegrationAPIEndpointsFR_022Feature.ConnectEHRSystem() in /home/srowe/workspace/pediatric-therapy-resource/api/Tests/BDD/Features/integrations/external-integrations.feature:line 34
   at System.RuntimeMethodHandle.InvokeMethod(Object target, Void** arguments, Signature sig, Boolean isConstructor)
   at System.Reflection.MethodBaseInvoker.InvokeWithNoArgs(Object obj, BindingFlags invokeAttr)
  Standard Output Messages:
 Given the API is available
 -> done: CommonStepDefinitions.GivenTheAPIIsAvailable() (0.0s)
 And I am authenticated as "therapist@clinic.com"
 -> done: CommonStepDefinitions.GivenIAmAuthenticatedAs("therapist@clinic.com") (0.0s)
 When I send a POST request to "/api/integrations/ehr/connect" with:
   --- table step argument ---
   | field       | value                 |
   | provider    | SimplePractice        |
   | apiKey      | encrypted-api-key     |
   | practiceId  | practice-123          |
   | syncOptions | ["sessions", "notes"] |
 -> done: CommonStepDefinitions.WhenISendAPOSTRequestToWithStep("/api/integrations...", <table>) (0.0s)
 Then the response status should be 200
 -> error: Expected ((int)LastResponse!.StatusCode) to be 200, but found 404 (difference of 204). (0.0s)
 And the response should contain:
   --- table step argument ---
   | field        | type   |
   | connectionId | string |
   | status       | string |
   | lastSync     | string |
   | capabilities | array  |
 -> skipped because of previous errors


[xUnit.net 00:00:02.86]     Develop Positive Behavior Support plans [SKIP]
[xUnit.net 00:00:02.86]       No matching step definition found for one or more steps.\nusing System;\r\nusing TechTalk.SpecFlow;\r\n\r\nnamespace MyNamespace\r\n{\r\n    [Binding]\r\n    public class StepDefinitions\r\n    {\r\n        private readonly ScenarioContext _scenarioContext;\r\n\r\n        public StepDefinitions(ScenarioContext scenarioContext)\r\n        {\r\n            _scenarioContext = scenarioContext;\r\n        }\r\n        [Given(@"specialized therapy protocols are available")]\r\n        public void GivenSpecializedTherapyProtocolsAreAvailable()\r\n        {\r\n            _scenarioContext.Pending();\r\n        }\r\n        \n        [Given(@"clinical procedures are documented")]\r\n        public void GivenClinicalProceduresAreDocumented()\r\n        {\r\n            _scenarioContext.Pending();\r\n        }\r\n        \n        [Given(@"fidelity tracking is enabled")]\r\n        public void GivenFidelityTrackingIsEnabled()\r\n        {\r\n            _scenarioContext.Pending();\r\n        }\r\n        \n        [Given(@"outcome measurements are integrated")]\r\n        public void GivenOutcomeMeasurementsAreIntegrated()\r\n        {\r\n            _scenarioContext.Pending();\r\n        }\r\n        \n        [Given(@"training requirements are defined")]\r\n        public void GivenTrainingRequirementsAreDefined()\r\n        {\r\n            _scenarioContext.Pending();\r\n        }\r\n        \n        [Given(@"PBS focuses on quality of life improvements")]\r\n        public void GivenPBSFocusesOnQualityOfLifeImprovements()\r\n        {\r\n            _scenarioContext.Pending();\r\n        }\r\n        \n        [Given(@"interventions are function-based")]\r\n        public void GivenInterventionsAreFunction_Based()\r\n        {\r\n            _scenarioContext.Pending();\r\n        }\r\n        \n        [When(@"implementing PBS protocol:")]\r\n        public void WhenImplementingPBSProtocol(Table table)\r\n        {\r\n            _scenarioContext.Pending();\r\n        }\r\n        \n        [Then(@"challenging behaviors should decrease")]\r\n        public void ThenChallengingBehaviorsShouldDecrease()\r\n        {\r\n            _scenarioContext.Pending();\r\n        }\r\n        \n        [Then(@"replacement skills should increase")]\r\n        public void ThenReplacementSkillsShouldIncrease()\r\n        {\r\n            _scenarioContext.Pending();\r\n        }\r\n        \n        [Then(@"quality of life should improve")]\r\n        public void ThenQualityOfLifeShouldImprove()\r\n        {\r\n            _scenarioContext.Pending();\r\n        }\r\n        \n        [Then(@"systems should support success")]\r\n        public void ThenSystemsShouldSupportSuccess()\r\n        {\r\n            _scenarioContext.Pending();\r\n        }\r\n    }\r\n}\r\n
[xUnit.net 00:00:02.88]     Implement business rule validation and domain-specific constraints [SKIP]
[xUnit.net 00:00:02.88]       No matching step definition found for one or more steps.\nusing System;\r\nusing TechTalk.SpecFlow;\r\n\r\nnamespace MyNamespace\r\n{\r\n    [Binding]\r\n    public class StepDefinitions\r\n    {\r\n        private readonly ScenarioContext _scenarioContext;\r\n\r\n        public StepDefinitions(ScenarioContext scenarioContext)\r\n        {\r\n            _scenarioContext = scenarioContext;\r\n        }\r\n        [Given(@"input validation systems are configured")]\r\n        public void GivenInputValidationSystemsAreConfigured()\r\n        {\r\n            _scenarioContext.Pending();\r\n        }\r\n        \n        [Given(@"security filters are active")]\r\n        public void GivenSecurityFiltersAreActive()\r\n        {\r\n            _scenarioContext.Pending();\r\n        }\r\n        \n        [Given(@"validation rules are established")]\r\n        public void GivenValidationRulesAreEstablished()\r\n        {\r\n            _scenarioContext.Pending();\r\n        }\r\n        \n        [Given(@"sanitization mechanisms are implemented")]\r\n        public void GivenSanitizationMechanismsAreImplemented()\r\n        {\r\n            _scenarioContext.Pending();\r\n        }\r\n        \n        [Given(@"error handling workflows are operational")]\r\n        public void GivenErrorHandlingWorkflowsAreOperational()\r\n        {\r\n            _scenarioContext.Pending();\r\n        }\r\n        \n        [Given(@"business rules ensure data consistency and validity")]\r\n        public void GivenBusinessRulesEnsureDataConsistencyAndValidity()\r\n        {\r\n            _scenarioContext.Pending();\r\n        }\r\n        \n        [Given(@"domain-specific validation maintains data integrity")]\r\n        public void GivenDomain_SpecificValidationMaintainsDataIntegrity()\r\n        {\r\n            _scenarioContext.Pending();\r\n        }\r\n        \n        [When(@"implementing business rule validation:")]\r\n        public void WhenImplementingBusinessRuleValidation(Table table)\r\n        {\r\n            _scenarioContext.Pending();\r\n        }\r\n        \n        [Then(@"business rules should be consistently enforced")]\r\n        public void ThenBusinessRulesShouldBeConsistentlyEnforced()\r\n        {\r\n            _scenarioContext.Pending();\r\n        }\r\n        \n        [Then(@"validation should reflect real-world constraints")]\r\n        public void ThenValidationShouldReflectReal_WorldConstraints()\r\n        {\r\n            _scenarioContext.Pending();\r\n        }\r\n        \n        [Then(@"error handling should guide correct input")]\r\n        public void ThenErrorHandlingShouldGuideCorrectInput()\r\n        {\r\n            _scenarioContext.Pending();\r\n        }\r\n        \n        [Then(@"compliance should be maintained")]\r\n        public void ThenComplianceShouldBeMaintained()\r\n        {\r\n            _scenarioContext.Pending();\r\n        }\r\n    }\r\n}\r\n
[xUnit.net 00:00:02.88]     Handle partial connectivity errors and maintain service reliability [SKIP]
[xUnit.net 00:00:02.88]       No matching step definition found for one or more steps.\nusing System;\r\nusing TechTalk.SpecFlow;\r\n\r\nnamespace MyNamespace\r\n{\r\n    [Binding]\r\n    public class StepDefinitions\r\n    {\r\n        private readonly ScenarioContext _scenarioContext;\r\n\r\n        public StepDefinitions(ScenarioContext scenarioContext)\r\n        {\r\n            _scenarioContext = scenarioContext;\r\n        }\r\n        [Given(@"network quality monitoring is active")]\r\n        public void GivenNetworkQualityMonitoringIsActive()\r\n        {\r\n            _scenarioContext.Pending();\r\n        }\r\n        \n        [Given(@"adaptive performance systems are implemented")]\r\n        public void GivenAdaptivePerformanceSystemsAreImplemented()\r\n        {\r\n            _scenarioContext.Pending();\r\n        }\r\n        \n        [Given(@"degraded connectivity detection is functional")]\r\n        public void GivenDegradedConnectivityDetectionIsFunctional()\r\n        {\r\n            _scenarioContext.Pending();\r\n        }\r\n        \n        [Given(@"user notification systems are configured")]\r\n        public void GivenUserNotificationSystemsAreConfigured()\r\n        {\r\n            _scenarioContext.Pending();\r\n        }\r\n        \n        [Given(@"progressive enhancement capabilities are available")]\r\n        public void GivenProgressiveEnhancementCapabilitiesAreAvailable()\r\n        {\r\n            _scenarioContext.Pending();\r\n        }\r\n        \n        [Given(@"partial connectivity creates unique error conditions")]\r\n        public void GivenPartialConnectivityCreatesUniqueErrorConditions()\r\n        {\r\n            _scenarioContext.Pending();\r\n        }\r\n        \n        [When(@"partial connectivity errors occur:")]\r\n        public void WhenPartialConnectivityErrorsOccur(Table table)\r\n        {\r\n            _scenarioContext.Pending();\r\n        }\r\n        \n        [Then(@"errors should be handled gracefully")]\r\n        public void ThenErrorsShouldBeHandledGracefully()\r\n        {\r\n            _scenarioContext.Pending();\r\n        }\r\n        \n        [Then(@"resolution should be timely")]\r\n        public void ThenResolutionShouldBeTimely()\r\n        {\r\n            _scenarioContext.Pending();\r\n        }\r\n        \n        [Then(@"impact should be minimized")]\r\n        public void ThenImpactShouldBeMinimized()\r\n        {\r\n            _scenarioContext.Pending();\r\n        }\r\n        \n        [Then(@"prevention should be systematic")]\r\n        public void ThenPreventionShouldBeSystematic()\r\n        {\r\n            _scenarioContext.Pending();\r\n        }\r\n    }\r\n}\r\n
[xUnit.net 00:00:02.88]     Ensure sustainable backup and recovery operations [SKIP]
[xUnit.net 00:00:02.88]       No matching step definition found for one or more steps.\nusing System;\r\nusing TechTalk.SpecFlow;\r\n\r\nnamespace MyNamespace\r\n{\r\n    [Binding]\r\n    public class StepDefinitions\r\n    {\r\n        private readonly ScenarioContext _scenarioContext;\r\n\r\n        public StepDefinitions(ScenarioContext scenarioContext)\r\n        {\r\n            _scenarioContext = scenarioContext;\r\n        }\r\n        [Given(@"backup systems are configured and operational")]\r\n        public void GivenBackupSystemsAreConfiguredAndOperational()\r\n        {\r\n            _scenarioContext.Pending();\r\n        }\r\n        \n        [Given(@"disaster recovery procedures are established")]\r\n        public void GivenDisasterRecoveryProceduresAreEstablished()\r\n        {\r\n            _scenarioContext.Pending();\r\n        }\r\n        \n        [Given(@"recovery testing is regularly performed")]\r\n        public void GivenRecoveryTestingIsRegularlyPerformed()\r\n        {\r\n            _scenarioContext.Pending();\r\n        }\r\n        \n        [Given(@"backup monitoring is active")]\r\n        public void GivenBackupMonitoringIsActive()\r\n        {\r\n            _scenarioContext.Pending();\r\n        }\r\n        \n        [Given(@"compliance requirements are defined")]\r\n        public void GivenComplianceRequirementsAreDefined()\r\n        {\r\n            _scenarioContext.Pending();\r\n        }\r\n        \n        [Given(@"backup and recovery require long-term sustainability")]\r\n        public void GivenBackupAndRecoveryRequireLong_TermSustainability()\r\n        {\r\n            _scenarioContext.Pending();\r\n        }\r\n        \n        [When(@"planning backup sustainability:")]\r\n        public void WhenPlanningBackupSustainability(Table table)\r\n        {\r\n            _scenarioContext.Pending();\r\n        }\r\n        \n        [Then(@"sustainability should be systematically planned")]\r\n        public void ThenSustainabilityShouldBeSystematicallyPlanned()\r\n        {\r\n            _scenarioContext.Pending();\r\n        }\r\n        \n        [Then(@"strategies should address long-term challenges")]\r\n        public void ThenStrategiesShouldAddressLong_TermChallenges()\r\n        {\r\n            _scenarioContext.Pending();\r\n        }\r\n        \n        [Then(@"resources should scale with growth")]\r\n        public void ThenResourcesShouldScaleWithGrowth()\r\n        {\r\n            _scenarioContext.Pending();\r\n        }\r\n        \n        [Then(@"viability should be ensured")]\r\n        public void ThenViabilityShouldBeEnsured()\r\n        {\r\n            _scenarioContext.Pending();\r\n        }\r\n    }\r\n}\r\n
[xUnit.net 00:00:02.88]     Implement secure synchronization and protect data in transit [SKIP]
[xUnit.net 00:00:02.88]       No matching step definition found for one or more steps.\nusing System;\r\nusing TechTalk.SpecFlow;\r\n\r\nnamespace MyNamespace\r\n{\r\n    [Binding]\r\n    public class StepDefinitions\r\n    {\r\n        private readonly ScenarioContext _scenarioContext;\r\n\r\n        public StepDefinitions(ScenarioContext scenarioContext)\r\n        {\r\n            _scenarioContext = scenarioContext;\r\n        }\r\n        [Given(@"cross-device synchronization is enabled")]\r\n        public void GivenCross_DeviceSynchronizationIsEnabled()\r\n        {\r\n            _scenarioContext.Pending();\r\n        }\r\n        \n        [Given(@"multi-device support systems are operational")]\r\n        public void GivenMulti_DeviceSupportSystemsAreOperational()\r\n        {\r\n            _scenarioContext.Pending();\r\n        }\r\n        \n        [Given(@"device registration and management are available")]\r\n        public void GivenDeviceRegistrationAndManagementAreAvailable()\r\n        {\r\n            _scenarioContext.Pending();\r\n        }\r\n        \n        [Given(@"conflict resolution mechanisms are implemented")]\r\n        public void GivenConflictResolutionMechanismsAreImplemented()\r\n        {\r\n            _scenarioContext.Pending();\r\n        }\r\n        \n        [Given(@"secure sync protocols are configured")]\r\n        public void GivenSecureSyncProtocolsAreConfigured()\r\n        {\r\n            _scenarioContext.Pending();\r\n        }\r\n        \n        [Given(@"sync data may contain sensitive information")]\r\n        public void GivenSyncDataMayContainSensitiveInformation()\r\n        {\r\n            _scenarioContext.Pending();\r\n        }\r\n        \n        [Given(@"secure transmission prevents unauthorized access")]\r\n        public void GivenSecureTransmissionPreventsUnauthorizedAccess()\r\n        {\r\n            _scenarioContext.Pending();\r\n        }\r\n        \n        [When(@"implementing sync security:")]\r\n        public void WhenImplementingSyncSecurity(Table table)\r\n        {\r\n            _scenarioContext.Pending();\r\n        }\r\n        \n        [Then(@"security should be comprehensive")]\r\n        public void ThenSecurityShouldBeComprehensive()\r\n        {\r\n            _scenarioContext.Pending();\r\n        }\r\n        \n        [Then(@"encryption should be strong")]\r\n        public void ThenEncryptionShouldBeStrong()\r\n        {\r\n            _scenarioContext.Pending();\r\n        }\r\n        \n        [Then(@"authentication should be multi-layered")]\r\n        public void ThenAuthenticationShouldBeMulti_Layered()\r\n        {\r\n            _scenarioContext.Pending();\r\n        }\r\n        \n        [Then(@"auditing should be complete")]\r\n        public void ThenAuditingShouldBeComplete()\r\n        {\r\n            _scenarioContext.Pending();\r\n        }\r\n    }\r\n}\r\n
  Skipped Develop Positive Behavior Support plans [1 ms]
  Skipped Implement business rule validation and domain-specific constraints [1 ms]
  Skipped Handle partial connectivity errors and maintain service reliability [1 ms]
  Skipped Ensure sustainable backup and recovery operations [1 ms]
  Skipped Implement secure synchronization and protect data in transit [1 ms]
[xUnit.net 00:00:02.88]     Provide language accessibility and multilingual error support [SKIP]
[xUnit.net 00:00:02.88]       No matching step definition found for one or more steps.\nusing System;\r\nusing TechTalk.SpecFlow;\r\n\r\nnamespace MyNamespace\r\n{\r\n    [Binding]\r\n    public class StepDefinitions\r\n    {\r\n        private readonly ScenarioContext _scenarioContext;\r\n\r\n        public StepDefinitions(ScenarioContext scenarioContext)\r\n        {\r\n            _scenarioContext = scenarioContext;\r\n        }\r\n        [Given(@"accessibility error handling systems are active")]\r\n        public void GivenAccessibilityErrorHandlingSystemsAreActive()\r\n        {\r\n            _scenarioContext.Pending();\r\n        }\r\n        \n        [Given(@"inclusive design principles are implemented")]\r\n        public void GivenInclusiveDesignPrinciplesAreImplemented()\r\n        {\r\n            _scenarioContext.Pending();\r\n        }\r\n        \n        [Given(@"assistive technology integration is functional")]\r\n        public void GivenAssistiveTechnologyIntegrationIsFunctional()\r\n        {\r\n            _scenarioContext.Pending();\r\n        }\r\n        \n        [Given(@"accessibility compliance monitoring is operational")]\r\n        public void GivenAccessibilityComplianceMonitoringIsOperational()\r\n        {\r\n            _scenarioContext.Pending();\r\n        }\r\n        \n        [Given(@"user accommodation systems are available")]\r\n        public void GivenUserAccommodationSystemsAreAvailable()\r\n        {\r\n            _scenarioContext.Pending();\r\n        }\r\n        \n        [Given(@"language differences affect error comprehension")]\r\n        public void GivenLanguageDifferencesAffectErrorComprehension()\r\n        {\r\n            _scenarioContext.Pending();\r\n        }\r\n        \n        [Given(@"multilingual support ensures global accessibility")]\r\n        public void GivenMultilingualSupportEnsuresGlobalAccessibility()\r\n        {\r\n            _scenarioContext.Pending();\r\n        }\r\n        \n        [When(@"providing language accessibility:")]\r\n        public void WhenProvidingLanguageAccessibility(Table table)\r\n        {\r\n            _scenarioContext.Pending();\r\n        }\r\n        \n        [Then(@"language support should be comprehensive")]\r\n        public void ThenLanguageSupportShouldBeComprehensive()\r\n        {\r\n            _scenarioContext.Pending();\r\n        }\r\n        \n        [Then(@"translation should be accurate")]\r\n        public void ThenTranslationShouldBeAccurate()\r\n        {\r\n            _scenarioContext.Pending();\r\n        }\r\n        \n        [Then(@"adaptation should be culturally appropriate")]\r\n        public void ThenAdaptationShouldBeCulturallyAppropriate()\r\n        {\r\n            _scenarioContext.Pending();\r\n        }\r\n        \n        [Then(@"reading levels should be appropriate")]\r\n        public void ThenReadingLevelsShouldBeAppropriate()\r\n        {\r\n            _scenarioContext.Pending();\r\n        }\r\n    }\r\n}\r\n
[xUnit.net 00:00:02.88]     Enforce file upload size and type restrictions [SKIP]
[xUnit.net 00:00:02.88]       No matching step definition found for one or more steps.\nusing System;\r\nusing TechTalk.SpecFlow;\r\n\r\nnamespace MyNamespace\r\n{\r\n    [Binding]\r\n    public class StepDefinitions\r\n    {\r\n        private readonly ScenarioContext _scenarioContext;\r\n\r\n        public StepDefinitions(ScenarioContext scenarioContext)\r\n        {\r\n            _scenarioContext = scenarioContext;\r\n        }\r\n        [Given(@"resource limit management is configured")]\r\n        public void GivenResourceLimitManagementIsConfigured()\r\n        {\r\n            _scenarioContext.Pending();\r\n        }\r\n        \n        [Given(@"monitoring systems track resource usage")]\r\n        public void GivenMonitoringSystemsTrackResourceUsage()\r\n        {\r\n            _scenarioContext.Pending();\r\n        }\r\n        \n        [Given(@"enforcement mechanisms are active")]\r\n        public void GivenEnforcementMechanismsAreActive()\r\n        {\r\n            _scenarioContext.Pending();\r\n        }\r\n        \n        [Given(@"quotas are defined per tier")]\r\n        public void GivenQuotasAreDefinedPerTier()\r\n        {\r\n            _scenarioContext.Pending();\r\n        }\r\n        \n        [Given(@"alerting thresholds are established")]\r\n        public void GivenAlertingThresholdsAreEstablished()\r\n        {\r\n            _scenarioContext.Pending();\r\n        }\r\n        \n        [Given(@"file uploads consume resources")]\r\n        public void GivenFileUploadsConsumeResources()\r\n        {\r\n            _scenarioContext.Pending();\r\n        }\r\n        \n        [Given(@"restrictions prevent abuse")]\r\n        public void GivenRestrictionsPreventAbuse()\r\n        {\r\n            _scenarioContext.Pending();\r\n        }\r\n        \n        [When(@"implementing upload limits:")]\r\n        public void WhenImplementingUploadLimits(Table table)\r\n        {\r\n            _scenarioContext.Pending();\r\n        }\r\n        \n        [Then(@"upload limits should be enforced")]\r\n        public void ThenUploadLimitsShouldBeEnforced()\r\n        {\r\n            _scenarioContext.Pending();\r\n        }\r\n        \n        [Then(@"file types should be validated")]\r\n        public void ThenFileTypesShouldBeValidated()\r\n        {\r\n            _scenarioContext.Pending();\r\n        }\r\n        \n        [Then(@"malicious content should be blocked")]\r\n        public void ThenMaliciousContentShouldBeBlocked()\r\n        {\r\n            _scenarioContext.Pending();\r\n        }\r\n        \n        [Then(@"storage should be managed")]\r\n        public void ThenStorageShouldBeManaged()\r\n        {\r\n            _scenarioContext.Pending();\r\n        }\r\n    }\r\n}\r\n
[xUnit.net 00:00:02.89]       Expected ((int)LastResponse!.StatusCode) to be 200, but found 404 (difference of 204).
[xUnit.net 00:00:02.90]       Stack Trace:
[xUnit.net 00:00:02.90]            at FluentAssertions.Execution.XUnit2TestFramework.Throw(String message)
[xUnit.net 00:00:02.90]            at FluentAssertions.Execution.TestFrameworkProvider.Throw(String message)
[xUnit.net 00:00:02.90]            at FluentAssertions.Execution.DefaultAssertionStrategy.HandleFailure(String message)
[xUnit.net 00:00:02.90]            at FluentAssertions.Execution.AssertionScope.FailWith(Func`1 failReasonFunc)
[xUnit.net 00:00:02.90]            at FluentAssertions.Execution.AssertionScope.FailWith(Func`1 failReasonFunc)
[xUnit.net 00:00:02.90]            at FluentAssertions.Execution.AssertionScope.FailWith(String message, Object[] args)
[xUnit.net 00:00:02.90]            at FluentAssertions.Numeric.NumericAssertions`2.Be(T expected, String because, Object[] becauseArgs)
[xUnit.net 00:00:02.90]         /home/srowe/workspace/pediatric-therapy-resource/api/Tests/BDD/StepDefinitions/BaseStepDefinitions.cs(72,0): at TherapyDocs.Api.Tests.BDD.StepDefinitions.BaseStepDefinitions.ThenTheResponseStatusShouldBe(Int32 statusCode)
[xUnit.net 00:00:02.90]         /home/srowe/workspace/pediatric-therapy-resource/api/Tests/BDD/StepDefinitions/CommonStepDefinitions.cs(55,0): at TherapyDocs.Api.Tests.BDD.StepDefinitions.CommonStepDefinitions.ThenTheResponseStatusShouldBeStep(Int32 statusCode)
[xUnit.net 00:00:02.90]            at InvokeStub_Action`2.Invoke(Object, Span`1)
[xUnit.net 00:00:02.90]            at System.Reflection.MethodBaseInvoker.InvokeWithFewArgs(Object obj, BindingFlags invokeAttr, Binder binder, Object[] parameters, CultureInfo culture)
[xUnit.net 00:00:02.90]            at TechTalk.SpecFlow.Bindings.BindingInvoker.InvokeBinding(IBinding binding, IContextManager contextManager, Object[] arguments, ITestTracer testTracer, TimeSpan& duration)
[xUnit.net 00:00:02.90]            at TechTalk.SpecFlow.Infrastructure.TestExecutionEngine.ExecuteStepMatch(BindingMatch match, Object[] arguments, TimeSpan& duration)
[xUnit.net 00:00:02.90]            at TechTalk.SpecFlow.Infrastructure.TestExecutionEngine.ExecuteStep(IContextManager contextManager, StepInstance stepInstance)
[xUnit.net 00:00:02.90]            at TechTalk.SpecFlow.Infrastructure.TestExecutionEngine.OnAfterLastStep()
[xUnit.net 00:00:02.90]            at TechTalk.SpecFlow.TestRunner.CollectScenarioErrors()
[xUnit.net 00:00:02.90]            at TherapyDocs.Api.Tests.BDD.Features.Therapy.DocumentationHelpersAPIEndpointsFR_028Feature.ScenarioCleanup()
[xUnit.net 00:00:02.90]         /home/srowe/workspace/pediatric-therapy-resource/api/Tests/BDD/Features/therapy/documentation-helpers.feature(63,0): at TherapyDocs.Api.Tests.BDD.Features.Therapy.DocumentationHelpersAPIEndpointsFR_028Feature.GetSOAPNoteTemplates()
[xUnit.net 00:00:02.90]            at System.RuntimeMethodHandle.InvokeMethod(Object target, Void** arguments, Signature sig, Boolean isConstructor)
[xUnit.net 00:00:02.90]            at System.Reflection.MethodBaseInvoker.InvokeWithNoArgs(Object obj, BindingFlags invokeAttr)
[xUnit.net 00:00:02.90]       Output:
[xUnit.net 00:00:02.90]         Given the API is available
[xUnit.net 00:00:02.90]         -> done: CommonStepDefinitions.GivenTheAPIIsAvailable() (0.0s)
[xUnit.net 00:00:02.90]         And I am authenticated as "therapist@clinic.com"
[xUnit.net 00:00:02.90]         -> done: CommonStepDefinitions.GivenIAmAuthenticatedAs("therapist@clinic.com") (0.0s)
[xUnit.net 00:00:02.90]         When I send a GET request to "/api/documentation/templates/soap?specialty=pediatric-PT"
[xUnit.net 00:00:02.90]         -> done: CommonStepDefinitions.WhenISendAGETRequestToStep("/api/documentatio...") (0.0s)
[xUnit.net 00:00:02.90]         Then the response status should be 200
[xUnit.net 00:00:02.90]         -> error: Expected ((int)LastResponse!.StatusCode) to be 200, but found 404 (difference of 204). (0.0s)
[xUnit.net 00:00:02.90]         And templates should include:
[xUnit.net 00:00:02.90]           --- table step argument ---
[xUnit.net 00:00:02.90]           | section    | prompts                         |
[xUnit.net 00:00:02.90]           | subjective | ["Parent report", "Pain level"] |
[xUnit.net 00:00:02.90]           | objective  | ["ROM measurements", "Gait"]    |
[xUnit.net 00:00:02.90]           | assessment | ["Progress toward goals"]       |
[xUnit.net 00:00:02.90]           | plan       | ["Continue current POC"]        |
[xUnit.net 00:00:02.90]         -> No matching step definition found for the step. Use the following code to create one:
[xUnit.net 00:00:02.90]                 [Then(@"templates should include:")]
[xUnit.net 00:00:02.90]                 public void ThenTemplatesShouldInclude(Table table)
[xUnit.net 00:00:02.90]                 {
[xUnit.net 00:00:02.90]                     _scenarioContext.Pending();
[xUnit.net 00:00:02.90]                 }
[xUnit.net 00:00:02.90]         
[xUnit.net 00:00:02.90]       Expected ((int)LastResponse!.StatusCode) to be 200, but found 404 (difference of 204).
[xUnit.net 00:00:02.91]       Stack Trace:
[xUnit.net 00:00:02.91]            at FluentAssertions.Execution.XUnit2TestFramework.Throw(String message)
[xUnit.net 00:00:02.91]            at FluentAssertions.Execution.TestFrameworkProvider.Throw(String message)
[xUnit.net 00:00:02.91]            at FluentAssertions.Execution.DefaultAssertionStrategy.HandleFailure(String message)
[xUnit.net 00:00:02.91]            at FluentAssertions.Execution.AssertionScope.FailWith(Func`1 failReasonFunc)
[xUnit.net 00:00:02.91]            at FluentAssertions.Execution.AssertionScope.FailWith(Func`1 failReasonFunc)
[xUnit.net 00:00:02.91]            at FluentAssertions.Execution.AssertionScope.FailWith(String message, Object[] args)
[xUnit.net 00:00:02.91]            at FluentAssertions.Numeric.NumericAssertions`2.Be(T expected, String because, Object[] becauseArgs)
[xUnit.net 00:00:02.91]         /home/srowe/workspace/pediatric-therapy-resource/api/Tests/BDD/StepDefinitions/BaseStepDefinitions.cs(72,0): at TherapyDocs.Api.Tests.BDD.StepDefinitions.BaseStepDefinitions.ThenTheResponseStatusShouldBe(Int32 statusCode)
[xUnit.net 00:00:02.91]         /home/srowe/workspace/pediatric-therapy-resource/api/Tests/BDD/StepDefinitions/CommonStepDefinitions.cs(55,0): at TherapyDocs.Api.Tests.BDD.StepDefinitions.CommonStepDefinitions.ThenTheResponseStatusShouldBeStep(Int32 statusCode)
[xUnit.net 00:00:02.91]            at InvokeStub_Action`2.Invoke(Object, Span`1)
[xUnit.net 00:00:02.91]            at System.Reflection.MethodBaseInvoker.InvokeWithFewArgs(Object obj, BindingFlags invokeAttr, Binder binder, Object[] parameters, CultureInfo culture)
[xUnit.net 00:00:02.91]            at TechTalk.SpecFlow.Bindings.BindingInvoker.InvokeBinding(IBinding binding, IContextManager contextManager, Object[] arguments, ITestTracer testTracer, TimeSpan& duration)
[xUnit.net 00:00:02.91]            at TechTalk.SpecFlow.Infrastructure.TestExecutionEngine.ExecuteStepMatch(BindingMatch match, Object[] arguments, TimeSpan& duration)
[xUnit.net 00:00:02.91]            at TechTalk.SpecFlow.Infrastructure.TestExecutionEngine.ExecuteStep(IContextManager contextManager, StepInstance stepInstance)
[xUnit.net 00:00:02.91]            at TechTalk.SpecFlow.Infrastructure.TestExecutionEngine.OnAfterLastStep()
[xUnit.net 00:00:02.91]            at TechTalk.SpecFlow.TestRunner.CollectScenarioErrors()
[xUnit.net 00:00:02.91]            at TherapyDocs.Api.Tests.BDD.Features.Therapy.AdultTherapyResourcesAPIEndpointsFR_016Feature.ScenarioCleanup()
[xUnit.net 00:00:02.91]         /home/srowe/workspace/pediatric-therapy-resource/api/Tests/BDD/Features/therapy/adult-therapy.feature(87,0): at TherapyDocs.Api.Tests.BDD.Features.Therapy.AdultTherapyResourcesAPIEndpointsFR_016Feature.AccessGeriatric_SpecificResources()
[xUnit.net 00:00:02.91]            at System.RuntimeMethodHandle.InvokeMethod(Object target, Void** arguments, Signature sig, Boolean isConstructor)
[xUnit.net 00:00:02.91]            at System.Reflection.MethodBaseInvoker.InvokeWithNoArgs(Object obj, BindingFlags invokeAttr)
[xUnit.net 00:00:02.91]       Output:
[xUnit.net 00:00:02.91]         Given the API is available
[xUnit.net 00:00:02.91]         -> done: CommonStepDefinitions.GivenTheAPIIsAvailable() (0.0s)
[xUnit.net 00:00:02.91]         And I am authenticated as "therapist@clinic.com"
[xUnit.net 00:00:02.91]         -> done: CommonStepDefinitions.GivenIAmAuthenticatedAs("therapist@clinic.com") (0.0s)
[xUnit.net 00:00:02.91]         When I send a GET request to "/api/resources/adult/geriatric/fall-prevention"
[xUnit.net 00:00:02.91]         -> done: CommonStepDefinitions.WhenISendAGETRequestToStep("/api/resources/ad...") (0.0s)
[xUnit.net 00:00:02.91]         Then the response status should be 200
[xUnit.net 00:00:02.91]         -> error: Expected ((int)LastResponse!.StatusCode) to be 200, but found 404 (difference of 204). (0.0s)
[xUnit.net 00:00:02.91]         And resources should be tailored for:
[xUnit.net 00:00:02.91]           --- table step argument ---
[xUnit.net 00:00:02.91]           | consideration    | adaptation                 |
[xUnit.net 00:00:02.91]           | visionChanges    | Large print, high contrast |
[xUnit.net 00:00:02.91]           | cognitiveDecline | Simplified instructions    |
[xUnit.net 00:00:02.91]           | motivation       | Meaningful activities      |
[xUnit.net 00:00:02.91]           | socialContext    | Group exercise options     |
[xUnit.net 00:00:02.91]         -> No matching step definition found for the step. Use the following code to create one:
[xUnit.net 00:00:02.91]                 [Then(@"resources should be tailored for:")]
[xUnit.net 00:00:02.91]                 public void ThenResourcesShouldBeTailoredFor(Table table)
[xUnit.net 00:00:02.91]                 {
[xUnit.net 00:00:02.91]                     _scenarioContext.Pending();
[xUnit.net 00:00:02.91]                 }
[xUnit.net 00:00:02.91]         
[xUnit.net 00:00:02.91]     Submit outcome measure responses [SKIP]
[xUnit.net 00:00:02.91]       No matching step definition found for one or more steps.\nusing System;\r\nusing TechTalk.SpecFlow;\r\n\r\nnamespace MyNamespace\r\n{\r\n    [Binding]\r\n    public class StepDefinitions\r\n    {\r\n        private readonly ScenarioContext _scenarioContext;\r\n\r\n        public StepDefinitions(ScenarioContext scenarioContext)\r\n        {\r\n            _scenarioContext = scenarioContext;\r\n        }\r\n        [Given(@"assessment ""(.*)"" is in progress")]\r\n        public void GivenAssessmentIsInProgress(string p0)\r\n        {\r\n            _scenarioContext.Pending();\r\n        }\r\n    }\r\n}\r\n
[13:32:17 INF] Starting TherapyDocs API
  Skipped Provide language accessibility and multilingual error support [1 ms]
  Skipped Enforce file upload size and type restrictions [1 ms]
  Failed Get SOAP note templates [82 ms]
  Error Message:
   Expected ((int)LastResponse!.StatusCode) to be 200, but found 404 (difference of 204).
  Stack Trace:
     at FluentAssertions.Execution.XUnit2TestFramework.Throw(String message)
   at FluentAssertions.Execution.TestFrameworkProvider.Throw(String message)
   at FluentAssertions.Execution.DefaultAssertionStrategy.HandleFailure(String message)
   at FluentAssertions.Execution.AssertionScope.FailWith(Func`1 failReasonFunc)
   at FluentAssertions.Execution.AssertionScope.FailWith(Func`1 failReasonFunc)
   at FluentAssertions.Execution.AssertionScope.FailWith(String message, Object[] args)
   at FluentAssertions.Numeric.NumericAssertions`2.Be(T expected, String because, Object[] becauseArgs)
   at TherapyDocs.Api.Tests.BDD.StepDefinitions.BaseStepDefinitions.ThenTheResponseStatusShouldBe(Int32 statusCode) in /home/srowe/workspace/pediatric-therapy-resource/api/Tests/BDD/StepDefinitions/BaseStepDefinitions.cs:line 72
   at TherapyDocs.Api.Tests.BDD.StepDefinitions.CommonStepDefinitions.ThenTheResponseStatusShouldBeStep(Int32 statusCode) in /home/srowe/workspace/pediatric-therapy-resource/api/Tests/BDD/StepDefinitions/CommonStepDefinitions.cs:line 55
   at InvokeStub_Action`2.Invoke(Object, Span`1)
   at System.Reflection.MethodBaseInvoker.InvokeWithFewArgs(Object obj, BindingFlags invokeAttr, Binder binder, Object[] parameters, CultureInfo culture)
   at TechTalk.SpecFlow.Bindings.BindingInvoker.InvokeBinding(IBinding binding, IContextManager contextManager, Object[] arguments, ITestTracer testTracer, TimeSpan& duration)
   at TechTalk.SpecFlow.Infrastructure.TestExecutionEngine.ExecuteStepMatch(BindingMatch match, Object[] arguments, TimeSpan& duration)
   at TechTalk.SpecFlow.Infrastructure.TestExecutionEngine.ExecuteStep(IContextManager contextManager, StepInstance stepInstance)
   at TechTalk.SpecFlow.Infrastructure.TestExecutionEngine.OnAfterLastStep()
   at TechTalk.SpecFlow.TestRunner.CollectScenarioErrors()
   at TherapyDocs.Api.Tests.BDD.Features.Therapy.DocumentationHelpersAPIEndpointsFR_028Feature.ScenarioCleanup()
   at TherapyDocs.Api.Tests.BDD.Features.Therapy.DocumentationHelpersAPIEndpointsFR_028Feature.GetSOAPNoteTemplates() in /home/srowe/workspace/pediatric-therapy-resource/api/Tests/BDD/Features/therapy/documentation-helpers.feature:line 63
   at System.RuntimeMethodHandle.InvokeMethod(Object target, Void** arguments, Signature sig, Boolean isConstructor)
   at System.Reflection.MethodBaseInvoker.InvokeWithNoArgs(Object obj, BindingFlags invokeAttr)
  Standard Output Messages:
 Given the API is available
 -> done: CommonStepDefinitions.GivenTheAPIIsAvailable() (0.0s)
 And I am authenticated as "therapist@clinic.com"
 -> done: CommonStepDefinitions.GivenIAmAuthenticatedAs("therapist@clinic.com") (0.0s)
 When I send a GET request to "/api/documentation/templates/soap?specialty=pediatric-PT"
 -> done: CommonStepDefinitions.WhenISendAGETRequestToStep("/api/documentatio...") (0.0s)
 Then the response status should be 200
 -> error: Expected ((int)LastResponse!.StatusCode) to be 200, but found 404 (difference of 204). (0.0s)
 And templates should include:
   --- table step argument ---
   | section    | prompts                         |
   | subjective | ["Parent report", "Pain level"] |
   | objective  | ["ROM measurements", "Gait"]    |
   | assessment | ["Progress toward goals"]       |
   | plan       | ["Continue current POC"]        |
 -> No matching step definition found for the step. Use the following code to create one:
         [Then(@"templates should include:")]
         public void ThenTemplatesShouldInclude(Table table)
         {
             _scenarioContext.Pending();
         }
 


  Failed Access geriatric-specific resources [83 ms]
  Error Message:
   Expected ((int)LastResponse!.StatusCode) to be 200, but found 404 (difference of 204).
  Stack Trace:
     at FluentAssertions.Execution.XUnit2TestFramework.Throw(String message)
   at FluentAssertions.Execution.TestFrameworkProvider.Throw(String message)
   at FluentAssertions.Execution.DefaultAssertionStrategy.HandleFailure(String message)
   at FluentAssertions.Execution.AssertionScope.FailWith(Func`1 failReasonFunc)
   at FluentAssertions.Execution.AssertionScope.FailWith(Func`1 failReasonFunc)
   at FluentAssertions.Execution.AssertionScope.FailWith(String message, Object[] args)
   at FluentAssertions.Numeric.NumericAssertions`2.Be(T expected, String because, Object[] becauseArgs)
   at TherapyDocs.Api.Tests.BDD.StepDefinitions.BaseStepDefinitions.ThenTheResponseStatusShouldBe(Int32 statusCode) in /home/srowe/workspace/pediatric-therapy-resource/api/Tests/BDD/StepDefinitions/BaseStepDefinitions.cs:line 72
   at TherapyDocs.Api.Tests.BDD.StepDefinitions.CommonStepDefinitions.ThenTheResponseStatusShouldBeStep(Int32 statusCode) in /home/srowe/workspace/pediatric-therapy-resource/api/Tests/BDD/StepDefinitions/CommonStepDefinitions.cs:line 55
   at InvokeStub_Action`2.Invoke(Object, Span`1)
   at System.Reflection.MethodBaseInvoker.InvokeWithFewArgs(Object obj, BindingFlags invokeAttr, Binder binder, Object[] parameters, CultureInfo culture)
   at TechTalk.SpecFlow.Bindings.BindingInvoker.InvokeBinding(IBinding binding, IContextManager contextManager, Object[] arguments, ITestTracer testTracer, TimeSpan& duration)
   at TechTalk.SpecFlow.Infrastructure.TestExecutionEngine.ExecuteStepMatch(BindingMatch match, Object[] arguments, TimeSpan& duration)
   at TechTalk.SpecFlow.Infrastructure.TestExecutionEngine.ExecuteStep(IContextManager contextManager, StepInstance stepInstance)
   at TechTalk.SpecFlow.Infrastructure.TestExecutionEngine.OnAfterLastStep()
   at TechTalk.SpecFlow.TestRunner.CollectScenarioErrors()
   at TherapyDocs.Api.Tests.BDD.Features.Therapy.AdultTherapyResourcesAPIEndpointsFR_016Feature.ScenarioCleanup()
   at TherapyDocs.Api.Tests.BDD.Features.Therapy.AdultTherapyResourcesAPIEndpointsFR_016Feature.AccessGeriatric_SpecificResources() in /home/srowe/workspace/pediatric-therapy-resource/api/Tests/BDD/Features/therapy/adult-therapy.feature:line 87
   at System.RuntimeMethodHandle.InvokeMethod(Object target, Void** arguments, Signature sig, Boolean isConstructor)
   at System.Reflection.MethodBaseInvoker.InvokeWithNoArgs(Object obj, BindingFlags invokeAttr)
  Standard Output Messages:
 Given the API is available
 -> done: CommonStepDefinitions.GivenTheAPIIsAvailable() (0.0s)
 And I am authenticated as "therapist@clinic.com"
 -> done: CommonStepDefinitions.GivenIAmAuthenticatedAs("therapist@clinic.com") (0.0s)
 When I send a GET request to "/api/resources/adult/geriatric/fall-prevention"
 -> done: CommonStepDefinitions.WhenISendAGETRequestToStep("/api/resources/ad...") (0.0s)
 Then the response status should be 200
 -> error: Expected ((int)LastResponse!.StatusCode) to be 200, but found 404 (difference of 204). (0.0s)
 And resources should be tailored for:
   --- table step argument ---
   | consideration    | adaptation                 |
   | visionChanges    | Large print, high contrast |
   | cognitiveDecline | Simplified instructions    |
   | motivation       | Meaningful activities      |
   | socialContext    | Group exercise options     |
 -> No matching step definition found for the step. Use the following code to create one:
         [Then(@"resources should be tailored for:")]
         public void ThenResourcesShouldBeTailoredFor(Table table)
         {
             _scenarioContext.Pending();
         }
 


  Skipped Submit outcome measure responses [1 ms]
[xUnit.net 00:00:02.91]       Expected ((int)LastResponse!.StatusCode) to be 201, but found 404 (difference of 203).
[xUnit.net 00:00:02.91]       Stack Trace:
[xUnit.net 00:00:02.91]            at FluentAssertions.Execution.XUnit2TestFramework.Throw(String message)
[xUnit.net 00:00:02.91]            at FluentAssertions.Execution.TestFrameworkProvider.Throw(String message)
[xUnit.net 00:00:02.91]            at FluentAssertions.Execution.DefaultAssertionStrategy.HandleFailure(String message)
[xUnit.net 00:00:02.91]            at FluentAssertions.Execution.AssertionScope.FailWith(Func`1 failReasonFunc)
[xUnit.net 00:00:02.91]            at FluentAssertions.Execution.AssertionScope.FailWith(Func`1 failReasonFunc)
[xUnit.net 00:00:02.91]            at FluentAssertions.Execution.AssertionScope.FailWith(String message, Object[] args)
[xUnit.net 00:00:02.91]            at FluentAssertions.Numeric.NumericAssertions`2.Be(T expected, String because, Object[] becauseArgs)
[xUnit.net 00:00:02.91]         /home/srowe/workspace/pediatric-therapy-resource/api/Tests/BDD/StepDefinitions/BaseStepDefinitions.cs(72,0): at TherapyDocs.Api.Tests.BDD.StepDefinitions.BaseStepDefinitions.ThenTheResponseStatusShouldBe(Int32 statusCode)
[xUnit.net 00:00:02.91]         /home/srowe/workspace/pediatric-therapy-resource/api/Tests/BDD/StepDefinitions/CommonStepDefinitions.cs(55,0): at TherapyDocs.Api.Tests.BDD.StepDefinitions.CommonStepDefinitions.ThenTheResponseStatusShouldBeStep(Int32 statusCode)
[xUnit.net 00:00:02.91]            at InvokeStub_Action`2.Invoke(Object, Span`1)
[xUnit.net 00:00:02.91]            at System.Reflection.MethodBaseInvoker.InvokeWithFewArgs(Object obj, BindingFlags invokeAttr, Binder binder, Object[] parameters, CultureInfo culture)
[xUnit.net 00:00:02.91]            at TechTalk.SpecFlow.Bindings.BindingInvoker.InvokeBinding(IBinding binding, IContextManager contextManager, Object[] arguments, ITestTracer testTracer, TimeSpan& duration)
[xUnit.net 00:00:02.91]            at TechTalk.SpecFlow.Infrastructure.TestExecutionEngine.ExecuteStepMatch(BindingMatch match, Object[] arguments, TimeSpan& duration)
[xUnit.net 00:00:02.91]            at TechTalk.SpecFlow.Infrastructure.TestExecutionEngine.ExecuteStep(IContextManager contextManager, StepInstance stepInstance)
[xUnit.net 00:00:02.91]            at TechTalk.SpecFlow.Infrastructure.TestExecutionEngine.OnAfterLastStep()
[xUnit.net 00:00:02.91]            at TechTalk.SpecFlow.TestRunner.CollectScenarioErrors()
[xUnit.net 00:00:02.91]            at TherapyDocs.Api.Tests.BDD.Features.Platform.CommunityFeaturesAPIEndpointsFR_030Feature.ScenarioCleanup()
[xUnit.net 00:00:02.91]         /home/srowe/workspace/pediatric-therapy-resource/api/Tests/BDD/Features/platform/community-features.feature(22,0): at TherapyDocs.Api.Tests.BDD.Features.Platform.CommunityFeaturesAPIEndpointsFR_030Feature.SubmitResourceReview()
[xUnit.net 00:00:02.91]            at System.RuntimeMethodHandle.InvokeMethod(Object target, Void** arguments, Signature sig, Boolean isConstructor)
[xUnit.net 00:00:02.91]            at System.Reflection.MethodBaseInvoker.InvokeWithNoArgs(Object obj, BindingFlags invokeAttr)
[xUnit.net 00:00:02.91]       Output:
[xUnit.net 00:00:02.91]         Given the API is available
[xUnit.net 00:00:02.91]         -> done: CommonStepDefinitions.GivenTheAPIIsAvailable() (0.0s)
[xUnit.net 00:00:02.91]         And I am authenticated as "therapist@clinic.com"
[xUnit.net 00:00:02.91]         -> done: CommonStepDefinitions.GivenIAmAuthenticatedAs("therapist@clinic.com") (0.0s)
[xUnit.net 00:00:02.91]         When I send a POST request to "/api/community/resources/res-123/review" with:
[xUnit.net 00:00:02.91]           --- table step argument ---
[xUnit.net 00:00:02.91]           | field         | value                          |
[xUnit.net 00:00:02.91]           | rating        | 5                              |
[xUnit.net 00:00:02.91]           | title         | "Perfect for my students!"     |
[xUnit.net 00:00:02.91]           | comment       | "Clear instructions, engaging" |
[xUnit.net 00:00:02.91]           | ageGroup      | "5-7 years"                    |
[xUnit.net 00:00:02.91]           | effectiveness | "highly-effective"             |
[xUnit.net 00:00:02.91]         -> done: CommonStepDefinitions.WhenISendAPOSTRequestToWithStep("/api/community/re...", <table>) (0.0s)
[xUnit.net 00:00:02.91]         Then the response status should be 201
[xUnit.net 00:00:02.91]         -> error: Expected ((int)LastResponse!.StatusCode) to be 201, but found 404 (difference of 203). (0.0s)
[xUnit.net 00:00:02.91]         And review should be submitted for moderation
[xUnit.net 00:00:02.91]         -> No matching step definition found for the step. Use the following code to create one:
[xUnit.net 00:00:02.91]                 [Then(@"review should be submitted for moderation")]
[xUnit.net 00:00:02.91]                 public void ThenReviewShouldBeSubmittedForModeration()
[xUnit.net 00:00:02.91]                 {
[xUnit.net 00:00:02.91]                     _scenarioContext.Pending();
[xUnit.net 00:00:02.91]                 }
[xUnit.net 00:00:02.91]         
[xUnit.net 00:00:02.91]         And contributor should receive notification
[xUnit.net 00:00:02.91]         -> No matching step definition found for the step. Use the following code to create one:
[xUnit.net 00:00:02.91]                 [Then(@"contributor should receive notification")]
[xUnit.net 00:00:02.91]                 public void ThenContributorShouldReceiveNotification()
[xUnit.net 00:00:02.91]                 {
[xUnit.net 00:00:02.91]                     _scenarioContext.Pending();
[xUnit.net 00:00:02.91]                 }
[xUnit.net 00:00:02.91]         
[xUnit.net 00:00:02.91]       Expected response.StatusCode to be HttpStatusCode.OK {value: 200}, but found HttpStatusCode.NotFound {value: 404}.
[xUnit.net 00:00:02.93]       Stack Trace:
[xUnit.net 00:00:02.93]            at FluentAssertions.Execution.XUnit2TestFramework.Throw(String message)
[xUnit.net 00:00:02.93]            at FluentAssertions.Execution.TestFrameworkProvider.Throw(String message)
[xUnit.net 00:00:02.93]            at FluentAssertions.Execution.DefaultAssertionStrategy.HandleFailure(String message)
[xUnit.net 00:00:02.93]            at FluentAssertions.Execution.AssertionScope.FailWith(Func`1 failReasonFunc)
[xUnit.net 00:00:02.93]            at FluentAssertions.Execution.AssertionScope.FailWith(Func`1 failReasonFunc)
[xUnit.net 00:00:02.93]            at FluentAssertions.Execution.AssertionScope.FailWith(String message, Object[] args)
[xUnit.net 00:00:02.93]            at FluentAssertions.Primitives.EnumAssertions`2.Be(TEnum expected, String because, Object[] becauseArgs)
[xUnit.net 00:00:02.93]         /home/srowe/workspace/pediatric-therapy-resource/api/Tests/BDD/StepDefinitions/SecurityTestingSteps.cs(37,0): at TherapyDocs.Api.Tests.BDD.StepDefinitions.SecurityTestingSteps.GivenTheSecuritySystemIsActive()
[xUnit.net 00:00:02.93]            at TechTalk.SpecFlow.Bindings.SynchronousBindingDelegateInvoker.<>c__DisplayClass2_0.<<InvokeBindingDelegateAsync>b__0>d.MoveNext()
[xUnit.net 00:00:02.93]         --- End of stack trace from previous location ---
[xUnit.net 00:00:02.93]            at TechTalk.SpecFlow.Bindings.AsyncHelpers.<>c__DisplayClass1_0`1.<<RunSync>b__0>d.MoveNext()
[xUnit.net 00:00:02.93]         --- End of stack trace from previous location ---
[xUnit.net 00:00:02.93]            at TechTalk.SpecFlow.Bindings.AsyncHelpers.ExclusiveSynchronizationContext.BeginMessageLoop()
[xUnit.net 00:00:02.93]            at TechTalk.SpecFlow.Bindings.AsyncHelpers.RunSync[T](Func`1 task)
[xUnit.net 00:00:02.93]            at TechTalk.SpecFlow.Bindings.SynchronousBindingDelegateInvoker.InvokeBindingDelegateAsync(Delegate bindingDelegate, Object[] invokeArgs)
[xUnit.net 00:00:02.93]            at TechTalk.SpecFlow.Bindings.SynchronousBindingDelegateInvoker.InvokeDelegateSynchronously(Delegate bindingDelegate, Object[] invokeArgs)
[xUnit.net 00:00:02.93]            at TechTalk.SpecFlow.Bindings.BindingInvoker.InvokeBinding(IBinding binding, IContextManager contextManager, Object[] arguments, ITestTracer testTracer, TimeSpan& duration)
[xUnit.net 00:00:02.93]            at TechTalk.SpecFlow.Infrastructure.TestExecutionEngine.ExecuteStepMatch(BindingMatch match, Object[] arguments, TimeSpan& duration)
[xUnit.net 00:00:02.93]            at TechTalk.SpecFlow.Infrastructure.TestExecutionEngine.ExecuteStep(IContextManager contextManager, StepInstance stepInstance)
[xUnit.net 00:00:02.93]            at TechTalk.SpecFlow.Infrastructure.TestExecutionEngine.OnAfterLastStep()
[xUnit.net 00:00:02.93]            at TechTalk.SpecFlow.TestRunner.CollectScenarioErrors()
[xUnit.net 00:00:02.93]            at TherapyDocs.Api.Tests.BDD.Features.Security.AdvancedAuthenticationSecurityFeature.ScenarioCleanup()
[xUnit.net 00:00:02.93]         /home/srowe/workspace/pediatric-therapy-resource/api/Tests/BDD/Features/security/authentication-security.feature(157,0): at TherapyDocs.Api.Tests.BDD.Features.Security.AdvancedAuthenticationSecurityFeature.DetectAndRespondToAccountCompromiseIndicators()
[xUnit.net 00:00:02.93]            at System.RuntimeMethodHandle.InvokeMethod(Object target, Void** arguments, Signature sig, Boolean isConstructor)
[xUnit.net 00:00:02.93]            at System.Reflection.MethodBaseInvoker.InvokeWithNoArgs(Object obj, BindingFlags invokeAttr)
[xUnit.net 00:00:02.93]       Output:
[xUnit.net 00:00:02.93]         Given the security system is active
[xUnit.net 00:00:02.93]         -> error: Expected response.StatusCode to be HttpStatusCode.OK {value: 200}, but found HttpStatusCode.NotFound {value: 404}. (0.0s)
[xUnit.net 00:00:02.93]         And advanced authentication features are enabled
[xUnit.net 00:00:02.93]         -> skipped because of previous errors
[xUnit.net 00:00:02.93]         And security policies are configured
[xUnit.net 00:00:02.93]         -> skipped because of previous errors
[xUnit.net 00:00:02.93]         Given I have normal usage patterns established
[xUnit.net 00:00:02.93]         -> No matching step definition found for the step. Use the following code to create one:
[xUnit.net 00:00:02.93]                 [Given(@"I have normal usage patterns established")]
[xUnit.net 00:00:02.93]                 public void GivenIHaveNormalUsagePatternsEstablished()
[xUnit.net 00:00:02.93]                 {
[xUnit.net 00:00:02.93]                     _scenarioContext.Pending();
[xUnit.net 00:00:02.93]                 }
[xUnit.net 00:00:02.93]         
[xUnit.net 00:00:02.93]         When suspicious activities are detected:
[xUnit.net 00:00:02.93]           --- table step argument ---
[xUnit.net 00:00:02.93]           | Activity Type          | Indicator                    | Risk Level |
[xUnit.net 00:00:02.93]           | Mass file downloads    | 500+ resources in 1 hour     | High       |
[xUnit.net 00:00:02.93]           | Unusual access pattern | 3 AM login (normally 9-5)    | Medium     |
[xUnit.net 00:00:02.93]           | New device login       | Unrecognized browser/OS      | Medium     |
[xUnit.net 00:00:02.93]           | Geographic anomaly     | Login from different country | High       |
[xUnit.net 00:00:02.93]           | Password change        | No recent activity trigger   | Medium     |
[xUnit.net 00:00:02.93]         -> No matching step definition found for the step. Use the following code to create one:
[xUnit.net 00:00:02.93]                 [When(@"suspicious activities are detected:")]
[xUnit.net 00:00:02.93]                 public void WhenSuspiciousActivitiesAreDetected(Table table)
[xUnit.net 00:00:02.93]                 {
[xUnit.net 00:00:02.93]                     _scenarioContext.Pending();
[xUnit.net 00:00:02.93]                 }
[xUnit.net 00:00:02.93]         
[xUnit.net 00:00:02.93]         Then risk score should be calculated
[xUnit.net 00:00:02.93]         -> No matching step definition found for the step. Use the following code to create one:
[xUnit.net 00:00:02.93]                 [Then(@"risk score should be calculated")]
[xUnit.net 00:00:02.93]                 public void ThenRiskScoreShouldBeCalculated()
[xUnit.net 00:00:02.93]                 {
[xUnit.net 00:00:02.93]                     _scenarioContext.Pending();
[xUnit.net 00:00:02.93]                 }
[xUnit.net 00:00:02.93]         
[xUnit.net 00:00:02.93]         And appropriate security measures should be triggered:
[xUnit.net 00:00:02.93]           --- table step argument ---
[xUnit.net 00:00:02.93]           | Risk Level | Response                          |
[xUnit.net 00:00:02.93]           | Low        | Log event for monitoring          |
[xUnit.net 00:00:02.93]           | Medium     | Require additional verification   |
[xUnit.net 00:00:02.93]           | High       | Lock account, alert security team |
[xUnit.net 00:00:02.93]         -> No matching step definition found for the step. Use the following code to create one:
[xUnit.net 00:00:02.93]                 [Then(@"appropriate security measures should be triggered:")]
[xUnit.net 00:00:02.93]                 public void ThenAppropriateSecurityMeasuresShouldBeTriggered(Table table)
[xUnit.net 00:00:02.93]                 {
[xUnit.net 00:00:02.93]                     _scenarioContext.Pending();
[xUnit.net 00:00:02.93]                 }
[xUnit.net 00:00:02.94]         
[xUnit.net 00:00:02.94]     Record privacy consent [SKIP]
[xUnit.net 00:00:02.94]       No matching step definition found for one or more steps.\nusing System;\r\nusing TechTalk.SpecFlow;\r\n\r\nnamespace MyNamespace\r\n{\r\n    [Binding]\r\n    public class StepDefinitions\r\n    {\r\n        private readonly ScenarioContext _scenarioContext;\r\n\r\n        public StepDefinitions(ScenarioContext scenarioContext)\r\n        {\r\n            _scenarioContext = scenarioContext;\r\n        }\r\n        [Given(@"I am authenticated")]\r\n        public void GivenIAmAuthenticated()\r\n        {\r\n            _scenarioContext.Pending();\r\n        }\r\n    }\r\n}\r\n
[xUnit.net 00:00:02.98]       Expected ((int)LastResponse!.StatusCode) to be 200, but found 404 (difference of 204).
[xUnit.net 00:00:02.98]       Stack Trace:
[xUnit.net 00:00:02.98]            at FluentAssertions.Execution.XUnit2TestFramework.Throw(String message)
[xUnit.net 00:00:02.98]            at FluentAssertions.Execution.TestFrameworkProvider.Throw(String message)
[xUnit.net 00:00:02.98]            at FluentAssertions.Execution.DefaultAssertionStrategy.HandleFailure(String message)
[xUnit.net 00:00:02.98]            at FluentAssertions.Execution.AssertionScope.FailWith(Func`1 failReasonFunc)
[xUnit.net 00:00:02.98]            at FluentAssertions.Execution.AssertionScope.FailWith(Func`1 failReasonFunc)
[xUnit.net 00:00:02.98]            at FluentAssertions.Execution.AssertionScope.FailWith(String message, Object[] args)
[xUnit.net 00:00:02.98]            at FluentAssertions.Numeric.NumericAssertions`2.Be(T expected, String because, Object[] becauseArgs)
[xUnit.net 00:00:02.98]         /home/srowe/workspace/pediatric-therapy-resource/api/Tests/BDD/StepDefinitions/BaseStepDefinitions.cs(72,0): at TherapyDocs.Api.Tests.BDD.StepDefinitions.BaseStepDefinitions.ThenTheResponseStatusShouldBe(Int32 statusCode)
[xUnit.net 00:00:02.98]         /home/srowe/workspace/pediatric-therapy-resource/api/Tests/BDD/StepDefinitions/CommonStepDefinitions.cs(55,0): at TherapyDocs.Api.Tests.BDD.StepDefinitions.CommonStepDefinitions.ThenTheResponseStatusShouldBeStep(Int32 statusCode)
[xUnit.net 00:00:02.98]            at InvokeStub_Action`2.Invoke(Object, Span`1)
[xUnit.net 00:00:02.98]            at System.Reflection.MethodBaseInvoker.InvokeWithFewArgs(Object obj, BindingFlags invokeAttr, Binder binder, Object[] parameters, CultureInfo culture)
[xUnit.net 00:00:02.98]            at TechTalk.SpecFlow.Bindings.BindingInvoker.InvokeBinding(IBinding binding, IContextManager contextManager, Object[] arguments, ITestTracer testTracer, TimeSpan& duration)
[xUnit.net 00:00:02.98]            at TechTalk.SpecFlow.Infrastructure.TestExecutionEngine.ExecuteStepMatch(BindingMatch match, Object[] arguments, TimeSpan& duration)
[xUnit.net 00:00:02.98]            at TechTalk.SpecFlow.Infrastructure.TestExecutionEngine.ExecuteStep(IContextManager contextManager, StepInstance stepInstance)
[xUnit.net 00:00:02.98]            at TechTalk.SpecFlow.Infrastructure.TestExecutionEngine.OnAfterLastStep()
[xUnit.net 00:00:02.98]            at TechTalk.SpecFlow.TestRunner.CollectScenarioErrors()
[xUnit.net 00:00:02.98]            at TherapyDocs.Api.Tests.BDD.Features.Therapy.AdultTherapyResourcesAPIEndpointsFR_016Feature.ScenarioCleanup()
[xUnit.net 00:00:02.98]         /home/srowe/workspace/pediatric-therapy-resource/api/Tests/BDD/Features/therapy/adult-therapy.feature(144,0): at TherapyDocs.Api.Tests.BDD.Features.Therapy.AdultTherapyResourcesAPIEndpointsFR_016Feature.AccessAdult_SpecificOutcomeMeasures()
[xUnit.net 00:00:02.98]            at System.RuntimeMethodHandle.InvokeMethod(Object target, Void** arguments, Signature sig, Boolean isConstructor)
[xUnit.net 00:00:02.98]            at System.Reflection.MethodBaseInvoker.InvokeWithNoArgs(Object obj, BindingFlags invokeAttr)
[xUnit.net 00:00:02.98]       Output:
[xUnit.net 00:00:02.98]         Given the API is available
[xUnit.net 00:00:02.98]         -> done: CommonStepDefinitions.GivenTheAPIIsAvailable() (0.0s)
[xUnit.net 00:00:02.98]         And I am authenticated as "therapist@clinic.com"
[xUnit.net 00:00:02.98]         -> done: CommonStepDefinitions.GivenIAmAuthenticatedAs("therapist@clinic.com") (0.0s)
[xUnit.net 00:00:02.98]         When I send a GET request to "/api/resources/adult/outcome-measures?setting=snf"
[xUnit.net 00:00:02.98]         -> done: CommonStepDefinitions.WhenISendAGETRequestToStep("/api/resources/ad...") (0.0s)
[xUnit.net 00:00:02.98]         Then the response status should be 200
[xUnit.net 00:00:02.98]         -> error: Expected ((int)LastResponse!.StatusCode) to be 200, but found 404 (difference of 204). (0.0s)
[xUnit.net 00:00:02.98]         And measures should include:
[xUnit.net 00:00:02.98]           --- table step argument ---
[xUnit.net 00:00:02.98]           | measure      | domain                   | requirements |
[xUnit.net 00:00:02.98]           | FIM          | Functional independence  | Certified    |
[xUnit.net 00:00:02.98]           | COPM         | Occupational performance | Training     |
[xUnit.net 00:00:02.98]           | MoCA         | Cognitive screening      | Free         |
[xUnit.net 00:00:02.98]           | Berg Balance | Fall risk                | Equipment    |
[xUnit.net 00:00:02.98]         -> No matching step definition found for the step. Use the following code to create one:
[xUnit.net 00:00:02.98]                 [Then(@"measures should include:")]
[xUnit.net 00:00:02.98]                 public void ThenMeasuresShouldInclude(Table table)
[xUnit.net 00:00:02.98]                 {
[xUnit.net 00:00:02.98]                     _scenarioContext.Pending();
[xUnit.net 00:00:02.98]                 }
[xUnit.net 00:00:02.98]         
[xUnit.net 00:00:02.98]       Expected ((int)LastResponse!.StatusCode) to be 200, but found 404 (difference of 204).
[xUnit.net 00:00:02.98]       Stack Trace:
[xUnit.net 00:00:02.98]            at FluentAssertions.Execution.XUnit2TestFramework.Throw(String message)
[xUnit.net 00:00:02.98]            at FluentAssertions.Execution.TestFrameworkProvider.Throw(String message)
[xUnit.net 00:00:02.98]            at FluentAssertions.Execution.DefaultAssertionStrategy.HandleFailure(String message)
[xUnit.net 00:00:02.98]            at FluentAssertions.Execution.AssertionScope.FailWith(Func`1 failReasonFunc)
[xUnit.net 00:00:02.98]            at FluentAssertions.Execution.AssertionScope.FailWith(Func`1 failReasonFunc)
[xUnit.net 00:00:02.98]            at FluentAssertions.Execution.AssertionScope.FailWith(String message, Object[] args)
[xUnit.net 00:00:02.98]            at FluentAssertions.Numeric.NumericAssertions`2.Be(T expected, String because, Object[] becauseArgs)
[xUnit.net 00:00:02.98]         /home/srowe/workspace/pediatric-therapy-resource/api/Tests/BDD/StepDefinitions/BaseStepDefinitions.cs(72,0): at TherapyDocs.Api.Tests.BDD.StepDefinitions.BaseStepDefinitions.ThenTheResponseStatusShouldBe(Int32 statusCode)
[xUnit.net 00:00:02.98]         /home/srowe/workspace/pediatric-therapy-resource/api/Tests/BDD/StepDefinitions/CommonStepDefinitions.cs(55,0): at TherapyDocs.Api.Tests.BDD.StepDefinitions.CommonStepDefinitions.ThenTheResponseStatusShouldBeStep(Int32 statusCode)
[xUnit.net 00:00:02.98]            at InvokeStub_Action`2.Invoke(Object, Span`1)
[xUnit.net 00:00:02.98]            at System.Reflection.MethodBaseInvoker.InvokeWithFewArgs(Object obj, BindingFlags invokeAttr, Binder binder, Object[] parameters, CultureInfo culture)
[xUnit.net 00:00:02.98]            at TechTalk.SpecFlow.Bindings.BindingInvoker.InvokeBinding(IBinding binding, IContextManager contextManager, Object[] arguments, ITestTracer testTracer, TimeSpan& duration)
[xUnit.net 00:00:02.98]            at TechTalk.SpecFlow.Infrastructure.TestExecutionEngine.ExecuteStepMatch(BindingMatch match, Object[] arguments, TimeSpan& duration)
[xUnit.net 00:00:02.98]            at TechTalk.SpecFlow.Infrastructure.TestExecutionEngine.ExecuteStep(IContextManager contextManager, StepInstance stepInstance)
[xUnit.net 00:00:02.98]            at TechTalk.SpecFlow.Infrastructure.TestExecutionEngine.OnAfterLastStep()
[xUnit.net 00:00:02.98]            at TechTalk.SpecFlow.TestRunner.CollectScenarioErrors()
[xUnit.net 00:00:02.98]            at TherapyDocs.Api.Tests.BDD.Features.Therapy.DocumentationHelpersAPIEndpointsFR_028Feature.ScenarioCleanup()
[xUnit.net 00:00:02.98]         /home/srowe/workspace/pediatric-therapy-resource/api/Tests/BDD/Features/therapy/documentation-helpers.feature(142,0): at TherapyDocs.Api.Tests.BDD.Features.Therapy.DocumentationHelpersAPIEndpointsFR_028Feature.UseAI_AssistedReportWriter()
[xUnit.net 00:00:02.98]            at System.RuntimeMethodHandle.InvokeMethod(Object target, Void** arguments, Signature sig, Boolean isConstructor)
[xUnit.net 00:00:02.98]            at System.Reflection.MethodBaseInvoker.InvokeWithNoArgs(Object obj, BindingFlags invokeAttr)
[xUnit.net 00:00:02.98]       Output:
[xUnit.net 00:00:02.98]         Given the API is available
[xUnit.net 00:00:02.98]         -> done: CommonStepDefinitions.GivenTheAPIIsAvailable() (0.0s)
[xUnit.net 00:00:02.98]         And I am authenticated as "therapist@clinic.com"
[xUnit.net 00:00:02.98]         -> done: CommonStepDefinitions.GivenIAmAuthenticatedAs("therapist@clinic.com") (0.0s)
[xUnit.net 00:00:02.98]         When I send a POST request to "/api/documentation/report-writer" with:
[xUnit.net 00:00:02.98]           --- table step argument ---
[xUnit.net 00:00:02.98]           | field        | value                                    |
[xUnit.net 00:00:02.98]           | reportType   | initial-evaluation                       |
[xUnit.net 00:00:02.98]           | testScores   | {"BOT-2": 45, "Beery": 38}               |
[xUnit.net 00:00:02.98]           | observations | "Difficulty with bilateral coordination" |
[xUnit.net 00:00:02.98]           | diagnosis    | "Developmental Coordination Disorder"    |
[xUnit.net 00:00:02.98]         -> done: CommonStepDefinitions.WhenISendAPOSTRequestToWithStep("/api/documentatio...", <table>) (0.0s)
[xUnit.net 00:00:02.98]         Then the response status should be 200
[xUnit.net 00:00:02.98]         -> error: Expected ((int)LastResponse!.StatusCode) to be 200, but found 404 (difference of 204). (0.0s)
[xUnit.net 00:00:02.98]         And draft report should include:
[xUnit.net 00:00:02.98]           --- table step argument ---
[xUnit.net 00:00:02.98]           | section         | content                      |
[xUnit.net 00:00:02.98]           | background      | Referral information         |
[xUnit.net 00:00:02.98]           | results         | Test score interpretation    |
[xUnit.net 00:00:02.98]           | recommendations | Evidence-based interventions |
[xUnit.net 00:00:02.98]           | goals           | Measurable objectives        |
[xUnit.net 00:00:02.98]         -> No matching step definition found for the step. Use the following code to create one:
[xUnit.net 00:00:02.98]                 [Then(@"draft report should include:")]
[xUnit.net 00:00:02.98]                 public void ThenDraftReportShouldInclude(Table table)
[xUnit.net 00:00:02.98]                 {
[xUnit.net 00:00:02.98]                     _scenarioContext.Pending();
[xUnit.net 00:00:02.98]                 }
[xUnit.net 00:00:02.98]         
  Failed Submit resource review [153 ms]
  Error Message:
   Expected ((int)LastResponse!.StatusCode) to be 201, but found 404 (difference of 203).
  Stack Trace:
     at FluentAssertions.Execution.XUnit2TestFramework.Throw(String message)
   at FluentAssertions.Execution.TestFrameworkProvider.Throw(String message)
   at FluentAssertions.Execution.DefaultAssertionStrategy.HandleFailure(String message)
   at FluentAssertions.Execution.AssertionScope.FailWith(Func`1 failReasonFunc)
   at FluentAssertions.Execution.AssertionScope.FailWith(Func`1 failReasonFunc)
   at FluentAssertions.Execution.AssertionScope.FailWith(String message, Object[] args)
   at FluentAssertions.Numeric.NumericAssertions`2.Be(T expected, String because, Object[] becauseArgs)
   at TherapyDocs.Api.Tests.BDD.StepDefinitions.BaseStepDefinitions.ThenTheResponseStatusShouldBe(Int32 statusCode) in /home/srowe/workspace/pediatric-therapy-resource/api/Tests/BDD/StepDefinitions/BaseStepDefinitions.cs:line 72
   at TherapyDocs.Api.Tests.BDD.StepDefinitions.CommonStepDefinitions.ThenTheResponseStatusShouldBeStep(Int32 statusCode) in /home/srowe/workspace/pediatric-therapy-resource/api/Tests/BDD/StepDefinitions/CommonStepDefinitions.cs:line 55
   at InvokeStub_Action`2.Invoke(Object, Span`1)
   at System.Reflection.MethodBaseInvoker.InvokeWithFewArgs(Object obj, BindingFlags invokeAttr, Binder binder, Object[] parameters, CultureInfo culture)
   at TechTalk.SpecFlow.Bindings.BindingInvoker.InvokeBinding(IBinding binding, IContextManager contextManager, Object[] arguments, ITestTracer testTracer, TimeSpan& duration)
   at TechTalk.SpecFlow.Infrastructure.TestExecutionEngine.ExecuteStepMatch(BindingMatch match, Object[] arguments, TimeSpan& duration)
   at TechTalk.SpecFlow.Infrastructure.TestExecutionEngine.ExecuteStep(IContextManager contextManager, StepInstance stepInstance)
   at TechTalk.SpecFlow.Infrastructure.TestExecutionEngine.OnAfterLastStep()
   at TechTalk.SpecFlow.TestRunner.CollectScenarioErrors()
   at TherapyDocs.Api.Tests.BDD.Features.Platform.CommunityFeaturesAPIEndpointsFR_030Feature.ScenarioCleanup()
   at TherapyDocs.Api.Tests.BDD.Features.Platform.CommunityFeaturesAPIEndpointsFR_030Feature.SubmitResourceReview() in /home/srowe/workspace/pediatric-therapy-resource/api/Tests/BDD/Features/platform/community-features.feature:line 22
   at System.RuntimeMethodHandle.InvokeMethod(Object target, Void** arguments, Signature sig, Boolean isConstructor)
   at System.Reflection.MethodBaseInvoker.InvokeWithNoArgs(Object obj, BindingFlags invokeAttr)
  Standard Output Messages:
 Given the API is available
 -> done: CommonStepDefinitions.GivenTheAPIIsAvailable() (0.0s)
 And I am authenticated as "therapist@clinic.com"
 -> done: CommonStepDefinitions.GivenIAmAuthenticatedAs("therapist@clinic.com") (0.0s)
 When I send a POST request to "/api/community/resources/res-123/review" with:
   --- table step argument ---
   | field         | value                          |
   | rating        | 5                              |
   | title         | "Perfect for my students!"     |
   | comment       | "Clear instructions, engaging" |
   | ageGroup      | "5-7 years"                    |
   | effectiveness | "highly-effective"             |
 -> done: CommonStepDefinitions.WhenISendAPOSTRequestToWithStep("/api/community/re...", <table>) (0.0s)
 Then the response status should be 201
 -> error: Expected ((int)LastResponse!.StatusCode) to be 201, but found 404 (difference of 203). (0.0s)
 And review should be submitted for moderation
 -> No matching step definition found for the step. Use the following code to create one:
         [Then(@"review should be submitted for moderation")]
         public void ThenReviewShouldBeSubmittedForModeration()
         {
             _scenarioContext.Pending();
         }
 
 And contributor should receive notification
 -> No matching step definition found for the step. Use the following code to create one:
         [Then(@"contributor should receive notification")]
         public void ThenContributorShouldReceiveNotification()
         {
             _scenarioContext.Pending();
         }
 


  Failed Detect and respond to account compromise indicators [218 ms]
  Error Message:
   Expected response.StatusCode to be HttpStatusCode.OK {value: 200}, but found HttpStatusCode.NotFound {value: 404}.
  Stack Trace:
     at FluentAssertions.Execution.XUnit2TestFramework.Throw(String message)
   at FluentAssertions.Execution.TestFrameworkProvider.Throw(String message)
   at FluentAssertions.Execution.DefaultAssertionStrategy.HandleFailure(String message)
   at FluentAssertions.Execution.AssertionScope.FailWith(Func`1 failReasonFunc)
   at FluentAssertions.Execution.AssertionScope.FailWith(Func`1 failReasonFunc)
   at FluentAssertions.Execution.AssertionScope.FailWith(String message, Object[] args)
   at FluentAssertions.Primitives.EnumAssertions`2.Be(TEnum expected, String because, Object[] becauseArgs)
   at TherapyDocs.Api.Tests.BDD.StepDefinitions.SecurityTestingSteps.GivenTheSecuritySystemIsActive() in /home/srowe/workspace/pediatric-therapy-resource/api/Tests/BDD/StepDefinitions/SecurityTestingSteps.cs:line 37
   at TechTalk.SpecFlow.Bindings.SynchronousBindingDelegateInvoker.<>c__DisplayClass2_0.<<InvokeBindingDelegateAsync>b__0>d.MoveNext()
--- End of stack trace from previous location ---
   at TechTalk.SpecFlow.Bindings.AsyncHelpers.<>c__DisplayClass1_0`1.<<RunSync>b__0>d.MoveNext()
--- End of stack trace from previous location ---
   at TechTalk.SpecFlow.Bindings.AsyncHelpers.ExclusiveSynchronizationContext.BeginMessageLoop()
   at TechTalk.SpecFlow.Bindings.AsyncHelpers.RunSync[T](Func`1 task)
   at TechTalk.SpecFlow.Bindings.SynchronousBindingDelegateInvoker.InvokeBindingDelegateAsync(Delegate bindingDelegate, Object[] invokeArgs)
   at TechTalk.SpecFlow.Bindings.SynchronousBindingDelegateInvoker.InvokeDelegateSynchronously(Delegate bindingDelegate, Object[] invokeArgs)
   at TechTalk.SpecFlow.Bindings.BindingInvoker.InvokeBinding(IBinding binding, IContextManager contextManager, Object[] arguments, ITestTracer testTracer, TimeSpan& duration)
   at TechTalk.SpecFlow.Infrastructure.TestExecutionEngine.ExecuteStepMatch(BindingMatch match, Object[] arguments, TimeSpan& duration)
   at TechTalk.SpecFlow.Infrastructure.TestExecutionEngine.ExecuteStep(IContextManager contextManager, StepInstance stepInstance)
   at TechTalk.SpecFlow.Infrastructure.TestExecutionEngine.OnAfterLastStep()
   at TechTalk.SpecFlow.TestRunner.CollectScenarioErrors()
   at TherapyDocs.Api.Tests.BDD.Features.Security.AdvancedAuthenticationSecurityFeature.ScenarioCleanup()
   at TherapyDocs.Api.Tests.BDD.Features.Security.AdvancedAuthenticationSecurityFeature.DetectAndRespondToAccountCompromiseIndicators() in /home/srowe/workspace/pediatric-therapy-resource/api/Tests/BDD/Features/security/authentication-security.feature:line 157
   at System.RuntimeMethodHandle.InvokeMethod(Object target, Void** arguments, Signature sig, Boolean isConstructor)
   at System.Reflection.MethodBaseInvoker.InvokeWithNoArgs(Object obj, BindingFlags invokeAttr)
  Standard Output Messages:
 Given the security system is active
 -> error: Expected response.StatusCode to be HttpStatusCode.OK {value: 200}, but found HttpStatusCode.NotFound {value: 404}. (0.0s)
 And advanced authentication features are enabled
 -> skipped because of previous errors
 And security policies are configured
 -> skipped because of previous errors
 Given I have normal usage patterns established
 -> No matching step definition found for the step. Use the following code to create one:
         [Given(@"I have normal usage patterns established")]
         public void GivenIHaveNormalUsagePatternsEstablished()
         {
             _scenarioContext.Pending();
         }
 
 When suspicious activities are detected:
   --- table step argument ---
   | Activity Type          | Indicator                    | Risk Level |
   | Mass file downloads    | 500+ resources in 1 hour     | High       |
   | Unusual access pattern | 3 AM login (normally 9-5)    | Medium     |
   | New device login       | Unrecognized browser/OS      | Medium     |
   | Geographic anomaly     | Login from different country | High       |
   | Password change        | No recent activity trigger   | Medium     |
 -> No matching step definition found for the step. Use the following code to create one:
         [When(@"suspicious activities are detected:")]
         public void WhenSuspiciousActivitiesAreDetected(Table table)
         {
             _scenarioContext.Pending();
         }
 
 Then risk score should be calculated
 -> No matching step definition found for the step. Use the following code to create one:
         [Then(@"risk score should be calculated")]
         public void ThenRiskScoreShouldBeCalculated()
         {
             _scenarioContext.Pending();
         }
 
 And appropriate security measures should be triggered:
   --- table step argument ---
   | Risk Level | Response                          |
   | Low        | Log event for monitoring          |
   | Medium     | Require additional verification   |
   | High       | Lock account, alert security team |
 -> No matching step definition found for the step. Use the following code to create one:
         [Then(@"appropriate security measures should be triggered:")]
         public void ThenAppropriateSecurityMeasuresShouldBeTriggered(Table table)
         {
             _scenarioContext.Pending();
         }
 


  Skipped Record privacy consent [1 ms]
  Failed Access adult-specific outcome measures [52 ms]
  Error Message:
   Expected ((int)LastResponse!.StatusCode) to be 200, but found 404 (difference of 204).
  Stack Trace:
     at FluentAssertions.Execution.XUnit2TestFramework.Throw(String message)
   at FluentAssertions.Execution.TestFrameworkProvider.Throw(String message)
   at FluentAssertions.Execution.DefaultAssertionStrategy.HandleFailure(String message)
   at FluentAssertions.Execution.AssertionScope.FailWith(Func`1 failReasonFunc)
   at FluentAssertions.Execution.AssertionScope.FailWith(Func`1 failReasonFunc)
   at FluentAssertions.Execution.AssertionScope.FailWith(String message, Object[] args)
   at FluentAssertions.Numeric.NumericAssertions`2.Be(T expected, String because, Object[] becauseArgs)
   at TherapyDocs.Api.Tests.BDD.StepDefinitions.BaseStepDefinitions.ThenTheResponseStatusShouldBe(Int32 statusCode) in /home/srowe/workspace/pediatric-therapy-resource/api/Tests/BDD/StepDefinitions/BaseStepDefinitions.cs:line 72
   at TherapyDocs.Api.Tests.BDD.StepDefinitions.CommonStepDefinitions.ThenTheResponseStatusShouldBeStep(Int32 statusCode) in /home/srowe/workspace/pediatric-therapy-resource/api/Tests/BDD/StepDefinitions/CommonStepDefinitions.cs:line 55
   at InvokeStub_Action`2.Invoke(Object, Span`1)
   at System.Reflection.MethodBaseInvoker.InvokeWithFewArgs(Object obj, BindingFlags invokeAttr, Binder binder, Object[] parameters, CultureInfo culture)
   at TechTalk.SpecFlow.Bindings.BindingInvoker.InvokeBinding(IBinding binding, IContextManager contextManager, Object[] arguments, ITestTracer testTracer, TimeSpan& duration)
   at TechTalk.SpecFlow.Infrastructure.TestExecutionEngine.ExecuteStepMatch(BindingMatch match, Object[] arguments, TimeSpan& duration)
   at TechTalk.SpecFlow.Infrastructure.TestExecutionEngine.ExecuteStep(IContextManager contextManager, StepInstance stepInstance)
   at TechTalk.SpecFlow.Infrastructure.TestExecutionEngine.OnAfterLastStep()
   at TechTalk.SpecFlow.TestRunner.CollectScenarioErrors()
   at TherapyDocs.Api.Tests.BDD.Features.Therapy.AdultTherapyResourcesAPIEndpointsFR_016Feature.ScenarioCleanup()
   at TherapyDocs.Api.Tests.BDD.Features.Therapy.AdultTherapyResourcesAPIEndpointsFR_016Feature.AccessAdult_SpecificOutcomeMeasures() in /home/srowe/workspace/pediatric-therapy-resource/api/Tests/BDD/Features/therapy/adult-therapy.feature:line 144
   at System.RuntimeMethodHandle.InvokeMethod(Object target, Void** arguments, Signature sig, Boolean isConstructor)
   at System.Reflection.MethodBaseInvoker.InvokeWithNoArgs(Object obj, BindingFlags invokeAttr)
  Standard Output Messages:
 Given the API is available
 -> done: CommonStepDefinitions.GivenTheAPIIsAvailable() (0.0s)
 And I am authenticated as "therapist@clinic.com"
 -> done: CommonStepDefinitions.GivenIAmAuthenticatedAs("therapist@clinic.com") (0.0s)
 When I send a GET request to "/api/resources/adult/outcome-measures?setting=snf"
 -> done: CommonStepDefinitions.WhenISendAGETRequestToStep("/api/resources/ad...") (0.0s)
 Then the response status should be 200
 -> error: Expected ((int)LastResponse!.StatusCode) to be 200, but found 404 (difference of 204). (0.0s)
 And measures should include:
   --- table step argument ---
   | measure      | domain                   | requirements |
   | FIM          | Functional independence  | Certified    |
   | COPM         | Occupational performance | Training     |
   | MoCA         | Cognitive screening      | Free         |
   | Berg Balance | Fall risk                | Equipment    |
 -> No matching step definition found for the step. Use the following code to create one:
         [Then(@"measures should include:")]
         public void ThenMeasuresShouldInclude(Table table)
         {
             _scenarioContext.Pending();
         }
 


  Failed Use AI-assisted report writer [65 ms]
  Error Message:
   Expected ((int)LastResponse!.StatusCode) to be 200, but found 404 (difference of 204).
  Stack Trace:
     at FluentAssertions.Execution.XUnit2TestFramework.Throw(String message)
   at FluentAssertions.Execution.TestFrameworkProvider.Throw(String message)
   at FluentAssertions.Execution.DefaultAssertionStrategy.HandleFailure(String message)
   at FluentAssertions.Execution.AssertionScope.FailWith(Func`1 failReasonFunc)
   at FluentAssertions.Execution.AssertionScope.FailWith(Func`1 failReasonFunc)
   at FluentAssertions.Execution.AssertionScope.FailWith(String message, Object[] args)
   at FluentAssertions.Numeric.NumericAssertions`2.Be(T expected, String because, Object[] becauseArgs)
   at TherapyDocs.Api.Tests.BDD.StepDefinitions.BaseStepDefinitions.ThenTheResponseStatusShouldBe(Int32 statusCode) in /home/srowe/workspace/pediatric-therapy-resource/api/Tests/BDD/StepDefinitions/BaseStepDefinitions.cs:line 72
   at TherapyDocs.Api.Tests.BDD.StepDefinitions.CommonStepDefinitions.ThenTheResponseStatusShouldBeStep(Int32 statusCode) in /home/srowe/workspace/pediatric-therapy-resource/api/Tests/BDD/StepDefinitions/CommonStepDefinitions.cs:line 55
   at InvokeStub_Action`2.Invoke(Object, Span`1)
   at System.Reflection.MethodBaseInvoker.InvokeWithFewArgs(Object obj, BindingFlags invokeAttr, Binder binder, Object[] parameters, CultureInfo culture)
   at TechTalk.SpecFlow.Bindings.BindingInvoker.InvokeBinding(IBinding binding, IContextManager contextManager, Object[] arguments, ITestTracer testTracer, TimeSpan& duration)
   at TechTalk.SpecFlow.Infrastructure.TestExecutionEngine.ExecuteStepMatch(BindingMatch match, Object[] arguments, TimeSpan& duration)
   at TechTalk.SpecFlow.Infrastructure.TestExecutionEngine.ExecuteStep(IContextManager contextManager, StepInstance stepInstance)
   at TechTalk.SpecFlow.Infrastructure.TestExecutionEngine.OnAfterLastStep()
   at TechTalk.SpecFlow.TestRunner.CollectScenarioErrors()
   at TherapyDocs.Api.Tests.BDD.Features.Therapy.DocumentationHelpersAPIEndpointsFR_028Feature.ScenarioCleanup()
   at TherapyDocs.Api.Tests.BDD.Features.Therapy.DocumentationHelpersAPIEndpointsFR_028Feature.UseAI_AssistedReportWriter() in /home/srowe/workspace/pediatric-therapy-resource/api/Tests/BDD/Features/therapy/documentation-helpers.feature:line 142
   at System.RuntimeMethodHandle.InvokeMethod(Object target, Void** arguments, Signature sig, Boolean isConstructor)
   at System.Reflection.MethodBaseInvoker.InvokeWithNoArgs(Object obj, BindingFlags invokeAttr)
  Standard Output Messages:
 Given the API is available
 -> done: CommonStepDefinitions.GivenTheAPIIsAvailable() (0.0s)
 And I am authenticated as "therapist@clinic.com"
 -> done: CommonStepDefinitions.GivenIAmAuthenticatedAs("therapist@clinic.com") (0.0s)
 When I send a POST request to "/api/documentation/report-writer" with:
   --- table step argument ---
   | field        | value                                    |
   | reportType   | initial-evaluation                       |
   | testScores   | {"BOT-2": 45, "Beery": 38}               |
   | observations | "Difficulty with bilateral coordination" |
   | diagnosis    | "Developmental Coordination Disorder"    |
 -> done: CommonStepDefinitions.WhenISendAPOSTRequestToWithStep("/api/documentatio...", <table>) (0.0s)
 Then the response status should be 200
 -> error: Expected ((int)LastResponse!.StatusCode) to be 200, but found 404 (difference of 204). (0.0s)
 And draft report should include:
   --- table step argument ---
   | section         | content                      |
   | background      | Referral information         |
   | results         | Test score interpretation    |
   | recommendations | Evidence-based interventions |
   | goals           | Measurable objectives        |
 -> No matching step definition found for the step. Use the following code to create one:
         [Then(@"draft report should include:")]
         public void ThenDraftReportShouldInclude(Table table)
         {
             _scenarioContext.Pending();
         }
 


[xUnit.net 00:00:02.99]     Record ABC data [SKIP]
[xUnit.net 00:00:02.99]       No matching step definition found for one or more steps.\nusing System;\r\nusing TechTalk.SpecFlow;\r\n\r\nnamespace MyNamespace\r\n{\r\n    [Binding]\r\n    public class StepDefinitions\r\n    {\r\n        private readonly ScenarioContext _scenarioContext;\r\n\r\n        public StepDefinitions(ScenarioContext scenarioContext)\r\n        {\r\n            _scenarioContext = scenarioContext;\r\n        }\r\n        [Given(@"I have ABA certification")]\r\n        public void GivenIHaveABACertification()\r\n        {\r\n            _scenarioContext.Pending();\r\n        }\r\n        \n        [Given(@"I am observing student ""(.*)""")]\r\n        public void GivenIAmObservingStudent(string p0)\r\n        {\r\n            _scenarioContext.Pending();\r\n        }\r\n        \n        [Then(@"ABC pattern analysis should update")]\r\n        public void ThenABCPatternAnalysisShouldUpdate()\r\n        {\r\n            _scenarioContext.Pending();\r\n        }\r\n        \n        [Then(@"function hypothesis should be refined")]\r\n        public void ThenFunctionHypothesisShouldBeRefined()\r\n        {\r\n            _scenarioContext.Pending();\r\n        }\r\n    }\r\n}\r\n
[xUnit.net 00:00:02.99]     Handle false positive security alerts efficiently [SKIP]
[xUnit.net 00:00:02.99]       No matching step definition found for one or more steps.\nusing System;\r\nusing TechTalk.SpecFlow;\r\n\r\nnamespace MyNamespace\r\n{\r\n    [Binding]\r\n    public class StepDefinitions\r\n    {\r\n        private readonly ScenarioContext _scenarioContext;\r\n\r\n        public StepDefinitions(ScenarioContext scenarioContext)\r\n        {\r\n            _scenarioContext = scenarioContext;\r\n        }\r\n        [Given(@"the incident response system is active")]\r\n        public void GivenTheIncidentResponseSystemIsActive()\r\n        {\r\n            _scenarioContext.Pending();\r\n        }\r\n        \n        [Given(@"security monitoring is enabled")]\r\n        public void GivenSecurityMonitoringIsEnabled()\r\n        {\r\n            _scenarioContext.Pending();\r\n        }\r\n        \n        [Given(@"response procedures are configured")]\r\n        public void GivenResponseProceduresAreConfigured()\r\n        {\r\n            _scenarioContext.Pending();\r\n        }\r\n        \n        [Given(@"automated systems generate false positive alerts")]\r\n        public void GivenAutomatedSystemsGenerateFalsePositiveAlerts()\r\n        {\r\n            _scenarioContext.Pending();\r\n        }\r\n        \n        [When(@"false positives impact response efficiency")]\r\n        public void WhenFalsePositivesImpactResponseEfficiency()\r\n        {\r\n            _scenarioContext.Pending();\r\n        }\r\n        \n        [Then(@"false positive handling should include:")]\r\n        public void ThenFalsePositiveHandlingShouldInclude(Table table)\r\n        {\r\n            _scenarioContext.Pending();\r\n        }\r\n        \n        [Then(@"false positive rate should be tracked and minimized")]\r\n        public void ThenFalsePositiveRateShouldBeTrackedAndMinimized()\r\n        {\r\n            _scenarioContext.Pending();\r\n        }\r\n        \n        [Then(@"tuning should be performed weekly to optimize detection")]\r\n        public void ThenTuningShouldBePerformedWeeklyToOptimizeDetection()\r\n        {\r\n            _scenarioContext.Pending();\r\n        }\r\n    }\r\n}\r\n
[xUnit.net 00:00:02.99]       Expected ((int)LastResponse!.StatusCode) to be 200, but found 404 (difference of 204).
[xUnit.net 00:00:02.99]       Stack Trace:
[xUnit.net 00:00:02.99]            at FluentAssertions.Execution.XUnit2TestFramework.Throw(String message)
[xUnit.net 00:00:02.99]            at FluentAssertions.Execution.TestFrameworkProvider.Throw(String message)
[xUnit.net 00:00:02.99]            at FluentAssertions.Execution.DefaultAssertionStrategy.HandleFailure(String message)
[xUnit.net 00:00:02.99]            at FluentAssertions.Execution.AssertionScope.FailWith(Func`1 failReasonFunc)
[xUnit.net 00:00:02.99]            at FluentAssertions.Execution.AssertionScope.FailWith(Func`1 failReasonFunc)
[xUnit.net 00:00:02.99]            at FluentAssertions.Execution.AssertionScope.FailWith(String message, Object[] args)
[xUnit.net 00:00:02.99]            at FluentAssertions.Numeric.NumericAssertions`2.Be(T expected, String because, Object[] becauseArgs)
[xUnit.net 00:00:02.99]         /home/srowe/workspace/pediatric-therapy-resource/api/Tests/BDD/StepDefinitions/BaseStepDefinitions.cs(72,0): at TherapyDocs.Api.Tests.BDD.StepDefinitions.BaseStepDefinitions.ThenTheResponseStatusShouldBe(Int32 statusCode)
[xUnit.net 00:00:02.99]         /home/srowe/workspace/pediatric-therapy-resource/api/Tests/BDD/StepDefinitions/CommonStepDefinitions.cs(55,0): at TherapyDocs.Api.Tests.BDD.StepDefinitions.CommonStepDefinitions.ThenTheResponseStatusShouldBeStep(Int32 statusCode)
[xUnit.net 00:00:02.99]            at InvokeStub_Action`2.Invoke(Object, Span`1)
[xUnit.net 00:00:02.99]            at System.Reflection.MethodBaseInvoker.InvokeWithFewArgs(Object obj, BindingFlags invokeAttr, Binder binder, Object[] parameters, CultureInfo culture)
[xUnit.net 00:00:03.00]            at TechTalk.SpecFlow.Bindings.BindingInvoker.InvokeBinding(IBinding binding, IContextManager contextManager, Object[] arguments, ITestTracer testTracer, TimeSpan& duration)
[xUnit.net 00:00:03.00]            at TechTalk.SpecFlow.Infrastructure.TestExecutionEngine.ExecuteStepMatch(BindingMatch match, Object[] arguments, TimeSpan& duration)
[xUnit.net 00:00:03.00]            at TechTalk.SpecFlow.Infrastructure.TestExecutionEngine.ExecuteStep(IContextManager contextManager, StepInstance stepInstance)
[xUnit.net 00:00:03.00]            at TechTalk.SpecFlow.Infrastructure.TestExecutionEngine.OnAfterLastStep()
[xUnit.net 00:00:03.00]            at TechTalk.SpecFlow.TestRunner.CollectScenarioErrors()
[xUnit.net 00:00:03.00]            at TherapyDocs.Api.Tests.BDD.Features.Therapy.VirtualToolsAPIEndpointsFR_024Feature.ScenarioCleanup()
[xUnit.net 00:00:03.00]         /home/srowe/workspace/pediatric-therapy-resource/api/Tests/BDD/Features/therapy/virtual-tools.feature(92,0): at TherapyDocs.Api.Tests.BDD.Features.Therapy.VirtualToolsAPIEndpointsFR_024Feature.StartScreenAnnotationSession()
[xUnit.net 00:00:03.00]            at System.RuntimeMethodHandle.InvokeMethod(Object target, Void** arguments, Signature sig, Boolean isConstructor)
[xUnit.net 00:00:03.00]            at System.Reflection.MethodBaseInvoker.InvokeWithNoArgs(Object obj, BindingFlags invokeAttr)
[xUnit.net 00:00:03.00]       Output:
[xUnit.net 00:00:03.00]         Given the API is available
[xUnit.net 00:00:03.00]         -> done: CommonStepDefinitions.GivenTheAPIIsAvailable() (0.0s)
[xUnit.net 00:00:03.00]         And I am authenticated as "therapist@clinic.com"
[xUnit.net 00:00:03.00]         -> done: CommonStepDefinitions.GivenIAmAuthenticatedAs("therapist@clinic.com") (0.0s)
[xUnit.net 00:00:03.00]         When I send a POST request to "/api/virtual/annotation/start" with:
[xUnit.net 00:00:03.00]           --- table step argument ---
[xUnit.net 00:00:03.00]           | field       | value                            |
[xUnit.net 00:00:03.00]           | sessionId   | therapy-session-123              |
[xUnit.net 00:00:03.00]           | tools       | ["pen", "highlighter", "shapes"] |
[xUnit.net 00:00:03.00]           | saveEnabled | true                             |
[xUnit.net 00:00:03.00]         -> done: CommonStepDefinitions.WhenISendAPOSTRequestToWithStep("/api/virtual/anno...", <table>) (0.0s)
[xUnit.net 00:00:03.00]         Then the response status should be 200
[xUnit.net 00:00:03.00]         -> error: Expected ((int)LastResponse!.StatusCode) to be 200, but found 404 (difference of 204). (0.0s)
[xUnit.net 00:00:03.00]         And annotation tools should be available
[xUnit.net 00:00:03.00]         -> No matching step definition found for the step. Use the following code to create one:
[xUnit.net 00:00:03.00]                 [Then(@"annotation tools should be available")]
[xUnit.net 00:00:03.00]                 public void ThenAnnotationToolsShouldBeAvailable()
[xUnit.net 00:00:03.00]                 {
[xUnit.net 00:00:03.00]                     _scenarioContext.Pending();
[xUnit.net 00:00:03.00]                 }
[xUnit.net 00:00:03.00]         
[xUnit.net 00:00:03.00]         And drawings should sync in real-time
[xUnit.net 00:00:03.00]         -> No matching step definition found for the step. Use the following code to create one:
[xUnit.net 00:00:03.00]                 [Then(@"drawings should sync in real-time")]
[xUnit.net 00:00:03.00]                 public void ThenDrawingsShouldSyncInReal_Time()
[xUnit.net 00:00:03.00]                 {
[xUnit.net 00:00:03.00]                     _scenarioContext.Pending();
[xUnit.net 00:00:03.00]                 }
[xUnit.net 00:00:03.00]         
[xUnit.net 00:00:03.00]       Expected ((int)LastResponse!.StatusCode) to be 200, but found 404 (difference of 204).
[xUnit.net 00:00:03.00]       Stack Trace:
[xUnit.net 00:00:03.00]            at FluentAssertions.Execution.XUnit2TestFramework.Throw(String message)
[xUnit.net 00:00:03.00]            at FluentAssertions.Execution.TestFrameworkProvider.Throw(String message)
[xUnit.net 00:00:03.00]            at FluentAssertions.Execution.DefaultAssertionStrategy.HandleFailure(String message)
[xUnit.net 00:00:03.00]            at FluentAssertions.Execution.AssertionScope.FailWith(Func`1 failReasonFunc)
[xUnit.net 00:00:03.00]            at FluentAssertions.Execution.AssertionScope.FailWith(Func`1 failReasonFunc)
[xUnit.net 00:00:03.00]            at FluentAssertions.Execution.AssertionScope.FailWith(String message, Object[] args)
[xUnit.net 00:00:03.00]            at FluentAssertions.Numeric.NumericAssertions`2.Be(T expected, String because, Object[] becauseArgs)
[xUnit.net 00:00:03.00]         /home/srowe/workspace/pediatric-therapy-resource/api/Tests/BDD/StepDefinitions/BaseStepDefinitions.cs(72,0): at TherapyDocs.Api.Tests.BDD.StepDefinitions.BaseStepDefinitions.ThenTheResponseStatusShouldBe(Int32 statusCode)
[xUnit.net 00:00:03.00]         /home/srowe/workspace/pediatric-therapy-resource/api/Tests/BDD/StepDefinitions/CommonStepDefinitions.cs(55,0): at TherapyDocs.Api.Tests.BDD.StepDefinitions.CommonStepDefinitions.ThenTheResponseStatusShouldBeStep(Int32 statusCode)
[xUnit.net 00:00:03.00]            at InvokeStub_Action`2.Invoke(Object, Span`1)
[xUnit.net 00:00:03.00]            at System.Reflection.MethodBaseInvoker.InvokeWithFewArgs(Object obj, BindingFlags invokeAttr, Binder binder, Object[] parameters, CultureInfo culture)
[xUnit.net 00:00:03.00]            at TechTalk.SpecFlow.Bindings.BindingInvoker.InvokeBinding(IBinding binding, IContextManager contextManager, Object[] arguments, ITestTracer testTracer, TimeSpan& duration)
[xUnit.net 00:00:03.00]            at TechTalk.SpecFlow.Infrastructure.TestExecutionEngine.ExecuteStepMatch(BindingMatch match, Object[] arguments, TimeSpan& duration)
[xUnit.net 00:00:03.00]            at TechTalk.SpecFlow.Infrastructure.TestExecutionEngine.ExecuteStep(IContextManager contextManager, StepInstance stepInstance)
[xUnit.net 00:00:03.00]            at TechTalk.SpecFlow.Infrastructure.TestExecutionEngine.OnAfterLastStep()
[xUnit.net 00:00:03.00]            at TechTalk.SpecFlow.TestRunner.CollectScenarioErrors()
[xUnit.net 00:00:03.00]            at TherapyDocs.Api.Tests.BDD.Features.Integrations.ExternalIntegrationAPIEndpointsFR_022Feature.ScenarioCleanup()
[xUnit.net 00:00:03.00]         /home/srowe/workspace/pediatric-therapy-resource/api/Tests/BDD/Features/integrations/external-integrations.feature(158,0): at TherapyDocs.Api.Tests.BDD.Features.Integrations.ExternalIntegrationAPIEndpointsFR_022Feature.ConfigureEmailIntegration()
[xUnit.net 00:00:03.00]            at System.RuntimeMethodHandle.InvokeMethod(Object target, Void** arguments, Signature sig, Boolean isConstructor)
[xUnit.net 00:00:03.00]            at System.Reflection.MethodBaseInvoker.InvokeWithNoArgs(Object obj, BindingFlags invokeAttr)
[xUnit.net 00:00:03.00]       Output:
[xUnit.net 00:00:03.00]         Given the API is available
[xUnit.net 00:00:03.00]         -> done: CommonStepDefinitions.GivenTheAPIIsAvailable() (0.0s)
[xUnit.net 00:00:03.00]         And I am authenticated as "therapist@clinic.com"
[xUnit.net 00:00:03.00]         -> done: CommonStepDefinitions.GivenIAmAuthenticatedAs("therapist@clinic.com") (0.0s)
[xUnit.net 00:00:03.00]         When I send a POST request to "/api/integrations/email/configure" with:
[xUnit.net 00:00:03.00]           --- table step argument ---
[xUnit.net 00:00:03.00]           | field     | value              |
[xUnit.net 00:00:03.00]           | provider  | sendgrid           |
[xUnit.net 00:00:03.00]           | apiKey    | encrypted-key      |
[xUnit.net 00:00:03.00]           | fromEmail | clinic@example.com |
[xUnit.net 00:00:03.00]           | fromName  | Sunshine Therapy   |
[xUnit.net 00:00:03.00]         -> done: CommonStepDefinitions.WhenISendAPOSTRequestToWithStep("/api/integrations...", <table>) (0.0s)
[xUnit.net 00:00:03.00]         Then the response status should be 200
[xUnit.net 00:00:03.00]         -> error: Expected ((int)LastResponse!.StatusCode) to be 200, but found 404 (difference of 204). (0.0s)
[xUnit.net 00:00:03.00]         And email sending should be configured
[xUnit.net 00:00:03.00]         -> No matching step definition found for the step. Use the following code to create one:
[xUnit.net 00:00:03.00]                 [Then(@"email sending should be configured")]
[xUnit.net 00:00:03.00]                 public void ThenEmailSendingShouldBeConfigured()
[xUnit.net 00:00:03.00]                 {
[xUnit.net 00:00:03.00]                     _scenarioContext.Pending();
[xUnit.net 00:00:03.00]                 }
[xUnit.net 00:00:03.00]         
[xUnit.net 00:00:03.00]         And test email should be sent
[xUnit.net 00:00:03.00]         -> No matching step definition found for the step. Use the following code to create one:
[xUnit.net 00:00:03.00]                 [Then(@"test email should be sent")]
[xUnit.net 00:00:03.00]                 public void ThenTestEmailShouldBeSent()
[xUnit.net 00:00:03.00]                 {
[xUnit.net 00:00:03.00]                     _scenarioContext.Pending();
[xUnit.net 00:00:03.00]                 }
[xUnit.net 00:00:03.00]         
[xUnit.net 00:00:03.00]     Handle database query timeouts and long-running operations [SKIP]
[xUnit.net 00:00:03.00]       No matching step definition found for one or more steps.\nusing System;\r\nusing TechTalk.SpecFlow;\r\n\r\nnamespace MyNamespace\r\n{\r\n    [Binding]\r\n    public class StepDefinitions\r\n    {\r\n        private readonly ScenarioContext _scenarioContext;\r\n\r\n        public StepDefinitions(ScenarioContext scenarioContext)\r\n        {\r\n            _scenarioContext = scenarioContext;\r\n        }\r\n        [Then(@"query timeouts should prevent resource monopolization")]\r\n        public void ThenQueryTimeoutsShouldPreventResourceMonopolization()\r\n        {\r\n            _scenarioContext.Pending();\r\n        }\r\n        \n        [Then(@"timeout handling should be appropriate for query type")]\r\n        public void ThenTimeoutHandlingShouldBeAppropriateForQueryType()\r\n        {\r\n            _scenarioContext.Pending();\r\n        }\r\n        \n        [Then(@"long-running operations should be made resumable")]\r\n        public void ThenLong_RunningOperationsShouldBeMadeResumable()\r\n        {\r\n            _scenarioContext.Pending();\r\n        }\r\n        \n        [Then(@"timeout recovery should minimize user impact")]\r\n        public void ThenTimeoutRecoveryShouldMinimizeUserImpact()\r\n        {\r\n            _scenarioContext.Pending();\r\n        }\r\n    }\r\n}\r\n
  Skipped Record ABC data [1 ms]
  Skipped Handle false positive security alerts efficiently [1 ms]
  Failed Start screen annotation session [172 ms]
  Error Message:
   Expected ((int)LastResponse!.StatusCode) to be 200, but found 404 (difference of 204).
  Stack Trace:
     at FluentAssertions.Execution.XUnit2TestFramework.Throw(String message)
   at FluentAssertions.Execution.TestFrameworkProvider.Throw(String message)
   at FluentAssertions.Execution.DefaultAssertionStrategy.HandleFailure(String message)
   at FluentAssertions.Execution.AssertionScope.FailWith(Func`1 failReasonFunc)
   at FluentAssertions.Execution.AssertionScope.FailWith(Func`1 failReasonFunc)
   at FluentAssertions.Execution.AssertionScope.FailWith(String message, Object[] args)
   at FluentAssertions.Numeric.NumericAssertions`2.Be(T expected, String because, Object[] becauseArgs)
   at TherapyDocs.Api.Tests.BDD.StepDefinitions.BaseStepDefinitions.ThenTheResponseStatusShouldBe(Int32 statusCode) in /home/srowe/workspace/pediatric-therapy-resource/api/Tests/BDD/StepDefinitions/BaseStepDefinitions.cs:line 72
   at TherapyDocs.Api.Tests.BDD.StepDefinitions.CommonStepDefinitions.ThenTheResponseStatusShouldBeStep(Int32 statusCode) in /home/srowe/workspace/pediatric-therapy-resource/api/Tests/BDD/StepDefinitions/CommonStepDefinitions.cs:line 55
   at InvokeStub_Action`2.Invoke(Object, Span`1)
   at System.Reflection.MethodBaseInvoker.InvokeWithFewArgs(Object obj, BindingFlags invokeAttr, Binder binder, Object[] parameters, CultureInfo culture)
   at TechTalk.SpecFlow.Bindings.BindingInvoker.InvokeBinding(IBinding binding, IContextManager contextManager, Object[] arguments, ITestTracer testTracer, TimeSpan& duration)
   at TechTalk.SpecFlow.Infrastructure.TestExecutionEngine.ExecuteStepMatch(BindingMatch match, Object[] arguments, TimeSpan& duration)
   at TechTalk.SpecFlow.Infrastructure.TestExecutionEngine.ExecuteStep(IContextManager contextManager, StepInstance stepInstance)
   at TechTalk.SpecFlow.Infrastructure.TestExecutionEngine.OnAfterLastStep()
   at TechTalk.SpecFlow.TestRunner.CollectScenarioErrors()
   at TherapyDocs.Api.Tests.BDD.Features.Therapy.VirtualToolsAPIEndpointsFR_024Feature.ScenarioCleanup()
   at TherapyDocs.Api.Tests.BDD.Features.Therapy.VirtualToolsAPIEndpointsFR_024Feature.StartScreenAnnotationSession() in /home/srowe/workspace/pediatric-therapy-resource/api/Tests/BDD/Features/therapy/virtual-tools.feature:line 92
   at System.RuntimeMethodHandle.InvokeMethod(Object target, Void** arguments, Signature sig, Boolean isConstructor)
   at System.Reflection.MethodBaseInvoker.InvokeWithNoArgs(Object obj, BindingFlags invokeAttr)
  Standard Output Messages:
 Given the API is available
 -> done: CommonStepDefinitions.GivenTheAPIIsAvailable() (0.0s)
 And I am authenticated as "therapist@clinic.com"
 -> done: CommonStepDefinitions.GivenIAmAuthenticatedAs("therapist@clinic.com") (0.0s)
 When I send a POST request to "/api/virtual/annotation/start" with:
   --- table step argument ---
   | field       | value                            |
   | sessionId   | therapy-session-123              |
   | tools       | ["pen", "highlighter", "shapes"] |
   | saveEnabled | true                             |
 -> done: CommonStepDefinitions.WhenISendAPOSTRequestToWithStep("/api/virtual/anno...", <table>) (0.0s)
 Then the response status should be 200
 -> error: Expected ((int)LastResponse!.StatusCode) to be 200, but found 404 (difference of 204). (0.0s)
 And annotation tools should be available
 -> No matching step definition found for the step. Use the following code to create one:
         [Then(@"annotation tools should be available")]
         public void ThenAnnotationToolsShouldBeAvailable()
         {
             _scenarioContext.Pending();
         }
 
 And drawings should sync in real-time
 -> No matching step definition found for the step. Use the following code to create one:
         [Then(@"drawings should sync in real-time")]
         public void ThenDrawingsShouldSyncInReal_Time()
         {
             _scenarioContext.Pending();
         }
 


  Failed Configure email integration [123 ms]
  Error Message:
   Expected ((int)LastResponse!.StatusCode) to be 200, but found 404 (difference of 204).
  Stack Trace:
     at FluentAssertions.Execution.XUnit2TestFramework.Throw(String message)
   at FluentAssertions.Execution.TestFrameworkProvider.Throw(String message)
   at FluentAssertions.Execution.DefaultAssertionStrategy.HandleFailure(String message)
   at FluentAssertions.Execution.AssertionScope.FailWith(Func`1 failReasonFunc)
   at FluentAssertions.Execution.AssertionScope.FailWith(Func`1 failReasonFunc)
   at FluentAssertions.Execution.AssertionScope.FailWith(String message, Object[] args)
   at FluentAssertions.Numeric.NumericAssertions`2.Be(T expected, String because, Object[] becauseArgs)
   at TherapyDocs.Api.Tests.BDD.StepDefinitions.BaseStepDefinitions.ThenTheResponseStatusShouldBe(Int32 statusCode) in /home/srowe/workspace/pediatric-therapy-resource/api/Tests/BDD/StepDefinitions/BaseStepDefinitions.cs:line 72
   at TherapyDocs.Api.Tests.BDD.StepDefinitions.CommonStepDefinitions.ThenTheResponseStatusShouldBeStep(Int32 statusCode) in /home/srowe/workspace/pediatric-therapy-resource/api/Tests/BDD/StepDefinitions/CommonStepDefinitions.cs:line 55
   at InvokeStub_Action`2.Invoke(Object, Span`1)
   at System.Reflection.MethodBaseInvoker.InvokeWithFewArgs(Object obj, BindingFlags invokeAttr, Binder binder, Object[] parameters, CultureInfo culture)
   at TechTalk.SpecFlow.Bindings.BindingInvoker.InvokeBinding(IBinding binding, IContextManager contextManager, Object[] arguments, ITestTracer testTracer, TimeSpan& duration)
   at TechTalk.SpecFlow.Infrastructure.TestExecutionEngine.ExecuteStepMatch(BindingMatch match, Object[] arguments, TimeSpan& duration)
   at TechTalk.SpecFlow.Infrastructure.TestExecutionEngine.ExecuteStep(IContextManager contextManager, StepInstance stepInstance)
   at TechTalk.SpecFlow.Infrastructure.TestExecutionEngine.OnAfterLastStep()
   at TechTalk.SpecFlow.TestRunner.CollectScenarioErrors()
   at TherapyDocs.Api.Tests.BDD.Features.Integrations.ExternalIntegrationAPIEndpointsFR_022Feature.ScenarioCleanup()
   at TherapyDocs.Api.Tests.BDD.Features.Integrations.ExternalIntegrationAPIEndpointsFR_022Feature.ConfigureEmailIntegration() in /home/srowe/workspace/pediatric-therapy-resource/api/Tests/BDD/Features/integrations/external-integrations.feature:line 158
   at System.RuntimeMethodHandle.InvokeMethod(Object target, Void** arguments, Signature sig, Boolean isConstructor)
   at System.Reflection.MethodBaseInvoker.InvokeWithNoArgs(Object obj, BindingFlags invokeAttr)
  Standard Output Messages:
 Given the API is available
 -> done: CommonStepDefinitions.GivenTheAPIIsAvailable() (0.0s)
 And I am authenticated as "therapist@clinic.com"
 -> done: CommonStepDefinitions.GivenIAmAuthenticatedAs("therapist@clinic.com") (0.0s)
 When I send a POST request to "/api/integrations/email/configure" with:
   --- table step argument ---
   | field     | value              |
   | provider  | sendgrid           |
   | apiKey    | encrypted-key      |
   | fromEmail | clinic@example.com |
   | fromName  | Sunshine Therapy   |
 -> done: CommonStepDefinitions.WhenISendAPOSTRequestToWithStep("/api/integrations...", <table>) (0.0s)
 Then the response status should be 200
 -> error: Expected ((int)LastResponse!.StatusCode) to be 200, but found 404 (difference of 204). (0.0s)
 And email sending should be configured
 -> No matching step definition found for the step. Use the following code to create one:
         [Then(@"email sending should be configured")]
         public void ThenEmailSendingShouldBeConfigured()
         {
             _scenarioContext.Pending();
         }
 
 And test email should be sent
 -> No matching step definition found for the step. Use the following code to create one:
         [Then(@"test email should be sent")]
         public void ThenTestEmailShouldBeSent()
         {
             _scenarioContext.Pending();
         }
 


  Skipped Handle database query timeouts and long-running operations [1 ms]
[xUnit.net 00:00:03.01]       Expected ((int)LastResponse!.StatusCode) to be 200, but found 404 (difference of 204).
[xUnit.net 00:00:03.01]       Stack Trace:
[xUnit.net 00:00:03.01]            at FluentAssertions.Execution.XUnit2TestFramework.Throw(String message)
[xUnit.net 00:00:03.01]            at FluentAssertions.Execution.TestFrameworkProvider.Throw(String message)
[xUnit.net 00:00:03.01]            at FluentAssertions.Execution.DefaultAssertionStrategy.HandleFailure(String message)
[xUnit.net 00:00:03.01]            at FluentAssertions.Execution.AssertionScope.FailWith(Func`1 failReasonFunc)
[xUnit.net 00:00:03.01]            at FluentAssertions.Execution.AssertionScope.FailWith(Func`1 failReasonFunc)
[xUnit.net 00:00:03.01]            at FluentAssertions.Execution.AssertionScope.FailWith(String message, Object[] args)
[xUnit.net 00:00:03.01]            at FluentAssertions.Numeric.NumericAssertions`2.Be(T expected, String because, Object[] becauseArgs)
[xUnit.net 00:00:03.01]         /home/srowe/workspace/pediatric-therapy-resource/api/Tests/BDD/StepDefinitions/BaseStepDefinitions.cs(72,0): at TherapyDocs.Api.Tests.BDD.StepDefinitions.BaseStepDefinitions.ThenTheResponseStatusShouldBe(Int32 statusCode)
[xUnit.net 00:00:03.01]         /home/srowe/workspace/pediatric-therapy-resource/api/Tests/BDD/StepDefinitions/CommonStepDefinitions.cs(55,0): at TherapyDocs.Api.Tests.BDD.StepDefinitions.CommonStepDefinitions.ThenTheResponseStatusShouldBeStep(Int32 statusCode)
[xUnit.net 00:00:03.01]            at InvokeStub_Action`2.Invoke(Object, Span`1)
[xUnit.net 00:00:03.01]            at System.Reflection.MethodBaseInvoker.InvokeWithFewArgs(Object obj, BindingFlags invokeAttr, Binder binder, Object[] parameters, CultureInfo culture)
[xUnit.net 00:00:03.01]            at TechTalk.SpecFlow.Bindings.BindingInvoker.InvokeBinding(IBinding binding, IContextManager contextManager, Object[] arguments, ITestTracer testTracer, TimeSpan& duration)
[xUnit.net 00:00:03.01]            at TechTalk.SpecFlow.Infrastructure.TestExecutionEngine.ExecuteStepMatch(BindingMatch match, Object[] arguments, TimeSpan& duration)
[xUnit.net 00:00:03.01]            at TechTalk.SpecFlow.Infrastructure.TestExecutionEngine.ExecuteStep(IContextManager contextManager, StepInstance stepInstance)
[xUnit.net 00:00:03.01]            at TechTalk.SpecFlow.Infrastructure.TestExecutionEngine.OnAfterLastStep()
[xUnit.net 00:00:03.01]            at TechTalk.SpecFlow.TestRunner.CollectScenarioErrors()
[xUnit.net 00:00:03.01]            at TherapyDocs.Api.Tests.BDD.Features.Therapy.OutcomeMeasurementAPIEndpointsFR_032Feature.ScenarioCleanup()
[xUnit.net 00:00:03.01]         /home/srowe/workspace/pediatric-therapy-resource/api/Tests/BDD/Features/therapy/outcome-measurement.feature(99,0): at TherapyDocs.Api.Tests.BDD.Features.Therapy.OutcomeMeasurementAPIEndpointsFR_032Feature.GenerateOutcomeReportForInsurance()
[xUnit.net 00:00:03.01]            at System.RuntimeMethodHandle.InvokeMethod(Object target, Void** arguments, Signature sig, Boolean isConstructor)
[xUnit.net 00:00:03.01]            at System.Reflection.MethodBaseInvoker.InvokeWithNoArgs(Object obj, BindingFlags invokeAttr)
[xUnit.net 00:00:03.01]       Output:
[xUnit.net 00:00:03.01]         Given the API is available
[xUnit.net 00:00:03.01]         -> done: CommonStepDefinitions.GivenTheAPIIsAvailable() (0.0s)
[xUnit.net 00:00:03.01]         And I am authenticated as "therapist@clinic.com"
[xUnit.net 00:00:03.02]         -> done: CommonStepDefinitions.GivenIAmAuthenticatedAs("therapist@clinic.com") (0.0s)
[xUnit.net 00:00:03.02]         When I send a POST request to "/api/outcome-measures/reports/generate" with:
[xUnit.net 00:00:03.02]           --- table step argument ---
[xUnit.net 00:00:03.03]           | field      | value                                        |
[xUnit.net 00:00:03.03]           | patientId  | patient-123                                  |
[xUnit.net 00:00:03.03]           | measureIds | ["foto", "nprs"]                             |
[xUnit.net 00:00:03.03]           | dateRange  | {"start": "2024-01-01", "end": "2024-03-31"} |
[xUnit.net 00:00:03.04]           | reportType | insurance-summary                            |
[xUnit.net 00:00:03.04]           | payerId    | bcbs-123                                     |
[xUnit.net 00:00:03.04]         -> done: CommonStepDefinitions.WhenISendAPOSTRequestToWithStep("/api/outcome-meas...", <table>) (0.0s)
[xUnit.net 00:00:03.04]         Then the response status should be 200
[xUnit.net 00:00:03.04]         -> error: Expected ((int)LastResponse!.StatusCode) to be 200, but found 404 (difference of 204). (0.0s)
[xUnit.net 00:00:03.04]         And report should include required metrics
[xUnit.net 00:00:03.04]         -> No matching step definition found for the step. Use the following code to create one:
[xUnit.net 00:00:03.04]                 [Then(@"report should include required metrics")]
[xUnit.net 00:00:03.04]                 public void ThenReportShouldIncludeRequiredMetrics()
[xUnit.net 00:00:03.04]                 {
[xUnit.net 00:00:03.04]                     _scenarioContext.Pending();
[xUnit.net 00:00:03.04]                 }
[xUnit.net 00:00:03.04]         
[xUnit.net 00:00:03.04]         And be formatted for payer requirements
[xUnit.net 00:00:03.04]         -> No matching step definition found for the step. Use the following code to create one:
[xUnit.net 00:00:03.04]                 [Then(@"be formatted for payer requirements")]
[xUnit.net 00:00:03.04]                 public void ThenBeFormattedForPayerRequirements()
[xUnit.net 00:00:03.04]                 {
[xUnit.net 00:00:03.04]                     _scenarioContext.Pending();
[xUnit.net 00:00:03.04]                 }
[xUnit.net 00:00:03.04]         
[xUnit.net 00:00:03.04]     Provide comprehensive training and user enablement services [SKIP]
[xUnit.net 00:00:03.04]       No matching step definition found for one or more steps.\nusing System;\r\nusing TechTalk.SpecFlow;\r\n\r\nnamespace MyNamespace\r\n{\r\n    [Binding]\r\n    public class StepDefinitions\r\n    {\r\n        private readonly ScenarioContext _scenarioContext;\r\n\r\n        public StepDefinitions(ScenarioContext scenarioContext)\r\n        {\r\n            _scenarioContext = scenarioContext;\r\n        }\r\n        [Given(@"enterprise licensing system is configured")]\r\n        public void GivenEnterpriseLicensingSystemIsConfigured()\r\n        {\r\n            _scenarioContext.Pending();\r\n        }\r\n        \n        [Given(@"bulk billing engines are active")]\r\n        public void GivenBulkBillingEnginesAreActive()\r\n        {\r\n            _scenarioContext.Pending();\r\n        }\r\n        \n        [Given(@"SSO integration is available")]\r\n        public void GivenSSOIntegrationIsAvailable()\r\n        {\r\n            _scenarioContext.Pending();\r\n        }\r\n        \n        [Given(@"organizational management tools are implemented")]\r\n        public void GivenOrganizationalManagementToolsAreImplemented()\r\n        {\r\n            _scenarioContext.Pending();\r\n        }\r\n        \n        [Given(@"compliance frameworks are established")]\r\n        public void GivenComplianceFrameworksAreEstablished()\r\n        {\r\n            _scenarioContext.Pending();\r\n        }\r\n        \n        [Given(@"enterprise users require training for successful adoption")]\r\n        public void GivenEnterpriseUsersRequireTrainingForSuccessfulAdoption()\r\n        {\r\n            _scenarioContext.Pending();\r\n        }\r\n        \n        [Given(@"training services improve customer value realization")]\r\n        public void GivenTrainingServicesImproveCustomerValueRealization()\r\n        {\r\n            _scenarioContext.Pending();\r\n        }\r\n        \n        [When(@"implementing training services:")]\r\n        public void WhenImplementingTrainingServices(Table table)\r\n        {\r\n            _scenarioContext.Pending();\r\n        }\r\n        \n        [Then(@"training should be comprehensive and effective")]\r\n        public void ThenTrainingShouldBeComprehensiveAndEffective()\r\n        {\r\n            _scenarioContext.Pending();\r\n        }\r\n        \n        [Then(@"delivery should match audience needs")]\r\n        public void ThenDeliveryShouldMatchAudienceNeeds()\r\n        {\r\n            _scenarioContext.Pending();\r\n        }\r\n        \n        [Then(@"certification should validate competency")]\r\n        public void ThenCertificationShouldValidateCompetency()\r\n        {\r\n            _scenarioContext.Pending();\r\n        }\r\n        \n        [Then(@"support should be ongoing")]\r\n        public void ThenSupportShouldBeOngoing()\r\n        {\r\n            _scenarioContext.Pending();\r\n        }\r\n    }\r\n}\r\n
[xUnit.net 00:00:03.04]       Expected ((int)LastResponse!.StatusCode) to be 200, but found 404 (difference of 204).
[xUnit.net 00:00:03.04]       Stack Trace:
[xUnit.net 00:00:03.04]            at FluentAssertions.Execution.XUnit2TestFramework.Throw(String message)
[xUnit.net 00:00:03.04]            at FluentAssertions.Execution.TestFrameworkProvider.Throw(String message)
[xUnit.net 00:00:03.04]            at FluentAssertions.Execution.DefaultAssertionStrategy.HandleFailure(String message)
[xUnit.net 00:00:03.04]            at FluentAssertions.Execution.AssertionScope.FailWith(Func`1 failReasonFunc)
[xUnit.net 00:00:03.05]            at FluentAssertions.Execution.AssertionScope.FailWith(Func`1 failReasonFunc)
[xUnit.net 00:00:03.05]            at FluentAssertions.Execution.AssertionScope.FailWith(String message, Object[] args)
[xUnit.net 00:00:03.05]            at FluentAssertions.Numeric.NumericAssertions`2.Be(T expected, String because, Object[] becauseArgs)
[xUnit.net 00:00:03.05]         /home/srowe/workspace/pediatric-therapy-resource/api/Tests/BDD/StepDefinitions/BaseStepDefinitions.cs(72,0): at TherapyDocs.Api.Tests.BDD.StepDefinitions.BaseStepDefinitions.ThenTheResponseStatusShouldBe(Int32 statusCode)
[xUnit.net 00:00:03.05]         /home/srowe/workspace/pediatric-therapy-resource/api/Tests/BDD/StepDefinitions/CommonStepDefinitions.cs(55,0): at TherapyDocs.Api.Tests.BDD.StepDefinitions.CommonStepDefinitions.ThenTheResponseStatusShouldBeStep(Int32 statusCode)
[xUnit.net 00:00:03.05]            at InvokeStub_Action`2.Invoke(Object, Span`1)
[xUnit.net 00:00:03.05]            at System.Reflection.MethodBaseInvoker.InvokeWithFewArgs(Object obj, BindingFlags invokeAttr, Binder binder, Object[] parameters, CultureInfo culture)
[xUnit.net 00:00:03.05]            at TechTalk.SpecFlow.Bindings.BindingInvoker.InvokeBinding(IBinding binding, IContextManager contextManager, Object[] arguments, ITestTracer testTracer, TimeSpan& duration)
[xUnit.net 00:00:03.05]            at TechTalk.SpecFlow.Infrastructure.TestExecutionEngine.ExecuteStepMatch(BindingMatch match, Object[] arguments, TimeSpan& duration)
[xUnit.net 00:00:03.05]            at TechTalk.SpecFlow.Infrastructure.TestExecutionEngine.ExecuteStep(IContextManager contextManager, StepInstance stepInstance)
[xUnit.net 00:00:03.05]            at TechTalk.SpecFlow.Infrastructure.TestExecutionEngine.OnAfterLastStep()
[xUnit.net 00:00:03.05]            at TechTalk.SpecFlow.TestRunner.CollectScenarioErrors()
[xUnit.net 00:00:03.05]            at TherapyDocs.Api.Tests.BDD.Features.Therapy.AdultTherapyResourcesAPIEndpointsFR_016Feature.ScenarioCleanup()
[xUnit.net 00:00:03.05]         /home/srowe/workspace/pediatric-therapy-resource/api/Tests/BDD/Features/therapy/adult-therapy.feature(58,0): at TherapyDocs.Api.Tests.BDD.Features.Therapy.AdultTherapyResourcesAPIEndpointsFR_016Feature.AccessReturn_To_WorkAssessments()
[xUnit.net 00:00:03.05]            at System.RuntimeMethodHandle.InvokeMethod(Object target, Void** arguments, Signature sig, Boolean isConstructor)
[xUnit.net 00:00:03.05]            at System.Reflection.MethodBaseInvoker.InvokeWithNoArgs(Object obj, BindingFlags invokeAttr)
[xUnit.net 00:00:03.05]       Output:
[xUnit.net 00:00:03.05]         Given the API is available
[xUnit.net 00:00:03.05]         -> done: CommonStepDefinitions.GivenTheAPIIsAvailable() (0.0s)
[xUnit.net 00:00:03.05]         And I am authenticated as "therapist@clinic.com"
[xUnit.net 00:00:03.05]         -> done: CommonStepDefinitions.GivenIAmAuthenticatedAs("therapist@clinic.com") (0.0s)
[xUnit.net 00:00:03.05]         When I send a GET request to "/api/resources/adult/return-to-work?injury=TBI"
[xUnit.net 00:00:03.05]         -> done: CommonStepDefinitions.WhenISendAGETRequestToStep("/api/resources/ad...") (0.0s)
[xUnit.net 00:00:03.05]         Then the response status should be 200
[xUnit.net 00:00:03.05]         -> error: Expected ((int)LastResponse!.StatusCode) to be 200, but found 404 (difference of 204). (0.0s)
[xUnit.net 00:00:03.05]         And assessments should include:
[xUnit.net 00:00:03.05]           --- table step argument ---
[xUnit.net 00:00:03.05]           | tool               | purpose                   |
[xUnit.net 00:00:03.05]           | cognitiveScreening | Work readiness evaluation |
[xUnit.net 00:00:03.05]           | functionalCapacity | Physical demands analysis |
[xUnit.net 00:00:03.05]           | workSimulation     | Job-specific tasks        |
[xUnit.net 00:00:03.05]           | accommodations     | Workplace modifications   |
[xUnit.net 00:00:03.05]         -> No matching step definition found for the step. Use the following code to create one:
[xUnit.net 00:00:03.05]                 [Then(@"assessments should include:")]
[xUnit.net 00:00:03.05]                 public void ThenAssessmentsShouldInclude(Table table)
[xUnit.net 00:00:03.05]                 {
[xUnit.net 00:00:03.05]                     _scenarioContext.Pending();
[xUnit.net 00:00:03.05]                 }
[xUnit.net 00:00:03.05]         
[xUnit.net 00:00:03.05]       Expected ((int)LastResponse!.StatusCode) to be 200, but found 404 (difference of 204).
[xUnit.net 00:00:03.05]       Stack Trace:
[xUnit.net 00:00:03.05]            at FluentAssertions.Execution.XUnit2TestFramework.Throw(String message)
[xUnit.net 00:00:03.05]            at FluentAssertions.Execution.TestFrameworkProvider.Throw(String message)
[xUnit.net 00:00:03.05]            at FluentAssertions.Execution.DefaultAssertionStrategy.HandleFailure(String message)
[xUnit.net 00:00:03.05]            at FluentAssertions.Execution.AssertionScope.FailWith(Func`1 failReasonFunc)
[xUnit.net 00:00:03.05]            at FluentAssertions.Execution.AssertionScope.FailWith(Func`1 failReasonFunc)
[xUnit.net 00:00:03.05]            at FluentAssertions.Execution.AssertionScope.FailWith(String message, Object[] args)
[xUnit.net 00:00:03.06]            at FluentAssertions.Numeric.NumericAssertions`2.Be(T expected, String because, Object[] becauseArgs)
[xUnit.net 00:00:03.06]         /home/srowe/workspace/pediatric-therapy-resource/api/Tests/BDD/StepDefinitions/BaseStepDefinitions.cs(72,0): at TherapyDocs.Api.Tests.BDD.StepDefinitions.BaseStepDefinitions.ThenTheResponseStatusShouldBe(Int32 statusCode)
[xUnit.net 00:00:03.06]         /home/srowe/workspace/pediatric-therapy-resource/api/Tests/BDD/StepDefinitions/CommonStepDefinitions.cs(55,0): at TherapyDocs.Api.Tests.BDD.StepDefinitions.CommonStepDefinitions.ThenTheResponseStatusShouldBeStep(Int32 statusCode)
[xUnit.net 00:00:03.06]            at InvokeStub_Action`2.Invoke(Object, Span`1)
[xUnit.net 00:00:03.06]            at System.Reflection.MethodBaseInvoker.InvokeWithFewArgs(Object obj, BindingFlags invokeAttr, Binder binder, Object[] parameters, CultureInfo culture)
[xUnit.net 00:00:03.06]            at TechTalk.SpecFlow.Bindings.BindingInvoker.InvokeBinding(IBinding binding, IContextManager contextManager, Object[] arguments, ITestTracer testTracer, TimeSpan& duration)
[xUnit.net 00:00:03.06]            at TechTalk.SpecFlow.Infrastructure.TestExecutionEngine.ExecuteStepMatch(BindingMatch match, Object[] arguments, TimeSpan& duration)
[xUnit.net 00:00:03.06]            at TechTalk.SpecFlow.Infrastructure.TestExecutionEngine.ExecuteStep(IContextManager contextManager, StepInstance stepInstance)
[xUnit.net 00:00:03.06]            at TechTalk.SpecFlow.Infrastructure.TestExecutionEngine.OnAfterLastStep()
[xUnit.net 00:00:03.06]            at TechTalk.SpecFlow.TestRunner.CollectScenarioErrors()
[xUnit.net 00:00:03.06]            at TherapyDocs.Api.Tests.BDD.Features.Therapy.VirtualToolsAPIEndpointsFR_024Feature.ScenarioCleanup()
[xUnit.net 00:00:03.06]         /home/srowe/workspace/pediatric-therapy-resource/api/Tests/BDD/Features/therapy/virtual-tools.feature(32,0): at TherapyDocs.Api.Tests.BDD.Features.Therapy.VirtualToolsAPIEndpointsFR_024Feature.UseVirtualDiceRoller()
[xUnit.net 00:00:03.06]            at System.RuntimeMethodHandle.InvokeMethod(Object target, Void** arguments, Signature sig, Boolean isConstructor)
[xUnit.net 00:00:03.06]            at System.Reflection.MethodBaseInvoker.InvokeWithNoArgs(Object obj, BindingFlags invokeAttr)
[xUnit.net 00:00:03.06]       Output:
[xUnit.net 00:00:03.06]         Given the API is available
[xUnit.net 00:00:03.06]         -> done: CommonStepDefinitions.GivenTheAPIIsAvailable() (0.0s)
[xUnit.net 00:00:03.06]         And I am authenticated as "therapist@clinic.com"
[xUnit.net 00:00:03.06]         -> done: CommonStepDefinitions.GivenIAmAuthenticatedAs("therapist@clinic.com") (0.0s)
[xUnit.net 00:00:03.06]         When I send a POST request to "/api/virtual/tools/dice-roller" with:
[xUnit.net 00:00:03.06]           --- table step argument ---
[xUnit.net 00:00:03.06]           | field        | value                    |
[xUnit.net 00:00:03.06]           | numberOfDice | 2                        |
[xUnit.net 00:00:03.06]           | sides        | 6                        |
[xUnit.net 00:00:03.06]           | customFaces  | ["red", "blue", "green"] |
[xUnit.net 00:00:03.06]           | animation    | true                     |
[xUnit.net 00:00:03.06]         -> done: CommonStepDefinitions.WhenISendAPOSTRequestToWithStep("/api/virtual/tool...", <table>) (0.0s)
[xUnit.net 00:00:03.06]         Then the response status should be 200
[xUnit.net 00:00:03.06]         -> error: Expected ((int)LastResponse!.StatusCode) to be 200, but found 404 (difference of 204). (0.0s)
[xUnit.net 00:00:03.06]         And the response should contain:
[xUnit.net 00:00:03.06]           --- table step argument ---
[xUnit.net 00:00:03.06]           | field        | type   |
[xUnit.net 00:00:03.06]           | results      | array  |
[xUnit.net 00:00:03.06]           | total        | number |
[xUnit.net 00:00:03.06]           | animationUrl | string |
[xUnit.net 00:00:03.06]         -> skipped because of previous errors
[xUnit.net 00:00:03.06]       Expected ((int)LastResponse!.StatusCode) to be 201, but found 404 (difference of 203).
[xUnit.net 00:00:03.06]       Stack Trace:
[xUnit.net 00:00:03.06]            at FluentAssertions.Execution.XUnit2TestFramework.Throw(String message)
[xUnit.net 00:00:03.06]            at FluentAssertions.Execution.TestFrameworkProvider.Throw(String message)
[xUnit.net 00:00:03.06]            at FluentAssertions.Execution.DefaultAssertionStrategy.HandleFailure(String message)
[xUnit.net 00:00:03.06]            at FluentAssertions.Execution.AssertionScope.FailWith(Func`1 failReasonFunc)
[xUnit.net 00:00:03.06]            at FluentAssertions.Execution.AssertionScope.FailWith(Func`1 failReasonFunc)
[xUnit.net 00:00:03.06]            at FluentAssertions.Execution.AssertionScope.FailWith(String message, Object[] args)
[xUnit.net 00:00:03.06]            at FluentAssertions.Numeric.NumericAssertions`2.Be(T expected, String because, Object[] becauseArgs)
[xUnit.net 00:00:03.06]         /home/srowe/workspace/pediatric-therapy-resource/api/Tests/BDD/StepDefinitions/BaseStepDefinitions.cs(72,0): at TherapyDocs.Api.Tests.BDD.StepDefinitions.BaseStepDefinitions.ThenTheResponseStatusShouldBe(Int32 statusCode)
[xUnit.net 00:00:03.06]         /home/srowe/workspace/pediatric-therapy-resource/api/Tests/BDD/StepDefinitions/CommonStepDefinitions.cs(55,0): at TherapyDocs.Api.Tests.BDD.StepDefinitions.CommonStepDefinitions.ThenTheResponseStatusShouldBeStep(Int32 statusCode)
[xUnit.net 00:00:03.06]            at InvokeStub_Action`2.Invoke(Object, Span`1)
[xUnit.net 00:00:03.06]            at System.Reflection.MethodBaseInvoker.InvokeWithFewArgs(Object obj, BindingFlags invokeAttr, Binder binder, Object[] parameters, CultureInfo culture)
[xUnit.net 00:00:03.06]            at TechTalk.SpecFlow.Bindings.BindingInvoker.InvokeBinding(IBinding binding, IContextManager contextManager, Object[] arguments, ITestTracer testTracer, TimeSpan& duration)
[xUnit.net 00:00:03.06]            at TechTalk.SpecFlow.Infrastructure.TestExecutionEngine.ExecuteStepMatch(BindingMatch match, Object[] arguments, TimeSpan& duration)
[xUnit.net 00:00:03.06]            at TechTalk.SpecFlow.Infrastructure.TestExecutionEngine.ExecuteStep(IContextManager contextManager, StepInstance stepInstance)
[xUnit.net 00:00:03.06]            at TechTalk.SpecFlow.Infrastructure.TestExecutionEngine.OnAfterLastStep()
[xUnit.net 00:00:03.06]            at TechTalk.SpecFlow.TestRunner.CollectScenarioErrors()
[xUnit.net 00:00:03.06]            at TherapyDocs.Api.Tests.BDD.Features.Platform.CommunityFeaturesAPIEndpointsFR_030Feature.ScenarioCleanup()
[xUnit.net 00:00:03.06]         /home/srowe/workspace/pediatric-therapy-resource/api/Tests/BDD/Features/platform/community-features.feature(122,0): at TherapyDocs.Api.Tests.BDD.Features.Platform.CommunityFeaturesAPIEndpointsFR_030Feature.ReportInappropriateContent()
[xUnit.net 00:00:03.06]            at System.RuntimeMethodHandle.InvokeMethod(Object target, Void** arguments, Signature sig, Boolean isConstructor)
[xUnit.net 00:00:03.06]            at System.Reflection.MethodBaseInvoker.InvokeWithNoArgs(Object obj, BindingFlags invokeAttr)
[xUnit.net 00:00:03.06]       Output:
[xUnit.net 00:00:03.06]         Given the API is available
[xUnit.net 00:00:03.06]         -> done: CommonStepDefinitions.GivenTheAPIIsAvailable() (0.0s)
[xUnit.net 00:00:03.06]         And I am authenticated as "therapist@clinic.com"
[xUnit.net 00:00:03.06]         -> done: CommonStepDefinitions.GivenIAmAuthenticatedAs("therapist@clinic.com") (0.0s)
[xUnit.net 00:00:03.06]         When I send a POST request to "/api/community/report-content" with:
[xUnit.net 00:00:03.06]           --- table step argument ---
[xUnit.net 00:00:03.06]           | field       | value                   |
[xUnit.net 00:00:03.06]           | contentType | review                  |
[xUnit.net 00:00:03.06]           | contentId   | review-789              |
[xUnit.net 00:00:03.06]           | reason      | inappropriate-content   |
[xUnit.net 00:00:03.06]           | details     | "Contains student name" |
[xUnit.net 00:00:03.06]         -> done: CommonStepDefinitions.WhenISendAPOSTRequestToWithStep("/api/community/re...", <table>) (0.0s)
[xUnit.net 00:00:03.06]         Then the response status should be 201
[xUnit.net 00:00:03.06]         -> error: Expected ((int)LastResponse!.StatusCode) to be 201, but found 404 (difference of 203). (0.0s)
[xUnit.net 00:00:03.06]         And report should be logged
[xUnit.net 00:00:03.06]         -> No matching step definition found for the step. Use the following code to create one:
[xUnit.net 00:00:03.06]                 [Then(@"report should be logged")]
[xUnit.net 00:00:03.06]                 public void ThenReportShouldBeLogged()
[xUnit.net 00:00:03.06]                 {
[xUnit.net 00:00:03.06]                     _scenarioContext.Pending();
[xUnit.net 00:00:03.06]                 }
[xUnit.net 00:00:03.06]         
[xUnit.net 00:00:03.06]         And content should be flagged for review
[xUnit.net 00:00:03.06]         -> No matching step definition found for the step. Use the following code to create one:
[xUnit.net 00:00:03.06]                 [Then(@"content should be flagged for review")]
[xUnit.net 00:00:03.06]                 public void ThenContentShouldBeFlaggedForReview()
[xUnit.net 00:00:03.06]                 {
[xUnit.net 00:00:03.06]                     _scenarioContext.Pending();
[xUnit.net 00:00:03.06]                 }
[xUnit.net 00:00:03.06]         
[xUnit.net 00:00:03.06]     WebPT physical therapy integration [SKIP]
[xUnit.net 00:00:03.06]       No matching step definition found for one or more steps.\nusing System;\r\nusing TechTalk.SpecFlow;\r\n\r\nnamespace MyNamespace\r\n{\r\n    [Binding]\r\n    public class StepDefinitions\r\n    {\r\n        private readonly ScenarioContext _scenarioContext;\r\n\r\n        public StepDefinitions(ScenarioContext scenarioContext)\r\n        {\r\n            _scenarioContext = scenarioContext;\r\n        }\r\n        [Then(@"exercise prescriptions should sync with resource library")]\r\n        public void ThenExercisePrescriptionsShouldSyncWithResourceLibrary()\r\n        {\r\n            _scenarioContext.Pending();\r\n        }\r\n        \n        [Then(@"progress tracking should be unified across systems")]\r\n        public void ThenProgressTrackingShouldBeUnifiedAcrossSystems()\r\n        {\r\n            _scenarioContext.Pending();\r\n        }\r\n        \n        [Then(@"billing information should be accurately transferred")]\r\n        public void ThenBillingInformationShouldBeAccuratelyTransferred()\r\n        {\r\n            _scenarioContext.Pending();\r\n        }\r\n    }\r\n}\r\n
  Failed Generate outcome report for insurance [106 ms]
  Error Message:
   Expected ((int)LastResponse!.StatusCode) to be 200, but found 404 (difference of 204).
  Stack Trace:
     at FluentAssertions.Execution.XUnit2TestFramework.Throw(String message)
   at FluentAssertions.Execution.TestFrameworkProvider.Throw(String message)
   at FluentAssertions.Execution.DefaultAssertionStrategy.HandleFailure(String message)
   at FluentAssertions.Execution.AssertionScope.FailWith(Func`1 failReasonFunc)
   at FluentAssertions.Execution.AssertionScope.FailWith(Func`1 failReasonFunc)
   at FluentAssertions.Execution.AssertionScope.FailWith(String message, Object[] args)
   at FluentAssertions.Numeric.NumericAssertions`2.Be(T expected, String because, Object[] becauseArgs)
   at TherapyDocs.Api.Tests.BDD.StepDefinitions.BaseStepDefinitions.ThenTheResponseStatusShouldBe(Int32 statusCode) in /home/srowe/workspace/pediatric-therapy-resource/api/Tests/BDD/StepDefinitions/BaseStepDefinitions.cs:line 72
   at TherapyDocs.Api.Tests.BDD.StepDefinitions.CommonStepDefinitions.ThenTheResponseStatusShouldBeStep(Int32 statusCode) in /home/srowe/workspace/pediatric-therapy-resource/api/Tests/BDD/StepDefinitions/CommonStepDefinitions.cs:line 55
   at InvokeStub_Action`2.Invoke(Object, Span`1)
   at System.Reflection.MethodBaseInvoker.InvokeWithFewArgs(Object obj, BindingFlags invokeAttr, Binder binder, Object[] parameters, CultureInfo culture)
   at TechTalk.SpecFlow.Bindings.BindingInvoker.InvokeBinding(IBinding binding, IContextManager contextManager, Object[] arguments, ITestTracer testTracer, TimeSpan& duration)
   at TechTalk.SpecFlow.Infrastructure.TestExecutionEngine.ExecuteStepMatch(BindingMatch match, Object[] arguments, TimeSpan& duration)
   at TechTalk.SpecFlow.Infrastructure.TestExecutionEngine.ExecuteStep(IContextManager contextManager, StepInstance stepInstance)
   at TechTalk.SpecFlow.Infrastructure.TestExecutionEngine.OnAfterLastStep()
   at TechTalk.SpecFlow.TestRunner.CollectScenarioErrors()
   at TherapyDocs.Api.Tests.BDD.Features.Therapy.OutcomeMeasurementAPIEndpointsFR_032Feature.ScenarioCleanup()
   at TherapyDocs.Api.Tests.BDD.Features.Therapy.OutcomeMeasurementAPIEndpointsFR_032Feature.GenerateOutcomeReportForInsurance() in /home/srowe/workspace/pediatric-therapy-resource/api/Tests/BDD/Features/therapy/outcome-measurement.feature:line 99
   at System.RuntimeMethodHandle.InvokeMethod(Object target, Void** arguments, Signature sig, Boolean isConstructor)
   at System.Reflection.MethodBaseInvoker.InvokeWithNoArgs(Object obj, BindingFlags invokeAttr)
  Standard Output Messages:
 Given the API is available
 -> done: CommonStepDefinitions.GivenTheAPIIsAvailable() (0.0s)
 And I am authenticated as "therapist@clinic.com"
 -> done: CommonStepDefinitions.GivenIAmAuthenticatedAs("therapist@clinic.com") (0.0s)
 When I send a POST request to "/api/outcome-measures/reports/generate" with:
   --- table step argument ---
   | field      | value                                        |
   | patientId  | patient-123                                  |
   | measureIds | ["foto", "nprs"]                             |
   | dateRange  | {"start": "2024-01-01", "end": "2024-03-31"} |
   | reportType | insurance-summary                            |
   | payerId    | bcbs-123                                     |
 -> done: CommonStepDefinitions.WhenISendAPOSTRequestToWithStep("/api/outcome-meas...", <table>) (0.0s)
 Then the response status should be 200
 -> error: Expected ((int)LastResponse!.StatusCode) to be 200, but found 404 (difference of 204). (0.0s)
 And report should include required metrics
 -> No matching step definition found for the step. Use the following code to create one:
         [Then(@"report should include required metrics")]
         public void ThenReportShouldIncludeRequiredMetrics()
         {
             _scenarioContext.Pending();
         }
 
 And be formatted for payer requirements
 -> No matching step definition found for the step. Use the following code to create one:
         [Then(@"be formatted for payer requirements")]
         public void ThenBeFormattedForPayerRequirements()
         {
             _scenarioContext.Pending();
         }
 


  Skipped Provide comprehensive training and user enablement services [1 ms]
  Failed Access return-to-work assessments [62 ms]
  Error Message:
   Expected ((int)LastResponse!.StatusCode) to be 200, but found 404 (difference of 204).
  Stack Trace:
     at FluentAssertions.Execution.XUnit2TestFramework.Throw(String message)
   at FluentAssertions.Execution.TestFrameworkProvider.Throw(String message)
   at FluentAssertions.Execution.DefaultAssertionStrategy.HandleFailure(String message)
   at FluentAssertions.Execution.AssertionScope.FailWith(Func`1 failReasonFunc)
   at FluentAssertions.Execution.AssertionScope.FailWith(Func`1 failReasonFunc)
   at FluentAssertions.Execution.AssertionScope.FailWith(String message, Object[] args)
   at FluentAssertions.Numeric.NumericAssertions`2.Be(T expected, String because, Object[] becauseArgs)
   at TherapyDocs.Api.Tests.BDD.StepDefinitions.BaseStepDefinitions.ThenTheResponseStatusShouldBe(Int32 statusCode) in /home/srowe/workspace/pediatric-therapy-resource/api/Tests/BDD/StepDefinitions/BaseStepDefinitions.cs:line 72
   at TherapyDocs.Api.Tests.BDD.StepDefinitions.CommonStepDefinitions.ThenTheResponseStatusShouldBeStep(Int32 statusCode) in /home/srowe/workspace/pediatric-therapy-resource/api/Tests/BDD/StepDefinitions/CommonStepDefinitions.cs:line 55
   at InvokeStub_Action`2.Invoke(Object, Span`1)
   at System.Reflection.MethodBaseInvoker.InvokeWithFewArgs(Object obj, BindingFlags invokeAttr, Binder binder, Object[] parameters, CultureInfo culture)
   at TechTalk.SpecFlow.Bindings.BindingInvoker.InvokeBinding(IBinding binding, IContextManager contextManager, Object[] arguments, ITestTracer testTracer, TimeSpan& duration)
   at TechTalk.SpecFlow.Infrastructure.TestExecutionEngine.ExecuteStepMatch(BindingMatch match, Object[] arguments, TimeSpan& duration)
   at TechTalk.SpecFlow.Infrastructure.TestExecutionEngine.ExecuteStep(IContextManager contextManager, StepInstance stepInstance)
   at TechTalk.SpecFlow.Infrastructure.TestExecutionEngine.OnAfterLastStep()
   at TechTalk.SpecFlow.TestRunner.CollectScenarioErrors()
   at TherapyDocs.Api.Tests.BDD.Features.Therapy.AdultTherapyResourcesAPIEndpointsFR_016Feature.ScenarioCleanup()
   at TherapyDocs.Api.Tests.BDD.Features.Therapy.AdultTherapyResourcesAPIEndpointsFR_016Feature.AccessReturn_To_WorkAssessments() in /home/srowe/workspace/pediatric-therapy-resource/api/Tests/BDD/Features/therapy/adult-therapy.feature:line 58
   at System.RuntimeMethodHandle.InvokeMethod(Object target, Void** arguments, Signature sig, Boolean isConstructor)
   at System.Reflection.MethodBaseInvoker.InvokeWithNoArgs(Object obj, BindingFlags invokeAttr)
  Standard Output Messages:
 Given the API is available
 -> done: CommonStepDefinitions.GivenTheAPIIsAvailable() (0.0s)
 And I am authenticated as "therapist@clinic.com"
 -> done: CommonStepDefinitions.GivenIAmAuthenticatedAs("therapist@clinic.com") (0.0s)
 When I send a GET request to "/api/resources/adult/return-to-work?injury=TBI"
 -> done: CommonStepDefinitions.WhenISendAGETRequestToStep("/api/resources/ad...") (0.0s)
 Then the response status should be 200
 -> error: Expected ((int)LastResponse!.StatusCode) to be 200, but found 404 (difference of 204). (0.0s)
 And assessments should include:
   --- table step argument ---
   | tool               | purpose                   |
   | cognitiveScreening | Work readiness evaluation |
   | functionalCapacity | Physical demands analysis |
   | workSimulation     | Job-specific tasks        |
   | accommodations     | Workplace modifications   |
 -> No matching step definition found for the step. Use the following code to create one:
         [Then(@"assessments should include:")]
         public void ThenAssessmentsShouldInclude(Table table)
         {
             _scenarioContext.Pending();
         }
 


  Failed Use virtual dice roller [33 ms]
  Error Message:
   Expected ((int)LastResponse!.StatusCode) to be 200, but found 404 (difference of 204).
  Stack Trace:
     at FluentAssertions.Execution.XUnit2TestFramework.Throw(String message)
   at FluentAssertions.Execution.TestFrameworkProvider.Throw(String message)
   at FluentAssertions.Execution.DefaultAssertionStrategy.HandleFailure(String message)
   at FluentAssertions.Execution.AssertionScope.FailWith(Func`1 failReasonFunc)
   at FluentAssertions.Execution.AssertionScope.FailWith(Func`1 failReasonFunc)
   at FluentAssertions.Execution.AssertionScope.FailWith(String message, Object[] args)
   at FluentAssertions.Numeric.NumericAssertions`2.Be(T expected, String because, Object[] becauseArgs)
   at TherapyDocs.Api.Tests.BDD.StepDefinitions.BaseStepDefinitions.ThenTheResponseStatusShouldBe(Int32 statusCode) in /home/srowe/workspace/pediatric-therapy-resource/api/Tests/BDD/StepDefinitions/BaseStepDefinitions.cs:line 72
   at TherapyDocs.Api.Tests.BDD.StepDefinitions.CommonStepDefinitions.ThenTheResponseStatusShouldBeStep(Int32 statusCode) in /home/srowe/workspace/pediatric-therapy-resource/api/Tests/BDD/StepDefinitions/CommonStepDefinitions.cs:line 55
   at InvokeStub_Action`2.Invoke(Object, Span`1)
   at System.Reflection.MethodBaseInvoker.InvokeWithFewArgs(Object obj, BindingFlags invokeAttr, Binder binder, Object[] parameters, CultureInfo culture)
   at TechTalk.SpecFlow.Bindings.BindingInvoker.InvokeBinding(IBinding binding, IContextManager contextManager, Object[] arguments, ITestTracer testTracer, TimeSpan& duration)
   at TechTalk.SpecFlow.Infrastructure.TestExecutionEngine.ExecuteStepMatch(BindingMatch match, Object[] arguments, TimeSpan& duration)
   at TechTalk.SpecFlow.Infrastructure.TestExecutionEngine.ExecuteStep(IContextManager contextManager, StepInstance stepInstance)
   at TechTalk.SpecFlow.Infrastructure.TestExecutionEngine.OnAfterLastStep()
   at TechTalk.SpecFlow.TestRunner.CollectScenarioErrors()
   at TherapyDocs.Api.Tests.BDD.Features.Therapy.VirtualToolsAPIEndpointsFR_024Feature.ScenarioCleanup()
   at TherapyDocs.Api.Tests.BDD.Features.Therapy.VirtualToolsAPIEndpointsFR_024Feature.UseVirtualDiceRoller() in /home/srowe/workspace/pediatric-therapy-resource/api/Tests/BDD/Features/therapy/virtual-tools.feature:line 32
   at System.RuntimeMethodHandle.InvokeMethod(Object target, Void** arguments, Signature sig, Boolean isConstructor)
   at System.Reflection.MethodBaseInvoker.InvokeWithNoArgs(Object obj, BindingFlags invokeAttr)
  Standard Output Messages:
 Given the API is available
 -> done: CommonStepDefinitions.GivenTheAPIIsAvailable() (0.0s)
 And I am authenticated as "therapist@clinic.com"
 -> done: CommonStepDefinitions.GivenIAmAuthenticatedAs("therapist@clinic.com") (0.0s)
 When I send a POST request to "/api/virtual/tools/dice-roller" with:
   --- table step argument ---
   | field        | value                    |
   | numberOfDice | 2                        |
   | sides        | 6                        |
   | customFaces  | ["red", "blue", "green"] |
   | animation    | true                     |
 -> done: CommonStepDefinitions.WhenISendAPOSTRequestToWithStep("/api/virtual/tool...", <table>) (0.0s)
 Then the response status should be 200
 -> error: Expected ((int)LastResponse!.StatusCode) to be 200, but found 404 (difference of 204). (0.0s)
 And the response should contain:
   --- table step argument ---
   | field        | type   |
   | results      | array  |
   | total        | number |
   | animationUrl | string |
 -> skipped because of previous errors


  Failed Report inappropriate content [107 ms]
  Error Message:
   Expected ((int)LastResponse!.StatusCode) to be 201, but found 404 (difference of 203).
  Stack Trace:
     at FluentAssertions.Execution.XUnit2TestFramework.Throw(String message)
   at FluentAssertions.Execution.TestFrameworkProvider.Throw(String message)
   at FluentAssertions.Execution.DefaultAssertionStrategy.HandleFailure(String message)
   at FluentAssertions.Execution.AssertionScope.FailWith(Func`1 failReasonFunc)
   at FluentAssertions.Execution.AssertionScope.FailWith(Func`1 failReasonFunc)
   at FluentAssertions.Execution.AssertionScope.FailWith(String message, Object[] args)
   at FluentAssertions.Numeric.NumericAssertions`2.Be(T expected, String because, Object[] becauseArgs)
   at TherapyDocs.Api.Tests.BDD.StepDefinitions.BaseStepDefinitions.ThenTheResponseStatusShouldBe(Int32 statusCode) in /home/srowe/workspace/pediatric-therapy-resource/api/Tests/BDD/StepDefinitions/BaseStepDefinitions.cs:line 72
   at TherapyDocs.Api.Tests.BDD.StepDefinitions.CommonStepDefinitions.ThenTheResponseStatusShouldBeStep(Int32 statusCode) in /home/srowe/workspace/pediatric-therapy-resource/api/Tests/BDD/StepDefinitions/CommonStepDefinitions.cs:line 55
   at InvokeStub_Action`2.Invoke(Object, Span`1)
   at System.Reflection.MethodBaseInvoker.InvokeWithFewArgs(Object obj, BindingFlags invokeAttr, Binder binder, Object[] parameters, CultureInfo culture)
   at TechTalk.SpecFlow.Bindings.BindingInvoker.InvokeBinding(IBinding binding, IContextManager contextManager, Object[] arguments, ITestTracer testTracer, TimeSpan& duration)
   at TechTalk.SpecFlow.Infrastructure.TestExecutionEngine.ExecuteStepMatch(BindingMatch match, Object[] arguments, TimeSpan& duration)
   at TechTalk.SpecFlow.Infrastructure.TestExecutionEngine.ExecuteStep(IContextManager contextManager, StepInstance stepInstance)
   at TechTalk.SpecFlow.Infrastructure.TestExecutionEngine.OnAfterLastStep()
   at TechTalk.SpecFlow.TestRunner.CollectScenarioErrors()
   at TherapyDocs.Api.Tests.BDD.Features.Platform.CommunityFeaturesAPIEndpointsFR_030Feature.ScenarioCleanup()
   at TherapyDocs.Api.Tests.BDD.Features.Platform.CommunityFeaturesAPIEndpointsFR_030Feature.ReportInappropriateContent() in /home/srowe/workspace/pediatric-therapy-resource/api/Tests/BDD/Features/platform/community-features.feature:line 122
   at System.RuntimeMethodHandle.InvokeMethod(Object target, Void** arguments, Signature sig, Boolean isConstructor)
   at System.Reflection.MethodBaseInvoker.InvokeWithNoArgs(Object obj, BindingFlags invokeAttr)
  Standard Output Messages:
 Given the API is available
 -> done: CommonStepDefinitions.GivenTheAPIIsAvailable() (0.0s)
 And I am authenticated as "therapist@clinic.com"
 -> done: CommonStepDefinitions.GivenIAmAuthenticatedAs("therapist@clinic.com") (0.0s)
 When I send a POST request to "/api/community/report-content" with:
   --- table step argument ---
   | field       | value                   |
   | contentType | review                  |
   | contentId   | review-789              |
   | reason      | inappropriate-content   |
   | details     | "Contains student name" |
 -> done: CommonStepDefinitions.WhenISendAPOSTRequestToWithStep("/api/community/re...", <table>) (0.0s)
 Then the response status should be 201
 -> error: Expected ((int)LastResponse!.StatusCode) to be 201, but found 404 (difference of 203). (0.0s)
 And report should be logged
 -> No matching step definition found for the step. Use the following code to create one:
         [Then(@"report should be logged")]
         public void ThenReportShouldBeLogged()
         {
             _scenarioContext.Pending();
         }
 
 And content should be flagged for review
 -> No matching step definition found for the step. Use the following code to create one:
         [Then(@"content should be flagged for review")]
         public void ThenContentShouldBeFlaggedForReview()
         {
             _scenarioContext.Pending();
         }
 


  Skipped WebPT physical therapy integration [1 ms]
[xUnit.net 00:00:03.08]       Expected ((int)LastResponse!.StatusCode) to be 200, but found 404 (difference of 204).
[xUnit.net 00:00:03.08]       Stack Trace:
[xUnit.net 00:00:03.08]            at FluentAssertions.Execution.XUnit2TestFramework.Throw(String message)
[xUnit.net 00:00:03.08]            at FluentAssertions.Execution.TestFrameworkProvider.Throw(String message)
[xUnit.net 00:00:03.08]            at FluentAssertions.Execution.DefaultAssertionStrategy.HandleFailure(String message)
[xUnit.net 00:00:03.08]            at FluentAssertions.Execution.AssertionScope.FailWith(Func`1 failReasonFunc)
[xUnit.net 00:00:03.08]            at FluentAssertions.Execution.AssertionScope.FailWith(Func`1 failReasonFunc)
[xUnit.net 00:00:03.08]            at FluentAssertions.Execution.AssertionScope.FailWith(String message, Object[] args)
[xUnit.net 00:00:03.08]            at FluentAssertions.Numeric.NumericAssertions`2.Be(T expected, String because, Object[] becauseArgs)
[xUnit.net 00:00:03.08]         /home/srowe/workspace/pediatric-therapy-resource/api/Tests/BDD/StepDefinitions/BaseStepDefinitions.cs(72,0): at TherapyDocs.Api.Tests.BDD.StepDefinitions.BaseStepDefinitions.ThenTheResponseStatusShouldBe(Int32 statusCode)
[xUnit.net 00:00:03.08]         /home/srowe/workspace/pediatric-therapy-resource/api/Tests/BDD/StepDefinitions/CommonStepDefinitions.cs(55,0): at TherapyDocs.Api.Tests.BDD.StepDefinitions.CommonStepDefinitions.ThenTheResponseStatusShouldBeStep(Int32 statusCode)
[xUnit.net 00:00:03.08]            at InvokeStub_Action`2.Invoke(Object, Span`1)
[xUnit.net 00:00:03.08]            at System.Reflection.MethodBaseInvoker.InvokeWithFewArgs(Object obj, BindingFlags invokeAttr, Binder binder, Object[] parameters, CultureInfo culture)
[xUnit.net 00:00:03.08]            at TechTalk.SpecFlow.Bindings.BindingInvoker.InvokeBinding(IBinding binding, IContextManager contextManager, Object[] arguments, ITestTracer testTracer, TimeSpan& duration)
[xUnit.net 00:00:03.08]            at TechTalk.SpecFlow.Infrastructure.TestExecutionEngine.ExecuteStepMatch(BindingMatch match, Object[] arguments, TimeSpan& duration)
[xUnit.net 00:00:03.08]            at TechTalk.SpecFlow.Infrastructure.TestExecutionEngine.ExecuteStep(IContextManager contextManager, StepInstance stepInstance)
[xUnit.net 00:00:03.08]            at TechTalk.SpecFlow.Infrastructure.TestExecutionEngine.OnAfterLastStep()
[xUnit.net 00:00:03.08]            at TechTalk.SpecFlow.TestRunner.CollectScenarioErrors()
[xUnit.net 00:00:03.08]            at TherapyDocs.Api.Tests.BDD.Features.Therapy.DocumentationHelpersAPIEndpointsFR_028Feature.ScenarioCleanup()
[xUnit.net 00:00:03.08]         /home/srowe/workspace/pediatric-therapy-resource/api/Tests/BDD/Features/therapy/documentation-helpers.feature(21,0): at TherapyDocs.Api.Tests.BDD.Features.Therapy.DocumentationHelpersAPIEndpointsFR_028Feature.GenerateSessionNotesFromActivities()
[xUnit.net 00:00:03.08]            at System.RuntimeMethodHandle.InvokeMethod(Object target, Void** arguments, Signature sig, Boolean isConstructor)
[xUnit.net 00:00:03.08]            at System.Reflection.MethodBaseInvoker.InvokeWithNoArgs(Object obj, BindingFlags invokeAttr)
[xUnit.net 00:00:03.08]       Output:
[xUnit.net 00:00:03.08]         Given the API is available
[xUnit.net 00:00:03.08]         -> done: CommonStepDefinitions.GivenTheAPIIsAvailable() (0.0s)
[xUnit.net 00:00:03.08]         And I am authenticated as "therapist@clinic.com"
[xUnit.net 00:00:03.08]         -> done: CommonStepDefinitions.GivenIAmAuthenticatedAs("therapist@clinic.com") (0.0s)
[xUnit.net 00:00:03.08]         When I send a POST request to "/api/documentation/session-notes/generate" with:
[xUnit.net 00:00:03.08]           --- table step argument ---
[xUnit.net 00:00:03.08]           | field           | value                                 |
[xUnit.net 00:00:03.08]           | sessionId       | session-123                           |
[xUnit.net 00:00:03.08]           | resourcesUsed   | ["res-1", "res-2", "res-3"]           |
[xUnit.net 00:00:03.08]           | dataPoints      | [{"metric": "accuracy", "value": 85}] |
[xUnit.net 00:00:03.08]           | duration        | 30                                    |
[xUnit.net 00:00:03.08]           | studentResponse | "engaged, required cues"              |
[xUnit.net 00:00:03.08]         -> done: CommonStepDefinitions.WhenISendAPOSTRequestToWithStep("/api/documentatio...", <table>) (0.0s)
[xUnit.net 00:00:03.08]         Then the response status should be 200
[xUnit.net 00:00:03.08]         -> error: Expected ((int)LastResponse!.StatusCode) to be 200, but found 404 (difference of 204). (0.0s)
[xUnit.net 00:00:03.08]         And generated note should include:
[xUnit.net 00:00:03.08]           --- table step argument ---
[xUnit.net 00:00:03.08]           | section          | content                   |
[xUnit.net 00:00:03.08]           | objective        | Resources and goals used  |
[xUnit.net 00:00:03.08]           | performance      | Data-driven summary       |
[xUnit.net 00:00:03.08]           | clinicalJudgment | Template for observations |
[xUnit.net 00:00:03.08]           | plan             | Next session suggestions  |
[xUnit.net 00:00:03.08]         -> No matching step definition found for the step. Use the following code to create one:
[xUnit.net 00:00:03.08]                 [Then(@"generated note should include:")]
[xUnit.net 00:00:03.08]                 public void ThenGeneratedNoteShouldInclude(Table table)
[xUnit.net 00:00:03.08]                 {
[xUnit.net 00:00:03.08]                     _scenarioContext.Pending();
[xUnit.net 00:00:03.08]                 }
[xUnit.net 00:00:03.08]         
[xUnit.net 00:00:03.08]       Expected ((int)LastResponse!.StatusCode) to be 200, but found 404 (difference of 204).
[xUnit.net 00:00:03.08]       Stack Trace:
[xUnit.net 00:00:03.08]            at FluentAssertions.Execution.XUnit2TestFramework.Throw(String message)
[xUnit.net 00:00:03.08]            at FluentAssertions.Execution.TestFrameworkProvider.Throw(String message)
[xUnit.net 00:00:03.08]            at FluentAssertions.Execution.DefaultAssertionStrategy.HandleFailure(String message)
[xUnit.net 00:00:03.08]            at FluentAssertions.Execution.AssertionScope.FailWith(Func`1 failReasonFunc)
[xUnit.net 00:00:03.08]            at FluentAssertions.Execution.AssertionScope.FailWith(Func`1 failReasonFunc)
[xUnit.net 00:00:03.08]            at FluentAssertions.Execution.AssertionScope.FailWith(String message, Object[] args)
[xUnit.net 00:00:03.08]            at FluentAssertions.Numeric.NumericAssertions`2.Be(T expected, String because, Object[] becauseArgs)
[xUnit.net 00:00:03.08]         /home/srowe/workspace/pediatric-therapy-resource/api/Tests/BDD/StepDefinitions/BaseStepDefinitions.cs(72,0): at TherapyDocs.Api.Tests.BDD.StepDefinitions.BaseStepDefinitions.ThenTheResponseStatusShouldBe(Int32 statusCode)
[xUnit.net 00:00:03.08]         /home/srowe/workspace/pediatric-therapy-resource/api/Tests/BDD/StepDefinitions/CommonStepDefinitions.cs(55,0): at TherapyDocs.Api.Tests.BDD.StepDefinitions.CommonStepDefinitions.ThenTheResponseStatusShouldBeStep(Int32 statusCode)
[xUnit.net 00:00:03.08]            at InvokeStub_Action`2.Invoke(Object, Span`1)
[xUnit.net 00:00:03.08]            at System.Reflection.MethodBaseInvoker.InvokeWithFewArgs(Object obj, BindingFlags invokeAttr, Binder binder, Object[] parameters, CultureInfo culture)
[xUnit.net 00:00:03.08]            at TechTalk.SpecFlow.Bindings.BindingInvoker.InvokeBinding(IBinding binding, IContextManager contextManager, Object[] arguments, ITestTracer testTracer, TimeSpan& duration)
[xUnit.net 00:00:03.08]            at TechTalk.SpecFlow.Infrastructure.TestExecutionEngine.ExecuteStepMatch(BindingMatch match, Object[] arguments, TimeSpan& duration)
[xUnit.net 00:00:03.08]            at TechTalk.SpecFlow.Infrastructure.TestExecutionEngine.ExecuteStep(IContextManager contextManager, StepInstance stepInstance)
[xUnit.net 00:00:03.08]            at TechTalk.SpecFlow.Infrastructure.TestExecutionEngine.OnAfterLastStep()
[xUnit.net 00:00:03.08]            at TechTalk.SpecFlow.TestRunner.CollectScenarioErrors()
[xUnit.net 00:00:03.08]            at TherapyDocs.Api.Tests.BDD.Features.Therapy.OutcomeMeasurementAPIEndpointsFR_032Feature.ScenarioCleanup()
[xUnit.net 00:00:03.08]         /home/srowe/workspace/pediatric-therapy-resource/api/Tests/BDD/Features/therapy/outcome-measurement.feature(15,0): at TherapyDocs.Api.Tests.BDD.Features.Therapy.OutcomeMeasurementAPIEndpointsFR_032Feature.ListAvailableOutcomeMeasures()
[xUnit.net 00:00:03.08]            at System.RuntimeMethodHandle.InvokeMethod(Object target, Void** arguments, Signature sig, Boolean isConstructor)
[xUnit.net 00:00:03.08]            at System.Reflection.MethodBaseInvoker.InvokeWithNoArgs(Object obj, BindingFlags invokeAttr)
[xUnit.net 00:00:03.08]       Output:
[xUnit.net 00:00:03.08]         Given the API is available
[xUnit.net 00:00:03.08]         -> done: CommonStepDefinitions.GivenTheAPIIsAvailable() (0.0s)
[xUnit.net 00:00:03.08]         And I am authenticated as "therapist@clinic.com"
[xUnit.net 00:00:03.08]         -> done: CommonStepDefinitions.GivenIAmAuthenticatedAs("therapist@clinic.com") (0.0s)
[xUnit.net 00:00:03.08]         When I send a GET request to "/api/outcome-measures/available?discipline=PT&setting=outpatient"
[xUnit.net 00:00:03.08]         -> done: CommonStepDefinitions.WhenISendAGETRequestToStep("/api/outcome-meas...") (0.0s)
[xUnit.net 00:00:03.08]         Then the response status should be 200
[xUnit.net 00:00:03.08]         -> error: Expected ((int)LastResponse!.StatusCode) to be 200, but found 404 (difference of 204). (0.0s)
[xUnit.net 00:00:03.08]         And the therapy response should contain array of:
[xUnit.net 00:00:03.08]           --- table step argument ---
[xUnit.net 00:00:03.08]           | field             | type    |
[xUnit.net 00:00:03.08]           | measureId         | string  |
[xUnit.net 00:00:03.08]           | name              | string  |
[xUnit.net 00:00:03.08]           | abbreviation      | string  |
[xUnit.net 00:00:03.08]           | domains           | array   |
[xUnit.net 00:00:03.08]           | populationAge     | object  |
[xUnit.net 00:00:03.09]           | adminTime         | number  |
[xUnit.net 00:00:03.09]           | insuranceAccepted | array   |
[xUnit.net 00:00:03.09]           | licenseRequired   | boolean |
[xUnit.net 00:00:03.09]         -> skipped because of previous errors
[xUnit.net 00:00:03.09]       Expected ((int)LastResponse!.StatusCode) to be 200, but found 404 (difference of 204).
[xUnit.net 00:00:03.09]       Stack Trace:
[xUnit.net 00:00:03.09]            at FluentAssertions.Execution.XUnit2TestFramework.Throw(String message)
[xUnit.net 00:00:03.09]            at FluentAssertions.Execution.TestFrameworkProvider.Throw(String message)
[xUnit.net 00:00:03.09]            at FluentAssertions.Execution.DefaultAssertionStrategy.HandleFailure(String message)
[xUnit.net 00:00:03.09]            at FluentAssertions.Execution.AssertionScope.FailWith(Func`1 failReasonFunc)
[xUnit.net 00:00:03.09]            at FluentAssertions.Execution.AssertionScope.FailWith(Func`1 failReasonFunc)
[xUnit.net 00:00:03.09]            at FluentAssertions.Execution.AssertionScope.FailWith(String message, Object[] args)
[xUnit.net 00:00:03.09]            at FluentAssertions.Numeric.NumericAssertions`2.Be(T expected, String because, Object[] becauseArgs)
[xUnit.net 00:00:03.09]         /home/srowe/workspace/pediatric-therapy-resource/api/Tests/BDD/StepDefinitions/BaseStepDefinitions.cs(72,0): at TherapyDocs.Api.Tests.BDD.StepDefinitions.BaseStepDefinitions.ThenTheResponseStatusShouldBe(Int32 statusCode)
[xUnit.net 00:00:03.09]         /home/srowe/workspace/pediatric-therapy-resource/api/Tests/BDD/StepDefinitions/CommonStepDefinitions.cs(55,0): at TherapyDocs.Api.Tests.BDD.StepDefinitions.CommonStepDefinitions.ThenTheResponseStatusShouldBeStep(Int32 statusCode)
[xUnit.net 00:00:03.09]            at InvokeStub_Action`2.Invoke(Object, Span`1)
[xUnit.net 00:00:03.09]            at System.Reflection.MethodBaseInvoker.InvokeWithFewArgs(Object obj, BindingFlags invokeAttr, Binder binder, Object[] parameters, CultureInfo culture)
[xUnit.net 00:00:03.09]            at TechTalk.SpecFlow.Bindings.BindingInvoker.InvokeBinding(IBinding binding, IContextManager contextManager, Object[] arguments, ITestTracer testTracer, TimeSpan& duration)
[xUnit.net 00:00:03.09]            at TechTalk.SpecFlow.Infrastructure.TestExecutionEngine.ExecuteStepMatch(BindingMatch match, Object[] arguments, TimeSpan& duration)
[xUnit.net 00:00:03.09]            at TechTalk.SpecFlow.Infrastructure.TestExecutionEngine.ExecuteStep(IContextManager contextManager, StepInstance stepInstance)
[xUnit.net 00:00:03.09]            at TechTalk.SpecFlow.Infrastructure.TestExecutionEngine.OnAfterLastStep()
[xUnit.net 00:00:03.09]            at TechTalk.SpecFlow.TestRunner.CollectScenarioErrors()
[xUnit.net 00:00:03.09]            at TherapyDocs.Api.Tests.BDD.Features.Therapy.OutcomeMeasurementAPIEndpointsFR_032Feature.ScenarioCleanup()
[xUnit.net 00:00:03.09]         /home/srowe/workspace/pediatric-therapy-resource/api/Tests/BDD/Features/therapy/outcome-measurement.feature(65,0): at TherapyDocs.Api.Tests.BDD.Features.Therapy.OutcomeMeasurementAPIEndpointsFR_032Feature.GetOutcomeBenchmarks()
[xUnit.net 00:00:03.09]            at System.RuntimeMethodHandle.InvokeMethod(Object target, Void** arguments, Signature sig, Boolean isConstructor)
[xUnit.net 00:00:03.09]            at System.Reflection.MethodBaseInvoker.InvokeWithNoArgs(Object obj, BindingFlags invokeAttr)
[xUnit.net 00:00:03.09]       Output:
[xUnit.net 00:00:03.09]         Given the API is available
[xUnit.net 00:00:03.09]         -> done: CommonStepDefinitions.GivenTheAPIIsAvailable() (0.0s)
[xUnit.net 00:00:03.09]         And I am authenticated as "therapist@clinic.com"
[xUnit.net 00:00:03.09]         -> done: CommonStepDefinitions.GivenIAmAuthenticatedAs("therapist@clinic.com") (0.0s)
[xUnit.net 00:00:03.09]         When I send a GET request to "/api/outcome-measures/benchmarks?diagnosis=M75.30&measure=foto"
[xUnit.net 00:00:03.09]         -> done: CommonStepDefinitions.WhenISendAGETRequestToStep("/api/outcome-meas...") (0.0s)
[xUnit.net 00:00:03.09]         Then the response status should be 200
[xUnit.net 00:00:03.09]         -> error: Expected ((int)LastResponse!.StatusCode) to be 200, but found 404 (difference of 204). (0.0s)
[xUnit.net 00:00:03.09]         And the response should contain:
[xUnit.net 00:00:03.09]           --- table step argument ---
[xUnit.net 00:00:03.09]           | field             | type   |
[xUnit.net 00:00:03.09]           | nationalAverage   | number |
[xUnit.net 00:00:03.09]           | regionalAverage   | number |
[xUnit.net 00:00:03.09]           | facilityAverage   | number |
[xUnit.net 00:00:03.09]           | improvementTarget | number |
[xUnit.net 00:00:03.09]           | visitBenchmark    | number |
[xUnit.net 00:00:03.09]         -> skipped because of previous errors
[xUnit.net 00:00:03.09]       Expected ((int)LastResponse!.StatusCode) to be 200, but found 404 (difference of 204).
[xUnit.net 00:00:03.09]       Stack Trace:
[xUnit.net 00:00:03.09]            at FluentAssertions.Execution.XUnit2TestFramework.Throw(String message)
[xUnit.net 00:00:03.09]            at FluentAssertions.Execution.TestFrameworkProvider.Throw(String message)
[xUnit.net 00:00:03.09]            at FluentAssertions.Execution.DefaultAssertionStrategy.HandleFailure(String message)
[xUnit.net 00:00:03.09]            at FluentAssertions.Execution.AssertionScope.FailWith(Func`1 failReasonFunc)
[xUnit.net 00:00:03.09]            at FluentAssertions.Execution.AssertionScope.FailWith(Func`1 failReasonFunc)
[xUnit.net 00:00:03.09]            at FluentAssertions.Execution.AssertionScope.FailWith(String message, Object[] args)
[xUnit.net 00:00:03.09]            at FluentAssertions.Numeric.NumericAssertions`2.Be(T expected, String because, Object[] becauseArgs)
[xUnit.net 00:00:03.09]         /home/srowe/workspace/pediatric-therapy-resource/api/Tests/BDD/StepDefinitions/BaseStepDefinitions.cs(72,0): at TherapyDocs.Api.Tests.BDD.StepDefinitions.BaseStepDefinitions.ThenTheResponseStatusShouldBe(Int32 statusCode)
[xUnit.net 00:00:03.09]         /home/srowe/workspace/pediatric-therapy-resource/api/Tests/BDD/StepDefinitions/CommonStepDefinitions.cs(55,0): at TherapyDocs.Api.Tests.BDD.StepDefinitions.CommonStepDefinitions.ThenTheResponseStatusShouldBeStep(Int32 statusCode)
[xUnit.net 00:00:03.09]            at InvokeStub_Action`2.Invoke(Object, Span`1)
[xUnit.net 00:00:03.09]            at System.Reflection.MethodBaseInvoker.InvokeWithFewArgs(Object obj, BindingFlags invokeAttr, Binder binder, Object[] parameters, CultureInfo culture)
[xUnit.net 00:00:03.09]            at TechTalk.SpecFlow.Bindings.BindingInvoker.InvokeBinding(IBinding binding, IContextManager contextManager, Object[] arguments, ITestTracer testTracer, TimeSpan& duration)
[xUnit.net 00:00:03.09]            at TechTalk.SpecFlow.Infrastructure.TestExecutionEngine.ExecuteStepMatch(BindingMatch match, Object[] arguments, TimeSpan& duration)
[xUnit.net 00:00:03.10]            at TechTalk.SpecFlow.Infrastructure.TestExecutionEngine.ExecuteStep(IContextManager contextManager, StepInstance stepInstance)
[xUnit.net 00:00:03.10]            at TechTalk.SpecFlow.Infrastructure.TestExecutionEngine.OnAfterLastStep()
[xUnit.net 00:00:03.10]            at TechTalk.SpecFlow.TestRunner.CollectScenarioErrors()
[xUnit.net 00:00:03.10]            at TherapyDocs.Api.Tests.BDD.Features.Therapy.VirtualToolsAPIEndpointsFR_024Feature.ScenarioCleanup()
[xUnit.net 00:00:03.10]         /home/srowe/workspace/pediatric-therapy-resource/api/Tests/BDD/Features/therapy/virtual-tools.feature(141,0): at TherapyDocs.Api.Tests.BDD.Features.Therapy.VirtualToolsAPIEndpointsFR_024Feature.GetMouseControlPracticeActivities()
[xUnit.net 00:00:03.10]            at System.RuntimeMethodHandle.InvokeMethod(Object target, Void** arguments, Signature sig, Boolean isConstructor)
[xUnit.net 00:00:03.10]            at System.Reflection.MethodBaseInvoker.InvokeWithNoArgs(Object obj, BindingFlags invokeAttr)
[xUnit.net 00:00:03.10]       Output:
[xUnit.net 00:00:03.10]         Given the API is available
[xUnit.net 00:00:03.10]         -> done: CommonStepDefinitions.GivenTheAPIIsAvailable() (0.0s)
[xUnit.net 00:00:03.10]         And I am authenticated as "therapist@clinic.com"
[xUnit.net 00:00:03.10]         -> done: CommonStepDefinitions.GivenIAmAuthenticatedAs("therapist@clinic.com") (0.0s)
[xUnit.net 00:00:03.10]         When I send a GET request to "/api/virtual/mouse-control/activities?skill=click-drag"
[xUnit.net 00:00:03.10]         -> done: CommonStepDefinitions.WhenISendAGETRequestToStep("/api/virtual/mous...") (0.0s)
[xUnit.net 00:00:03.10]         Then the response status should be 200
[xUnit.net 00:00:03.10]         -> error: Expected ((int)LastResponse!.StatusCode) to be 200, but found 404 (difference of 204). (0.0s)
[xUnit.net 00:00:03.10]         And activities should include:
[xUnit.net 00:00:03.10]           --- table step argument ---
[xUnit.net 00:00:03.10]           | activity | skills               |
[xUnit.net 00:00:03.10]           | puzzles  | Drag pieces to place |
[xUnit.net 00:00:03.10]           | coloring | Click and fill       |
[xUnit.net 00:00:03.10]           | matching | Drag to match        |
[xUnit.net 00:00:03.10]           | tracing  | Follow the path      |
[xUnit.net 00:00:03.10]         -> No matching step definition found for the step. Use the following code to create one:
[xUnit.net 00:00:03.10]                 [Then(@"activities should include:")]
[xUnit.net 00:00:03.10]                 public void ThenActivitiesShouldInclude(Table table)
[xUnit.net 00:00:03.10]                 {
[xUnit.net 00:00:03.10]                     _scenarioContext.Pending();
[xUnit.net 00:00:03.10]                 }
[xUnit.net 00:00:03.10]         
  Failed Generate session notes from activities [61 ms]
  Error Message:
   Expected ((int)LastResponse!.StatusCode) to be 200, but found 404 (difference of 204).
  Stack Trace:
     at FluentAssertions.Execution.XUnit2TestFramework.Throw(String message)
   at FluentAssertions.Execution.TestFrameworkProvider.Throw(String message)
   at FluentAssertions.Execution.DefaultAssertionStrategy.HandleFailure(String message)
   at FluentAssertions.Execution.AssertionScope.FailWith(Func`1 failReasonFunc)
   at FluentAssertions.Execution.AssertionScope.FailWith(Func`1 failReasonFunc)
   at FluentAssertions.Execution.AssertionScope.FailWith(String message, Object[] args)
   at FluentAssertions.Numeric.NumericAssertions`2.Be(T expected, String because, Object[] becauseArgs)
   at TherapyDocs.Api.Tests.BDD.StepDefinitions.BaseStepDefinitions.ThenTheResponseStatusShouldBe(Int32 statusCode) in /home/srowe/workspace/pediatric-therapy-resource/api/Tests/BDD/StepDefinitions/BaseStepDefinitions.cs:line 72
   at TherapyDocs.Api.Tests.BDD.StepDefinitions.CommonStepDefinitions.ThenTheResponseStatusShouldBeStep(Int32 statusCode) in /home/srowe/workspace/pediatric-therapy-resource/api/Tests/BDD/StepDefinitions/CommonStepDefinitions.cs:line 55
   at InvokeStub_Action`2.Invoke(Object, Span`1)
   at System.Reflection.MethodBaseInvoker.InvokeWithFewArgs(Object obj, BindingFlags invokeAttr, Binder binder, Object[] parameters, CultureInfo culture)
   at TechTalk.SpecFlow.Bindings.BindingInvoker.InvokeBinding(IBinding binding, IContextManager contextManager, Object[] arguments, ITestTracer testTracer, TimeSpan& duration)
   at TechTalk.SpecFlow.Infrastructure.TestExecutionEngine.ExecuteStepMatch(BindingMatch match, Object[] arguments, TimeSpan& duration)
   at TechTalk.SpecFlow.Infrastructure.TestExecutionEngine.ExecuteStep(IContextManager contextManager, StepInstance stepInstance)
   at TechTalk.SpecFlow.Infrastructure.TestExecutionEngine.OnAfterLastStep()
   at TechTalk.SpecFlow.TestRunner.CollectScenarioErrors()
   at TherapyDocs.Api.Tests.BDD.Features.Therapy.DocumentationHelpersAPIEndpointsFR_028Feature.ScenarioCleanup()
   at TherapyDocs.Api.Tests.BDD.Features.Therapy.DocumentationHelpersAPIEndpointsFR_028Feature.GenerateSessionNotesFromActivities() in /home/srowe/workspace/pediatric-therapy-resource/api/Tests/BDD/Features/therapy/documentation-helpers.feature:line 21
   at System.RuntimeMethodHandle.InvokeMethod(Object target, Void** arguments, Signature sig, Boolean isConstructor)
   at System.Reflection.MethodBaseInvoker.InvokeWithNoArgs(Object obj, BindingFlags invokeAttr)
  Standard Output Messages:
 Given the API is available
 -> done: CommonStepDefinitions.GivenTheAPIIsAvailable() (0.0s)
 And I am authenticated as "therapist@clinic.com"
 -> done: CommonStepDefinitions.GivenIAmAuthenticatedAs("therapist@clinic.com") (0.0s)
 When I send a POST request to "/api/documentation/session-notes/generate" with:
   --- table step argument ---
   | field           | value                                 |
   | sessionId       | session-123                           |
   | resourcesUsed   | ["res-1", "res-2", "res-3"]           |
   | dataPoints      | [{"metric": "accuracy", "value": 85}] |
   | duration        | 30                                    |
   | studentResponse | "engaged, required cues"              |
 -> done: CommonStepDefinitions.WhenISendAPOSTRequestToWithStep("/api/documentatio...", <table>) (0.0s)
 Then the response status should be 200
 -> error: Expected ((int)LastResponse!.StatusCode) to be 200, but found 404 (difference of 204). (0.0s)
 And generated note should include:
   --- table step argument ---
   | section          | content                   |
   | objective        | Resources and goals used  |
   | performance      | Data-driven summary       |
   | clinicalJudgment | Template for observations |
   | plan             | Next session suggestions  |
 -> No matching step definition found for the step. Use the following code to create one:
         [Then(@"generated note should include:")]
         public void ThenGeneratedNoteShouldInclude(Table table)
         {
             _scenarioContext.Pending();
         }
 


  Failed List available outcome measures [43 ms]
  Error Message:
   Expected ((int)LastResponse!.StatusCode) to be 200, but found 404 (difference of 204).
  Stack Trace:
     at FluentAssertions.Execution.XUnit2TestFramework.Throw(String message)
   at FluentAssertions.Execution.TestFrameworkProvider.Throw(String message)
   at FluentAssertions.Execution.DefaultAssertionStrategy.HandleFailure(String message)
   at FluentAssertions.Execution.AssertionScope.FailWith(Func`1 failReasonFunc)
   at FluentAssertions.Execution.AssertionScope.FailWith(Func`1 failReasonFunc)
   at FluentAssertions.Execution.AssertionScope.FailWith(String message, Object[] args)
   at FluentAssertions.Numeric.NumericAssertions`2.Be(T expected, String because, Object[] becauseArgs)
   at TherapyDocs.Api.Tests.BDD.StepDefinitions.BaseStepDefinitions.ThenTheResponseStatusShouldBe(Int32 statusCode) in /home/srowe/workspace/pediatric-therapy-resource/api/Tests/BDD/StepDefinitions/BaseStepDefinitions.cs:line 72
   at TherapyDocs.Api.Tests.BDD.StepDefinitions.CommonStepDefinitions.ThenTheResponseStatusShouldBeStep(Int32 statusCode) in /home/srowe/workspace/pediatric-therapy-resource/api/Tests/BDD/StepDefinitions/CommonStepDefinitions.cs:line 55
   at InvokeStub_Action`2.Invoke(Object, Span`1)
   at System.Reflection.MethodBaseInvoker.InvokeWithFewArgs(Object obj, BindingFlags invokeAttr, Binder binder, Object[] parameters, CultureInfo culture)
   at TechTalk.SpecFlow.Bindings.BindingInvoker.InvokeBinding(IBinding binding, IContextManager contextManager, Object[] arguments, ITestTracer testTracer, TimeSpan& duration)
   at TechTalk.SpecFlow.Infrastructure.TestExecutionEngine.ExecuteStepMatch(BindingMatch match, Object[] arguments, TimeSpan& duration)
   at TechTalk.SpecFlow.Infrastructure.TestExecutionEngine.ExecuteStep(IContextManager contextManager, StepInstance stepInstance)
   at TechTalk.SpecFlow.Infrastructure.TestExecutionEngine.OnAfterLastStep()
   at TechTalk.SpecFlow.TestRunner.CollectScenarioErrors()
   at TherapyDocs.Api.Tests.BDD.Features.Therapy.OutcomeMeasurementAPIEndpointsFR_032Feature.ScenarioCleanup()
   at TherapyDocs.Api.Tests.BDD.Features.Therapy.OutcomeMeasurementAPIEndpointsFR_032Feature.ListAvailableOutcomeMeasures() in /home/srowe/workspace/pediatric-therapy-resource/api/Tests/BDD/Features/therapy/outcome-measurement.feature:line 15
   at System.RuntimeMethodHandle.InvokeMethod(Object target, Void** arguments, Signature sig, Boolean isConstructor)
   at System.Reflection.MethodBaseInvoker.InvokeWithNoArgs(Object obj, BindingFlags invokeAttr)
  Standard Output Messages:
 Given the API is available
 -> done: CommonStepDefinitions.GivenTheAPIIsAvailable() (0.0s)
 And I am authenticated as "therapist@clinic.com"
 -> done: CommonStepDefinitions.GivenIAmAuthenticatedAs("therapist@clinic.com") (0.0s)
 When I send a GET request to "/api/outcome-measures/available?discipline=PT&setting=outpatient"
 -> done: CommonStepDefinitions.WhenISendAGETRequestToStep("/api/outcome-meas...") (0.0s)
 Then the response status should be 200
 -> error: Expected ((int)LastResponse!.StatusCode) to be 200, but found 404 (difference of 204). (0.0s)
 And the therapy response should contain array of:
   --- table step argument ---
   | field             | type    |
   | measureId         | string  |
   | name              | string  |
   | abbreviation      | string  |
   | domains           | array   |
   | populationAge     | object  |
   | adminTime         | number  |
   | insuranceAccepted | array   |
   | licenseRequired   | boolean |
 -> skipped because of previous errors


  Failed Get outcome benchmarks [19 ms]
  Error Message:
   Expected ((int)LastResponse!.StatusCode) to be 200, but found 404 (difference of 204).
  Stack Trace:
     at FluentAssertions.Execution.XUnit2TestFramework.Throw(String message)
   at FluentAssertions.Execution.TestFrameworkProvider.Throw(String message)
   at FluentAssertions.Execution.DefaultAssertionStrategy.HandleFailure(String message)
   at FluentAssertions.Execution.AssertionScope.FailWith(Func`1 failReasonFunc)
   at FluentAssertions.Execution.AssertionScope.FailWith(Func`1 failReasonFunc)
   at FluentAssertions.Execution.AssertionScope.FailWith(String message, Object[] args)
   at FluentAssertions.Numeric.NumericAssertions`2.Be(T expected, String because, Object[] becauseArgs)
   at TherapyDocs.Api.Tests.BDD.StepDefinitions.BaseStepDefinitions.ThenTheResponseStatusShouldBe(Int32 statusCode) in /home/srowe/workspace/pediatric-therapy-resource/api/Tests/BDD/StepDefinitions/BaseStepDefinitions.cs:line 72
   at TherapyDocs.Api.Tests.BDD.StepDefinitions.CommonStepDefinitions.ThenTheResponseStatusShouldBeStep(Int32 statusCode) in /home/srowe/workspace/pediatric-therapy-resource/api/Tests/BDD/StepDefinitions/CommonStepDefinitions.cs:line 55
   at InvokeStub_Action`2.Invoke(Object, Span`1)
   at System.Reflection.MethodBaseInvoker.InvokeWithFewArgs(Object obj, BindingFlags invokeAttr, Binder binder, Object[] parameters, CultureInfo culture)
   at TechTalk.SpecFlow.Bindings.BindingInvoker.InvokeBinding(IBinding binding, IContextManager contextManager, Object[] arguments, ITestTracer testTracer, TimeSpan& duration)
   at TechTalk.SpecFlow.Infrastructure.TestExecutionEngine.ExecuteStepMatch(BindingMatch match, Object[] arguments, TimeSpan& duration)
   at TechTalk.SpecFlow.Infrastructure.TestExecutionEngine.ExecuteStep(IContextManager contextManager, StepInstance stepInstance)
   at TechTalk.SpecFlow.Infrastructure.TestExecutionEngine.OnAfterLastStep()
   at TechTalk.SpecFlow.TestRunner.CollectScenarioErrors()
   at TherapyDocs.Api.Tests.BDD.Features.Therapy.OutcomeMeasurementAPIEndpointsFR_032Feature.ScenarioCleanup()
   at TherapyDocs.Api.Tests.BDD.Features.Therapy.OutcomeMeasurementAPIEndpointsFR_032Feature.GetOutcomeBenchmarks() in /home/srowe/workspace/pediatric-therapy-resource/api/Tests/BDD/Features/therapy/outcome-measurement.feature:line 65
   at System.RuntimeMethodHandle.InvokeMethod(Object target, Void** arguments, Signature sig, Boolean isConstructor)
   at System.Reflection.MethodBaseInvoker.InvokeWithNoArgs(Object obj, BindingFlags invokeAttr)
  Standard Output Messages:
 Given the API is available
 -> done: CommonStepDefinitions.GivenTheAPIIsAvailable() (0.0s)
 And I am authenticated as "therapist@clinic.com"
 -> done: CommonStepDefinitions.GivenIAmAuthenticatedAs("therapist@clinic.com") (0.0s)
 When I send a GET request to "/api/outcome-measures/benchmarks?diagnosis=M75.30&measure=foto"
 -> done: CommonStepDefinitions.WhenISendAGETRequestToStep("/api/outcome-meas...") (0.0s)
 Then the response status should be 200
 -> error: Expected ((int)LastResponse!.StatusCode) to be 200, but found 404 (difference of 204). (0.0s)
 And the response should contain:
   --- table step argument ---
   | field             | type   |
   | nationalAverage   | number |
   | regionalAverage   | number |
   | facilityAverage   | number |
   | improvementTarget | number |
   | visitBenchmark    | number |
 -> skipped because of previous errors


  Passed Validate comprehensive indexing strategy effectiveness [72 ms]
  Failed Get mouse control practice activities [92 ms]
  Error Message:
   Expected ((int)LastResponse!.StatusCode) to be 200, but found 404 (difference of 204).
  Stack Trace:
     at FluentAssertions.Execution.XUnit2TestFramework.Throw(String message)
   at FluentAssertions.Execution.TestFrameworkProvider.Throw(String message)
   at FluentAssertions.Execution.DefaultAssertionStrategy.HandleFailure(String message)
   at FluentAssertions.Execution.AssertionScope.FailWith(Func`1 failReasonFunc)
   at FluentAssertions.Execution.AssertionScope.FailWith(Func`1 failReasonFunc)
   at FluentAssertions.Execution.AssertionScope.FailWith(String message, Object[] args)
   at FluentAssertions.Numeric.NumericAssertions`2.Be(T expected, String because, Object[] becauseArgs)
   at TherapyDocs.Api.Tests.BDD.StepDefinitions.BaseStepDefinitions.ThenTheResponseStatusShouldBe(Int32 statusCode) in /home/srowe/workspace/pediatric-therapy-resource/api/Tests/BDD/StepDefinitions/BaseStepDefinitions.cs:line 72
   at TherapyDocs.Api.Tests.BDD.StepDefinitions.CommonStepDefinitions.ThenTheResponseStatusShouldBeStep(Int32 statusCode) in /home/srowe/workspace/pediatric-therapy-resource/api/Tests/BDD/StepDefinitions/CommonStepDefinitions.cs:line 55
   at InvokeStub_Action`2.Invoke(Object, Span`1)
   at System.Reflection.MethodBaseInvoker.InvokeWithFewArgs(Object obj, BindingFlags invokeAttr, Binder binder, Object[] parameters, CultureInfo culture)
   at TechTalk.SpecFlow.Bindings.BindingInvoker.InvokeBinding(IBinding binding, IContextManager contextManager, Object[] arguments, ITestTracer testTracer, TimeSpan& duration)
   at TechTalk.SpecFlow.Infrastructure.TestExecutionEngine.ExecuteStepMatch(BindingMatch match, Object[] arguments, TimeSpan& duration)
   at TechTalk.SpecFlow.Infrastructure.TestExecutionEngine.ExecuteStep(IContextManager contextManager, StepInstance stepInstance)
   at TechTalk.SpecFlow.Infrastructure.TestExecutionEngine.OnAfterLastStep()
   at TechTalk.SpecFlow.TestRunner.CollectScenarioErrors()
   at TherapyDocs.Api.Tests.BDD.Features.Therapy.VirtualToolsAPIEndpointsFR_024Feature.ScenarioCleanup()
   at TherapyDocs.Api.Tests.BDD.Features.Therapy.VirtualToolsAPIEndpointsFR_024Feature.GetMouseControlPracticeActivities() in /home/srowe/workspace/pediatric-therapy-resource/api/Tests/BDD/Features/therapy/virtual-tools.feature:line 141
   at System.RuntimeMethodHandle.InvokeMethod(Object target, Void** arguments, Signature sig, Boolean isConstructor)
   at System.Reflection.MethodBaseInvoker.InvokeWithNoArgs(Object obj, BindingFlags invokeAttr)
  Standard Output Messages:
 Given the API is available
 -> done: CommonStepDefinitions.GivenTheAPIIsAvailable() (0.0s)
 And I am authenticated as "therapist@clinic.com"
 -> done: CommonStepDefinitions.GivenIAmAuthenticatedAs("therapist@clinic.com") (0.0s)
 When I send a GET request to "/api/virtual/mouse-control/activities?skill=click-drag"
 -> done: CommonStepDefinitions.WhenISendAGETRequestToStep("/api/virtual/mous...") (0.0s)
 Then the response status should be 200
 -> error: Expected ((int)LastResponse!.StatusCode) to be 200, but found 404 (difference of 204). (0.0s)
 And activities should include:
   --- table step argument ---
   | activity | skills               |
   | puzzles  | Drag pieces to place |
   | coloring | Click and fill       |
   | matching | Drag to match        |
   | tracing  | Follow the path      |
 -> No matching step definition found for the step. Use the following code to create one:
         [Then(@"activities should include:")]
         public void ThenActivitiesShouldInclude(Table table)
         {
             _scenarioContext.Pending();
         }
 


[xUnit.net 00:00:03.11]     Handle network instability during video streaming [SKIP]
[xUnit.net 00:00:03.11]       No matching step definition found for one or more steps.\nusing System;\r\nusing TechTalk.SpecFlow;\r\n\r\nnamespace MyNamespace\r\n{\r\n    [Binding]\r\n    public class StepDefinitions\r\n    {\r\n        private readonly ScenarioContext _scenarioContext;\r\n\r\n        public StepDefinitions(ScenarioContext scenarioContext)\r\n        {\r\n            _scenarioContext = scenarioContext;\r\n        }\r\n        [Then(@"video streaming should handle network instability gracefully")]\r\n        public void ThenVideoStreamingShouldHandleNetworkInstabilityGracefully()\r\n        {\r\n            _scenarioContext.Pending();\r\n        }\r\n        \n        [Then(@"user experience should be minimally impacted")]\r\n        public void ThenUserExperienceShouldBeMinimallyImpacted()\r\n        {\r\n            _scenarioContext.Pending();\r\n        }\r\n        \n        [Then(@"automatic recovery should be attempted")]\r\n        public void ThenAutomaticRecoveryShouldBeAttempted()\r\n        {\r\n            _scenarioContext.Pending();\r\n        }\r\n        \n        [Then(@"quality should adapt to available bandwidth")]\r\n        public void ThenQualityShouldAdaptToAvailableBandwidth()\r\n        {\r\n            _scenarioContext.Pending();\r\n        }\r\n    }\r\n}\r\n
[xUnit.net 00:00:03.11]       Expected ((int)LastResponse!.StatusCode) to be 201, but found 404 (difference of 203).
[xUnit.net 00:00:03.11]       Stack Trace:
[xUnit.net 00:00:03.11]            at FluentAssertions.Execution.XUnit2TestFramework.Throw(String message)
[xUnit.net 00:00:03.11]            at FluentAssertions.Execution.TestFrameworkProvider.Throw(String message)
[xUnit.net 00:00:03.11]            at FluentAssertions.Execution.DefaultAssertionStrategy.HandleFailure(String message)
[xUnit.net 00:00:03.11]            at FluentAssertions.Execution.AssertionScope.FailWith(Func`1 failReasonFunc)
[xUnit.net 00:00:03.11]            at FluentAssertions.Execution.AssertionScope.FailWith(Func`1 failReasonFunc)
[xUnit.net 00:00:03.11]            at FluentAssertions.Execution.AssertionScope.FailWith(String message, Object[] args)
[xUnit.net 00:00:03.11]            at FluentAssertions.Numeric.NumericAssertions`2.Be(T expected, String because, Object[] becauseArgs)
[xUnit.net 00:00:03.11]         /home/srowe/workspace/pediatric-therapy-resource/api/Tests/BDD/StepDefinitions/BaseStepDefinitions.cs(72,0): at TherapyDocs.Api.Tests.BDD.StepDefinitions.BaseStepDefinitions.ThenTheResponseStatusShouldBe(Int32 statusCode)
[xUnit.net 00:00:03.11]         /home/srowe/workspace/pediatric-therapy-resource/api/Tests/BDD/StepDefinitions/CommonStepDefinitions.cs(55,0): at TherapyDocs.Api.Tests.BDD.StepDefinitions.CommonStepDefinitions.ThenTheResponseStatusShouldBeStep(Int32 statusCode)
[xUnit.net 00:00:03.11]            at InvokeStub_Action`2.Invoke(Object, Span`1)
[xUnit.net 00:00:03.11]            at System.Reflection.MethodBaseInvoker.InvokeWithFewArgs(Object obj, BindingFlags invokeAttr, Binder binder, Object[] parameters, CultureInfo culture)
[xUnit.net 00:00:03.11]            at TechTalk.SpecFlow.Bindings.BindingInvoker.InvokeBinding(IBinding binding, IContextManager contextManager, Object[] arguments, ITestTracer testTracer, TimeSpan& duration)
[xUnit.net 00:00:03.11]            at TechTalk.SpecFlow.Infrastructure.TestExecutionEngine.ExecuteStepMatch(BindingMatch match, Object[] arguments, TimeSpan& duration)
[xUnit.net 00:00:03.11]            at TechTalk.SpecFlow.Infrastructure.TestExecutionEngine.ExecuteStep(IContextManager contextManager, StepInstance stepInstance)
[xUnit.net 00:00:03.11]            at TechTalk.SpecFlow.Infrastructure.TestExecutionEngine.OnAfterLastStep()
[xUnit.net 00:00:03.11]            at TechTalk.SpecFlow.TestRunner.CollectScenarioErrors()
[xUnit.net 00:00:03.11]            at TherapyDocs.Api.Tests.BDD.Features.Therapy.AdultTherapyResourcesAPIEndpointsFR_016Feature.ScenarioCleanup()
[xUnit.net 00:00:03.11]         /home/srowe/workspace/pediatric-therapy-resource/api/Tests/BDD/Features/therapy/adult-therapy.feature(46,0): at TherapyDocs.Api.Tests.BDD.Features.Therapy.AdultTherapyResourcesAPIEndpointsFR_016Feature.GenerateDysphagiaTreatmentProtocol()
[xUnit.net 00:00:03.11]            at System.RuntimeMethodHandle.InvokeMethod(Object target, Void** arguments, Signature sig, Boolean isConstructor)
[xUnit.net 00:00:03.11]            at System.Reflection.MethodBaseInvoker.InvokeWithNoArgs(Object obj, BindingFlags invokeAttr)
[xUnit.net 00:00:03.11]       Output:
[xUnit.net 00:00:03.11]         Given the API is available
[xUnit.net 00:00:03.11]         -> done: CommonStepDefinitions.GivenTheAPIIsAvailable() (0.0s)
[xUnit.net 00:00:03.11]         And I am authenticated as "therapist@clinic.com"
[xUnit.net 00:00:03.11]         -> done: CommonStepDefinitions.GivenIAmAuthenticatedAs("therapist@clinic.com") (0.0s)
[xUnit.net 00:00:03.11]         When I send a POST request to "/api/resources/adult/dysphagia/protocol" with:
[xUnit.net 00:00:03.11]           --- table step argument ---
[xUnit.net 00:00:03.11]           | field             | value                              |
[xUnit.net 00:00:03.11]           | diagnosisCode     | R13.12                             |
[xUnit.net 00:00:03.11]           | dietLevel         | IDDSI-4                            |
[xUnit.net 00:00:03.11]           | strategies        | ["chin-tuck", "effortful-swallow"] |
[xUnit.net 00:00:03.11]           | contraindications | ["thin-liquids"]                   |
[xUnit.net 00:00:03.11]         -> done: CommonStepDefinitions.WhenISendAPOSTRequestToWithStep("/api/resources/ad...", <table>) (0.0s)
[xUnit.net 00:00:03.11]         Then the response status should be 201
[xUnit.net 00:00:03.11]         -> error: Expected ((int)LastResponse!.StatusCode) to be 201, but found 404 (difference of 203). (0.0s)
[xUnit.net 00:00:03.11]         And protocol should include:
[xUnit.net 00:00:03.11]           --- table step argument ---
[xUnit.net 00:00:03.11]           | section        | content                    |
[xUnit.net 00:00:03.11]           | exercises      | Swallowing exercises       |
[xUnit.net 00:00:03.11]           | dietGuidelines | IDDSI level 4 foods        |
[xUnit.net 00:00:03.11]           | precautions    | Aspiration precautions     |
[xUnit.net 00:00:03.11]           | education      | Patient/caregiver handouts |
[xUnit.net 00:00:03.11]         -> No matching step definition found for the step. Use the following code to create one:
[xUnit.net 00:00:03.11]                 [Then(@"protocol should include:")]
[xUnit.net 00:00:03.11]                 public void ThenProtocolShouldInclude(Table table)
[xUnit.net 00:00:03.11]                 {
[xUnit.net 00:00:03.11]                     _scenarioContext.Pending();
[xUnit.net 00:00:03.11]                 }
[xUnit.net 00:00:03.11]         
[xUnit.net 00:00:03.14]       Expected ((int)LastResponse!.StatusCode) to be 200, but found 404 (difference of 204).
[xUnit.net 00:00:03.14]       Stack Trace:
[xUnit.net 00:00:03.14]            at FluentAssertions.Execution.XUnit2TestFramework.Throw(String message)
[xUnit.net 00:00:03.14]            at FluentAssertions.Execution.TestFrameworkProvider.Throw(String message)
[xUnit.net 00:00:03.14]            at FluentAssertions.Execution.DefaultAssertionStrategy.HandleFailure(String message)
[xUnit.net 00:00:03.14]            at FluentAssertions.Execution.AssertionScope.FailWith(Func`1 failReasonFunc)
[xUnit.net 00:00:03.14]            at FluentAssertions.Execution.AssertionScope.FailWith(Func`1 failReasonFunc)
[xUnit.net 00:00:03.14]            at FluentAssertions.Execution.AssertionScope.FailWith(String message, Object[] args)
[xUnit.net 00:00:03.14]            at FluentAssertions.Numeric.NumericAssertions`2.Be(T expected, String because, Object[] becauseArgs)
[xUnit.net 00:00:03.14]         /home/srowe/workspace/pediatric-therapy-resource/api/Tests/BDD/StepDefinitions/BaseStepDefinitions.cs(72,0): at TherapyDocs.Api.Tests.BDD.StepDefinitions.BaseStepDefinitions.ThenTheResponseStatusShouldBe(Int32 statusCode)
[xUnit.net 00:00:03.14]         /home/srowe/workspace/pediatric-therapy-resource/api/Tests/BDD/StepDefinitions/CommonStepDefinitions.cs(55,0): at TherapyDocs.Api.Tests.BDD.StepDefinitions.CommonStepDefinitions.ThenTheResponseStatusShouldBeStep(Int32 statusCode)
[xUnit.net 00:00:03.14]            at InvokeStub_Action`2.Invoke(Object, Span`1)
[xUnit.net 00:00:03.14]            at System.Reflection.MethodBaseInvoker.InvokeWithFewArgs(Object obj, BindingFlags invokeAttr, Binder binder, Object[] parameters, CultureInfo culture)
[xUnit.net 00:00:03.14]            at TechTalk.SpecFlow.Bindings.BindingInvoker.InvokeBinding(IBinding binding, IContextManager contextManager, Object[] arguments, ITestTracer testTracer, TimeSpan& duration)
[xUnit.net 00:00:03.14]            at TechTalk.SpecFlow.Infrastructure.TestExecutionEngine.ExecuteStepMatch(BindingMatch match, Object[] arguments, TimeSpan& duration)
[xUnit.net 00:00:03.14]            at TechTalk.SpecFlow.Infrastructure.TestExecutionEngine.ExecuteStep(IContextManager contextManager, StepInstance stepInstance)
[xUnit.net 00:00:03.14]            at TechTalk.SpecFlow.Infrastructure.TestExecutionEngine.OnAfterLastStep()
[xUnit.net 00:00:03.14]            at TechTalk.SpecFlow.TestRunner.CollectScenarioErrors()
[xUnit.net 00:00:03.14]            at TherapyDocs.Api.Tests.BDD.Features.Therapy.DocumentationHelpersAPIEndpointsFR_028Feature.ScenarioCleanup()
[xUnit.net 00:00:03.14]         /home/srowe/workspace/pediatric-therapy-resource/api/Tests/BDD/Features/therapy/documentation-helpers.feature(119,0): at TherapyDocs.Api.Tests.BDD.Features.Therapy.DocumentationHelpersAPIEndpointsFR_028Feature.BatchSignDocumentation()
[xUnit.net 00:00:03.14]            at System.RuntimeMethodHandle.InvokeMethod(Object target, Void** arguments, Signature sig, Boolean isConstructor)
[xUnit.net 00:00:03.14]            at System.Reflection.MethodBaseInvoker.InvokeWithNoArgs(Object obj, BindingFlags invokeAttr)
[xUnit.net 00:00:03.14]       Output:
[xUnit.net 00:00:03.14]         Given the API is available
[xUnit.net 00:00:03.14]         -> done: CommonStepDefinitions.GivenTheAPIIsAvailable() (0.0s)
[xUnit.net 00:00:03.14]         And I am authenticated as "therapist@clinic.com"
[xUnit.net 00:00:03.14]         -> done: CommonStepDefinitions.GivenIAmAuthenticatedAs("therapist@clinic.com") (0.0s)
[xUnit.net 00:00:03.14]         When I send a POST request to "/api/documentation/batch-sign" with:
[xUnit.net 00:00:03.14]           --- table step argument ---
[xUnit.net 00:00:03.14]           | field         | value                          |
[xUnit.net 00:00:03.14]           | noteIds       | ["note-1", "note-2", "note-3"] |
[xUnit.net 00:00:03.14]           | signatureType | electronic                     |
[xUnit.net 00:00:03.14]           | credentials   | {"pin": "1234"}                |
[xUnit.net 00:00:03.14]         -> done: CommonStepDefinitions.WhenISendAPOSTRequestToWithStep("/api/documentatio...", <table>) (0.0s)
[xUnit.net 00:00:03.14]         Then the response status should be 200
[xUnit.net 00:00:03.14]         -> error: Expected ((int)LastResponse!.StatusCode) to be 200, but found 404 (difference of 204). (0.0s)
[xUnit.net 00:00:03.14]         And all notes should be signed
[xUnit.net 00:00:03.14]         -> No matching step definition found for the step. Use the following code to create one:
[xUnit.net 00:00:03.14]                 [Then(@"all notes should be signed")]
[xUnit.net 00:00:03.14]                 public void ThenAllNotesShouldBeSigned()
[xUnit.net 00:00:03.14]                 {
[xUnit.net 00:00:03.14]                     _scenarioContext.Pending();
[xUnit.net 00:00:03.14]                 }
[xUnit.net 00:00:03.14]         
[xUnit.net 00:00:03.14]         And audit trail should be created
[xUnit.net 00:00:03.14]         -> skipped because of previous errors
[xUnit.net 00:00:03.17]       Expected ((int)LastResponse!.StatusCode) to be 201, but found 404 (difference of 203).
[xUnit.net 00:00:03.17]       Stack Trace:
[xUnit.net 00:00:03.17]            at FluentAssertions.Execution.XUnit2TestFramework.Throw(String message)
[xUnit.net 00:00:03.17]            at FluentAssertions.Execution.TestFrameworkProvider.Throw(String message)
[xUnit.net 00:00:03.17]            at FluentAssertions.Execution.DefaultAssertionStrategy.HandleFailure(String message)
[xUnit.net 00:00:03.17]            at FluentAssertions.Execution.AssertionScope.FailWith(Func`1 failReasonFunc)
[xUnit.net 00:00:03.17]            at FluentAssertions.Execution.AssertionScope.FailWith(Func`1 failReasonFunc)
[xUnit.net 00:00:03.17]            at FluentAssertions.Execution.AssertionScope.FailWith(String message, Object[] args)
[xUnit.net 00:00:03.17]            at FluentAssertions.Numeric.NumericAssertions`2.Be(T expected, String because, Object[] becauseArgs)
[xUnit.net 00:00:03.17]         /home/srowe/workspace/pediatric-therapy-resource/api/Tests/BDD/StepDefinitions/BaseStepDefinitions.cs(72,0): at TherapyDocs.Api.Tests.BDD.StepDefinitions.BaseStepDefinitions.ThenTheResponseStatusShouldBe(Int32 statusCode)
[xUnit.net 00:00:03.17]         /home/srowe/workspace/pediatric-therapy-resource/api/Tests/BDD/StepDefinitions/CommonStepDefinitions.cs(55,0): at TherapyDocs.Api.Tests.BDD.StepDefinitions.CommonStepDefinitions.ThenTheResponseStatusShouldBeStep(Int32 statusCode)
[xUnit.net 00:00:03.17]            at InvokeStub_Action`2.Invoke(Object, Span`1)
[xUnit.net 00:00:03.17]            at System.Reflection.MethodBaseInvoker.InvokeWithFewArgs(Object obj, BindingFlags invokeAttr, Binder binder, Object[] parameters, CultureInfo culture)
[xUnit.net 00:00:03.17]            at TechTalk.SpecFlow.Bindings.BindingInvoker.InvokeBinding(IBinding binding, IContextManager contextManager, Object[] arguments, ITestTracer testTracer, TimeSpan& duration)
[xUnit.net 00:00:03.17]            at TechTalk.SpecFlow.Infrastructure.TestExecutionEngine.ExecuteStepMatch(BindingMatch match, Object[] arguments, TimeSpan& duration)
[xUnit.net 00:00:03.17]            at TechTalk.SpecFlow.Infrastructure.TestExecutionEngine.ExecuteStep(IContextManager contextManager, StepInstance stepInstance)
[xUnit.net 00:00:03.17]            at TechTalk.SpecFlow.Infrastructure.TestExecutionEngine.OnAfterLastStep()
[xUnit.net 00:00:03.17]            at TechTalk.SpecFlow.TestRunner.CollectScenarioErrors()
[xUnit.net 00:00:03.17]            at TherapyDocs.Api.Tests.BDD.Features.Therapy.AdultTherapyResourcesAPIEndpointsFR_016Feature.ScenarioCleanup()
[xUnit.net 00:00:03.17]         /home/srowe/workspace/pediatric-therapy-resource/api/Tests/BDD/Features/therapy/adult-therapy.feature(75,0): at TherapyDocs.Api.Tests.BDD.Features.Therapy.AdultTherapyResourcesAPIEndpointsFR_016Feature.CreateCaregiverEducationMaterials()
[xUnit.net 00:00:03.17]            at System.RuntimeMethodHandle.InvokeMethod(Object target, Void** arguments, Signature sig, Boolean isConstructor)
[xUnit.net 00:00:03.17]            at System.Reflection.MethodBaseInvoker.InvokeWithNoArgs(Object obj, BindingFlags invokeAttr)
[xUnit.net 00:00:03.17]       Output:
[xUnit.net 00:00:03.17]         Given the API is available
[xUnit.net 00:00:03.17]         -> done: CommonStepDefinitions.GivenTheAPIIsAvailable() (0.0s)
[xUnit.net 00:00:03.17]         And I am authenticated as "therapist@clinic.com"
[xUnit.net 00:00:03.17]         -> done: CommonStepDefinitions.GivenIAmAuthenticatedAs("therapist@clinic.com") (0.0s)
[xUnit.net 00:00:03.17]         When I send a POST request to "/api/resources/adult/caregiver-training" with:
[xUnit.net 00:00:03.17]           --- table step argument ---
[xUnit.net 00:00:03.17]           | field     | value                                    |
[xUnit.net 00:00:03.17]           | diagnosis | dementia                                 |
[xUnit.net 00:00:03.17]           | stage     | moderate                                 |
[xUnit.net 00:00:03.17]           | topics    | ["transfers", "communication", "safety"] |
[xUnit.net 00:00:03.17]           | language  | es                                       |
[xUnit.net 00:00:03.17]         -> done: CommonStepDefinitions.WhenISendAPOSTRequestToWithStep("/api/resources/ad...", <table>) (0.0s)
[xUnit.net 00:00:03.17]         Then the response status should be 201
[xUnit.net 00:00:03.17]         -> error: Expected ((int)LastResponse!.StatusCode) to be 201, but found 404 (difference of 203). (0.0s)
[xUnit.net 00:00:03.17]         And materials should include:
[xUnit.net 00:00:03.17]           --- table step argument ---
[xUnit.net 00:00:03.17]           | type       | content                  |
[xUnit.net 00:00:03.17]           | videos     | Safe transfer techniques |
[xUnit.net 00:00:03.17]           | handouts   | Communication strategies |
[xUnit.net 00:00:03.17]           | checklists | Home safety evaluation   |
[xUnit.net 00:00:03.17]           | schedules  | Daily routine templates  |
[xUnit.net 00:00:03.17]         -> No matching step definition found for the step. Use the following code to create one:
[xUnit.net 00:00:03.17]                 [Then(@"materials should include:")]
[xUnit.net 00:00:03.17]                 public void ThenMaterialsShouldInclude(Table table)
[xUnit.net 00:00:03.17]                 {
[xUnit.net 00:00:03.17]                     _scenarioContext.Pending();
[xUnit.net 00:00:03.17]                 }
[xUnit.net 00:00:03.17]         
[xUnit.net 00:00:03.19]       Expected ((int)LastResponse!.StatusCode) to be 200, but found 404 (difference of 204).
[xUnit.net 00:00:03.19]       Stack Trace:
[xUnit.net 00:00:03.19]            at FluentAssertions.Execution.XUnit2TestFramework.Throw(String message)
[xUnit.net 00:00:03.19]            at FluentAssertions.Execution.TestFrameworkProvider.Throw(String message)
[xUnit.net 00:00:03.19]            at FluentAssertions.Execution.DefaultAssertionStrategy.HandleFailure(String message)
[xUnit.net 00:00:03.19]            at FluentAssertions.Execution.AssertionScope.FailWith(Func`1 failReasonFunc)
[xUnit.net 00:00:03.19]            at FluentAssertions.Execution.AssertionScope.FailWith(Func`1 failReasonFunc)
[xUnit.net 00:00:03.19]            at FluentAssertions.Execution.AssertionScope.FailWith(String message, Object[] args)
[xUnit.net 00:00:03.19]            at FluentAssertions.Numeric.NumericAssertions`2.Be(T expected, String because, Object[] becauseArgs)
[xUnit.net 00:00:03.19]         /home/srowe/workspace/pediatric-therapy-resource/api/Tests/BDD/StepDefinitions/BaseStepDefinitions.cs(72,0): at TherapyDocs.Api.Tests.BDD.StepDefinitions.BaseStepDefinitions.ThenTheResponseStatusShouldBe(Int32 statusCode)
[xUnit.net 00:00:03.19]         /home/srowe/workspace/pediatric-therapy-resource/api/Tests/BDD/StepDefinitions/CommonStepDefinitions.cs(55,0): at TherapyDocs.Api.Tests.BDD.StepDefinitions.CommonStepDefinitions.ThenTheResponseStatusShouldBeStep(Int32 statusCode)
[xUnit.net 00:00:03.19]            at InvokeStub_Action`2.Invoke(Object, Span`1)
[xUnit.net 00:00:03.19]            at System.Reflection.MethodBaseInvoker.InvokeWithFewArgs(Object obj, BindingFlags invokeAttr, Binder binder, Object[] parameters, CultureInfo culture)
[xUnit.net 00:00:03.19]            at TechTalk.SpecFlow.Bindings.BindingInvoker.InvokeBinding(IBinding binding, IContextManager contextManager, Object[] arguments, ITestTracer testTracer, TimeSpan& duration)
[xUnit.net 00:00:03.19]            at TechTalk.SpecFlow.Infrastructure.TestExecutionEngine.ExecuteStepMatch(BindingMatch match, Object[] arguments, TimeSpan& duration)
[xUnit.net 00:00:03.19]            at TechTalk.SpecFlow.Infrastructure.TestExecutionEngine.ExecuteStep(IContextManager contextManager, StepInstance stepInstance)
[xUnit.net 00:00:03.19]            at TechTalk.SpecFlow.Infrastructure.TestExecutionEngine.OnAfterLastStep()
[xUnit.net 00:00:03.19]            at TechTalk.SpecFlow.TestRunner.CollectScenarioErrors()
[xUnit.net 00:00:03.19]            at TherapyDocs.Api.Tests.BDD.Features.Therapy.VirtualToolsAPIEndpointsFR_024Feature.ScenarioCleanup()
[xUnit.net 00:00:03.19]         /home/srowe/workspace/pediatric-therapy-resource/api/Tests/BDD/Features/therapy/virtual-tools.feature(59,0): at TherapyDocs.Api.Tests.BDD.Features.Therapy.VirtualToolsAPIEndpointsFR_024Feature.AccessVirtualTokenSystem()
[xUnit.net 00:00:03.19]            at System.RuntimeMethodHandle.InvokeMethod(Object target, Void** arguments, Signature sig, Boolean isConstructor)
[xUnit.net 00:00:03.19]            at System.Reflection.MethodBaseInvoker.InvokeWithNoArgs(Object obj, BindingFlags invokeAttr)
[xUnit.net 00:00:03.19]       Output:
[xUnit.net 00:00:03.19]         Given the API is available
[xUnit.net 00:00:03.19]         -> done: CommonStepDefinitions.GivenTheAPIIsAvailable() (0.0s)
[xUnit.net 00:00:03.19]         And I am authenticated as "therapist@clinic.com"
[xUnit.net 00:00:03.19]         -> done: CommonStepDefinitions.GivenIAmAuthenticatedAs("therapist@clinic.com") (0.0s)
[xUnit.net 00:00:03.19]         When I send a GET request to "/api/virtual/rewards/tokens?theme=space"
[xUnit.net 00:00:03.19]         -> done: CommonStepDefinitions.WhenISendAGETRequestToStep("/api/virtual/rewa...") (0.0s)
[xUnit.net 00:00:03.19]         Then the response status should be 200
[xUnit.net 00:00:03.19]         -> error: Expected ((int)LastResponse!.StatusCode) to be 200, but found 404 (difference of 204). (0.0s)
[xUnit.net 00:00:03.19]         And token system should include:
[xUnit.net 00:00:03.19]           --- table step argument ---
[xUnit.net 00:00:03.19]           | component  | type                    |
[xUnit.net 00:00:03.19]           | tokens     | Animated space objects  |
[xUnit.net 00:00:03.19]           | board      | Space-themed collection |
[xUnit.net 00:00:03.19]           | sounds     | Achievement sounds      |
[xUnit.net 00:00:03.19]           | milestones | Special animations      |
[xUnit.net 00:00:03.19]         -> No matching step definition found for the step. Use the following code to create one:
[xUnit.net 00:00:03.19]                 [Then(@"token system should include:")]
[xUnit.net 00:00:03.19]                 public void ThenTokenSystemShouldInclude(Table table)
[xUnit.net 00:00:03.19]                 {
[xUnit.net 00:00:03.19]                     _scenarioContext.Pending();
[xUnit.net 00:00:03.19]                 }
[xUnit.net 00:00:03.19]         
[xUnit.net 00:00:03.25]       Expected ((int)LastResponse!.StatusCode) to be 200, but found 404 (difference of 204).
[xUnit.net 00:00:03.25]       Stack Trace:
[xUnit.net 00:00:03.25]            at FluentAssertions.Execution.XUnit2TestFramework.Throw(String message)
[xUnit.net 00:00:03.25]            at FluentAssertions.Execution.TestFrameworkProvider.Throw(String message)
[xUnit.net 00:00:03.25]            at FluentAssertions.Execution.DefaultAssertionStrategy.HandleFailure(String message)
[xUnit.net 00:00:03.25]            at FluentAssertions.Execution.AssertionScope.FailWith(Func`1 failReasonFunc)
[xUnit.net 00:00:03.25]            at FluentAssertions.Execution.AssertionScope.FailWith(Func`1 failReasonFunc)
[xUnit.net 00:00:03.25]            at FluentAssertions.Execution.AssertionScope.FailWith(String message, Object[] args)
[xUnit.net 00:00:03.25]            at FluentAssertions.Numeric.NumericAssertions`2.Be(T expected, String because, Object[] becauseArgs)
[xUnit.net 00:00:03.25]         /home/srowe/workspace/pediatric-therapy-resource/api/Tests/BDD/StepDefinitions/BaseStepDefinitions.cs(72,0): at TherapyDocs.Api.Tests.BDD.StepDefinitions.BaseStepDefinitions.ThenTheResponseStatusShouldBe(Int32 statusCode)
[xUnit.net 00:00:03.25]         /home/srowe/workspace/pediatric-therapy-resource/api/Tests/BDD/StepDefinitions/CommonStepDefinitions.cs(55,0): at TherapyDocs.Api.Tests.BDD.StepDefinitions.CommonStepDefinitions.ThenTheResponseStatusShouldBeStep(Int32 statusCode)
[xUnit.net 00:00:03.25]            at InvokeStub_Action`2.Invoke(Object, Span`1)
[xUnit.net 00:00:03.25]            at System.Reflection.MethodBaseInvoker.InvokeWithFewArgs(Object obj, BindingFlags invokeAttr, Binder binder, Object[] parameters, CultureInfo culture)
[xUnit.net 00:00:03.25]            at TechTalk.SpecFlow.Bindings.BindingInvoker.InvokeBinding(IBinding binding, IContextManager contextManager, Object[] arguments, ITestTracer testTracer, TimeSpan& duration)
[xUnit.net 00:00:03.25]            at TechTalk.SpecFlow.Infrastructure.TestExecutionEngine.ExecuteStepMatch(BindingMatch match, Object[] arguments, TimeSpan& duration)
[xUnit.net 00:00:03.25]            at TechTalk.SpecFlow.Infrastructure.TestExecutionEngine.ExecuteStep(IContextManager contextManager, StepInstance stepInstance)
[xUnit.net 00:00:03.25]            at TechTalk.SpecFlow.Infrastructure.TestExecutionEngine.OnAfterLastStep()
[xUnit.net 00:00:03.25]            at TechTalk.SpecFlow.TestRunner.CollectScenarioErrors()
[xUnit.net 00:00:03.25]            at TherapyDocs.Api.Tests.BDD.Features.Platform.CommunityFeaturesAPIEndpointsFR_030Feature.ScenarioCleanup()
[xUnit.net 00:00:03.25]         /home/srowe/workspace/pediatric-therapy-resource/api/Tests/BDD/Features/platform/community-features.feature(58,0): at TherapyDocs.Api.Tests.BDD.Features.Platform.CommunityFeaturesAPIEndpointsFR_030Feature.VoteOnFeatureRequest()
[xUnit.net 00:00:03.25]            at System.RuntimeMethodHandle.InvokeMethod(Object target, Void** arguments, Signature sig, Boolean isConstructor)
[xUnit.net 00:00:03.25]            at System.Reflection.MethodBaseInvoker.InvokeWithNoArgs(Object obj, BindingFlags invokeAttr)
[xUnit.net 00:00:03.25]       Output:
[xUnit.net 00:00:03.25]         Given the API is available
[xUnit.net 00:00:03.25]         -> done: CommonStepDefinitions.GivenTheAPIIsAvailable() (0.0s)
[xUnit.net 00:00:03.25]         And I am authenticated as "therapist@clinic.com"
[xUnit.net 00:00:03.25]         -> done: CommonStepDefinitions.GivenIAmAuthenticatedAs("therapist@clinic.com") (0.0s)
[xUnit.net 00:00:03.25]         When I send a POST request to "/api/community/feature-requests/vote" with:
[xUnit.net 00:00:03.25]           --- table step argument ---
[xUnit.net 00:00:03.25]           | field     | value                    |
[xUnit.net 00:00:03.25]           | requestId | feature-req-456          |
[xUnit.net 00:00:03.25]           | voteType  | upvote                   |
[xUnit.net 00:00:03.25]           | comment   | "This would save hours!" |
[xUnit.net 00:00:03.25]         -> done: CommonStepDefinitions.WhenISendAPOSTRequestToWithStep("/api/community/fe...", <table>) (0.0s)
[xUnit.net 00:00:03.25]         Then the response status should be 200
[xUnit.net 00:00:03.25]         -> error: Expected ((int)LastResponse!.StatusCode) to be 200, but found 404 (difference of 204). (0.0s)
[xUnit.net 00:00:03.25]         And vote should be recorded
[xUnit.net 00:00:03.25]         -> No matching step definition found for the step. Use the following code to create one:
[xUnit.net 00:00:03.25]                 [Then(@"vote should be recorded")]
[xUnit.net 00:00:03.25]                 public void ThenVoteShouldBeRecorded()
[xUnit.net 00:00:03.25]                 {
[xUnit.net 00:00:03.25]                     _scenarioContext.Pending();
[xUnit.net 00:00:03.25]                 }
[xUnit.net 00:00:03.25]         
[xUnit.net 00:00:03.25]         And request priority should update
[xUnit.net 00:00:03.25]         -> No matching step definition found for the step. Use the following code to create one:
[xUnit.net 00:00:03.25]                 [Then(@"request priority should update")]
[xUnit.net 00:00:03.25]                 public void ThenRequestPriorityShouldUpdate()
[xUnit.net 00:00:03.25]                 {
[xUnit.net 00:00:03.25]                     _scenarioContext.Pending();
[xUnit.net 00:00:03.25]                 }
[xUnit.net 00:00:03.25]         
  Skipped Handle network instability during video streaming [1 ms]
  Failed Generate dysphagia treatment protocol [106 ms]
  Error Message:
   Expected ((int)LastResponse!.StatusCode) to be 201, but found 404 (difference of 203).
  Stack Trace:
     at FluentAssertions.Execution.XUnit2TestFramework.Throw(String message)
   at FluentAssertions.Execution.TestFrameworkProvider.Throw(String message)
   at FluentAssertions.Execution.DefaultAssertionStrategy.HandleFailure(String message)
   at FluentAssertions.Execution.AssertionScope.FailWith(Func`1 failReasonFunc)
   at FluentAssertions.Execution.AssertionScope.FailWith(Func`1 failReasonFunc)
   at FluentAssertions.Execution.AssertionScope.FailWith(String message, Object[] args)
   at FluentAssertions.Numeric.NumericAssertions`2.Be(T expected, String because, Object[] becauseArgs)
   at TherapyDocs.Api.Tests.BDD.StepDefinitions.BaseStepDefinitions.ThenTheResponseStatusShouldBe(Int32 statusCode) in /home/srowe/workspace/pediatric-therapy-resource/api/Tests/BDD/StepDefinitions/BaseStepDefinitions.cs:line 72
   at TherapyDocs.Api.Tests.BDD.StepDefinitions.CommonStepDefinitions.ThenTheResponseStatusShouldBeStep(Int32 statusCode) in /home/srowe/workspace/pediatric-therapy-resource/api/Tests/BDD/StepDefinitions/CommonStepDefinitions.cs:line 55
   at InvokeStub_Action`2.Invoke(Object, Span`1)
   at System.Reflection.MethodBaseInvoker.InvokeWithFewArgs(Object obj, BindingFlags invokeAttr, Binder binder, Object[] parameters, CultureInfo culture)
   at TechTalk.SpecFlow.Bindings.BindingInvoker.InvokeBinding(IBinding binding, IContextManager contextManager, Object[] arguments, ITestTracer testTracer, TimeSpan& duration)
   at TechTalk.SpecFlow.Infrastructure.TestExecutionEngine.ExecuteStepMatch(BindingMatch match, Object[] arguments, TimeSpan& duration)
   at TechTalk.SpecFlow.Infrastructure.TestExecutionEngine.ExecuteStep(IContextManager contextManager, StepInstance stepInstance)
   at TechTalk.SpecFlow.Infrastructure.TestExecutionEngine.OnAfterLastStep()
   at TechTalk.SpecFlow.TestRunner.CollectScenarioErrors()
   at TherapyDocs.Api.Tests.BDD.Features.Therapy.AdultTherapyResourcesAPIEndpointsFR_016Feature.ScenarioCleanup()
   at TherapyDocs.Api.Tests.BDD.Features.Therapy.AdultTherapyResourcesAPIEndpointsFR_016Feature.GenerateDysphagiaTreatmentProtocol() in /home/srowe/workspace/pediatric-therapy-resource/api/Tests/BDD/Features/therapy/adult-therapy.feature:line 46
   at System.RuntimeMethodHandle.InvokeMethod(Object target, Void** arguments, Signature sig, Boolean isConstructor)
   at System.Reflection.MethodBaseInvoker.InvokeWithNoArgs(Object obj, BindingFlags invokeAttr)
  Standard Output Messages:
 Given the API is available
 -> done: CommonStepDefinitions.GivenTheAPIIsAvailable() (0.0s)
 And I am authenticated as "therapist@clinic.com"
 -> done: CommonStepDefinitions.GivenIAmAuthenticatedAs("therapist@clinic.com") (0.0s)
 When I send a POST request to "/api/resources/adult/dysphagia/protocol" with:
   --- table step argument ---
   | field             | value                              |
   | diagnosisCode     | R13.12                             |
   | dietLevel         | IDDSI-4                            |
   | strategies        | ["chin-tuck", "effortful-swallow"] |
   | contraindications | ["thin-liquids"]                   |
 -> done: CommonStepDefinitions.WhenISendAPOSTRequestToWithStep("/api/resources/ad...", <table>) (0.0s)
 Then the response status should be 201
 -> error: Expected ((int)LastResponse!.StatusCode) to be 201, but found 404 (difference of 203). (0.0s)
 And protocol should include:
   --- table step argument ---
   | section        | content                    |
   | exercises      | Swallowing exercises       |
   | dietGuidelines | IDDSI level 4 foods        |
   | precautions    | Aspiration precautions     |
   | education      | Patient/caregiver handouts |
 -> No matching step definition found for the step. Use the following code to create one:
         [Then(@"protocol should include:")]
         public void ThenProtocolShouldInclude(Table table)
         {
             _scenarioContext.Pending();
         }
 


  Failed Batch sign documentation [128 ms]
  Error Message:
   Expected ((int)LastResponse!.StatusCode) to be 200, but found 404 (difference of 204).
  Stack Trace:
     at FluentAssertions.Execution.XUnit2TestFramework.Throw(String message)
   at FluentAssertions.Execution.TestFrameworkProvider.Throw(String message)
   at FluentAssertions.Execution.DefaultAssertionStrategy.HandleFailure(String message)
   at FluentAssertions.Execution.AssertionScope.FailWith(Func`1 failReasonFunc)
   at FluentAssertions.Execution.AssertionScope.FailWith(Func`1 failReasonFunc)
   at FluentAssertions.Execution.AssertionScope.FailWith(String message, Object[] args)
   at FluentAssertions.Numeric.NumericAssertions`2.Be(T expected, String because, Object[] becauseArgs)
   at TherapyDocs.Api.Tests.BDD.StepDefinitions.BaseStepDefinitions.ThenTheResponseStatusShouldBe(Int32 statusCode) in /home/srowe/workspace/pediatric-therapy-resource/api/Tests/BDD/StepDefinitions/BaseStepDefinitions.cs:line 72
   at TherapyDocs.Api.Tests.BDD.StepDefinitions.CommonStepDefinitions.ThenTheResponseStatusShouldBeStep(Int32 statusCode) in /home/srowe/workspace/pediatric-therapy-resource/api/Tests/BDD/StepDefinitions/CommonStepDefinitions.cs:line 55
   at InvokeStub_Action`2.Invoke(Object, Span`1)
   at System.Reflection.MethodBaseInvoker.InvokeWithFewArgs(Object obj, BindingFlags invokeAttr, Binder binder, Object[] parameters, CultureInfo culture)
   at TechTalk.SpecFlow.Bindings.BindingInvoker.InvokeBinding(IBinding binding, IContextManager contextManager, Object[] arguments, ITestTracer testTracer, TimeSpan& duration)
   at TechTalk.SpecFlow.Infrastructure.TestExecutionEngine.ExecuteStepMatch(BindingMatch match, Object[] arguments, TimeSpan& duration)
   at TechTalk.SpecFlow.Infrastructure.TestExecutionEngine.ExecuteStep(IContextManager contextManager, StepInstance stepInstance)
   at TechTalk.SpecFlow.Infrastructure.TestExecutionEngine.OnAfterLastStep()
   at TechTalk.SpecFlow.TestRunner.CollectScenarioErrors()
   at TherapyDocs.Api.Tests.BDD.Features.Therapy.DocumentationHelpersAPIEndpointsFR_028Feature.ScenarioCleanup()
   at TherapyDocs.Api.Tests.BDD.Features.Therapy.DocumentationHelpersAPIEndpointsFR_028Feature.BatchSignDocumentation() in /home/srowe/workspace/pediatric-therapy-resource/api/Tests/BDD/Features/therapy/documentation-helpers.feature:line 119
   at System.RuntimeMethodHandle.InvokeMethod(Object target, Void** arguments, Signature sig, Boolean isConstructor)
   at System.Reflection.MethodBaseInvoker.InvokeWithNoArgs(Object obj, BindingFlags invokeAttr)
  Standard Output Messages:
 Given the API is available
 -> done: CommonStepDefinitions.GivenTheAPIIsAvailable() (0.0s)
 And I am authenticated as "therapist@clinic.com"
 -> done: CommonStepDefinitions.GivenIAmAuthenticatedAs("therapist@clinic.com") (0.0s)
 When I send a POST request to "/api/documentation/batch-sign" with:
   --- table step argument ---
   | field         | value                          |
   | noteIds       | ["note-1", "note-2", "note-3"] |
   | signatureType | electronic                     |
   | credentials   | {"pin": "1234"}                |
 -> done: CommonStepDefinitions.WhenISendAPOSTRequestToWithStep("/api/documentatio...", <table>) (0.0s)
 Then the response status should be 200
 -> error: Expected ((int)LastResponse!.StatusCode) to be 200, but found 404 (difference of 204). (0.0s)
 And all notes should be signed
 -> No matching step definition found for the step. Use the following code to create one:
         [Then(@"all notes should be signed")]
         public void ThenAllNotesShouldBeSigned()
         {
             _scenarioContext.Pending();
         }
 
 And audit trail should be created
 -> skipped because of previous errors


  Failed Create caregiver education materials [58 ms]
  Error Message:
   Expected ((int)LastResponse!.StatusCode) to be 201, but found 404 (difference of 203).
  Stack Trace:
     at FluentAssertions.Execution.XUnit2TestFramework.Throw(String message)
   at FluentAssertions.Execution.TestFrameworkProvider.Throw(String message)
   at FluentAssertions.Execution.DefaultAssertionStrategy.HandleFailure(String message)
   at FluentAssertions.Execution.AssertionScope.FailWith(Func`1 failReasonFunc)
   at FluentAssertions.Execution.AssertionScope.FailWith(Func`1 failReasonFunc)
   at FluentAssertions.Execution.AssertionScope.FailWith(String message, Object[] args)
   at FluentAssertions.Numeric.NumericAssertions`2.Be(T expected, String because, Object[] becauseArgs)
   at TherapyDocs.Api.Tests.BDD.StepDefinitions.BaseStepDefinitions.ThenTheResponseStatusShouldBe(Int32 statusCode) in /home/srowe/workspace/pediatric-therapy-resource/api/Tests/BDD/StepDefinitions/BaseStepDefinitions.cs:line 72
   at TherapyDocs.Api.Tests.BDD.StepDefinitions.CommonStepDefinitions.ThenTheResponseStatusShouldBeStep(Int32 statusCode) in /home/srowe/workspace/pediatric-therapy-resource/api/Tests/BDD/StepDefinitions/CommonStepDefinitions.cs:line 55
   at InvokeStub_Action`2.Invoke(Object, Span`1)
   at System.Reflection.MethodBaseInvoker.InvokeWithFewArgs(Object obj, BindingFlags invokeAttr, Binder binder, Object[] parameters, CultureInfo culture)
   at TechTalk.SpecFlow.Bindings.BindingInvoker.InvokeBinding(IBinding binding, IContextManager contextManager, Object[] arguments, ITestTracer testTracer, TimeSpan& duration)
   at TechTalk.SpecFlow.Infrastructure.TestExecutionEngine.ExecuteStepMatch(BindingMatch match, Object[] arguments, TimeSpan& duration)
   at TechTalk.SpecFlow.Infrastructure.TestExecutionEngine.ExecuteStep(IContextManager contextManager, StepInstance stepInstance)
   at TechTalk.SpecFlow.Infrastructure.TestExecutionEngine.OnAfterLastStep()
   at TechTalk.SpecFlow.TestRunner.CollectScenarioErrors()
   at TherapyDocs.Api.Tests.BDD.Features.Therapy.AdultTherapyResourcesAPIEndpointsFR_016Feature.ScenarioCleanup()
   at TherapyDocs.Api.Tests.BDD.Features.Therapy.AdultTherapyResourcesAPIEndpointsFR_016Feature.CreateCaregiverEducationMaterials() in /home/srowe/workspace/pediatric-therapy-resource/api/Tests/BDD/Features/therapy/adult-therapy.feature:line 75
   at System.RuntimeMethodHandle.InvokeMethod(Object target, Void** arguments, Signature sig, Boolean isConstructor)
   at System.Reflection.MethodBaseInvoker.InvokeWithNoArgs(Object obj, BindingFlags invokeAttr)
  Standard Output Messages:
 Given the API is available
 -> done: CommonStepDefinitions.GivenTheAPIIsAvailable() (0.0s)
 And I am authenticated as "therapist@clinic.com"
 -> done: CommonStepDefinitions.GivenIAmAuthenticatedAs("therapist@clinic.com") (0.0s)
 When I send a POST request to "/api/resources/adult/caregiver-training" with:
   --- table step argument ---
   | field     | value                                    |
   | diagnosis | dementia                                 |
   | stage     | moderate                                 |
   | topics    | ["transfers", "communication", "safety"] |
   | language  | es                                       |
 -> done: CommonStepDefinitions.WhenISendAPOSTRequestToWithStep("/api/resources/ad...", <table>) (0.0s)
 Then the response status should be 201
 -> error: Expected ((int)LastResponse!.StatusCode) to be 201, but found 404 (difference of 203). (0.0s)
 And materials should include:
   --- table step argument ---
   | type       | content                  |
   | videos     | Safe transfer techniques |
   | handouts   | Communication strategies |
   | checklists | Home safety evaluation   |
   | schedules  | Daily routine templates  |
 -> No matching step definition found for the step. Use the following code to create one:
         [Then(@"materials should include:")]
         public void ThenMaterialsShouldInclude(Table table)
         {
             _scenarioContext.Pending();
         }
 


  Failed Access virtual token system [95 ms]
  Error Message:
   Expected ((int)LastResponse!.StatusCode) to be 200, but found 404 (difference of 204).
  Stack Trace:
     at FluentAssertions.Execution.XUnit2TestFramework.Throw(String message)
   at FluentAssertions.Execution.TestFrameworkProvider.Throw(String message)
   at FluentAssertions.Execution.DefaultAssertionStrategy.HandleFailure(String message)
   at FluentAssertions.Execution.AssertionScope.FailWith(Func`1 failReasonFunc)
   at FluentAssertions.Execution.AssertionScope.FailWith(Func`1 failReasonFunc)
   at FluentAssertions.Execution.AssertionScope.FailWith(String message, Object[] args)
   at FluentAssertions.Numeric.NumericAssertions`2.Be(T expected, String because, Object[] becauseArgs)
   at TherapyDocs.Api.Tests.BDD.StepDefinitions.BaseStepDefinitions.ThenTheResponseStatusShouldBe(Int32 statusCode) in /home/srowe/workspace/pediatric-therapy-resource/api/Tests/BDD/StepDefinitions/BaseStepDefinitions.cs:line 72
   at TherapyDocs.Api.Tests.BDD.StepDefinitions.CommonStepDefinitions.ThenTheResponseStatusShouldBeStep(Int32 statusCode) in /home/srowe/workspace/pediatric-therapy-resource/api/Tests/BDD/StepDefinitions/CommonStepDefinitions.cs:line 55
   at InvokeStub_Action`2.Invoke(Object, Span`1)
   at System.Reflection.MethodBaseInvoker.InvokeWithFewArgs(Object obj, BindingFlags invokeAttr, Binder binder, Object[] parameters, CultureInfo culture)
   at TechTalk.SpecFlow.Bindings.BindingInvoker.InvokeBinding(IBinding binding, IContextManager contextManager, Object[] arguments, ITestTracer testTracer, TimeSpan& duration)
   at TechTalk.SpecFlow.Infrastructure.TestExecutionEngine.ExecuteStepMatch(BindingMatch match, Object[] arguments, TimeSpan& duration)
   at TechTalk.SpecFlow.Infrastructure.TestExecutionEngine.ExecuteStep(IContextManager contextManager, StepInstance stepInstance)
   at TechTalk.SpecFlow.Infrastructure.TestExecutionEngine.OnAfterLastStep()
   at TechTalk.SpecFlow.TestRunner.CollectScenarioErrors()
   at TherapyDocs.Api.Tests.BDD.Features.Therapy.VirtualToolsAPIEndpointsFR_024Feature.ScenarioCleanup()
   at TherapyDocs.Api.Tests.BDD.Features.Therapy.VirtualToolsAPIEndpointsFR_024Feature.AccessVirtualTokenSystem() in /home/srowe/workspace/pediatric-therapy-resource/api/Tests/BDD/Features/therapy/virtual-tools.feature:line 59
   at System.RuntimeMethodHandle.InvokeMethod(Object target, Void** arguments, Signature sig, Boolean isConstructor)
   at System.Reflection.MethodBaseInvoker.InvokeWithNoArgs(Object obj, BindingFlags invokeAttr)
  Standard Output Messages:
 Given the API is available
 -> done: CommonStepDefinitions.GivenTheAPIIsAvailable() (0.0s)
 And I am authenticated as "therapist@clinic.com"
 -> done: CommonStepDefinitions.GivenIAmAuthenticatedAs("therapist@clinic.com") (0.0s)
 When I send a GET request to "/api/virtual/rewards/tokens?theme=space"
 -> done: CommonStepDefinitions.WhenISendAGETRequestToStep("/api/virtual/rewa...") (0.0s)
 Then the response status should be 200
 -> error: Expected ((int)LastResponse!.StatusCode) to be 200, but found 404 (difference of 204). (0.0s)
 And token system should include:
   --- table step argument ---
   | component  | type                    |
   | tokens     | Animated space objects  |
   | board      | Space-themed collection |
   | sounds     | Achievement sounds      |
   | milestones | Special animations      |
 -> No matching step definition found for the step. Use the following code to create one:
         [Then(@"token system should include:")]
         public void ThenTokenSystemShouldInclude(Table table)
         {
             _scenarioContext.Pending();
         }
 


  Failed Vote on feature request [231 ms]
  Error Message:
   Expected ((int)LastResponse!.StatusCode) to be 200, but found 404 (difference of 204).
  Stack Trace:
     at FluentAssertions.Execution.XUnit2TestFramework.Throw(String message)
   at FluentAssertions.Execution.TestFrameworkProvider.Throw(String message)
   at FluentAssertions.Execution.DefaultAssertionStrategy.HandleFailure(String message)
   at FluentAssertions.Execution.AssertionScope.FailWith(Func`1 failReasonFunc)
   at FluentAssertions.Execution.AssertionScope.FailWith(Func`1 failReasonFunc)
   at FluentAssertions.Execution.AssertionScope.FailWith(String message, Object[] args)
   at FluentAssertions.Numeric.NumericAssertions`2.Be(T expected, String because, Object[] becauseArgs)
   at TherapyDocs.Api.Tests.BDD.StepDefinitions.BaseStepDefinitions.ThenTheResponseStatusShouldBe(Int32 statusCode) in /home/srowe/workspace/pediatric-therapy-resource/api/Tests/BDD/StepDefinitions/BaseStepDefinitions.cs:line 72
   at TherapyDocs.Api.Tests.BDD.StepDefinitions.CommonStepDefinitions.ThenTheResponseStatusShouldBeStep(Int32 statusCode) in /home/srowe/workspace/pediatric-therapy-resource/api/Tests/BDD/StepDefinitions/CommonStepDefinitions.cs:line 55
   at InvokeStub_Action`2.Invoke(Object, Span`1)
   at System.Reflection.MethodBaseInvoker.InvokeWithFewArgs(Object obj, BindingFlags invokeAttr, Binder binder, Object[] parameters, CultureInfo culture)
   at TechTalk.SpecFlow.Bindings.BindingInvoker.InvokeBinding(IBinding binding, IContextManager contextManager, Object[] arguments, ITestTracer testTracer, TimeSpan& duration)
   at TechTalk.SpecFlow.Infrastructure.TestExecutionEngine.ExecuteStepMatch(BindingMatch match, Object[] arguments, TimeSpan& duration)
   at TechTalk.SpecFlow.Infrastructure.TestExecutionEngine.ExecuteStep(IContextManager contextManager, StepInstance stepInstance)
   at TechTalk.SpecFlow.Infrastructure.TestExecutionEngine.OnAfterLastStep()
   at TechTalk.SpecFlow.TestRunner.CollectScenarioErrors()
   at TherapyDocs.Api.Tests.BDD.Features.Platform.CommunityFeaturesAPIEndpointsFR_030Feature.ScenarioCleanup()
   at TherapyDocs.Api.Tests.BDD.Features.Platform.CommunityFeaturesAPIEndpointsFR_030Feature.VoteOnFeatureRequest() in /home/srowe/workspace/pediatric-therapy-resource/api/Tests/BDD/Features/platform/community-features.feature:line 58
   at System.RuntimeMethodHandle.InvokeMethod(Object target, Void** arguments, Signature sig, Boolean isConstructor)
   at System.Reflection.MethodBaseInvoker.InvokeWithNoArgs(Object obj, BindingFlags invokeAttr)
  Standard Output Messages:
 Given the API is available
 -> done: CommonStepDefinitions.GivenTheAPIIsAvailable() (0.0s)
 And I am authenticated as "therapist@clinic.com"
 -> done: CommonStepDefinitions.GivenIAmAuthenticatedAs("therapist@clinic.com") (0.0s)
 When I send a POST request to "/api/community/feature-requests/vote" with:
   --- table step argument ---
   | field     | value                    |
   | requestId | feature-req-456          |
   | voteType  | upvote                   |
   | comment   | "This would save hours!" |
 -> done: CommonStepDefinitions.WhenISendAPOSTRequestToWithStep("/api/community/fe...", <table>) (0.0s)
 Then the response status should be 200
 -> error: Expected ((int)LastResponse!.StatusCode) to be 200, but found 404 (difference of 204). (0.0s)
 And vote should be recorded
 -> No matching step definition found for the step. Use the following code to create one:
         [Then(@"vote should be recorded")]
         public void ThenVoteShouldBeRecorded()
         {
             _scenarioContext.Pending();
         }
 
 And request priority should update
 -> No matching step definition found for the step. Use the following code to create one:
         [Then(@"request priority should update")]
         public void ThenRequestPriorityShouldUpdate()
         {
             _scenarioContext.Pending();
         }
 


[xUnit.net 00:00:03.25]       Expected ((int)LastResponse!.StatusCode) to be 200, but found 404 (difference of 204).
[xUnit.net 00:00:03.25]       Stack Trace:
[xUnit.net 00:00:03.25]            at FluentAssertions.Execution.XUnit2TestFramework.Throw(String message)
[xUnit.net 00:00:03.25]            at FluentAssertions.Execution.TestFrameworkProvider.Throw(String message)
[xUnit.net 00:00:03.25]            at FluentAssertions.Execution.DefaultAssertionStrategy.HandleFailure(String message)
[xUnit.net 00:00:03.25]            at FluentAssertions.Execution.AssertionScope.FailWith(Func`1 failReasonFunc)
[xUnit.net 00:00:03.25]            at FluentAssertions.Execution.AssertionScope.FailWith(Func`1 failReasonFunc)
[xUnit.net 00:00:03.25]            at FluentAssertions.Execution.AssertionScope.FailWith(String message, Object[] args)
[xUnit.net 00:00:03.25]            at FluentAssertions.Numeric.NumericAssertions`2.Be(T expected, String because, Object[] becauseArgs)
[xUnit.net 00:00:03.25]         /home/srowe/workspace/pediatric-therapy-resource/api/Tests/BDD/StepDefinitions/BaseStepDefinitions.cs(72,0): at TherapyDocs.Api.Tests.BDD.StepDefinitions.BaseStepDefinitions.ThenTheResponseStatusShouldBe(Int32 statusCode)
[xUnit.net 00:00:03.25]         /home/srowe/workspace/pediatric-therapy-resource/api/Tests/BDD/StepDefinitions/CommonStepDefinitions.cs(55,0): at TherapyDocs.Api.Tests.BDD.StepDefinitions.CommonStepDefinitions.ThenTheResponseStatusShouldBeStep(Int32 statusCode)
[xUnit.net 00:00:03.25]            at InvokeStub_Action`2.Invoke(Object, Span`1)
[xUnit.net 00:00:03.25]            at System.Reflection.MethodBaseInvoker.InvokeWithFewArgs(Object obj, BindingFlags invokeAttr, Binder binder, Object[] parameters, CultureInfo culture)
[xUnit.net 00:00:03.25]            at TechTalk.SpecFlow.Bindings.BindingInvoker.InvokeBinding(IBinding binding, IContextManager contextManager, Object[] arguments, ITestTracer testTracer, TimeSpan& duration)
[xUnit.net 00:00:03.25]            at TechTalk.SpecFlow.Infrastructure.TestExecutionEngine.ExecuteStepMatch(BindingMatch match, Object[] arguments, TimeSpan& duration)
[xUnit.net 00:00:03.25]            at TechTalk.SpecFlow.Infrastructure.TestExecutionEngine.ExecuteStep(IContextManager contextManager, StepInstance stepInstance)
[xUnit.net 00:00:03.25]            at TechTalk.SpecFlow.Infrastructure.TestExecutionEngine.OnAfterLastStep()
[xUnit.net 00:00:03.25]            at TechTalk.SpecFlow.TestRunner.CollectScenarioErrors()
[xUnit.net 00:00:03.25]            at TherapyDocs.Api.Tests.BDD.Features.Therapy.DocumentationHelpersAPIEndpointsFR_028Feature.ScenarioCleanup()
[xUnit.net 00:00:03.25]         /home/srowe/workspace/pediatric-therapy-resource/api/Tests/BDD/Features/therapy/documentation-helpers.feature(80,0): at TherapyDocs.Api.Tests.BDD.Features.Therapy.DocumentationHelpersAPIEndpointsFR_028Feature.GetCPTCodeRecommendations()
[xUnit.net 00:00:03.25]            at System.RuntimeMethodHandle.InvokeMethod(Object target, Void** arguments, Signature sig, Boolean isConstructor)
[xUnit.net 00:00:03.25]            at System.Reflection.MethodBaseInvoker.InvokeWithNoArgs(Object obj, BindingFlags invokeAttr)
[xUnit.net 00:00:03.25]       Output:
[xUnit.net 00:00:03.25]         Given the API is available
[xUnit.net 00:00:03.25]         -> done: CommonStepDefinitions.GivenTheAPIIsAvailable() (0.0s)
[xUnit.net 00:00:03.25]         And I am authenticated as "therapist@clinic.com"
[xUnit.net 00:00:03.25]         -> done: CommonStepDefinitions.GivenIAmAuthenticatedAs("therapist@clinic.com") (0.0s)
[xUnit.net 00:00:03.25]         When I send a POST request to "/api/documentation/cpt-helper" with:
[xUnit.net 00:00:03.25]           --- table step argument ---
[xUnit.net 00:00:03.25]           | field       | value                        |
[xUnit.net 00:00:03.25]           | sessionType | individual                   |
[xUnit.net 00:00:03.25]           | duration    | 45                           |
[xUnit.net 00:00:03.25]           | procedures  | ["ther-ex", "gait-training"] |
[xUnit.net 00:00:03.25]           | setting     | outpatient                   |
[xUnit.net 00:00:03.25]         -> done: CommonStepDefinitions.WhenISendAPOSTRequestToWithStep("/api/documentatio...", <table>) (0.0s)
[xUnit.net 00:00:03.25]         Then the response status should be 200
[xUnit.net 00:00:03.25]         -> error: Expected ((int)LastResponse!.StatusCode) to be 200, but found 404 (difference of 204). (0.0s)
[xUnit.net 00:00:03.25]         And recommendations should include:
[xUnit.net 00:00:03.25]           --- table step argument ---
[xUnit.net 00:00:03.25]           | cptCode | description          | units |
[xUnit.net 00:00:03.25]           | 97110   | Therapeutic exercise | 2     |
[xUnit.net 00:00:03.25]           | 97116   | Gait training        | 1     |
[xUnit.net 00:00:03.25]         -> No matching step definition found for the step. Use the following code to create one:
[xUnit.net 00:00:03.25]                 [Then(@"recommendations should include:")]
[xUnit.net 00:00:03.25]                 public void ThenRecommendationsShouldInclude(Table table)
[xUnit.net 00:00:03.25]                 {
[xUnit.net 00:00:03.25]                     _scenarioContext.Pending();
[xUnit.net 00:00:03.25]                 }
[xUnit.net 00:00:03.25]         
[xUnit.net 00:00:03.25]       Expected ((int)LastResponse!.StatusCode) to be 200, but found 404 (difference of 204).
[xUnit.net 00:00:03.25]       Stack Trace:
[xUnit.net 00:00:03.25]            at FluentAssertions.Execution.XUnit2TestFramework.Throw(String message)
[xUnit.net 00:00:03.25]            at FluentAssertions.Execution.TestFrameworkProvider.Throw(String message)
[xUnit.net 00:00:03.25]            at FluentAssertions.Execution.DefaultAssertionStrategy.HandleFailure(String message)
[xUnit.net 00:00:03.25]            at FluentAssertions.Execution.AssertionScope.FailWith(Func`1 failReasonFunc)
[xUnit.net 00:00:03.25]            at FluentAssertions.Execution.AssertionScope.FailWith(Func`1 failReasonFunc)
[xUnit.net 00:00:03.25]            at FluentAssertions.Execution.AssertionScope.FailWith(String message, Object[] args)
[xUnit.net 00:00:03.25]            at FluentAssertions.Numeric.NumericAssertions`2.Be(T expected, String because, Object[] becauseArgs)
[xUnit.net 00:00:03.25]         /home/srowe/workspace/pediatric-therapy-resource/api/Tests/BDD/StepDefinitions/BaseStepDefinitions.cs(72,0): at TherapyDocs.Api.Tests.BDD.StepDefinitions.BaseStepDefinitions.ThenTheResponseStatusShouldBe(Int32 statusCode)
[xUnit.net 00:00:03.25]         /home/srowe/workspace/pediatric-therapy-resource/api/Tests/BDD/StepDefinitions/CommonStepDefinitions.cs(55,0): at TherapyDocs.Api.Tests.BDD.StepDefinitions.CommonStepDefinitions.ThenTheResponseStatusShouldBeStep(Int32 statusCode)
[xUnit.net 00:00:03.25]            at InvokeStub_Action`2.Invoke(Object, Span`1)
[xUnit.net 00:00:03.25]            at System.Reflection.MethodBaseInvoker.InvokeWithFewArgs(Object obj, BindingFlags invokeAttr, Binder binder, Object[] parameters, CultureInfo culture)
[xUnit.net 00:00:03.25]            at TechTalk.SpecFlow.Bindings.BindingInvoker.InvokeBinding(IBinding binding, IContextManager contextManager, Object[] arguments, ITestTracer testTracer, TimeSpan& duration)
[xUnit.net 00:00:03.25]            at TechTalk.SpecFlow.Infrastructure.TestExecutionEngine.ExecuteStepMatch(BindingMatch match, Object[] arguments, TimeSpan& duration)
[xUnit.net 00:00:03.25]            at TechTalk.SpecFlow.Infrastructure.TestExecutionEngine.ExecuteStep(IContextManager contextManager, StepInstance stepInstance)
[xUnit.net 00:00:03.25]            at TechTalk.SpecFlow.Infrastructure.TestExecutionEngine.OnAfterLastStep()
[xUnit.net 00:00:03.25]            at TechTalk.SpecFlow.TestRunner.CollectScenarioErrors()
[xUnit.net 00:00:03.25]            at TherapyDocs.Api.Tests.BDD.Features.Therapy.AdultTherapyResourcesAPIEndpointsFR_016Feature.ScenarioCleanup()
[xUnit.net 00:00:03.25]         /home/srowe/workspace/pediatric-therapy-resource/api/Tests/BDD/Features/therapy/adult-therapy.feature(116,0): at TherapyDocs.Api.Tests.BDD.Features.Therapy.AdultTherapyResourcesAPIEndpointsFR_016Feature.AccessCompensatoryStrategyResources()
[xUnit.net 00:00:03.25]            at System.RuntimeMethodHandle.InvokeMethod(Object target, Void** arguments, Signature sig, Boolean isConstructor)
[xUnit.net 00:00:03.25]            at System.Reflection.MethodBaseInvoker.InvokeWithNoArgs(Object obj, BindingFlags invokeAttr)
[xUnit.net 00:00:03.25]       Output:
[xUnit.net 00:00:03.25]         Given the API is available
[xUnit.net 00:00:03.25]         -> done: CommonStepDefinitions.GivenTheAPIIsAvailable() (0.0s)
[xUnit.net 00:00:03.25]         And I am authenticated as "therapist@clinic.com"
[xUnit.net 00:00:03.25]         -> done: CommonStepDefinitions.GivenIAmAuthenticatedAs("therapist@clinic.com") (0.0s)
[xUnit.net 00:00:03.25]         When I send a GET request to "/api/resources/adult/compensatory-strategies/memory"
[xUnit.net 00:00:03.25]         -> done: CommonStepDefinitions.WhenISendAGETRequestToStep("/api/resources/ad...") (0.0s)
[xUnit.net 00:00:03.25]         Then the response status should be 200
[xUnit.net 00:00:03.26]         -> error: Expected ((int)LastResponse!.StatusCode) to be 200, but found 404 (difference of 204). (0.0s)
[xUnit.net 00:00:03.26]         And strategies should include:
[xUnit.net 00:00:03.26]           --- table step argument ---
[xUnit.net 00:00:03.26]           | strategy      | implementation             |
[xUnit.net 00:00:03.26]           | external aids | Smartphone apps, calendars |
[xUnit.net 00:00:03.26]           | environmental | Label drawers, routines    |
[xUnit.net 00:00:03.26]           | internal      | Mnemonics, visualization   |
[xUnit.net 00:00:03.26]           | training      | Strategy practice sheets   |
[xUnit.net 00:00:03.26]         -> No matching step definition found for the step. Use the following code to create one:
[xUnit.net 00:00:03.26]                 [Then(@"strategies should include:")]
[xUnit.net 00:00:03.26]                 public void ThenStrategiesShouldInclude(Table table)
[xUnit.net 00:00:03.26]                 {
[xUnit.net 00:00:03.26]                     _scenarioContext.Pending();
[xUnit.net 00:00:03.26]                 }
[xUnit.net 00:00:03.26]         
[xUnit.net 00:00:03.29]     Configure SSO provider [SKIP]
[xUnit.net 00:00:03.29]       No matching step definition found for one or more steps.\nusing System;\r\nusing TechTalk.SpecFlow;\r\n\r\nnamespace MyNamespace\r\n{\r\n    [Binding]\r\n    public class StepDefinitions\r\n    {\r\n        private readonly ScenarioContext _scenarioContext;\r\n\r\n        public StepDefinitions(ScenarioContext scenarioContext)\r\n        {\r\n            _scenarioContext = scenarioContext;\r\n        }\r\n        [Given(@"I have admin permissions")]\r\n        public void GivenIHaveAdminPermissions()\r\n        {\r\n            _scenarioContext.Pending();\r\n        }\r\n        \n        [Then(@"SSO should be configured")]\r\n        public void ThenSSOShouldBeConfigured()\r\n        {\r\n            _scenarioContext.Pending();\r\n        }\r\n    }\r\n}\r\n
[xUnit.net 00:00:03.32]       Expected ((int)LastResponse!.StatusCode) to be 200, but found 404 (difference of 204).
[xUnit.net 00:00:03.33]       Stack Trace:
[xUnit.net 00:00:03.33]            at FluentAssertions.Execution.XUnit2TestFramework.Throw(String message)
[xUnit.net 00:00:03.33]            at FluentAssertions.Execution.TestFrameworkProvider.Throw(String message)
[xUnit.net 00:00:03.33]            at FluentAssertions.Execution.DefaultAssertionStrategy.HandleFailure(String message)
[xUnit.net 00:00:03.33]            at FluentAssertions.Execution.AssertionScope.FailWith(Func`1 failReasonFunc)
[xUnit.net 00:00:03.33]            at FluentAssertions.Execution.AssertionScope.FailWith(Func`1 failReasonFunc)
[xUnit.net 00:00:03.33]            at FluentAssertions.Execution.AssertionScope.FailWith(String message, Object[] args)
[xUnit.net 00:00:03.33]            at FluentAssertions.Numeric.NumericAssertions`2.Be(T expected, String because, Object[] becauseArgs)
[xUnit.net 00:00:03.33]         /home/srowe/workspace/pediatric-therapy-resource/api/Tests/BDD/StepDefinitions/BaseStepDefinitions.cs(72,0): at TherapyDocs.Api.Tests.BDD.StepDefinitions.BaseStepDefinitions.ThenTheResponseStatusShouldBe(Int32 statusCode)
[xUnit.net 00:00:03.33]         /home/srowe/workspace/pediatric-therapy-resource/api/Tests/BDD/StepDefinitions/CommonStepDefinitions.cs(55,0): at TherapyDocs.Api.Tests.BDD.StepDefinitions.CommonStepDefinitions.ThenTheResponseStatusShouldBeStep(Int32 statusCode)
[xUnit.net 00:00:03.33]            at InvokeStub_Action`2.Invoke(Object, Span`1)
[xUnit.net 00:00:03.33]            at System.Reflection.MethodBaseInvoker.InvokeWithFewArgs(Object obj, BindingFlags invokeAttr, Binder binder, Object[] parameters, CultureInfo culture)
[xUnit.net 00:00:03.33]            at TechTalk.SpecFlow.Bindings.BindingInvoker.InvokeBinding(IBinding binding, IContextManager contextManager, Object[] arguments, ITestTracer testTracer, TimeSpan& duration)
[xUnit.net 00:00:03.33]            at TechTalk.SpecFlow.Infrastructure.TestExecutionEngine.ExecuteStepMatch(BindingMatch match, Object[] arguments, TimeSpan& duration)
[xUnit.net 00:00:03.33]            at TechTalk.SpecFlow.Infrastructure.TestExecutionEngine.ExecuteStep(IContextManager contextManager, StepInstance stepInstance)
[xUnit.net 00:00:03.33]            at TechTalk.SpecFlow.Infrastructure.TestExecutionEngine.OnAfterLastStep()
[xUnit.net 00:00:03.33]            at TechTalk.SpecFlow.TestRunner.CollectScenarioErrors()
[xUnit.net 00:00:03.33]            at TherapyDocs.Api.Tests.BDD.Features.Therapy.AdultTherapyResourcesAPIEndpointsFR_016Feature.ScenarioCleanup()
[xUnit.net 00:00:03.33]         /home/srowe/workspace/pediatric-therapy-resource/api/Tests/BDD/Features/therapy/adult-therapy.feature(104,0): at TherapyDocs.Api.Tests.BDD.Features.Therapy.AdultTherapyResourcesAPIEndpointsFR_016Feature.GenerateAdultFunctionalGoals()
[xUnit.net 00:00:03.33]            at System.RuntimeMethodHandle.InvokeMethod(Object target, Void** arguments, Signature sig, Boolean isConstructor)
[xUnit.net 00:00:03.33]            at System.Reflection.MethodBaseInvoker.InvokeWithNoArgs(Object obj, BindingFlags invokeAttr)
[xUnit.net 00:00:03.33]       Output:
[xUnit.net 00:00:03.33]         Given the API is available
[xUnit.net 00:00:03.33]         -> done: CommonStepDefinitions.GivenTheAPIIsAvailable() (0.0s)
[xUnit.net 00:00:03.33]         And I am authenticated as "therapist@clinic.com"
[xUnit.net 00:00:03.33]         -> done: CommonStepDefinitions.GivenIAmAuthenticatedAs("therapist@clinic.com") (0.0s)
[xUnit.net 00:00:03.33]         When I send a POST request to "/api/resources/adult/functional-goals" with:
[xUnit.net 00:00:03.33]           --- table step argument ---
[xUnit.net 00:00:03.33]           | field        | value                              |
[xUnit.net 00:00:03.33]           | diagnosis    | CVA                                |
[xUnit.net 00:00:03.33]           | affectedSide | right                              |
[xUnit.net 00:00:03.33]           | priorLevel   | independent                        |
[xUnit.net 00:00:03.33]           | currentNeeds | ["dressing", "cooking", "driving"] |
[xUnit.net 00:00:03.33]         -> done: CommonStepDefinitions.WhenISendAPOSTRequestToWithStep("/api/resources/ad...", <table>) (0.0s)
[xUnit.net 00:00:03.33]         Then the response status should be 200
[xUnit.net 00:00:03.33]         -> error: Expected ((int)LastResponse!.StatusCode) to be 200, but found 404 (difference of 204). (0.0s)
[xUnit.net 00:00:03.33]         And goals should be:
[xUnit.net 00:00:03.33]           --- table step argument ---
[xUnit.net 00:00:03.33]           | type       | example                          |
[xUnit.net 00:00:03.33]           | measurable | Don shirt independently in 5 min |
[xUnit.net 00:00:03.33]           | functional | Prepare simple meal safely       |
[xUnit.net 00:00:03.33]           | timebound  | Within 4 weeks                   |
[xUnit.net 00:00:03.33]           | relevant   | Return to prior activities       |
[xUnit.net 00:00:03.33]         -> No matching step definition found for the step. Use the following code to create one:
[xUnit.net 00:00:03.33]                 [Then(@"goals should be:")]
[xUnit.net 00:00:03.33]                 public void ThenGoalsShouldBe(Table table)
[xUnit.net 00:00:03.33]                 {
[xUnit.net 00:00:03.33]                     _scenarioContext.Pending();
[xUnit.net 00:00:03.33]                 }
[xUnit.net 00:00:03.33]         
[xUnit.net 00:00:03.33]     Process right to be forgotten request [SKIP]
[xUnit.net 00:00:03.33]       No matching step definition found for one or more steps.\nusing System;\r\nusing TechTalk.SpecFlow;\r\n\r\nnamespace MyNamespace\r\n{\r\n    [Binding]\r\n    public class StepDefinitions\r\n    {\r\n        private readonly ScenarioContext _scenarioContext;\r\n\r\n        public StepDefinitions(ScenarioContext scenarioContext)\r\n        {\r\n            _scenarioContext = scenarioContext;\r\n        }\r\n        [Given(@"I am authenticated")]\r\n        public void GivenIAmAuthenticated()\r\n        {\r\n            _scenarioContext.Pending();\r\n        }\r\n        \n        [When(@"I send a DELETE request to ""(.*)"" with:")]\r\n        public void WhenISendADELETERequestToWith(string p0, Table table)\r\n        {\r\n            _scenarioContext.Pending();\r\n        }\r\n        \n        [Then(@"legally required data should be retained")]\r\n        public void ThenLegallyRequiredDataShouldBeRetained()\r\n        {\r\n            _scenarioContext.Pending();\r\n        }\r\n        \n        [Then(@"deletion certificate should be generated")]\r\n        public void ThenDeletionCertificateShouldBeGenerated()\r\n        {\r\n            _scenarioContext.Pending();\r\n        }\r\n    }\r\n}\r\n
  Failed Get CPT code recommendations [104 ms]
  Error Message:
   Expected ((int)LastResponse!.StatusCode) to be 200, but found 404 (difference of 204).
  Stack Trace:
     at FluentAssertions.Execution.XUnit2TestFramework.Throw(String message)
   at FluentAssertions.Execution.TestFrameworkProvider.Throw(String message)
   at FluentAssertions.Execution.DefaultAssertionStrategy.HandleFailure(String message)
   at FluentAssertions.Execution.AssertionScope.FailWith(Func`1 failReasonFunc)
   at FluentAssertions.Execution.AssertionScope.FailWith(Func`1 failReasonFunc)
   at FluentAssertions.Execution.AssertionScope.FailWith(String message, Object[] args)
   at FluentAssertions.Numeric.NumericAssertions`2.Be(T expected, String because, Object[] becauseArgs)
   at TherapyDocs.Api.Tests.BDD.StepDefinitions.BaseStepDefinitions.ThenTheResponseStatusShouldBe(Int32 statusCode) in /home/srowe/workspace/pediatric-therapy-resource/api/Tests/BDD/StepDefinitions/BaseStepDefinitions.cs:line 72
   at TherapyDocs.Api.Tests.BDD.StepDefinitions.CommonStepDefinitions.ThenTheResponseStatusShouldBeStep(Int32 statusCode) in /home/srowe/workspace/pediatric-therapy-resource/api/Tests/BDD/StepDefinitions/CommonStepDefinitions.cs:line 55
   at InvokeStub_Action`2.Invoke(Object, Span`1)
   at System.Reflection.MethodBaseInvoker.InvokeWithFewArgs(Object obj, BindingFlags invokeAttr, Binder binder, Object[] parameters, CultureInfo culture)
   at TechTalk.SpecFlow.Bindings.BindingInvoker.InvokeBinding(IBinding binding, IContextManager contextManager, Object[] arguments, ITestTracer testTracer, TimeSpan& duration)
   at TechTalk.SpecFlow.Infrastructure.TestExecutionEngine.ExecuteStepMatch(BindingMatch match, Object[] arguments, TimeSpan& duration)
   at TechTalk.SpecFlow.Infrastructure.TestExecutionEngine.ExecuteStep(IContextManager contextManager, StepInstance stepInstance)
   at TechTalk.SpecFlow.Infrastructure.TestExecutionEngine.OnAfterLastStep()
   at TechTalk.SpecFlow.TestRunner.CollectScenarioErrors()
   at TherapyDocs.Api.Tests.BDD.Features.Therapy.DocumentationHelpersAPIEndpointsFR_028Feature.ScenarioCleanup()
   at TherapyDocs.Api.Tests.BDD.Features.Therapy.DocumentationHelpersAPIEndpointsFR_028Feature.GetCPTCodeRecommendations() in /home/srowe/workspace/pediatric-therapy-resource/api/Tests/BDD/Features/therapy/documentation-helpers.feature:line 80
   at System.RuntimeMethodHandle.InvokeMethod(Object target, Void** arguments, Signature sig, Boolean isConstructor)
   at System.Reflection.MethodBaseInvoker.InvokeWithNoArgs(Object obj, BindingFlags invokeAttr)
  Standard Output Messages:
 Given the API is available
 -> done: CommonStepDefinitions.GivenTheAPIIsAvailable() (0.0s)
 And I am authenticated as "therapist@clinic.com"
 -> done: CommonStepDefinitions.GivenIAmAuthenticatedAs("therapist@clinic.com") (0.0s)
 When I send a POST request to "/api/documentation/cpt-helper" with:
   --- table step argument ---
   | field       | value                        |
   | sessionType | individual                   |
   | duration    | 45                           |
   | procedures  | ["ther-ex", "gait-training"] |
   | setting     | outpatient                   |
 -> done: CommonStepDefinitions.WhenISendAPOSTRequestToWithStep("/api/documentatio...", <table>) (0.0s)
 Then the response status should be 200
 -> error: Expected ((int)LastResponse!.StatusCode) to be 200, but found 404 (difference of 204). (0.0s)
 And recommendations should include:
   --- table step argument ---
   | cptCode | description          | units |
   | 97110   | Therapeutic exercise | 2     |
   | 97116   | Gait training        | 1     |
 -> No matching step definition found for the step. Use the following code to create one:
         [Then(@"recommendations should include:")]
         public void ThenRecommendationsShouldInclude(Table table)
         {
             _scenarioContext.Pending();
         }
 


  Failed Access compensatory strategy resources [83 ms]
  Error Message:
   Expected ((int)LastResponse!.StatusCode) to be 200, but found 404 (difference of 204).
  Stack Trace:
     at FluentAssertions.Execution.XUnit2TestFramework.Throw(String message)
   at FluentAssertions.Execution.TestFrameworkProvider.Throw(String message)
   at FluentAssertions.Execution.DefaultAssertionStrategy.HandleFailure(String message)
   at FluentAssertions.Execution.AssertionScope.FailWith(Func`1 failReasonFunc)
   at FluentAssertions.Execution.AssertionScope.FailWith(Func`1 failReasonFunc)
   at FluentAssertions.Execution.AssertionScope.FailWith(String message, Object[] args)
   at FluentAssertions.Numeric.NumericAssertions`2.Be(T expected, String because, Object[] becauseArgs)
   at TherapyDocs.Api.Tests.BDD.StepDefinitions.BaseStepDefinitions.ThenTheResponseStatusShouldBe(Int32 statusCode) in /home/srowe/workspace/pediatric-therapy-resource/api/Tests/BDD/StepDefinitions/BaseStepDefinitions.cs:line 72
   at TherapyDocs.Api.Tests.BDD.StepDefinitions.CommonStepDefinitions.ThenTheResponseStatusShouldBeStep(Int32 statusCode) in /home/srowe/workspace/pediatric-therapy-resource/api/Tests/BDD/StepDefinitions/CommonStepDefinitions.cs:line 55
   at InvokeStub_Action`2.Invoke(Object, Span`1)
   at System.Reflection.MethodBaseInvoker.InvokeWithFewArgs(Object obj, BindingFlags invokeAttr, Binder binder, Object[] parameters, CultureInfo culture)
   at TechTalk.SpecFlow.Bindings.BindingInvoker.InvokeBinding(IBinding binding, IContextManager contextManager, Object[] arguments, ITestTracer testTracer, TimeSpan& duration)
   at TechTalk.SpecFlow.Infrastructure.TestExecutionEngine.ExecuteStepMatch(BindingMatch match, Object[] arguments, TimeSpan& duration)
   at TechTalk.SpecFlow.Infrastructure.TestExecutionEngine.ExecuteStep(IContextManager contextManager, StepInstance stepInstance)
   at TechTalk.SpecFlow.Infrastructure.TestExecutionEngine.OnAfterLastStep()
   at TechTalk.SpecFlow.TestRunner.CollectScenarioErrors()
   at TherapyDocs.Api.Tests.BDD.Features.Therapy.AdultTherapyResourcesAPIEndpointsFR_016Feature.ScenarioCleanup()
   at TherapyDocs.Api.Tests.BDD.Features.Therapy.AdultTherapyResourcesAPIEndpointsFR_016Feature.AccessCompensatoryStrategyResources() in /home/srowe/workspace/pediatric-therapy-resource/api/Tests/BDD/Features/therapy/adult-therapy.feature:line 116
   at System.RuntimeMethodHandle.InvokeMethod(Object target, Void** arguments, Signature sig, Boolean isConstructor)
   at System.Reflection.MethodBaseInvoker.InvokeWithNoArgs(Object obj, BindingFlags invokeAttr)
  Standard Output Messages:
 Given the API is available
 -> done: CommonStepDefinitions.GivenTheAPIIsAvailable() (0.0s)
 And I am authenticated as "therapist@clinic.com"
 -> done: CommonStepDefinitions.GivenIAmAuthenticatedAs("therapist@clinic.com") (0.0s)
 When I send a GET request to "/api/resources/adult/compensatory-strategies/memory"
 -> done: CommonStepDefinitions.WhenISendAGETRequestToStep("/api/resources/ad...") (0.0s)
 Then the response status should be 200
 -> error: Expected ((int)LastResponse!.StatusCode) to be 200, but found 404 (difference of 204). (0.0s)
 And strategies should include:
   --- table step argument ---
   | strategy      | implementation             |
   | external aids | Smartphone apps, calendars |
   | environmental | Label drawers, routines    |
   | internal      | Mnemonics, visualization   |
   | training      | Strategy practice sheets   |
 -> No matching step definition found for the step. Use the following code to create one:
         [Then(@"strategies should include:")]
         public void ThenStrategiesShouldInclude(Table table)
         {
             _scenarioContext.Pending();
         }
 


  Skipped Configure SSO provider [1 ms]
  Failed Generate adult functional goals [46 ms]
  Error Message:
   Expected ((int)LastResponse!.StatusCode) to be 200, but found 404 (difference of 204).
  Stack Trace:
     at FluentAssertions.Execution.XUnit2TestFramework.Throw(String message)
   at FluentAssertions.Execution.TestFrameworkProvider.Throw(String message)
   at FluentAssertions.Execution.DefaultAssertionStrategy.HandleFailure(String message)
   at FluentAssertions.Execution.AssertionScope.FailWith(Func`1 failReasonFunc)
   at FluentAssertions.Execution.AssertionScope.FailWith(Func`1 failReasonFunc)
   at FluentAssertions.Execution.AssertionScope.FailWith(String message, Object[] args)
   at FluentAssertions.Numeric.NumericAssertions`2.Be(T expected, String because, Object[] becauseArgs)
   at TherapyDocs.Api.Tests.BDD.StepDefinitions.BaseStepDefinitions.ThenTheResponseStatusShouldBe(Int32 statusCode) in /home/srowe/workspace/pediatric-therapy-resource/api/Tests/BDD/StepDefinitions/BaseStepDefinitions.cs:line 72
   at TherapyDocs.Api.Tests.BDD.StepDefinitions.CommonStepDefinitions.ThenTheResponseStatusShouldBeStep(Int32 statusCode) in /home/srowe/workspace/pediatric-therapy-resource/api/Tests/BDD/StepDefinitions/CommonStepDefinitions.cs:line 55
   at InvokeStub_Action`2.Invoke(Object, Span`1)
   at System.Reflection.MethodBaseInvoker.InvokeWithFewArgs(Object obj, BindingFlags invokeAttr, Binder binder, Object[] parameters, CultureInfo culture)
   at TechTalk.SpecFlow.Bindings.BindingInvoker.InvokeBinding(IBinding binding, IContextManager contextManager, Object[] arguments, ITestTracer testTracer, TimeSpan& duration)
   at TechTalk.SpecFlow.Infrastructure.TestExecutionEngine.ExecuteStepMatch(BindingMatch match, Object[] arguments, TimeSpan& duration)
   at TechTalk.SpecFlow.Infrastructure.TestExecutionEngine.ExecuteStep(IContextManager contextManager, StepInstance stepInstance)
   at TechTalk.SpecFlow.Infrastructure.TestExecutionEngine.OnAfterLastStep()
   at TechTalk.SpecFlow.TestRunner.CollectScenarioErrors()
   at TherapyDocs.Api.Tests.BDD.Features.Therapy.AdultTherapyResourcesAPIEndpointsFR_016Feature.ScenarioCleanup()
   at TherapyDocs.Api.Tests.BDD.Features.Therapy.AdultTherapyResourcesAPIEndpointsFR_016Feature.GenerateAdultFunctionalGoals() in /home/srowe/workspace/pediatric-therapy-resource/api/Tests/BDD/Features/therapy/adult-therapy.feature:line 104
   at System.RuntimeMethodHandle.InvokeMethod(Object target, Void** arguments, Signature sig, Boolean isConstructor)
   at System.Reflection.MethodBaseInvoker.InvokeWithNoArgs(Object obj, BindingFlags invokeAttr)
  Standard Output Messages:
 Given the API is available
 -> done: CommonStepDefinitions.GivenTheAPIIsAvailable() (0.0s)
 And I am authenticated as "therapist@clinic.com"
 -> done: CommonStepDefinitions.GivenIAmAuthenticatedAs("therapist@clinic.com") (0.0s)
 When I send a POST request to "/api/resources/adult/functional-goals" with:
   --- table step argument ---
   | field        | value                              |
   | diagnosis    | CVA                                |
   | affectedSide | right                              |
   | priorLevel   | independent                        |
   | currentNeeds | ["dressing", "cooking", "driving"] |
 -> done: CommonStepDefinitions.WhenISendAPOSTRequestToWithStep("/api/resources/ad...", <table>) (0.0s)
 Then the response status should be 200
 -> error: Expected ((int)LastResponse!.StatusCode) to be 200, but found 404 (difference of 204). (0.0s)
 And goals should be:
   --- table step argument ---
   | type       | example                          |
   | measurable | Don shirt independently in 5 min |
   | functional | Prepare simple meal safely       |
   | timebound  | Within 4 weeks                   |
   | relevant   | Return to prior activities       |
 -> No matching step definition found for the step. Use the following code to create one:
         [Then(@"goals should be:")]
         public void ThenGoalsShouldBe(Table table)
         {
             _scenarioContext.Pending();
         }
 


  Skipped Process right to be forgotten request [1 ms]
[xUnit.net 00:00:03.33]       Expected ((int)LastResponse!.StatusCode) to be 200, but found 404 (difference of 204).
[xUnit.net 00:00:03.33]       Stack Trace:
[xUnit.net 00:00:03.33]            at FluentAssertions.Execution.XUnit2TestFramework.Throw(String message)
[xUnit.net 00:00:03.33]            at FluentAssertions.Execution.TestFrameworkProvider.Throw(String message)
[xUnit.net 00:00:03.33]            at FluentAssertions.Execution.DefaultAssertionStrategy.HandleFailure(String message)
[xUnit.net 00:00:03.33]            at FluentAssertions.Execution.AssertionScope.FailWith(Func`1 failReasonFunc)
[xUnit.net 00:00:03.33]            at FluentAssertions.Execution.AssertionScope.FailWith(Func`1 failReasonFunc)
[xUnit.net 00:00:03.33]            at FluentAssertions.Execution.AssertionScope.FailWith(String message, Object[] args)
[xUnit.net 00:00:03.33]            at FluentAssertions.Numeric.NumericAssertions`2.Be(T expected, String because, Object[] becauseArgs)
[xUnit.net 00:00:03.33]         /home/srowe/workspace/pediatric-therapy-resource/api/Tests/BDD/StepDefinitions/BaseStepDefinitions.cs(72,0): at TherapyDocs.Api.Tests.BDD.StepDefinitions.BaseStepDefinitions.ThenTheResponseStatusShouldBe(Int32 statusCode)
[xUnit.net 00:00:03.33]         /home/srowe/workspace/pediatric-therapy-resource/api/Tests/BDD/StepDefinitions/CommonStepDefinitions.cs(55,0): at TherapyDocs.Api.Tests.BDD.StepDefinitions.CommonStepDefinitions.ThenTheResponseStatusShouldBeStep(Int32 statusCode)
[xUnit.net 00:00:03.33]            at InvokeStub_Action`2.Invoke(Object, Span`1)
[xUnit.net 00:00:03.33]            at System.Reflection.MethodBaseInvoker.InvokeWithFewArgs(Object obj, BindingFlags invokeAttr, Binder binder, Object[] parameters, CultureInfo culture)
[xUnit.net 00:00:03.33]            at TechTalk.SpecFlow.Bindings.BindingInvoker.InvokeBinding(IBinding binding, IContextManager contextManager, Object[] arguments, ITestTracer testTracer, TimeSpan& duration)
[xUnit.net 00:00:03.33]            at TechTalk.SpecFlow.Infrastructure.TestExecutionEngine.ExecuteStepMatch(BindingMatch match, Object[] arguments, TimeSpan& duration)
[xUnit.net 00:00:03.33]            at TechTalk.SpecFlow.Infrastructure.TestExecutionEngine.ExecuteStep(IContextManager contextManager, StepInstance stepInstance)
[xUnit.net 00:00:03.33]            at TechTalk.SpecFlow.Infrastructure.TestExecutionEngine.OnAfterLastStep()
[xUnit.net 00:00:03.34]            at TechTalk.SpecFlow.TestRunner.CollectScenarioErrors()
[xUnit.net 00:00:03.34]            at TherapyDocs.Api.Tests.BDD.Features.Therapy.VirtualToolsAPIEndpointsFR_024Feature.ScenarioCleanup()
[xUnit.net 00:00:03.34]         /home/srowe/workspace/pediatric-therapy-resource/api/Tests/BDD/Features/therapy/virtual-tools.feature(118,0): at TherapyDocs.Api.Tests.BDD.Features.Therapy.VirtualToolsAPIEndpointsFR_024Feature.CreateVisualTimer()
[xUnit.net 00:00:03.34]            at System.RuntimeMethodHandle.InvokeMethod(Object target, Void** arguments, Signature sig, Boolean isConstructor)
[xUnit.net 00:00:03.34]            at System.Reflection.MethodBaseInvoker.InvokeWithNoArgs(Object obj, BindingFlags invokeAttr)
[xUnit.net 00:00:03.34]       Output:
[xUnit.net 00:00:03.34]         Given the API is available
[xUnit.net 00:00:03.34]         -> done: CommonStepDefinitions.GivenTheAPIIsAvailable() (0.0s)
[xUnit.net 00:00:03.34]         And I am authenticated as "therapist@clinic.com"
[xUnit.net 00:00:03.34]         -> done: CommonStepDefinitions.GivenIAmAuthenticatedAs("therapist@clinic.com") (0.0s)
[xUnit.net 00:00:03.34]         When I send a POST request to "/api/virtual/timers/visual" with:
[xUnit.net 00:00:03.34]           --- table step argument ---
[xUnit.net 00:00:03.34]           | field         | value            |
[xUnit.net 00:00:03.34]           | duration      | 300              |
[xUnit.net 00:00:03.34]           | style         | countdown-circle |
[xUnit.net 00:00:03.34]           | warningAt     | 60               |
[xUnit.net 00:00:03.34]           | soundAlerts   | true             |
[xUnit.net 00:00:03.34]           | customMessage | "Great job!"     |
[xUnit.net 00:00:03.34]         -> done: CommonStepDefinitions.WhenISendAPOSTRequestToWithStep("/api/virtual/time...", <table>) (0.0s)
[xUnit.net 00:00:03.34]         Then the response status should be 200
[xUnit.net 00:00:03.34]         -> error: Expected ((int)LastResponse!.StatusCode) to be 200, but found 404 (difference of 204). (0.0s)
[xUnit.net 00:00:03.34]         And timer should display visually
[xUnit.net 00:00:03.34]         -> No matching step definition found for the step. Use the following code to create one:
[xUnit.net 00:00:03.34]                 [Then(@"timer should display visually")]
[xUnit.net 00:00:03.34]                 public void ThenTimerShouldDisplayVisually()
[xUnit.net 00:00:03.34]                 {
[xUnit.net 00:00:03.34]                     _scenarioContext.Pending();
[xUnit.net 00:00:03.34]                 }
[xUnit.net 00:00:03.34]         
[xUnit.net 00:00:03.34]         And alerts should trigger at specified times
[xUnit.net 00:00:03.34]         -> No matching step definition found for the step. Use the following code to create one:
[xUnit.net 00:00:03.34]                 [Then(@"alerts should trigger at specified times")]
[xUnit.net 00:00:03.34]                 public void ThenAlertsShouldTriggerAtSpecifiedTimes()
[xUnit.net 00:00:03.34]                 {
[xUnit.net 00:00:03.34]                     _scenarioContext.Pending();
[xUnit.net 00:00:03.34]                 }
[xUnit.net 00:00:03.34]         
[xUnit.net 00:00:03.35]       Expected ((int)LastResponse!.StatusCode) to be 201, but found 404 (difference of 203).
[xUnit.net 00:00:03.35]       Stack Trace:
[xUnit.net 00:00:03.35]            at FluentAssertions.Execution.XUnit2TestFramework.Throw(String message)
[xUnit.net 00:00:03.35]            at FluentAssertions.Execution.TestFrameworkProvider.Throw(String message)
[xUnit.net 00:00:03.35]            at FluentAssertions.Execution.DefaultAssertionStrategy.HandleFailure(String message)
[xUnit.net 00:00:03.35]            at FluentAssertions.Execution.AssertionScope.FailWith(Func`1 failReasonFunc)
[xUnit.net 00:00:03.35]            at FluentAssertions.Execution.AssertionScope.FailWith(Func`1 failReasonFunc)
[xUnit.net 00:00:03.35]            at FluentAssertions.Execution.AssertionScope.FailWith(String message, Object[] args)
[xUnit.net 00:00:03.35]            at FluentAssertions.Numeric.NumericAssertions`2.Be(T expected, String because, Object[] becauseArgs)
[xUnit.net 00:00:03.35]         /home/srowe/workspace/pediatric-therapy-resource/api/Tests/BDD/StepDefinitions/BaseStepDefinitions.cs(72,0): at TherapyDocs.Api.Tests.BDD.StepDefinitions.BaseStepDefinitions.ThenTheResponseStatusShouldBe(Int32 statusCode)
[xUnit.net 00:00:03.35]         /home/srowe/workspace/pediatric-therapy-resource/api/Tests/BDD/StepDefinitions/CommonStepDefinitions.cs(55,0): at TherapyDocs.Api.Tests.BDD.StepDefinitions.CommonStepDefinitions.ThenTheResponseStatusShouldBeStep(Int32 statusCode)
[xUnit.net 00:00:03.35]            at InvokeStub_Action`2.Invoke(Object, Span`1)
[xUnit.net 00:00:03.35]            at System.Reflection.MethodBaseInvoker.InvokeWithFewArgs(Object obj, BindingFlags invokeAttr, Binder binder, Object[] parameters, CultureInfo culture)
[xUnit.net 00:00:03.35]            at TechTalk.SpecFlow.Bindings.BindingInvoker.InvokeBinding(IBinding binding, IContextManager contextManager, Object[] arguments, ITestTracer testTracer, TimeSpan& duration)
[xUnit.net 00:00:03.35]            at TechTalk.SpecFlow.Infrastructure.TestExecutionEngine.ExecuteStepMatch(BindingMatch match, Object[] arguments, TimeSpan& duration)
[xUnit.net 00:00:03.35]            at TechTalk.SpecFlow.Infrastructure.TestExecutionEngine.ExecuteStep(IContextManager contextManager, StepInstance stepInstance)
[xUnit.net 00:00:03.35]            at TechTalk.SpecFlow.Infrastructure.TestExecutionEngine.OnAfterLastStep()
[xUnit.net 00:00:03.35]            at TechTalk.SpecFlow.TestRunner.CollectScenarioErrors()
[xUnit.net 00:00:03.35]            at TherapyDocs.Api.Tests.BDD.Features.Therapy.DocumentationHelpersAPIEndpointsFR_028Feature.ScenarioCleanup()
[xUnit.net 00:00:03.35]         /home/srowe/workspace/pediatric-therapy-resource/api/Tests/BDD/Features/therapy/documentation-helpers.feature(95,0): at TherapyDocs.Api.Tests.BDD.Features.Therapy.DocumentationHelpersAPIEndpointsFR_028Feature.SaveFrequentlyUsedDocumentationPhrases()
[xUnit.net 00:00:03.35]            at System.RuntimeMethodHandle.InvokeMethod(Object target, Void** arguments, Signature sig, Boolean isConstructor)
[xUnit.net 00:00:03.35]            at System.Reflection.MethodBaseInvoker.InvokeWithNoArgs(Object obj, BindingFlags invokeAttr)
[xUnit.net 00:00:03.35]       Output:
[xUnit.net 00:00:03.35]         Given the API is available
[xUnit.net 00:00:03.35]         -> done: CommonStepDefinitions.GivenTheAPIIsAvailable() (0.0s)
[xUnit.net 00:00:03.35]         And I am authenticated as "therapist@clinic.com"
[xUnit.net 00:00:03.35]         -> done: CommonStepDefinitions.GivenIAmAuthenticatedAs("therapist@clinic.com") (0.0s)
[xUnit.net 00:00:03.35]         When I send a POST request to "/api/documentation/quick-phrases/save" with:
[xUnit.net 00:00:03.35]           --- table step argument ---
[xUnit.net 00:00:03.35]           | field    | value                                  |
[xUnit.net 00:00:03.35]           | category | progress-notes                         |
[xUnit.net 00:00:03.35]           | phrase   | "Demonstrated improved motor planning" |
[xUnit.net 00:00:03.35]           | shortcut | "imp-mp"                               |
[xUnit.net 00:00:03.35]         -> done: CommonStepDefinitions.WhenISendAPOSTRequestToWithStep("/api/documentatio...", <table>) (0.0s)
[xUnit.net 00:00:03.35]         Then the response status should be 201
[xUnit.net 00:00:03.35]         -> error: Expected ((int)LastResponse!.StatusCode) to be 201, but found 404 (difference of 203). (0.0s)
[xUnit.net 00:00:03.35]         And phrase should be saved
[xUnit.net 00:00:03.35]         -> No matching step definition found for the step. Use the following code to create one:
[xUnit.net 00:00:03.35]                 [Then(@"phrase should be saved")]
[xUnit.net 00:00:03.35]                 public void ThenPhraseShouldBeSaved()
[xUnit.net 00:00:03.35]                 {
[xUnit.net 00:00:03.35]                     _scenarioContext.Pending();
[xUnit.net 00:00:03.35]                 }
[xUnit.net 00:00:03.35]         
[xUnit.net 00:00:03.35]         And available in documentation tools
[xUnit.net 00:00:03.35]         -> No matching step definition found for the step. Use the following code to create one:
[xUnit.net 00:00:03.35]                 [Then(@"available in documentation tools")]
[xUnit.net 00:00:03.35]                 public void ThenAvailableInDocumentationTools()
[xUnit.net 00:00:03.35]                 {
[xUnit.net 00:00:03.35]                     _scenarioContext.Pending();
[xUnit.net 00:00:03.35]                 }
[xUnit.net 00:00:03.35]         
[xUnit.net 00:00:03.36]     Record task analysis data [SKIP]
[xUnit.net 00:00:03.36]       No matching step definition found for one or more steps.\nusing System;\r\nusing TechTalk.SpecFlow;\r\n\r\nnamespace MyNamespace\r\n{\r\n    [Binding]\r\n    public class StepDefinitions\r\n    {\r\n        private readonly ScenarioContext _scenarioContext;\r\n\r\n        public StepDefinitions(ScenarioContext scenarioContext)\r\n        {\r\n            _scenarioContext = scenarioContext;\r\n        }\r\n        [Given(@"I have ABA certification")]\r\n        public void GivenIHaveABACertification()\r\n        {\r\n            _scenarioContext.Pending();\r\n        }\r\n        \n        [Given(@"task analysis ""(.*)"" exists")]\r\n        public void GivenTaskAnalysisExists(string p0)\r\n        {\r\n            _scenarioContext.Pending();\r\n        }\r\n        \n        [Then(@"independence levels should be calculated")]\r\n        public void ThenIndependenceLevelsShouldBeCalculated()\r\n        {\r\n            _scenarioContext.Pending();\r\n        }\r\n        \n        [Then(@"next teaching targets should be identified")]\r\n        public void ThenNextTeachingTargetsShouldBeIdentified()\r\n        {\r\n            _scenarioContext.Pending();\r\n        }\r\n    }\r\n}\r\n
[xUnit.net 00:00:03.37]       Expected ((int)LastResponse!.StatusCode) to be 201, but found 404 (difference of 203).
[xUnit.net 00:00:03.37]       Stack Trace:
[xUnit.net 00:00:03.37]            at FluentAssertions.Execution.XUnit2TestFramework.Throw(String message)
[xUnit.net 00:00:03.37]            at FluentAssertions.Execution.TestFrameworkProvider.Throw(String message)
[xUnit.net 00:00:03.37]            at FluentAssertions.Execution.DefaultAssertionStrategy.HandleFailure(String message)
[xUnit.net 00:00:03.37]            at FluentAssertions.Execution.AssertionScope.FailWith(Func`1 failReasonFunc)
[xUnit.net 00:00:03.37]            at FluentAssertions.Execution.AssertionScope.FailWith(Func`1 failReasonFunc)
[xUnit.net 00:00:03.37]            at FluentAssertions.Execution.AssertionScope.FailWith(String message, Object[] args)
[xUnit.net 00:00:03.37]            at FluentAssertions.Numeric.NumericAssertions`2.Be(T expected, String because, Object[] becauseArgs)
[xUnit.net 00:00:03.37]         /home/srowe/workspace/pediatric-therapy-resource/api/Tests/BDD/StepDefinitions/BaseStepDefinitions.cs(72,0): at TherapyDocs.Api.Tests.BDD.StepDefinitions.BaseStepDefinitions.ThenTheResponseStatusShouldBe(Int32 statusCode)
[xUnit.net 00:00:03.37]         /home/srowe/workspace/pediatric-therapy-resource/api/Tests/BDD/StepDefinitions/CommonStepDefinitions.cs(55,0): at TherapyDocs.Api.Tests.BDD.StepDefinitions.CommonStepDefinitions.ThenTheResponseStatusShouldBeStep(Int32 statusCode)
[xUnit.net 00:00:03.37]            at InvokeStub_Action`2.Invoke(Object, Span`1)
[xUnit.net 00:00:03.37]            at System.Reflection.MethodBaseInvoker.InvokeWithFewArgs(Object obj, BindingFlags invokeAttr, Binder binder, Object[] parameters, CultureInfo culture)
[xUnit.net 00:00:03.37]            at TechTalk.SpecFlow.Bindings.BindingInvoker.InvokeBinding(IBinding binding, IContextManager contextManager, Object[] arguments, ITestTracer testTracer, TimeSpan& duration)
[xUnit.net 00:00:03.37]            at TechTalk.SpecFlow.Infrastructure.TestExecutionEngine.ExecuteStepMatch(BindingMatch match, Object[] arguments, TimeSpan& duration)
[xUnit.net 00:00:03.37]            at TechTalk.SpecFlow.Infrastructure.TestExecutionEngine.ExecuteStep(IContextManager contextManager, StepInstance stepInstance)
[xUnit.net 00:00:03.37]            at TechTalk.SpecFlow.Infrastructure.TestExecutionEngine.OnAfterLastStep()
[xUnit.net 00:00:03.37]            at TechTalk.SpecFlow.TestRunner.CollectScenarioErrors()
[xUnit.net 00:00:03.37]            at TherapyDocs.Api.Tests.BDD.Features.Therapy.VirtualToolsAPIEndpointsFR_024Feature.ScenarioCleanup()
[xUnit.net 00:00:03.37]         /home/srowe/workspace/pediatric-therapy-resource/api/Tests/BDD/Features/therapy/virtual-tools.feature(48,0): at TherapyDocs.Api.Tests.BDD.Features.Therapy.VirtualToolsAPIEndpointsFR_024Feature.CreateCustomSpinner()
[xUnit.net 00:00:03.37]            at System.RuntimeMethodHandle.InvokeMethod(Object target, Void** arguments, Signature sig, Boolean isConstructor)
[xUnit.net 00:00:03.37]            at System.Reflection.MethodBaseInvoker.InvokeWithNoArgs(Object obj, BindingFlags invokeAttr)
[xUnit.net 00:00:03.37]       Output:
[xUnit.net 00:00:03.37]         Given the API is available
[xUnit.net 00:00:03.37]         -> done: CommonStepDefinitions.GivenTheAPIIsAvailable() (0.0s)
[xUnit.net 00:00:03.37]         And I am authenticated as "therapist@clinic.com"
[xUnit.net 00:00:03.37]         -> done: CommonStepDefinitions.GivenIAmAuthenticatedAs("therapist@clinic.com") (0.0s)
[xUnit.net 00:00:03.37]         When I send a POST request to "/api/virtual/tools/spinner" with:
[xUnit.net 00:00:03.37]           --- table step argument ---
[xUnit.net 00:00:03.37]           | field       | value                              |
[xUnit.net 00:00:03.37]           | sections    | ["hop", "jump", "clap", "spin"]    |
[xUnit.net 00:00:03.37]           | colors      | ["red", "blue", "green", "yellow"] |
[xUnit.net 00:00:03.37]           | weighted    | false                              |
[xUnit.net 00:00:03.37]           | soundEffect | true                               |
[xUnit.net 00:00:03.37]         -> done: CommonStepDefinitions.WhenISendAPOSTRequestToWithStep("/api/virtual/tool...", <table>) (0.0s)
[xUnit.net 00:00:03.37]         Then the response status should be 201
[xUnit.net 00:00:03.37]         -> error: Expected ((int)LastResponse!.StatusCode) to be 201, but found 404 (difference of 203). (0.0s)
[xUnit.net 00:00:03.37]         And the response should contain:
[xUnit.net 00:00:03.37]           --- table step argument ---
[xUnit.net 00:00:03.37]           | field     | type   |
[xUnit.net 00:00:03.37]           | spinnerId | string |
[xUnit.net 00:00:03.37]           | shareUrl  | string |
[xUnit.net 00:00:03.37]           | embedCode | string |
[xUnit.net 00:00:03.37]         -> skipped because of previous errors
[xUnit.net 00:00:03.39]     View data retention policies [SKIP]
[xUnit.net 00:00:03.39]       No matching step definition found for one or more steps.\nusing System;\r\nusing TechTalk.SpecFlow;\r\n\r\nnamespace MyNamespace\r\n{\r\n    [Binding]\r\n    public class StepDefinitions\r\n    {\r\n        private readonly ScenarioContext _scenarioContext;\r\n\r\n        public StepDefinitions(ScenarioContext scenarioContext)\r\n        {\r\n            _scenarioContext = scenarioContext;\r\n        }\r\n        [Given(@"I am authenticated")]\r\n        public void GivenIAmAuthenticated()\r\n        {\r\n            _scenarioContext.Pending();\r\n        }\r\n    }\r\n}\r\n
[xUnit.net 00:00:03.39]       Expected ((int)LastResponse!.StatusCode) to be 200, but found 404 (difference of 204).
[xUnit.net 00:00:03.39]       Stack Trace:
[xUnit.net 00:00:03.39]            at FluentAssertions.Execution.XUnit2TestFramework.Throw(String message)
[xUnit.net 00:00:03.39]            at FluentAssertions.Execution.TestFrameworkProvider.Throw(String message)
[xUnit.net 00:00:03.39]            at FluentAssertions.Execution.DefaultAssertionStrategy.HandleFailure(String message)
[xUnit.net 00:00:03.39]            at FluentAssertions.Execution.AssertionScope.FailWith(Func`1 failReasonFunc)
[xUnit.net 00:00:03.39]            at FluentAssertions.Execution.AssertionScope.FailWith(Func`1 failReasonFunc)
[xUnit.net 00:00:03.39]            at FluentAssertions.Execution.AssertionScope.FailWith(String message, Object[] args)
[xUnit.net 00:00:03.39]            at FluentAssertions.Numeric.NumericAssertions`2.Be(T expected, String because, Object[] becauseArgs)
[xUnit.net 00:00:03.39]         /home/srowe/workspace/pediatric-therapy-resource/api/Tests/BDD/StepDefinitions/BaseStepDefinitions.cs(72,0): at TherapyDocs.Api.Tests.BDD.StepDefinitions.BaseStepDefinitions.ThenTheResponseStatusShouldBe(Int32 statusCode)
[xUnit.net 00:00:03.39]         /home/srowe/workspace/pediatric-therapy-resource/api/Tests/BDD/StepDefinitions/CommonStepDefinitions.cs(55,0): at TherapyDocs.Api.Tests.BDD.StepDefinitions.CommonStepDefinitions.ThenTheResponseStatusShouldBeStep(Int32 statusCode)
[xUnit.net 00:00:03.39]            at InvokeStub_Action`2.Invoke(Object, Span`1)
[xUnit.net 00:00:03.39]            at System.Reflection.MethodBaseInvoker.InvokeWithFewArgs(Object obj, BindingFlags invokeAttr, Binder binder, Object[] parameters, CultureInfo culture)
[xUnit.net 00:00:03.39]            at TechTalk.SpecFlow.Bindings.BindingInvoker.InvokeBinding(IBinding binding, IContextManager contextManager, Object[] arguments, ITestTracer testTracer, TimeSpan& duration)
[xUnit.net 00:00:03.39]            at TechTalk.SpecFlow.Infrastructure.TestExecutionEngine.ExecuteStepMatch(BindingMatch match, Object[] arguments, TimeSpan& duration)
[xUnit.net 00:00:03.39]            at TechTalk.SpecFlow.Infrastructure.TestExecutionEngine.ExecuteStep(IContextManager contextManager, StepInstance stepInstance)
[xUnit.net 00:00:03.39]            at TechTalk.SpecFlow.Infrastructure.TestExecutionEngine.OnAfterLastStep()
[xUnit.net 00:00:03.39]            at TechTalk.SpecFlow.TestRunner.CollectScenarioErrors()
[xUnit.net 00:00:03.39]            at TherapyDocs.Api.Tests.BDD.Features.Therapy.VirtualToolsAPIEndpointsFR_024Feature.ScenarioCleanup()
[xUnit.net 00:00:03.39]         /home/srowe/workspace/pediatric-therapy-resource/api/Tests/BDD/Features/therapy/virtual-tools.feature(15,0): at TherapyDocs.Api.Tests.BDD.Features.Therapy.VirtualToolsAPIEndpointsFR_024Feature.AccessVirtualBackgroundsLibrary()
[xUnit.net 00:00:03.39]            at System.RuntimeMethodHandle.InvokeMethod(Object target, Void** arguments, Signature sig, Boolean isConstructor)
[xUnit.net 00:00:03.39]            at System.Reflection.MethodBaseInvoker.InvokeWithNoArgs(Object obj, BindingFlags invokeAttr)
[xUnit.net 00:00:03.39]       Output:
[xUnit.net 00:00:03.39]         Given the API is available
[xUnit.net 00:00:03.39]         -> done: CommonStepDefinitions.GivenTheAPIIsAvailable() (0.0s)
[xUnit.net 00:00:03.39]         And I am authenticated as "therapist@clinic.com"
[xUnit.net 00:00:03.39]         -> done: CommonStepDefinitions.GivenIAmAuthenticatedAs("therapist@clinic.com") (0.0s)
[xUnit.net 00:00:03.39]         When I send a GET request to "/api/virtual/backgrounds?category=therapy-room"
[xUnit.net 00:00:03.39]         -> done: CommonStepDefinitions.WhenISendAGETRequestToStep("/api/virtual/back...") (0.0s)
[xUnit.net 00:00:03.39]         Then the response status should be 200
[xUnit.net 00:00:03.39]         -> error: Expected ((int)LastResponse!.StatusCode) to be 200, but found 404 (difference of 204). (0.0s)
[xUnit.net 00:00:03.39]         And backgrounds should include:
[xUnit.net 00:00:03.39]           --- table step argument ---
[xUnit.net 00:00:03.39]           | type        | features                     |
[xUnit.net 00:00:03.39]           | static      | High-res therapy room images |
[xUnit.net 00:00:03.39]           | animated    | Subtle movement effects      |
[xUnit.net 00:00:03.39]           | interactive | Clickable elements           |
[xUnit.net 00:00:03.39]           | seasonal    | Holiday/season themes        |
[xUnit.net 00:00:03.39]         -> skipped because of previous errors
[xUnit.net 00:00:03.39]     Calculate workload using complexity factors [SKIP]
[xUnit.net 00:00:03.39]       No matching step definition found for one or more steps.\nusing System;\r\nusing TechTalk.SpecFlow;\r\n\r\nnamespace MyNamespace\r\n{\r\n    [Binding]\r\n    public class StepDefinitions\r\n    {\r\n        private readonly ScenarioContext _scenarioContext;\r\n\r\n        public StepDefinitions(ScenarioContext scenarioContext)\r\n        {\r\n            _scenarioContext = scenarioContext;\r\n        }\r\n        [Given(@"I am logged in as therapy coordinator")]\r\n        public void GivenIAmLoggedInAsTherapyCoordinator()\r\n        {\r\n            _scenarioContext.Pending();\r\n        }\r\n        \n        [Given(@"the following therapists are active:")]\r\n        public void GivenTheFollowingTherapistsAreActive(Table table)\r\n        {\r\n            _scenarioContext.Pending();\r\n        }\r\n        \n        [Given(@"students have varying needs")]\r\n        public void GivenStudentsHaveVaryingNeeds()\r\n        {\r\n            _scenarioContext.Pending();\r\n        }\r\n        \n        [When(@"I view ""(.*)"" workload analysis")]\r\n        public void WhenIViewWorkloadAnalysis(string p0)\r\n        {\r\n            _scenarioContext.Pending();\r\n        }\r\n        \n        [Then(@"I see complexity-adjusted metrics:")]\r\n        public void ThenISeeComplexity_AdjustedMetrics(Table table)\r\n        {\r\n            _scenarioContext.Pending();\r\n        }\r\n        \n        [Then(@"recommended caseload is (.*) weighted units")]\r\n        public void ThenRecommendedCaseloadIsWeightedUnits(int p0)\r\n        {\r\n            _scenarioContext.Pending();\r\n        }\r\n    }\r\n}\r\n
  Failed Create visual timer [131 ms]
  Error Message:
   Expected ((int)LastResponse!.StatusCode) to be 200, but found 404 (difference of 204).
  Stack Trace:
     at FluentAssertions.Execution.XUnit2TestFramework.Throw(String message)
   at FluentAssertions.Execution.TestFrameworkProvider.Throw(String message)
   at FluentAssertions.Execution.DefaultAssertionStrategy.HandleFailure(String message)
   at FluentAssertions.Execution.AssertionScope.FailWith(Func`1 failReasonFunc)
   at FluentAssertions.Execution.AssertionScope.FailWith(Func`1 failReasonFunc)
   at FluentAssertions.Execution.AssertionScope.FailWith(String message, Object[] args)
   at FluentAssertions.Numeric.NumericAssertions`2.Be(T expected, String because, Object[] becauseArgs)
   at TherapyDocs.Api.Tests.BDD.StepDefinitions.BaseStepDefinitions.ThenTheResponseStatusShouldBe(Int32 statusCode) in /home/srowe/workspace/pediatric-therapy-resource/api/Tests/BDD/StepDefinitions/BaseStepDefinitions.cs:line 72
   at TherapyDocs.Api.Tests.BDD.StepDefinitions.CommonStepDefinitions.ThenTheResponseStatusShouldBeStep(Int32 statusCode) in /home/srowe/workspace/pediatric-therapy-resource/api/Tests/BDD/StepDefinitions/CommonStepDefinitions.cs:line 55
   at InvokeStub_Action`2.Invoke(Object, Span`1)
   at System.Reflection.MethodBaseInvoker.InvokeWithFewArgs(Object obj, BindingFlags invokeAttr, Binder binder, Object[] parameters, CultureInfo culture)
   at TechTalk.SpecFlow.Bindings.BindingInvoker.InvokeBinding(IBinding binding, IContextManager contextManager, Object[] arguments, ITestTracer testTracer, TimeSpan& duration)
   at TechTalk.SpecFlow.Infrastructure.TestExecutionEngine.ExecuteStepMatch(BindingMatch match, Object[] arguments, TimeSpan& duration)
   at TechTalk.SpecFlow.Infrastructure.TestExecutionEngine.ExecuteStep(IContextManager contextManager, StepInstance stepInstance)
   at TechTalk.SpecFlow.Infrastructure.TestExecutionEngine.OnAfterLastStep()
   at TechTalk.SpecFlow.TestRunner.CollectScenarioErrors()
   at TherapyDocs.Api.Tests.BDD.Features.Therapy.VirtualToolsAPIEndpointsFR_024Feature.ScenarioCleanup()
   at TherapyDocs.Api.Tests.BDD.Features.Therapy.VirtualToolsAPIEndpointsFR_024Feature.CreateVisualTimer() in /home/srowe/workspace/pediatric-therapy-resource/api/Tests/BDD/Features/therapy/virtual-tools.feature:line 118
   at System.RuntimeMethodHandle.InvokeMethod(Object target, Void** arguments, Signature sig, Boolean isConstructor)
   at System.Reflection.MethodBaseInvoker.InvokeWithNoArgs(Object obj, BindingFlags invokeAttr)
  Standard Output Messages:
 Given the API is available
 -> done: CommonStepDefinitions.GivenTheAPIIsAvailable() (0.0s)
 And I am authenticated as "therapist@clinic.com"
 -> done: CommonStepDefinitions.GivenIAmAuthenticatedAs("therapist@clinic.com") (0.0s)
 When I send a POST request to "/api/virtual/timers/visual" with:
   --- table step argument ---
   | field         | value            |
   | duration      | 300              |
   | style         | countdown-circle |
   | warningAt     | 60               |
   | soundAlerts   | true             |
   | customMessage | "Great job!"     |
 -> done: CommonStepDefinitions.WhenISendAPOSTRequestToWithStep("/api/virtual/time...", <table>) (0.0s)
 Then the response status should be 200
 -> error: Expected ((int)LastResponse!.StatusCode) to be 200, but found 404 (difference of 204). (0.0s)
 And timer should display visually
 -> No matching step definition found for the step. Use the following code to create one:
         [Then(@"timer should display visually")]
         public void ThenTimerShouldDisplayVisually()
         {
             _scenarioContext.Pending();
         }
 
 And alerts should trigger at specified times
 -> No matching step definition found for the step. Use the following code to create one:
         [Then(@"alerts should trigger at specified times")]
         public void ThenAlertsShouldTriggerAtSpecifiedTimes()
         {
             _scenarioContext.Pending();
         }
 


  Failed Save frequently used documentation phrases [101 ms]
  Error Message:
   Expected ((int)LastResponse!.StatusCode) to be 201, but found 404 (difference of 203).
  Stack Trace:
     at FluentAssertions.Execution.XUnit2TestFramework.Throw(String message)
   at FluentAssertions.Execution.TestFrameworkProvider.Throw(String message)
   at FluentAssertions.Execution.DefaultAssertionStrategy.HandleFailure(String message)
   at FluentAssertions.Execution.AssertionScope.FailWith(Func`1 failReasonFunc)
   at FluentAssertions.Execution.AssertionScope.FailWith(Func`1 failReasonFunc)
   at FluentAssertions.Execution.AssertionScope.FailWith(String message, Object[] args)
   at FluentAssertions.Numeric.NumericAssertions`2.Be(T expected, String because, Object[] becauseArgs)
   at TherapyDocs.Api.Tests.BDD.StepDefinitions.BaseStepDefinitions.ThenTheResponseStatusShouldBe(Int32 statusCode) in /home/srowe/workspace/pediatric-therapy-resource/api/Tests/BDD/StepDefinitions/BaseStepDefinitions.cs:line 72
   at TherapyDocs.Api.Tests.BDD.StepDefinitions.CommonStepDefinitions.ThenTheResponseStatusShouldBeStep(Int32 statusCode) in /home/srowe/workspace/pediatric-therapy-resource/api/Tests/BDD/StepDefinitions/CommonStepDefinitions.cs:line 55
   at InvokeStub_Action`2.Invoke(Object, Span`1)
   at System.Reflection.MethodBaseInvoker.InvokeWithFewArgs(Object obj, BindingFlags invokeAttr, Binder binder, Object[] parameters, CultureInfo culture)
   at TechTalk.SpecFlow.Bindings.BindingInvoker.InvokeBinding(IBinding binding, IContextManager contextManager, Object[] arguments, ITestTracer testTracer, TimeSpan& duration)
   at TechTalk.SpecFlow.Infrastructure.TestExecutionEngine.ExecuteStepMatch(BindingMatch match, Object[] arguments, TimeSpan& duration)
   at TechTalk.SpecFlow.Infrastructure.TestExecutionEngine.ExecuteStep(IContextManager contextManager, StepInstance stepInstance)
   at TechTalk.SpecFlow.Infrastructure.TestExecutionEngine.OnAfterLastStep()
   at TechTalk.SpecFlow.TestRunner.CollectScenarioErrors()
   at TherapyDocs.Api.Tests.BDD.Features.Therapy.DocumentationHelpersAPIEndpointsFR_028Feature.ScenarioCleanup()
   at TherapyDocs.Api.Tests.BDD.Features.Therapy.DocumentationHelpersAPIEndpointsFR_028Feature.SaveFrequentlyUsedDocumentationPhrases() in /home/srowe/workspace/pediatric-therapy-resource/api/Tests/BDD/Features/therapy/documentation-helpers.feature:line 95
   at System.RuntimeMethodHandle.InvokeMethod(Object target, Void** arguments, Signature sig, Boolean isConstructor)
   at System.Reflection.MethodBaseInvoker.InvokeWithNoArgs(Object obj, BindingFlags invokeAttr)
  Standard Output Messages:
 Given the API is available
 -> done: CommonStepDefinitions.GivenTheAPIIsAvailable() (0.0s)
 And I am authenticated as "therapist@clinic.com"
 -> done: CommonStepDefinitions.GivenIAmAuthenticatedAs("therapist@clinic.com") (0.0s)
 When I send a POST request to "/api/documentation/quick-phrases/save" with:
   --- table step argument ---
   | field    | value                                  |
   | category | progress-notes                         |
   | phrase   | "Demonstrated improved motor planning" |
   | shortcut | "imp-mp"                               |
 -> done: CommonStepDefinitions.WhenISendAPOSTRequestToWithStep("/api/documentatio...", <table>) (0.0s)
 Then the response status should be 201
 -> error: Expected ((int)LastResponse!.StatusCode) to be 201, but found 404 (difference of 203). (0.0s)
 And phrase should be saved
 -> No matching step definition found for the step. Use the following code to create one:
         [Then(@"phrase should be saved")]
         public void ThenPhraseShouldBeSaved()
         {
             _scenarioContext.Pending();
         }
 
 And available in documentation tools
 -> No matching step definition found for the step. Use the following code to create one:
         [Then(@"available in documentation tools")]
         public void ThenAvailableInDocumentationTools()
         {
             _scenarioContext.Pending();
         }
 


  Skipped Record task analysis data [1 ms]
  Failed Create custom spinner [37 ms]
  Error Message:
   Expected ((int)LastResponse!.StatusCode) to be 201, but found 404 (difference of 203).
  Stack Trace:
     at FluentAssertions.Execution.XUnit2TestFramework.Throw(String message)
   at FluentAssertions.Execution.TestFrameworkProvider.Throw(String message)
   at FluentAssertions.Execution.DefaultAssertionStrategy.HandleFailure(String message)
   at FluentAssertions.Execution.AssertionScope.FailWith(Func`1 failReasonFunc)
   at FluentAssertions.Execution.AssertionScope.FailWith(Func`1 failReasonFunc)
   at FluentAssertions.Execution.AssertionScope.FailWith(String message, Object[] args)
   at FluentAssertions.Numeric.NumericAssertions`2.Be(T expected, String because, Object[] becauseArgs)
   at TherapyDocs.Api.Tests.BDD.StepDefinitions.BaseStepDefinitions.ThenTheResponseStatusShouldBe(Int32 statusCode) in /home/srowe/workspace/pediatric-therapy-resource/api/Tests/BDD/StepDefinitions/BaseStepDefinitions.cs:line 72
   at TherapyDocs.Api.Tests.BDD.StepDefinitions.CommonStepDefinitions.ThenTheResponseStatusShouldBeStep(Int32 statusCode) in /home/srowe/workspace/pediatric-therapy-resource/api/Tests/BDD/StepDefinitions/CommonStepDefinitions.cs:line 55
   at InvokeStub_Action`2.Invoke(Object, Span`1)
   at System.Reflection.MethodBaseInvoker.InvokeWithFewArgs(Object obj, BindingFlags invokeAttr, Binder binder, Object[] parameters, CultureInfo culture)
   at TechTalk.SpecFlow.Bindings.BindingInvoker.InvokeBinding(IBinding binding, IContextManager contextManager, Object[] arguments, ITestTracer testTracer, TimeSpan& duration)
   at TechTalk.SpecFlow.Infrastructure.TestExecutionEngine.ExecuteStepMatch(BindingMatch match, Object[] arguments, TimeSpan& duration)
   at TechTalk.SpecFlow.Infrastructure.TestExecutionEngine.ExecuteStep(IContextManager contextManager, StepInstance stepInstance)
   at TechTalk.SpecFlow.Infrastructure.TestExecutionEngine.OnAfterLastStep()
   at TechTalk.SpecFlow.TestRunner.CollectScenarioErrors()
   at TherapyDocs.Api.Tests.BDD.Features.Therapy.VirtualToolsAPIEndpointsFR_024Feature.ScenarioCleanup()
   at TherapyDocs.Api.Tests.BDD.Features.Therapy.VirtualToolsAPIEndpointsFR_024Feature.CreateCustomSpinner() in /home/srowe/workspace/pediatric-therapy-resource/api/Tests/BDD/Features/therapy/virtual-tools.feature:line 48
   at System.RuntimeMethodHandle.InvokeMethod(Object target, Void** arguments, Signature sig, Boolean isConstructor)
   at System.Reflection.MethodBaseInvoker.InvokeWithNoArgs(Object obj, BindingFlags invokeAttr)
  Standard Output Messages:
 Given the API is available
 -> done: CommonStepDefinitions.GivenTheAPIIsAvailable() (0.0s)
 And I am authenticated as "therapist@clinic.com"
 -> done: CommonStepDefinitions.GivenIAmAuthenticatedAs("therapist@clinic.com") (0.0s)
 When I send a POST request to "/api/virtual/tools/spinner" with:
   --- table step argument ---
   | field       | value                              |
   | sections    | ["hop", "jump", "clap", "spin"]    |
   | colors      | ["red", "blue", "green", "yellow"] |
   | weighted    | false                              |
   | soundEffect | true                               |
 -> done: CommonStepDefinitions.WhenISendAPOSTRequestToWithStep("/api/virtual/tool...", <table>) (0.0s)
 Then the response status should be 201
 -> error: Expected ((int)LastResponse!.StatusCode) to be 201, but found 404 (difference of 203). (0.0s)
 And the response should contain:
   --- table step argument ---
   | field     | type   |
   | spinnerId | string |
   | shareUrl  | string |
   | embedCode | string |
 -> skipped because of previous errors


  Skipped View data retention policies [1 ms]
  Failed Access virtual backgrounds library [33 ms]
  Error Message:
   Expected ((int)LastResponse!.StatusCode) to be 200, but found 404 (difference of 204).
  Stack Trace:
     at FluentAssertions.Execution.XUnit2TestFramework.Throw(String message)
   at FluentAssertions.Execution.TestFrameworkProvider.Throw(String message)
   at FluentAssertions.Execution.DefaultAssertionStrategy.HandleFailure(String message)
   at FluentAssertions.Execution.AssertionScope.FailWith(Func`1 failReasonFunc)
   at FluentAssertions.Execution.AssertionScope.FailWith(Func`1 failReasonFunc)
   at FluentAssertions.Execution.AssertionScope.FailWith(String message, Object[] args)
   at FluentAssertions.Numeric.NumericAssertions`2.Be(T expected, String because, Object[] becauseArgs)
   at TherapyDocs.Api.Tests.BDD.StepDefinitions.BaseStepDefinitions.ThenTheResponseStatusShouldBe(Int32 statusCode) in /home/srowe/workspace/pediatric-therapy-resource/api/Tests/BDD/StepDefinitions/BaseStepDefinitions.cs:line 72
   at TherapyDocs.Api.Tests.BDD.StepDefinitions.CommonStepDefinitions.ThenTheResponseStatusShouldBeStep(Int32 statusCode) in /home/srowe/workspace/pediatric-therapy-resource/api/Tests/BDD/StepDefinitions/CommonStepDefinitions.cs:line 55
   at InvokeStub_Action`2.Invoke(Object, Span`1)
   at System.Reflection.MethodBaseInvoker.InvokeWithFewArgs(Object obj, BindingFlags invokeAttr, Binder binder, Object[] parameters, CultureInfo culture)
   at TechTalk.SpecFlow.Bindings.BindingInvoker.InvokeBinding(IBinding binding, IContextManager contextManager, Object[] arguments, ITestTracer testTracer, TimeSpan& duration)
   at TechTalk.SpecFlow.Infrastructure.TestExecutionEngine.ExecuteStepMatch(BindingMatch match, Object[] arguments, TimeSpan& duration)
   at TechTalk.SpecFlow.Infrastructure.TestExecutionEngine.ExecuteStep(IContextManager contextManager, StepInstance stepInstance)
   at TechTalk.SpecFlow.Infrastructure.TestExecutionEngine.OnAfterLastStep()
   at TechTalk.SpecFlow.TestRunner.CollectScenarioErrors()
   at TherapyDocs.Api.Tests.BDD.Features.Therapy.VirtualToolsAPIEndpointsFR_024Feature.ScenarioCleanup()
   at TherapyDocs.Api.Tests.BDD.Features.Therapy.VirtualToolsAPIEndpointsFR_024Feature.AccessVirtualBackgroundsLibrary() in /home/srowe/workspace/pediatric-therapy-resource/api/Tests/BDD/Features/therapy/virtual-tools.feature:line 15
   at System.RuntimeMethodHandle.InvokeMethod(Object target, Void** arguments, Signature sig, Boolean isConstructor)
   at System.Reflection.MethodBaseInvoker.InvokeWithNoArgs(Object obj, BindingFlags invokeAttr)
  Standard Output Messages:
 Given the API is available
 -> done: CommonStepDefinitions.GivenTheAPIIsAvailable() (0.0s)
 And I am authenticated as "therapist@clinic.com"
 -> done: CommonStepDefinitions.GivenIAmAuthenticatedAs("therapist@clinic.com") (0.0s)
 When I send a GET request to "/api/virtual/backgrounds?category=therapy-room"
 -> done: CommonStepDefinitions.WhenISendAGETRequestToStep("/api/virtual/back...") (0.0s)
 Then the response status should be 200
 -> error: Expected ((int)LastResponse!.StatusCode) to be 200, but found 404 (difference of 204). (0.0s)
 And backgrounds should include:
   --- table step argument ---
   | type        | features                     |
   | static      | High-res therapy room images |
   | animated    | Subtle movement effects      |
   | interactive | Clickable elements           |
   | seasonal    | Holiday/season themes        |
 -> skipped because of previous errors


  Skipped Calculate workload using complexity factors [1 ms]
[xUnit.net 00:00:03.41]       Expected ((int)LastResponse!.StatusCode) to be 200, but found 404 (difference of 204).
[xUnit.net 00:00:03.41]       Stack Trace:
[xUnit.net 00:00:03.41]            at FluentAssertions.Execution.XUnit2TestFramework.Throw(String message)
[xUnit.net 00:00:03.41]            at FluentAssertions.Execution.TestFrameworkProvider.Throw(String message)
[xUnit.net 00:00:03.41]            at FluentAssertions.Execution.DefaultAssertionStrategy.HandleFailure(String message)
[xUnit.net 00:00:03.41]            at FluentAssertions.Execution.AssertionScope.FailWith(Func`1 failReasonFunc)
[xUnit.net 00:00:03.41]            at FluentAssertions.Execution.AssertionScope.FailWith(Func`1 failReasonFunc)
[xUnit.net 00:00:03.42]            at FluentAssertions.Execution.AssertionScope.FailWith(String message, Object[] args)
[xUnit.net 00:00:03.42]            at FluentAssertions.Numeric.NumericAssertions`2.Be(T expected, String because, Object[] becauseArgs)
[xUnit.net 00:00:03.42]         /home/srowe/workspace/pediatric-therapy-resource/api/Tests/BDD/StepDefinitions/BaseStepDefinitions.cs(72,0): at TherapyDocs.Api.Tests.BDD.StepDefinitions.BaseStepDefinitions.ThenTheResponseStatusShouldBe(Int32 statusCode)
[xUnit.net 00:00:03.42]         /home/srowe/workspace/pediatric-therapy-resource/api/Tests/BDD/StepDefinitions/CommonStepDefinitions.cs(55,0): at TherapyDocs.Api.Tests.BDD.StepDefinitions.CommonStepDefinitions.ThenTheResponseStatusShouldBeStep(Int32 statusCode)
[xUnit.net 00:00:03.42]            at InvokeStub_Action`2.Invoke(Object, Span`1)
[xUnit.net 00:00:03.42]            at System.Reflection.MethodBaseInvoker.InvokeWithFewArgs(Object obj, BindingFlags invokeAttr, Binder binder, Object[] parameters, CultureInfo culture)
[xUnit.net 00:00:03.42]            at TechTalk.SpecFlow.Bindings.BindingInvoker.InvokeBinding(IBinding binding, IContextManager contextManager, Object[] arguments, ITestTracer testTracer, TimeSpan& duration)
[xUnit.net 00:00:03.42]            at TechTalk.SpecFlow.Infrastructure.TestExecutionEngine.ExecuteStepMatch(BindingMatch match, Object[] arguments, TimeSpan& duration)
[xUnit.net 00:00:03.42]            at TechTalk.SpecFlow.Infrastructure.TestExecutionEngine.ExecuteStep(IContextManager contextManager, StepInstance stepInstance)
[xUnit.net 00:00:03.42]            at TechTalk.SpecFlow.Infrastructure.TestExecutionEngine.OnAfterLastStep()
[xUnit.net 00:00:03.42]            at TechTalk.SpecFlow.TestRunner.CollectScenarioErrors()
[xUnit.net 00:00:03.42]            at TherapyDocs.Api.Tests.BDD.Features.Therapy.DocumentationHelpersAPIEndpointsFR_028Feature.ScenarioCleanup()
[xUnit.net 00:00:03.42]         /home/srowe/workspace/pediatric-therapy-resource/api/Tests/BDD/Features/therapy/documentation-helpers.feature(126,0): at TherapyDocs.Api.Tests.BDD.Features.Therapy.DocumentationHelpersAPIEndpointsFR_028Feature.TrackDocumentationTime()
[xUnit.net 00:00:03.42]            at System.RuntimeMethodHandle.InvokeMethod(Object target, Void** arguments, Signature sig, Boolean isConstructor)
[xUnit.net 00:00:03.42]            at System.Reflection.MethodBaseInvoker.InvokeWithNoArgs(Object obj, BindingFlags invokeAttr)
[xUnit.net 00:00:03.42]       Output:
[xUnit.net 00:00:03.42]         Given the API is available
[xUnit.net 00:00:03.42]         -> done: CommonStepDefinitions.GivenTheAPIIsAvailable() (0.0s)
[xUnit.net 00:00:03.42]         And I am authenticated as "therapist@clinic.com"
[xUnit.net 00:00:03.42]         -> done: CommonStepDefinitions.GivenIAmAuthenticatedAs("therapist@clinic.com") (0.0s)
[xUnit.net 00:00:03.42]         When I send a GET request to "/api/documentation/time-tracking/2024-01-22"
[xUnit.net 00:00:03.42]         -> done: CommonStepDefinitions.WhenISendAGETRequestToStep("/api/documentatio...") (0.0s)
[xUnit.net 00:00:03.42]         Then the response status should be 200
[xUnit.net 00:00:03.42]         -> error: Expected ((int)LastResponse!.StatusCode) to be 200, but found 404 (difference of 204). (0.0s)
[xUnit.net 00:00:03.42]         And tracking should show:
[xUnit.net 00:00:03.42]           --- table step argument ---
[xUnit.net 00:00:03.42]           | activity       | duration | percentage |
[xUnit.net 00:00:03.42]           | direct service | 360      | 75%        |
[xUnit.net 00:00:03.42]           | documentation  | 90       | 19%        |
[xUnit.net 00:00:03.42]           | prep time      | 30       | 6%         |
[xUnit.net 00:00:03.42]         -> No matching step definition found for the step. Use the following code to create one:
[xUnit.net 00:00:03.42]                 [Then(@"tracking should show:")]
[xUnit.net 00:00:03.42]                 public void ThenTrackingShouldShow(Table table)
[xUnit.net 00:00:03.42]                 {
[xUnit.net 00:00:03.42]                     _scenarioContext.Pending();
[xUnit.net 00:00:03.42]                 }
[xUnit.net 00:00:03.42]         
[xUnit.net 00:00:03.42]     Access moderation queue [SKIP]
[xUnit.net 00:00:03.42]       No matching step definition found for one or more steps.\nusing System;\r\nusing TechTalk.SpecFlow;\r\n\r\nnamespace MyNamespace\r\n{\r\n    [Binding]\r\n    public class StepDefinitions\r\n    {\r\n        private readonly ScenarioContext _scenarioContext;\r\n\r\n        public StepDefinitions(ScenarioContext scenarioContext)\r\n        {\r\n            _scenarioContext = scenarioContext;\r\n        }\r\n        [Given(@"I have moderator privileges")]\r\n        public void GivenIHaveModeratorPrivileges()\r\n        {\r\n            _scenarioContext.Pending();\r\n        }\r\n        \n        [Then(@"queue should show:")]\r\n        public void ThenQueueShouldShow(Table table)\r\n        {\r\n            _scenarioContext.Pending();\r\n        }\r\n    }\r\n}\r\n
[xUnit.net 00:00:03.46]     Create behavior intervention plan [SKIP]
[xUnit.net 00:00:03.46]       No matching step definition found for one or more steps.\nusing System;\r\nusing TechTalk.SpecFlow;\r\n\r\nnamespace MyNamespace\r\n{\r\n    [Binding]\r\n    public class StepDefinitions\r\n    {\r\n        private readonly ScenarioContext _scenarioContext;\r\n\r\n        public StepDefinitions(ScenarioContext scenarioContext)\r\n        {\r\n            _scenarioContext = scenarioContext;\r\n        }\r\n        [Given(@"I have ABA certification")]\r\n        public void GivenIHaveABACertification()\r\n        {\r\n            _scenarioContext.Pending();\r\n        }\r\n    }\r\n}\r\n
[xUnit.net 00:00:03.46]     Test database backup and recovery performance [SKIP]
[xUnit.net 00:00:03.46]       No matching step definition found for one or more steps.\nusing System;\r\nusing TechTalk.SpecFlow;\r\n\r\nnamespace MyNamespace\r\n{\r\n    [Binding]\r\n    public class StepDefinitions\r\n    {\r\n        private readonly ScenarioContext _scenarioContext;\r\n\r\n        public StepDefinitions(ScenarioContext scenarioContext)\r\n        {\r\n            _scenarioContext = scenarioContext;\r\n        }\r\n        [Then(@"backup operations should not impact production performance")]\r\n        public void ThenBackupOperationsShouldNotImpactProductionPerformance()\r\n        {\r\n            _scenarioContext.Pending();\r\n        }\r\n        \n        [Then(@"recovery time objectives should be met consistently")]\r\n        public void ThenRecoveryTimeObjectivesShouldBeMetConsistently()\r\n        {\r\n            _scenarioContext.Pending();\r\n        }\r\n        \n        [Then(@"backup integrity should be verified automatically")]\r\n        public void ThenBackupIntegrityShouldBeVerifiedAutomatically()\r\n        {\r\n            _scenarioContext.Pending();\r\n        }\r\n        \n        [Then(@"backup storage should be optimized for cost and performance")]\r\n        public void ThenBackupStorageShouldBeOptimizedForCostAndPerformance()\r\n        {\r\n            _scenarioContext.Pending();\r\n        }\r\n    }\r\n}\r\n
  Failed Track documentation time [58 ms]
  Error Message:
   Expected ((int)LastResponse!.StatusCode) to be 200, but found 404 (difference of 204).
  Stack Trace:
     at FluentAssertions.Execution.XUnit2TestFramework.Throw(String message)
   at FluentAssertions.Execution.TestFrameworkProvider.Throw(String message)
   at FluentAssertions.Execution.DefaultAssertionStrategy.HandleFailure(String message)
   at FluentAssertions.Execution.AssertionScope.FailWith(Func`1 failReasonFunc)
   at FluentAssertions.Execution.AssertionScope.FailWith(Func`1 failReasonFunc)
   at FluentAssertions.Execution.AssertionScope.FailWith(String message, Object[] args)
   at FluentAssertions.Numeric.NumericAssertions`2.Be(T expected, String because, Object[] becauseArgs)
   at TherapyDocs.Api.Tests.BDD.StepDefinitions.BaseStepDefinitions.ThenTheResponseStatusShouldBe(Int32 statusCode) in /home/srowe/workspace/pediatric-therapy-resource/api/Tests/BDD/StepDefinitions/BaseStepDefinitions.cs:line 72
   at TherapyDocs.Api.Tests.BDD.StepDefinitions.CommonStepDefinitions.ThenTheResponseStatusShouldBeStep(Int32 statusCode) in /home/srowe/workspace/pediatric-therapy-resource/api/Tests/BDD/StepDefinitions/CommonStepDefinitions.cs:line 55
   at InvokeStub_Action`2.Invoke(Object, Span`1)
   at System.Reflection.MethodBaseInvoker.InvokeWithFewArgs(Object obj, BindingFlags invokeAttr, Binder binder, Object[] parameters, CultureInfo culture)
   at TechTalk.SpecFlow.Bindings.BindingInvoker.InvokeBinding(IBinding binding, IContextManager contextManager, Object[] arguments, ITestTracer testTracer, TimeSpan& duration)
   at TechTalk.SpecFlow.Infrastructure.TestExecutionEngine.ExecuteStepMatch(BindingMatch match, Object[] arguments, TimeSpan& duration)
   at TechTalk.SpecFlow.Infrastructure.TestExecutionEngine.ExecuteStep(IContextManager contextManager, StepInstance stepInstance)
   at TechTalk.SpecFlow.Infrastructure.TestExecutionEngine.OnAfterLastStep()
   at TechTalk.SpecFlow.TestRunner.CollectScenarioErrors()
   at TherapyDocs.Api.Tests.BDD.Features.Therapy.DocumentationHelpersAPIEndpointsFR_028Feature.ScenarioCleanup()
   at TherapyDocs.Api.Tests.BDD.Features.Therapy.DocumentationHelpersAPIEndpointsFR_028Feature.TrackDocumentationTime() in /home/srowe/workspace/pediatric-therapy-resource/api/Tests/BDD/Features/therapy/documentation-helpers.feature:line 126
   at System.RuntimeMethodHandle.InvokeMethod(Object target, Void** arguments, Signature sig, Boolean isConstructor)
   at System.Reflection.MethodBaseInvoker.InvokeWithNoArgs(Object obj, BindingFlags invokeAttr)
  Standard Output Messages:
 Given the API is available
 -> done: CommonStepDefinitions.GivenTheAPIIsAvailable() (0.0s)
 And I am authenticated as "therapist@clinic.com"
 -> done: CommonStepDefinitions.GivenIAmAuthenticatedAs("therapist@clinic.com") (0.0s)
 When I send a GET request to "/api/documentation/time-tracking/2024-01-22"
 -> done: CommonStepDefinitions.WhenISendAGETRequestToStep("/api/documentatio...") (0.0s)
 Then the response status should be 200
 -> error: Expected ((int)LastResponse!.StatusCode) to be 200, but found 404 (difference of 204). (0.0s)
 And tracking should show:
   --- table step argument ---
   | activity       | duration | percentage |
   | direct service | 360      | 75%        |
   | documentation  | 90       | 19%        |
   | prep time      | 30       | 6%         |
 -> No matching step definition found for the step. Use the following code to create one:
         [Then(@"tracking should show:")]
         public void ThenTrackingShouldShow(Table table)
         {
             _scenarioContext.Pending();
         }
 


  Skipped Access moderation queue [1 ms]
  Skipped Create behavior intervention plan [1 ms]
  Skipped Test database backup and recovery performance [1 ms]
[xUnit.net 00:00:03.49]     Handle video codec and format compatibility issues [SKIP]
[xUnit.net 00:00:03.49]       No matching step definition found for one or more steps.\nusing System;\r\nusing TechTalk.SpecFlow;\r\n\r\nnamespace MyNamespace\r\n{\r\n    [Binding]\r\n    public class StepDefinitions\r\n    {\r\n        private readonly ScenarioContext _scenarioContext;\r\n\r\n        public StepDefinitions(ScenarioContext scenarioContext)\r\n        {\r\n            _scenarioContext = scenarioContext;\r\n        }\r\n        [Then(@"appropriate fallback formats should be served automatically")]\r\n        public void ThenAppropriateFallbackFormatsShouldBeServedAutomatically()\r\n        {\r\n            _scenarioContext.Pending();\r\n        }\r\n        \n        [Then(@"compatibility detection should be accurate")]\r\n        public void ThenCompatibilityDetectionShouldBeAccurate()\r\n        {\r\n            _scenarioContext.Pending();\r\n        }\r\n        \n        [Then(@"performance should be optimized for each device type")]\r\n        public void ThenPerformanceShouldBeOptimizedForEachDeviceType()\r\n        {\r\n            _scenarioContext.Pending();\r\n        }\r\n        \n        [Then(@"user experience should remain consistent across platforms")]\r\n        public void ThenUserExperienceShouldRemainConsistentAcrossPlatforms()\r\n        {\r\n            _scenarioContext.Pending();\r\n        }\r\n    }\r\n}\r\n
[xUnit.net 00:00:03.49]       Expected ((int)LastResponse!.StatusCode) to be 201, but found 404 (difference of 203).
[xUnit.net 00:00:03.49]       Stack Trace:
[xUnit.net 00:00:03.49]            at FluentAssertions.Execution.XUnit2TestFramework.Throw(String message)
[xUnit.net 00:00:03.49]            at FluentAssertions.Execution.TestFrameworkProvider.Throw(String message)
[xUnit.net 00:00:03.49]            at FluentAssertions.Execution.DefaultAssertionStrategy.HandleFailure(String message)
[xUnit.net 00:00:03.49]            at FluentAssertions.Execution.AssertionScope.FailWith(Func`1 failReasonFunc)
[xUnit.net 00:00:03.49]            at FluentAssertions.Execution.AssertionScope.FailWith(Func`1 failReasonFunc)
[xUnit.net 00:00:03.49]            at FluentAssertions.Execution.AssertionScope.FailWith(String message, Object[] args)
[xUnit.net 00:00:03.49]            at FluentAssertions.Numeric.NumericAssertions`2.Be(T expected, String because, Object[] becauseArgs)
[xUnit.net 00:00:03.49]         /home/srowe/workspace/pediatric-therapy-resource/api/Tests/BDD/StepDefinitions/BaseStepDefinitions.cs(72,0): at TherapyDocs.Api.Tests.BDD.StepDefinitions.BaseStepDefinitions.ThenTheResponseStatusShouldBe(Int32 statusCode)
[xUnit.net 00:00:03.49]         /home/srowe/workspace/pediatric-therapy-resource/api/Tests/BDD/StepDefinitions/CommonStepDefinitions.cs(55,0): at TherapyDocs.Api.Tests.BDD.StepDefinitions.CommonStepDefinitions.ThenTheResponseStatusShouldBeStep(Int32 statusCode)
[xUnit.net 00:00:03.49]            at InvokeStub_Action`2.Invoke(Object, Span`1)
[xUnit.net 00:00:03.49]            at System.Reflection.MethodBaseInvoker.InvokeWithFewArgs(Object obj, BindingFlags invokeAttr, Binder binder, Object[] parameters, CultureInfo culture)
[xUnit.net 00:00:03.49]            at TechTalk.SpecFlow.Bindings.BindingInvoker.InvokeBinding(IBinding binding, IContextManager contextManager, Object[] arguments, ITestTracer testTracer, TimeSpan& duration)
[xUnit.net 00:00:03.49]            at TechTalk.SpecFlow.Infrastructure.TestExecutionEngine.ExecuteStepMatch(BindingMatch match, Object[] arguments, TimeSpan& duration)
[xUnit.net 00:00:03.49]            at TechTalk.SpecFlow.Infrastructure.TestExecutionEngine.ExecuteStep(IContextManager contextManager, StepInstance stepInstance)
[xUnit.net 00:00:03.49]            at TechTalk.SpecFlow.Infrastructure.TestExecutionEngine.OnAfterLastStep()
[xUnit.net 00:00:03.49]            at TechTalk.SpecFlow.TestRunner.CollectScenarioErrors()
[xUnit.net 00:00:03.49]            at TherapyDocs.Api.Tests.BDD.Features.Therapy.VirtualToolsAPIEndpointsFR_024Feature.ScenarioCleanup()
[xUnit.net 00:00:03.49]         /home/srowe/workspace/pediatric-therapy-resource/api/Tests/BDD/Features/therapy/virtual-tools.feature(76,0): at TherapyDocs.Api.Tests.BDD.Features.Therapy.VirtualToolsAPIEndpointsFR_024Feature.CreateVirtualManipulativesSet()
[xUnit.net 00:00:03.49]            at System.RuntimeMethodHandle.InvokeMethod(Object target, Void** arguments, Signature sig, Boolean isConstructor)
[xUnit.net 00:00:03.49]            at System.Reflection.MethodBaseInvoker.InvokeWithNoArgs(Object obj, BindingFlags invokeAttr)
[xUnit.net 00:00:03.49]       Output:
[xUnit.net 00:00:03.49]         Given the API is available
[xUnit.net 00:00:03.49]         -> done: CommonStepDefinitions.GivenTheAPIIsAvailable() (0.0s)
[xUnit.net 00:00:03.49]         And I am authenticated as "therapist@clinic.com"
[xUnit.net 00:00:03.49]         -> done: CommonStepDefinitions.GivenIAmAuthenticatedAs("therapist@clinic.com") (0.0s)
[xUnit.net 00:00:03.49]         When I send a POST request to "/api/virtual/manipulatives/create" with:
[xUnit.net 00:00:03.49]           --- table step argument ---
[xUnit.net 00:00:03.49]           | field       | value                     |
[xUnit.net 00:00:03.49]           | type        | counting-bears            |
[xUnit.net 00:00:03.49]           | quantity    | 20                        |
[xUnit.net 00:00:03.49]           | colors      | ["red", "blue", "yellow"] |
[xUnit.net 00:00:03.49]           | interactive | drag-and-drop             |
[xUnit.net 00:00:03.49]         -> done: CommonStepDefinitions.WhenISendAPOSTRequestToWithStep("/api/virtual/mani...", <table>) (0.0s)
[xUnit.net 00:00:03.49]         Then the response status should be 201
[xUnit.net 00:00:03.49]         -> error: Expected ((int)LastResponse!.StatusCode) to be 201, but found 404 (difference of 203). (0.0s)
[xUnit.net 00:00:03.49]         And manipulatives should be:
[xUnit.net 00:00:03.49]           --- table step argument ---
[xUnit.net 00:00:03.49]           | feature  | enabled        |
[xUnit.net 00:00:03.49]           | grouping | true           |
[xUnit.net 00:00:03.49]           | counting | automatic      |
[xUnit.net 00:00:03.49]           | patterns | creation tools |
[xUnit.net 00:00:03.49]         -> No matching step definition found for the step. Use the following code to create one:
[xUnit.net 00:00:03.49]                 [Then(@"manipulatives should be:")]
[xUnit.net 00:00:03.49]                 public void ThenManipulativesShouldBe(Table table)
[xUnit.net 00:00:03.49]                 {
[xUnit.net 00:00:03.49]                     _scenarioContext.Pending();
[xUnit.net 00:00:03.49]                 }
[xUnit.net 00:00:03.49]         
[xUnit.net 00:00:03.49]       Expected response.StatusCode to be HttpStatusCode.OK {value: 200}, but found HttpStatusCode.NotFound {value: 404}.
[xUnit.net 00:00:03.49]       Stack Trace:
[xUnit.net 00:00:03.49]            at FluentAssertions.Execution.XUnit2TestFramework.Throw(String message)
[xUnit.net 00:00:03.49]            at FluentAssertions.Execution.TestFrameworkProvider.Throw(String message)
[xUnit.net 00:00:03.49]            at FluentAssertions.Execution.DefaultAssertionStrategy.HandleFailure(String message)
[xUnit.net 00:00:03.49]            at FluentAssertions.Execution.AssertionScope.FailWith(Func`1 failReasonFunc)
[xUnit.net 00:00:03.49]            at FluentAssertions.Execution.AssertionScope.FailWith(Func`1 failReasonFunc)
[xUnit.net 00:00:03.49]            at FluentAssertions.Execution.AssertionScope.FailWith(String message, Object[] args)
[xUnit.net 00:00:03.49]            at FluentAssertions.Primitives.EnumAssertions`2.Be(TEnum expected, String because, Object[] becauseArgs)
[xUnit.net 00:00:03.50]         /home/srowe/workspace/pediatric-therapy-resource/api/Tests/BDD/StepDefinitions/SecurityTestingSteps.cs(37,0): at TherapyDocs.Api.Tests.BDD.StepDefinitions.SecurityTestingSteps.GivenTheSecuritySystemIsActive()
[xUnit.net 00:00:03.50]            at TechTalk.SpecFlow.Bindings.SynchronousBindingDelegateInvoker.<>c__DisplayClass2_0.<<InvokeBindingDelegateAsync>b__0>d.MoveNext()
[xUnit.net 00:00:03.50]         --- End of stack trace from previous location ---
[xUnit.net 00:00:03.50]            at TechTalk.SpecFlow.Bindings.AsyncHelpers.<>c__DisplayClass1_0`1.<<RunSync>b__0>d.MoveNext()
[xUnit.net 00:00:03.50]         --- End of stack trace from previous location ---
[xUnit.net 00:00:03.50]            at TechTalk.SpecFlow.Bindings.AsyncHelpers.ExclusiveSynchronizationContext.BeginMessageLoop()
[xUnit.net 00:00:03.50]            at TechTalk.SpecFlow.Bindings.AsyncHelpers.RunSync[T](Func`1 task)
[xUnit.net 00:00:03.50]            at TechTalk.SpecFlow.Bindings.SynchronousBindingDelegateInvoker.InvokeBindingDelegateAsync(Delegate bindingDelegate, Object[] invokeArgs)
[xUnit.net 00:00:03.50]            at TechTalk.SpecFlow.Bindings.SynchronousBindingDelegateInvoker.InvokeDelegateSynchronously(Delegate bindingDelegate, Object[] invokeArgs)
[xUnit.net 00:00:03.50]            at TechTalk.SpecFlow.Bindings.BindingInvoker.InvokeBinding(IBinding binding, IContextManager contextManager, Object[] arguments, ITestTracer testTracer, TimeSpan& duration)
[xUnit.net 00:00:03.50]            at TechTalk.SpecFlow.Infrastructure.TestExecutionEngine.ExecuteStepMatch(BindingMatch match, Object[] arguments, TimeSpan& duration)
[xUnit.net 00:00:03.50]            at TechTalk.SpecFlow.Infrastructure.TestExecutionEngine.ExecuteStep(IContextManager contextManager, StepInstance stepInstance)
[xUnit.net 00:00:03.50]            at TechTalk.SpecFlow.Infrastructure.TestExecutionEngine.OnAfterLastStep()
[xUnit.net 00:00:03.50]            at TechTalk.SpecFlow.TestRunner.CollectScenarioErrors()
[xUnit.net 00:00:03.50]            at TherapyDocs.Api.Tests.BDD.Features.Security.AdvancedAuthenticationSecurityFeature.ScenarioCleanup()
[xUnit.net 00:00:03.50]         /home/srowe/workspace/pediatric-therapy-resource/api/Tests/BDD/Features/security/authentication-security.feature(118,0): at TherapyDocs.Api.Tests.BDD.Features.Security.AdvancedAuthenticationSecurityFeature.DetectAndRespondToSuspiciousSessionActivity()
[xUnit.net 00:00:03.50]            at System.RuntimeMethodHandle.InvokeMethod(Object target, Void** arguments, Signature sig, Boolean isConstructor)
[xUnit.net 00:00:03.50]            at System.Reflection.MethodBaseInvoker.InvokeWithNoArgs(Object obj, BindingFlags invokeAttr)
[xUnit.net 00:00:03.50]       Output:
[xUnit.net 00:00:03.50]         Given the security system is active
[xUnit.net 00:00:03.50]         -> error: Expected response.StatusCode to be HttpStatusCode.OK {value: 200}, but found HttpStatusCode.NotFound {value: 404}. (0.0s)
[xUnit.net 00:00:03.50]         And advanced authentication features are enabled
[xUnit.net 00:00:03.50]         -> skipped because of previous errors
[xUnit.net 00:00:03.50]         And security policies are configured
[xUnit.net 00:00:03.50]         -> skipped because of previous errors
[xUnit.net 00:00:03.50]         Given I am logged in from "New York, USA"
[xUnit.net 00:00:03.50]         -> No matching step definition found for the step. Use the following code to create one:
[xUnit.net 00:00:03.50]                 [Given(@"I am logged in from ""(.*)""")]
[xUnit.net 00:00:03.50]                 public void GivenIAmLoggedInFrom(string p0)
[xUnit.net 00:00:03.50]                 {
[xUnit.net 00:00:03.50]                     _scenarioContext.Pending();
[xUnit.net 00:00:03.50]                 }
[xUnit.net 00:00:03.50]         
[xUnit.net 00:00:03.50]         When a login attempt occurs from "Moscow, Russia" within 30 minutes
[xUnit.net 00:00:03.50]         -> No matching step definition found for the step. Use the following code to create one:
[xUnit.net 00:00:03.50]                 [When(@"a login attempt occurs from ""(.*)"" within (.*) minutes")]
[xUnit.net 00:00:03.50]                 public void WhenALoginAttemptOccursFromWithinMinutes(string p0, int p1)
[xUnit.net 00:00:03.50]                 {
[xUnit.net 00:00:03.50]                     _scenarioContext.Pending();
[xUnit.net 00:00:03.50]                 }
[xUnit.net 00:00:03.50]         
[xUnit.net 00:00:03.50]         Then the system should flag suspicious activity
[xUnit.net 00:00:03.50]         -> No matching step definition found for the step. Use the following code to create one:
[xUnit.net 00:00:03.50]                 [Then(@"the system should flag suspicious activity")]
[xUnit.net 00:00:03.50]                 public void ThenTheSystemShouldFlagSuspiciousActivity()
[xUnit.net 00:00:03.50]                 {
[xUnit.net 00:00:03.50]                     _scenarioContext.Pending();
[xUnit.net 00:00:03.50]                 }
[xUnit.net 00:00:03.50]         
[xUnit.net 00:00:03.50]         And all active sessions should be terminated
[xUnit.net 00:00:03.50]         -> No matching step definition found for the step. Use the following code to create one:
[xUnit.net 00:00:03.50]                 [Then(@"all active sessions should be terminated")]
[xUnit.net 00:00:03.50]                 public void ThenAllActiveSessionsShouldBeTerminated()
[xUnit.net 00:00:03.50]                 {
[xUnit.net 00:00:03.50]                     _scenarioContext.Pending();
[xUnit.net 00:00:03.50]                 }
[xUnit.net 00:00:03.50]         
[xUnit.net 00:00:03.50]         And I should receive immediate security alert
[xUnit.net 00:00:03.50]         -> No matching step definition found for the step. Use the following code to create one:
[xUnit.net 00:00:03.50]                 [Then(@"I should receive immediate security alert")]
[xUnit.net 00:00:03.50]                 public void ThenIShouldReceiveImmediateSecurityAlert()
[xUnit.net 00:00:03.50]                 {
[xUnit.net 00:00:03.50]                     _scenarioContext.Pending();
[xUnit.net 00:00:03.50]                 }
[xUnit.net 00:00:03.50]         
[xUnit.net 00:00:03.50]         And the new login should be blocked pending verification
[xUnit.net 00:00:03.50]         -> No matching step definition found for the step. Use the following code to create one:
[xUnit.net 00:00:03.50]                 [Then(@"the new login should be blocked pending verification")]
[xUnit.net 00:00:03.50]                 public void ThenTheNewLoginShouldBeBlockedPendingVerification()
[xUnit.net 00:00:03.50]                 {
[xUnit.net 00:00:03.50]                     _scenarioContext.Pending();
[xUnit.net 00:00:03.50]                 }
[xUnit.net 00:00:03.50]         
[xUnit.net 00:00:03.50]         When I verify "This was not me"
[xUnit.net 00:00:03.50]         -> No matching step definition found for the step. Use the following code to create one:
[xUnit.net 00:00:03.50]                 [When(@"I verify ""(.*)""")]
[xUnit.net 00:00:03.50]                 public void WhenIVerify(string p0)
[xUnit.net 00:00:03.50]                 {
[xUnit.net 00:00:03.50]                     _scenarioContext.Pending();
[xUnit.net 00:00:03.50]                 }
[xUnit.net 00:00:03.50]         
[xUnit.net 00:00:03.50]         Then account should be locked for investigation
[xUnit.net 00:00:03.50]         -> No matching step definition found for the step. Use the following code to create one:
[xUnit.net 00:00:03.50]                 [Then(@"account should be locked for investigation")]
[xUnit.net 00:00:03.50]                 public void ThenAccountShouldBeLockedForInvestigation()
[xUnit.net 00:00:03.50]                 {
[xUnit.net 00:00:03.50]                     _scenarioContext.Pending();
[xUnit.net 00:00:03.50]                 }
[xUnit.net 00:00:03.50]         
[xUnit.net 00:00:03.50]         And password reset should be required
[xUnit.net 00:00:03.50]         -> No matching step definition found for the step. Use the following code to create one:
[xUnit.net 00:00:03.50]                 [Then(@"password reset should be required")]
[xUnit.net 00:00:03.50]                 public void ThenPasswordResetShouldBeRequired()
[xUnit.net 00:00:03.50]                 {
[xUnit.net 00:00:03.50]                     _scenarioContext.Pending();
[xUnit.net 00:00:03.50]                 }
[xUnit.net 00:00:03.50]         
[xUnit.net 00:00:03.51]       Expected ((int)LastResponse!.StatusCode) to be 200, but found 404 (difference of 204).
[xUnit.net 00:00:03.51]       Stack Trace:
[xUnit.net 00:00:03.51]            at FluentAssertions.Execution.XUnit2TestFramework.Throw(String message)
[xUnit.net 00:00:03.51]            at FluentAssertions.Execution.TestFrameworkProvider.Throw(String message)
[xUnit.net 00:00:03.51]            at FluentAssertions.Execution.DefaultAssertionStrategy.HandleFailure(String message)
[xUnit.net 00:00:03.51]            at FluentAssertions.Execution.AssertionScope.FailWith(Func`1 failReasonFunc)
[xUnit.net 00:00:03.51]            at FluentAssertions.Execution.AssertionScope.FailWith(Func`1 failReasonFunc)
[xUnit.net 00:00:03.51]            at FluentAssertions.Execution.AssertionScope.FailWith(String message, Object[] args)
[xUnit.net 00:00:03.51]            at FluentAssertions.Numeric.NumericAssertions`2.Be(T expected, String because, Object[] becauseArgs)
[xUnit.net 00:00:03.51]         /home/srowe/workspace/pediatric-therapy-resource/api/Tests/BDD/StepDefinitions/BaseStepDefinitions.cs(72,0): at TherapyDocs.Api.Tests.BDD.StepDefinitions.BaseStepDefinitions.ThenTheResponseStatusShouldBe(Int32 statusCode)
[xUnit.net 00:00:03.51]         /home/srowe/workspace/pediatric-therapy-resource/api/Tests/BDD/StepDefinitions/CommonStepDefinitions.cs(55,0): at TherapyDocs.Api.Tests.BDD.StepDefinitions.CommonStepDefinitions.ThenTheResponseStatusShouldBeStep(Int32 statusCode)
[xUnit.net 00:00:03.51]            at InvokeStub_Action`2.Invoke(Object, Span`1)
[xUnit.net 00:00:03.51]            at System.Reflection.MethodBaseInvoker.InvokeWithFewArgs(Object obj, BindingFlags invokeAttr, Binder binder, Object[] parameters, CultureInfo culture)
[xUnit.net 00:00:03.51]            at TechTalk.SpecFlow.Bindings.BindingInvoker.InvokeBinding(IBinding binding, IContextManager contextManager, Object[] arguments, ITestTracer testTracer, TimeSpan& duration)
[xUnit.net 00:00:03.51]            at TechTalk.SpecFlow.Infrastructure.TestExecutionEngine.ExecuteStepMatch(BindingMatch match, Object[] arguments, TimeSpan& duration)
[xUnit.net 00:00:03.51]            at TechTalk.SpecFlow.Infrastructure.TestExecutionEngine.ExecuteStep(IContextManager contextManager, StepInstance stepInstance)
[xUnit.net 00:00:03.51]            at TechTalk.SpecFlow.Infrastructure.TestExecutionEngine.OnAfterLastStep()
[xUnit.net 00:00:03.51]            at TechTalk.SpecFlow.TestRunner.CollectScenarioErrors()
[xUnit.net 00:00:03.51]            at TherapyDocs.Api.Tests.BDD.Features.Platform.CommunityFeaturesAPIEndpointsFR_030Feature.ScenarioCleanup()
[xUnit.net 00:00:03.51]         /home/srowe/workspace/pediatric-therapy-resource/api/Tests/BDD/Features/platform/community-features.feature(29,0): at TherapyDocs.Api.Tests.BDD.Features.Platform.CommunityFeaturesAPIEndpointsFR_030Feature.ViewQAForResource()
[xUnit.net 00:00:03.51]            at System.RuntimeMethodHandle.InvokeMethod(Object target, Void** arguments, Signature sig, Boolean isConstructor)
[xUnit.net 00:00:03.51]            at System.Reflection.MethodBaseInvoker.InvokeWithNoArgs(Object obj, BindingFlags invokeAttr)
[xUnit.net 00:00:03.51]       Output:
[xUnit.net 00:00:03.51]         Given the API is available
[xUnit.net 00:00:03.51]         -> done: CommonStepDefinitions.GivenTheAPIIsAvailable() (0.0s)
[xUnit.net 00:00:03.51]         And I am authenticated as "therapist@clinic.com"
[xUnit.net 00:00:03.51]         -> done: CommonStepDefinitions.GivenIAmAuthenticatedAs("therapist@clinic.com") (0.0s)
[xUnit.net 00:00:03.51]         When I send a GET request to "/api/community/resources/res-123/qa"
[xUnit.net 00:00:03.51]         -> done: CommonStepDefinitions.WhenISendAGETRequestToStep("/api/community/re...") (0.0s)
[xUnit.net 00:00:03.51]         Then the response status should be 200
[xUnit.net 00:00:03.51]         -> error: Expected ((int)LastResponse!.StatusCode) to be 200, but found 404 (difference of 204). (0.0s)
[xUnit.net 00:00:03.51]         And Q&A should include:
[xUnit.net 00:00:03.51]           --- table step argument ---
[xUnit.net 00:00:03.51]           | questionId | question                  | answers | helpful |
[xUnit.net 00:00:03.51]           | q-1        | "Can this be used for..." | 3       | 12      |
[xUnit.net 00:00:03.51]           | q-2        | "Modifications for..."    | 2       | 8       |
[xUnit.net 00:00:03.51]         -> No matching step definition found for the step. Use the following code to create one:
[xUnit.net 00:00:03.51]                 [Then(@"Q&A should include:")]
[xUnit.net 00:00:03.51]                 public void ThenQAShouldInclude(Table table)
[xUnit.net 00:00:03.51]                 {
[xUnit.net 00:00:03.51]                     _scenarioContext.Pending();
[xUnit.net 00:00:03.51]                 }
[xUnit.net 00:00:03.51]         
[xUnit.net 00:00:03.51]       Expected ((int)LastResponse!.StatusCode) to be 200, but found 404 (difference of 204).
[xUnit.net 00:00:03.51]       Stack Trace:
[xUnit.net 00:00:03.51]            at FluentAssertions.Execution.XUnit2TestFramework.Throw(String message)
[xUnit.net 00:00:03.51]            at FluentAssertions.Execution.TestFrameworkProvider.Throw(String message)
[xUnit.net 00:00:03.51]            at FluentAssertions.Execution.DefaultAssertionStrategy.HandleFailure(String message)
[xUnit.net 00:00:03.51]            at FluentAssertions.Execution.AssertionScope.FailWith(Func`1 failReasonFunc)
[xUnit.net 00:00:03.51]            at FluentAssertions.Execution.AssertionScope.FailWith(Func`1 failReasonFunc)
[xUnit.net 00:00:03.51]            at FluentAssertions.Execution.AssertionScope.FailWith(String message, Object[] args)
[xUnit.net 00:00:03.51]            at FluentAssertions.Numeric.NumericAssertions`2.Be(T expected, String because, Object[] becauseArgs)
[xUnit.net 00:00:03.51]         /home/srowe/workspace/pediatric-therapy-resource/api/Tests/BDD/StepDefinitions/BaseStepDefinitions.cs(72,0): at TherapyDocs.Api.Tests.BDD.StepDefinitions.BaseStepDefinitions.ThenTheResponseStatusShouldBe(Int32 statusCode)
[xUnit.net 00:00:03.51]         /home/srowe/workspace/pediatric-therapy-resource/api/Tests/BDD/StepDefinitions/CommonStepDefinitions.cs(55,0): at TherapyDocs.Api.Tests.BDD.StepDefinitions.CommonStepDefinitions.ThenTheResponseStatusShouldBeStep(Int32 statusCode)
[xUnit.net 00:00:03.51]            at InvokeStub_Action`2.Invoke(Object, Span`1)
[xUnit.net 00:00:03.51]            at System.Reflection.MethodBaseInvoker.InvokeWithFewArgs(Object obj, BindingFlags invokeAttr, Binder binder, Object[] parameters, CultureInfo culture)
[xUnit.net 00:00:03.51]            at TechTalk.SpecFlow.Bindings.BindingInvoker.InvokeBinding(IBinding binding, IContextManager contextManager, Object[] arguments, ITestTracer testTracer, TimeSpan& duration)
[xUnit.net 00:00:03.51]            at TechTalk.SpecFlow.Infrastructure.TestExecutionEngine.ExecuteStepMatch(BindingMatch match, Object[] arguments, TimeSpan& duration)
[xUnit.net 00:00:03.51]            at TechTalk.SpecFlow.Infrastructure.TestExecutionEngine.ExecuteStep(IContextManager contextManager, StepInstance stepInstance)
[xUnit.net 00:00:03.51]            at TechTalk.SpecFlow.Infrastructure.TestExecutionEngine.OnAfterLastStep()
[xUnit.net 00:00:03.51]            at TechTalk.SpecFlow.TestRunner.CollectScenarioErrors()
[xUnit.net 00:00:03.51]            at TherapyDocs.Api.Tests.BDD.Features.Therapy.DocumentationHelpersAPIEndpointsFR_028Feature.ScenarioCleanup()
[xUnit.net 00:00:03.51]         /home/srowe/workspace/pediatric-therapy-resource/api/Tests/BDD/Features/therapy/documentation-helpers.feature(33,0): at TherapyDocs.Api.Tests.BDD.Features.Therapy.DocumentationHelpersAPIEndpointsFR_028Feature.AccessInsurance_CompliantGoalBank()
[xUnit.net 00:00:03.51]            at System.RuntimeMethodHandle.InvokeMethod(Object target, Void** arguments, Signature sig, Boolean isConstructor)
[xUnit.net 00:00:03.51]            at System.Reflection.MethodBaseInvoker.InvokeWithNoArgs(Object obj, BindingFlags invokeAttr)
[xUnit.net 00:00:03.51]       Output:
[xUnit.net 00:00:03.51]         Given the API is available
[xUnit.net 00:00:03.51]         -> done: CommonStepDefinitions.GivenTheAPIIsAvailable() (0.0s)
[xUnit.net 00:00:03.51]         And I am authenticated as "therapist@clinic.com"
[xUnit.net 00:00:03.51]         -> done: CommonStepDefinitions.GivenIAmAuthenticatedAs("therapist@clinic.com") (0.0s)
[xUnit.net 00:00:03.51]         When I send a GET request to "/api/documentation/goal-bank?discipline=OT&setting=outpatient"
[xUnit.net 00:00:03.51]         -> done: CommonStepDefinitions.WhenISendAGETRequestToStep("/api/documentatio...") (0.0s)
[xUnit.net 00:00:03.51]         Then the response status should be 200
[xUnit.net 00:00:03.51]         -> error: Expected ((int)LastResponse!.StatusCode) to be 200, but found 404 (difference of 204). (0.0s)
[xUnit.net 00:00:03.51]         And goals should be formatted with:
[xUnit.net 00:00:03.51]           --- table step argument ---
[xUnit.net 00:00:03.51]           | component        | example                    |
[xUnit.net 00:00:03.51]           | condition        | "Given visual cues..."     |
[xUnit.net 00:00:03.51]           | behavior         | "patient will complete..." |
[xUnit.net 00:00:03.51]           | criteria         | "with 80% accuracy..."     |
[xUnit.net 00:00:03.51]           | timeframe        | "within 4 weeks"           |
[xUnit.net 00:00:03.51]           | medicalNecessity | "to improve independence"  |
[xUnit.net 00:00:03.51]         -> No matching step definition found for the step. Use the following code to create one:
[xUnit.net 00:00:03.51]                 [Then(@"goals should be formatted with:")]
[xUnit.net 00:00:03.51]                 public void ThenGoalsShouldBeFormattedWith(Table table)
[xUnit.net 00:00:03.51]                 {
[xUnit.net 00:00:03.51]                     _scenarioContext.Pending();
[xUnit.net 00:00:03.51]                 }
[xUnit.net 00:00:03.51]         
  Skipped Handle video codec and format compatibility issues [1 ms]
  Failed Create virtual manipulatives set [98 ms]
  Error Message:
   Expected ((int)LastResponse!.StatusCode) to be 201, but found 404 (difference of 203).
  Stack Trace:
     at FluentAssertions.Execution.XUnit2TestFramework.Throw(String message)
   at FluentAssertions.Execution.TestFrameworkProvider.Throw(String message)
   at FluentAssertions.Execution.DefaultAssertionStrategy.HandleFailure(String message)
   at FluentAssertions.Execution.AssertionScope.FailWith(Func`1 failReasonFunc)
   at FluentAssertions.Execution.AssertionScope.FailWith(Func`1 failReasonFunc)
   at FluentAssertions.Execution.AssertionScope.FailWith(String message, Object[] args)
   at FluentAssertions.Numeric.NumericAssertions`2.Be(T expected, String because, Object[] becauseArgs)
   at TherapyDocs.Api.Tests.BDD.StepDefinitions.BaseStepDefinitions.ThenTheResponseStatusShouldBe(Int32 statusCode) in /home/srowe/workspace/pediatric-therapy-resource/api/Tests/BDD/StepDefinitions/BaseStepDefinitions.cs:line 72
   at TherapyDocs.Api.Tests.BDD.StepDefinitions.CommonStepDefinitions.ThenTheResponseStatusShouldBeStep(Int32 statusCode) in /home/srowe/workspace/pediatric-therapy-resource/api/Tests/BDD/StepDefinitions/CommonStepDefinitions.cs:line 55
   at InvokeStub_Action`2.Invoke(Object, Span`1)
   at System.Reflection.MethodBaseInvoker.InvokeWithFewArgs(Object obj, BindingFlags invokeAttr, Binder binder, Object[] parameters, CultureInfo culture)
   at TechTalk.SpecFlow.Bindings.BindingInvoker.InvokeBinding(IBinding binding, IContextManager contextManager, Object[] arguments, ITestTracer testTracer, TimeSpan& duration)
   at TechTalk.SpecFlow.Infrastructure.TestExecutionEngine.ExecuteStepMatch(BindingMatch match, Object[] arguments, TimeSpan& duration)
   at TechTalk.SpecFlow.Infrastructure.TestExecutionEngine.ExecuteStep(IContextManager contextManager, StepInstance stepInstance)
   at TechTalk.SpecFlow.Infrastructure.TestExecutionEngine.OnAfterLastStep()
   at TechTalk.SpecFlow.TestRunner.CollectScenarioErrors()
   at TherapyDocs.Api.Tests.BDD.Features.Therapy.VirtualToolsAPIEndpointsFR_024Feature.ScenarioCleanup()
   at TherapyDocs.Api.Tests.BDD.Features.Therapy.VirtualToolsAPIEndpointsFR_024Feature.CreateVirtualManipulativesSet() in /home/srowe/workspace/pediatric-therapy-resource/api/Tests/BDD/Features/therapy/virtual-tools.feature:line 76
   at System.RuntimeMethodHandle.InvokeMethod(Object target, Void** arguments, Signature sig, Boolean isConstructor)
   at System.Reflection.MethodBaseInvoker.InvokeWithNoArgs(Object obj, BindingFlags invokeAttr)
  Standard Output Messages:
 Given the API is available
 -> done: CommonStepDefinitions.GivenTheAPIIsAvailable() (0.0s)
 And I am authenticated as "therapist@clinic.com"
 -> done: CommonStepDefinitions.GivenIAmAuthenticatedAs("therapist@clinic.com") (0.0s)
 When I send a POST request to "/api/virtual/manipulatives/create" with:
   --- table step argument ---
   | field       | value                     |
   | type        | counting-bears            |
   | quantity    | 20                        |
   | colors      | ["red", "blue", "yellow"] |
   | interactive | drag-and-drop             |
 -> done: CommonStepDefinitions.WhenISendAPOSTRequestToWithStep("/api/virtual/mani...", <table>) (0.0s)
 Then the response status should be 201
 -> error: Expected ((int)LastResponse!.StatusCode) to be 201, but found 404 (difference of 203). (0.0s)
 And manipulatives should be:
   --- table step argument ---
   | feature  | enabled        |
   | grouping | true           |
   | counting | automatic      |
   | patterns | creation tools |
 -> No matching step definition found for the step. Use the following code to create one:
         [Then(@"manipulatives should be:")]
         public void ThenManipulativesShouldBe(Table table)
         {
             _scenarioContext.Pending();
         }
 


  Failed Detect and respond to suspicious session activity [577 ms]
  Error Message:
   Expected response.StatusCode to be HttpStatusCode.OK {value: 200}, but found HttpStatusCode.NotFound {value: 404}.
  Stack Trace:
     at FluentAssertions.Execution.XUnit2TestFramework.Throw(String message)
   at FluentAssertions.Execution.TestFrameworkProvider.Throw(String message)
   at FluentAssertions.Execution.DefaultAssertionStrategy.HandleFailure(String message)
   at FluentAssertions.Execution.AssertionScope.FailWith(Func`1 failReasonFunc)
   at FluentAssertions.Execution.AssertionScope.FailWith(Func`1 failReasonFunc)
   at FluentAssertions.Execution.AssertionScope.FailWith(String message, Object[] args)
   at FluentAssertions.Primitives.EnumAssertions`2.Be(TEnum expected, String because, Object[] becauseArgs)
   at TherapyDocs.Api.Tests.BDD.StepDefinitions.SecurityTestingSteps.GivenTheSecuritySystemIsActive() in /home/srowe/workspace/pediatric-therapy-resource/api/Tests/BDD/StepDefinitions/SecurityTestingSteps.cs:line 37
   at TechTalk.SpecFlow.Bindings.SynchronousBindingDelegateInvoker.<>c__DisplayClass2_0.<<InvokeBindingDelegateAsync>b__0>d.MoveNext()
--- End of stack trace from previous location ---
   at TechTalk.SpecFlow.Bindings.AsyncHelpers.<>c__DisplayClass1_0`1.<<RunSync>b__0>d.MoveNext()
--- End of stack trace from previous location ---
   at TechTalk.SpecFlow.Bindings.AsyncHelpers.ExclusiveSynchronizationContext.BeginMessageLoop()
   at TechTalk.SpecFlow.Bindings.AsyncHelpers.RunSync[T](Func`1 task)
   at TechTalk.SpecFlow.Bindings.SynchronousBindingDelegateInvoker.InvokeBindingDelegateAsync(Delegate bindingDelegate, Object[] invokeArgs)
   at TechTalk.SpecFlow.Bindings.SynchronousBindingDelegateInvoker.InvokeDelegateSynchronously(Delegate bindingDelegate, Object[] invokeArgs)
   at TechTalk.SpecFlow.Bindings.BindingInvoker.InvokeBinding(IBinding binding, IContextManager contextManager, Object[] arguments, ITestTracer testTracer, TimeSpan& duration)
   at TechTalk.SpecFlow.Infrastructure.TestExecutionEngine.ExecuteStepMatch(BindingMatch match, Object[] arguments, TimeSpan& duration)
   at TechTalk.SpecFlow.Infrastructure.TestExecutionEngine.ExecuteStep(IContextManager contextManager, StepInstance stepInstance)
   at TechTalk.SpecFlow.Infrastructure.TestExecutionEngine.OnAfterLastStep()
   at TechTalk.SpecFlow.TestRunner.CollectScenarioErrors()
   at TherapyDocs.Api.Tests.BDD.Features.Security.AdvancedAuthenticationSecurityFeature.ScenarioCleanup()
   at TherapyDocs.Api.Tests.BDD.Features.Security.AdvancedAuthenticationSecurityFeature.DetectAndRespondToSuspiciousSessionActivity() in /home/srowe/workspace/pediatric-therapy-resource/api/Tests/BDD/Features/security/authentication-security.feature:line 118
   at System.RuntimeMethodHandle.InvokeMethod(Object target, Void** arguments, Signature sig, Boolean isConstructor)
   at System.Reflection.MethodBaseInvoker.InvokeWithNoArgs(Object obj, BindingFlags invokeAttr)
  Standard Output Messages:
 Given the security system is active
 -> error: Expected response.StatusCode to be HttpStatusCode.OK {value: 200}, but found HttpStatusCode.NotFound {value: 404}. (0.0s)
 And advanced authentication features are enabled
 -> skipped because of previous errors
 And security policies are configured
 -> skipped because of previous errors
 Given I am logged in from "New York, USA"
 -> No matching step definition found for the step. Use the following code to create one:
         [Given(@"I am logged in from ""(.*)""")]
         public void GivenIAmLoggedInFrom(string p0)
         {
             _scenarioContext.Pending();
         }
 
 When a login attempt occurs from "Moscow, Russia" within 30 minutes
 -> No matching step definition found for the step. Use the following code to create one:
         [When(@"a login attempt occurs from ""(.*)"" within (.*) minutes")]
         public void WhenALoginAttemptOccursFromWithinMinutes(string p0, int p1)
         {
             _scenarioContext.Pending();
         }
 
 Then the system should flag suspicious activity
 -> No matching step definition found for the step. Use the following code to create one:
         [Then(@"the system should flag suspicious activity")]
         public void ThenTheSystemShouldFlagSuspiciousActivity()
         {
             _scenarioContext.Pending();
         }
 
 And all active sessions should be terminated
 -> No matching step definition found for the step. Use the following code to create one:
         [Then(@"all active sessions should be terminated")]
         public void ThenAllActiveSessionsShouldBeTerminated()
         {
             _scenarioContext.Pending();
         }
 
 And I should receive immediate security alert
 -> No matching step definition found for the step. Use the following code to create one:
         [Then(@"I should receive immediate security alert")]
         public void ThenIShouldReceiveImmediateSecurityAlert()
         {
             _scenarioContext.Pending();
         }
 
 And the new login should be blocked pending verification
 -> No matching step definition found for the step. Use the following code to create one:
         [Then(@"the new login should be blocked pending verification")]
         public void ThenTheNewLoginShouldBeBlockedPendingVerification()
         {
             _scenarioContext.Pending();
         }
 
 When I verify "This was not me"
 -> No matching step definition found for the step. Use the following code to create one:
         [When(@"I verify ""(.*)""")]
         public void WhenIVerify(string p0)
         {
             _scenarioContext.Pending();
         }
 
 Then account should be locked for investigation
 -> No matching step definition found for the step. Use the following code to create one:
         [Then(@"account should be locked for investigation")]
         public void ThenAccountShouldBeLockedForInvestigation()
         {
             _scenarioContext.Pending();
         }
 
 And password reset should be required
 -> No matching step definition found for the step. Use the following code to create one:
         [Then(@"password reset should be required")]
         public void ThenPasswordResetShouldBeRequired()
         {
             _scenarioContext.Pending();
         }
 


  Failed View Q&A for resource [88 ms]
  Error Message:
   Expected ((int)LastResponse!.StatusCode) to be 200, but found 404 (difference of 204).
  Stack Trace:
     at FluentAssertions.Execution.XUnit2TestFramework.Throw(String message)
   at FluentAssertions.Execution.TestFrameworkProvider.Throw(String message)
   at FluentAssertions.Execution.DefaultAssertionStrategy.HandleFailure(String message)
   at FluentAssertions.Execution.AssertionScope.FailWith(Func`1 failReasonFunc)
   at FluentAssertions.Execution.AssertionScope.FailWith(Func`1 failReasonFunc)
   at FluentAssertions.Execution.AssertionScope.FailWith(String message, Object[] args)
   at FluentAssertions.Numeric.NumericAssertions`2.Be(T expected, String because, Object[] becauseArgs)
   at TherapyDocs.Api.Tests.BDD.StepDefinitions.BaseStepDefinitions.ThenTheResponseStatusShouldBe(Int32 statusCode) in /home/srowe/workspace/pediatric-therapy-resource/api/Tests/BDD/StepDefinitions/BaseStepDefinitions.cs:line 72
   at TherapyDocs.Api.Tests.BDD.StepDefinitions.CommonStepDefinitions.ThenTheResponseStatusShouldBeStep(Int32 statusCode) in /home/srowe/workspace/pediatric-therapy-resource/api/Tests/BDD/StepDefinitions/CommonStepDefinitions.cs:line 55
   at InvokeStub_Action`2.Invoke(Object, Span`1)
   at System.Reflection.MethodBaseInvoker.InvokeWithFewArgs(Object obj, BindingFlags invokeAttr, Binder binder, Object[] parameters, CultureInfo culture)
   at TechTalk.SpecFlow.Bindings.BindingInvoker.InvokeBinding(IBinding binding, IContextManager contextManager, Object[] arguments, ITestTracer testTracer, TimeSpan& duration)
   at TechTalk.SpecFlow.Infrastructure.TestExecutionEngine.ExecuteStepMatch(BindingMatch match, Object[] arguments, TimeSpan& duration)
   at TechTalk.SpecFlow.Infrastructure.TestExecutionEngine.ExecuteStep(IContextManager contextManager, StepInstance stepInstance)
   at TechTalk.SpecFlow.Infrastructure.TestExecutionEngine.OnAfterLastStep()
   at TechTalk.SpecFlow.TestRunner.CollectScenarioErrors()
   at TherapyDocs.Api.Tests.BDD.Features.Platform.CommunityFeaturesAPIEndpointsFR_030Feature.ScenarioCleanup()
   at TherapyDocs.Api.Tests.BDD.Features.Platform.CommunityFeaturesAPIEndpointsFR_030Feature.ViewQAForResource() in /home/srowe/workspace/pediatric-therapy-resource/api/Tests/BDD/Features/platform/community-features.feature:line 29
   at System.RuntimeMethodHandle.InvokeMethod(Object target, Void** arguments, Signature sig, Boolean isConstructor)
   at System.Reflection.MethodBaseInvoker.InvokeWithNoArgs(Object obj, BindingFlags invokeAttr)
  Standard Output Messages:
 Given the API is available
 -> done: CommonStepDefinitions.GivenTheAPIIsAvailable() (0.0s)
 And I am authenticated as "therapist@clinic.com"
 -> done: CommonStepDefinitions.GivenIAmAuthenticatedAs("therapist@clinic.com") (0.0s)
 When I send a GET request to "/api/community/resources/res-123/qa"
 -> done: CommonStepDefinitions.WhenISendAGETRequestToStep("/api/community/re...") (0.0s)
 Then the response status should be 200
 -> error: Expected ((int)LastResponse!.StatusCode) to be 200, but found 404 (difference of 204). (0.0s)
 And Q&A should include:
   --- table step argument ---
   | questionId | question                  | answers | helpful |
   | q-1        | "Can this be used for..." | 3       | 12      |
   | q-2        | "Modifications for..."    | 2       | 8       |
 -> No matching step definition found for the step. Use the following code to create one:
         [Then(@"Q&A should include:")]
         public void ThenQAShouldInclude(Table table)
         {
             _scenarioContext.Pending();
         }
 


  Passed TherapyDocs.Api.Tests.BDD.TestBDDSetup.BDD_Tests_Are_Setup_Correctly [10 ms]
  Failed Access insurance-compliant goal bank [101 ms]
  Error Message:
   Expected ((int)LastResponse!.StatusCode) to be 200, but found 404 (difference of 204).
  Stack Trace:
     at FluentAssertions.Execution.XUnit2TestFramework.Throw(String message)
   at FluentAssertions.Execution.TestFrameworkProvider.Throw(String message)
   at FluentAssertions.Execution.DefaultAssertionStrategy.HandleFailure(String message)
   at FluentAssertions.Execution.AssertionScope.FailWith(Func`1 failReasonFunc)
   at FluentAssertions.Execution.AssertionScope.FailWith(Func`1 failReasonFunc)
   at FluentAssertions.Execution.AssertionScope.FailWith(String message, Object[] args)
   at FluentAssertions.Numeric.NumericAssertions`2.Be(T expected, String because, Object[] becauseArgs)
   at TherapyDocs.Api.Tests.BDD.StepDefinitions.BaseStepDefinitions.ThenTheResponseStatusShouldBe(Int32 statusCode) in /home/srowe/workspace/pediatric-therapy-resource/api/Tests/BDD/StepDefinitions/BaseStepDefinitions.cs:line 72
   at TherapyDocs.Api.Tests.BDD.StepDefinitions.CommonStepDefinitions.ThenTheResponseStatusShouldBeStep(Int32 statusCode) in /home/srowe/workspace/pediatric-therapy-resource/api/Tests/BDD/StepDefinitions/CommonStepDefinitions.cs:line 55
   at InvokeStub_Action`2.Invoke(Object, Span`1)
   at System.Reflection.MethodBaseInvoker.InvokeWithFewArgs(Object obj, BindingFlags invokeAttr, Binder binder, Object[] parameters, CultureInfo culture)
   at TechTalk.SpecFlow.Bindings.BindingInvoker.InvokeBinding(IBinding binding, IContextManager contextManager, Object[] arguments, ITestTracer testTracer, TimeSpan& duration)
   at TechTalk.SpecFlow.Infrastructure.TestExecutionEngine.ExecuteStepMatch(BindingMatch match, Object[] arguments, TimeSpan& duration)
   at TechTalk.SpecFlow.Infrastructure.TestExecutionEngine.ExecuteStep(IContextManager contextManager, StepInstance stepInstance)
   at TechTalk.SpecFlow.Infrastructure.TestExecutionEngine.OnAfterLastStep()
   at TechTalk.SpecFlow.TestRunner.CollectScenarioErrors()
   at TherapyDocs.Api.Tests.BDD.Features.Therapy.DocumentationHelpersAPIEndpointsFR_028Feature.ScenarioCleanup()
   at TherapyDocs.Api.Tests.BDD.Features.Therapy.DocumentationHelpersAPIEndpointsFR_028Feature.AccessInsurance_CompliantGoalBank() in /home/srowe/workspace/pediatric-therapy-resource/api/Tests/BDD/Features/therapy/documentation-helpers.feature:line 33
   at System.RuntimeMethodHandle.InvokeMethod(Object target, Void** arguments, Signature sig, Boolean isConstructor)
   at System.Reflection.MethodBaseInvoker.InvokeWithNoArgs(Object obj, BindingFlags invokeAttr)
  Standard Output Messages:
 Given the API is available
 -> done: CommonStepDefinitions.GivenTheAPIIsAvailable() (0.0s)
 And I am authenticated as "therapist@clinic.com"
 -> done: CommonStepDefinitions.GivenIAmAuthenticatedAs("therapist@clinic.com") (0.0s)
 When I send a GET request to "/api/documentation/goal-bank?discipline=OT&setting=outpatient"
 -> done: CommonStepDefinitions.WhenISendAGETRequestToStep("/api/documentatio...") (0.0s)
 Then the response status should be 200
 -> error: Expected ((int)LastResponse!.StatusCode) to be 200, but found 404 (difference of 204). (0.0s)
 And goals should be formatted with:
   --- table step argument ---
   | component        | example                    |
   | condition        | "Given visual cues..."     |
   | behavior         | "patient will complete..." |
   | criteria         | "with 80% accuracy..."     |
   | timeframe        | "within 4 weeks"           |
   | medicalNecessity | "to improve independence"  |
 -> No matching step definition found for the step. Use the following code to create one:
         [Then(@"goals should be formatted with:")]
         public void ThenGoalsShouldBeFormattedWith(Table table)
         {
             _scenarioContext.Pending();
         }
 


[xUnit.net 00:00:03.53]       Expected response.StatusCode to be HttpStatusCode.OK {value: 200}, but found HttpStatusCode.NotFound {value: 404}.
[xUnit.net 00:00:03.53]       Stack Trace:
[xUnit.net 00:00:03.53]            at FluentAssertions.Execution.XUnit2TestFramework.Throw(String message)
[xUnit.net 00:00:03.53]            at FluentAssertions.Execution.TestFrameworkProvider.Throw(String message)
[xUnit.net 00:00:03.53]            at FluentAssertions.Execution.DefaultAssertionStrategy.HandleFailure(String message)
[xUnit.net 00:00:03.53]            at FluentAssertions.Execution.AssertionScope.FailWith(Func`1 failReasonFunc)
[xUnit.net 00:00:03.53]            at FluentAssertions.Execution.AssertionScope.FailWith(Func`1 failReasonFunc)
[xUnit.net 00:00:03.53]            at FluentAssertions.Execution.AssertionScope.FailWith(String message, Object[] args)
[xUnit.net 00:00:03.53]            at FluentAssertions.Primitives.EnumAssertions`2.Be(TEnum expected, String because, Object[] becauseArgs)
[xUnit.net 00:00:03.53]         /home/srowe/workspace/pediatric-therapy-resource/api/Tests/BDD/StepDefinitions/SecurityTestingSteps.cs(37,0): at TherapyDocs.Api.Tests.BDD.StepDefinitions.SecurityTestingSteps.GivenTheSecuritySystemIsActive()
[xUnit.net 00:00:03.53]            at TechTalk.SpecFlow.Bindings.SynchronousBindingDelegateInvoker.<>c__DisplayClass2_0.<<InvokeBindingDelegateAsync>b__0>d.MoveNext()
[xUnit.net 00:00:03.53]         --- End of stack trace from previous location ---
[xUnit.net 00:00:03.53]            at TechTalk.SpecFlow.Bindings.AsyncHelpers.<>c__DisplayClass1_0`1.<<RunSync>b__0>d.MoveNext()
[xUnit.net 00:00:03.53]         --- End of stack trace from previous location ---
[xUnit.net 00:00:03.53]            at TechTalk.SpecFlow.Bindings.AsyncHelpers.ExclusiveSynchronizationContext.BeginMessageLoop()
[xUnit.net 00:00:03.53]            at TechTalk.SpecFlow.Bindings.AsyncHelpers.RunSync[T](Func`1 task)
[xUnit.net 00:00:03.53]            at TechTalk.SpecFlow.Bindings.SynchronousBindingDelegateInvoker.InvokeBindingDelegateAsync(Delegate bindingDelegate, Object[] invokeArgs)
[xUnit.net 00:00:03.53]            at TechTalk.SpecFlow.Bindings.SynchronousBindingDelegateInvoker.InvokeDelegateSynchronously(Delegate bindingDelegate, Object[] invokeArgs)
[xUnit.net 00:00:03.53]            at TechTalk.SpecFlow.Bindings.BindingInvoker.InvokeBinding(IBinding binding, IContextManager contextManager, Object[] arguments, ITestTracer testTracer, TimeSpan& duration)
[xUnit.net 00:00:03.53]            at TechTalk.SpecFlow.Infrastructure.TestExecutionEngine.ExecuteStepMatch(BindingMatch match, Object[] arguments, TimeSpan& duration)
[xUnit.net 00:00:03.53]            at TechTalk.SpecFlow.Infrastructure.TestExecutionEngine.ExecuteStep(IContextManager contextManager, StepInstance stepInstance)
[xUnit.net 00:00:03.53]            at TechTalk.SpecFlow.Infrastructure.TestExecutionEngine.OnAfterLastStep()
[xUnit.net 00:00:03.53]            at TechTalk.SpecFlow.TestRunner.CollectScenarioErrors()
[xUnit.net 00:00:03.53]            at TherapyDocs.Api.Tests.BDD.Features.Security.AdvancedAuthenticationSecurityFeature.ScenarioCleanup()
[xUnit.net 00:00:03.53]         /home/srowe/workspace/pediatric-therapy-resource/api/Tests/BDD/Features/security/authentication-security.feature(60,0): at TherapyDocs.Api.Tests.BDD.Features.Security.AdvancedAuthenticationSecurityFeature.EnforceAdvancedPasswordComplexityRequirements()
[xUnit.net 00:00:03.53]            at System.RuntimeMethodHandle.InvokeMethod(Object target, Void** arguments, Signature sig, Boolean isConstructor)
[xUnit.net 00:00:03.53]            at System.Reflection.MethodBaseInvoker.InvokeWithNoArgs(Object obj, BindingFlags invokeAttr)
[xUnit.net 00:00:03.53]       Output:
[xUnit.net 00:00:03.53]         Given the security system is active
[xUnit.net 00:00:03.53]         -> error: Expected response.StatusCode to be HttpStatusCode.OK {value: 200}, but found HttpStatusCode.NotFound {value: 404}. (0.0s)
[xUnit.net 00:00:03.53]         And advanced authentication features are enabled
[xUnit.net 00:00:03.53]         -> skipped because of previous errors
[xUnit.net 00:00:03.53]         And security policies are configured
[xUnit.net 00:00:03.53]         -> skipped because of previous errors
[xUnit.net 00:00:03.53]         Given I am creating a new account
[xUnit.net 00:00:03.53]         -> skipped because of previous errors
[xUnit.net 00:00:03.53]         When I attempt to set passwords with varying complexity:
[xUnit.net 00:00:03.53]           --- table step argument ---
[xUnit.net 00:00:03.53]           | Password       | Length | Uppercase | Lowercase | Numbers | Symbols | Result   |
[xUnit.net 00:00:03.53]           | password123    | 11     | 0         | 8         | 3       | 0       | Rejected |
[xUnit.net 00:00:03.53]           | Password123    | 11     | 1         | 7         | 3       | 0       | Rejected |
[xUnit.net 00:00:03.53]           | Password123!   | 12     | 1         | 7         | 3       | 1       | Accepted |
[xUnit.net 00:00:03.53]           | MyP@ssw0rd2024 | 14     | 2         | 6         | 4       | 2       | Accepted |
[xUnit.net 00:00:03.53]         -> skipped because of previous errors
[xUnit.net 00:00:03.53]         Then only passwords meeting all complexity requirements should be accepted
[xUnit.net 00:00:03.53]         -> skipped because of previous errors
[xUnit.net 00:00:03.53]         And password strength meter should reflect actual security level
[xUnit.net 00:00:03.53]         -> skipped because of previous errors
[xUnit.net 00:00:03.53]     Sync with external marketplace [SKIP]
[xUnit.net 00:00:03.53]       No matching step definition found for one or more steps.\nusing System;\r\nusing TechTalk.SpecFlow;\r\n\r\nnamespace MyNamespace\r\n{\r\n    [Binding]\r\n    public class StepDefinitions\r\n    {\r\n        private readonly ScenarioContext _scenarioContext;\r\n\r\n        public StepDefinitions(ScenarioContext scenarioContext)\r\n        {\r\n            _scenarioContext = scenarioContext;\r\n        }\r\n        [Given(@"I am a marketplace seller")]\r\n        public void GivenIAmAMarketplaceSeller()\r\n        {\r\n            _scenarioContext.Pending();\r\n        }\r\n        \n        [Then(@"products should sync")]\r\n        public void ThenProductsShouldSync()\r\n        {\r\n            _scenarioContext.Pending();\r\n        }\r\n        \n        [Then(@"inventory should update")]\r\n        public void ThenInventoryShouldUpdate()\r\n        {\r\n            _scenarioContext.Pending();\r\n        }\r\n    }\r\n}\r\n
[xUnit.net 00:00:03.55]       Expected ((int)LastResponse!.StatusCode) to be 200, but found 404 (difference of 204).
[xUnit.net 00:00:03.55]       Stack Trace:
[xUnit.net 00:00:03.55]            at FluentAssertions.Execution.XUnit2TestFramework.Throw(String message)
[xUnit.net 00:00:03.55]            at FluentAssertions.Execution.TestFrameworkProvider.Throw(String message)
[xUnit.net 00:00:03.55]            at FluentAssertions.Execution.DefaultAssertionStrategy.HandleFailure(String message)
[xUnit.net 00:00:03.55]            at FluentAssertions.Execution.AssertionScope.FailWith(Func`1 failReasonFunc)
[xUnit.net 00:00:03.55]            at FluentAssertions.Execution.AssertionScope.FailWith(Func`1 failReasonFunc)
[xUnit.net 00:00:03.55]            at FluentAssertions.Execution.AssertionScope.FailWith(String message, Object[] args)
[xUnit.net 00:00:03.55]            at FluentAssertions.Numeric.NumericAssertions`2.Be(T expected, String because, Object[] becauseArgs)
[xUnit.net 00:00:03.55]         /home/srowe/workspace/pediatric-therapy-resource/api/Tests/BDD/StepDefinitions/BaseStepDefinitions.cs(72,0): at TherapyDocs.Api.Tests.BDD.StepDefinitions.BaseStepDefinitions.ThenTheResponseStatusShouldBe(Int32 statusCode)
[xUnit.net 00:00:03.55]         /home/srowe/workspace/pediatric-therapy-resource/api/Tests/BDD/StepDefinitions/CommonStepDefinitions.cs(55,0): at TherapyDocs.Api.Tests.BDD.StepDefinitions.CommonStepDefinitions.ThenTheResponseStatusShouldBeStep(Int32 statusCode)
[xUnit.net 00:00:03.55]            at InvokeStub_Action`2.Invoke(Object, Span`1)
[xUnit.net 00:00:03.55]            at System.Reflection.MethodBaseInvoker.InvokeWithFewArgs(Object obj, BindingFlags invokeAttr, Binder binder, Object[] parameters, CultureInfo culture)
[xUnit.net 00:00:03.55]            at TechTalk.SpecFlow.Bindings.BindingInvoker.InvokeBinding(IBinding binding, IContextManager contextManager, Object[] arguments, ITestTracer testTracer, TimeSpan& duration)
[xUnit.net 00:00:03.55]            at TechTalk.SpecFlow.Infrastructure.TestExecutionEngine.ExecuteStepMatch(BindingMatch match, Object[] arguments, TimeSpan& duration)
[xUnit.net 00:00:03.55]            at TechTalk.SpecFlow.Infrastructure.TestExecutionEngine.ExecuteStep(IContextManager contextManager, StepInstance stepInstance)
[xUnit.net 00:00:03.55]            at TechTalk.SpecFlow.Infrastructure.TestExecutionEngine.OnAfterLastStep()
[xUnit.net 00:00:03.55]            at TechTalk.SpecFlow.TestRunner.CollectScenarioErrors()
[xUnit.net 00:00:03.55]            at TherapyDocs.Api.Tests.BDD.Features.Platform.CommunityFeaturesAPIEndpointsFR_030Feature.ScenarioCleanup()
[xUnit.net 00:00:03.55]         /home/srowe/workspace/pediatric-therapy-resource/api/Tests/BDD/Features/platform/community-features.feature(104,0): at TherapyDocs.Api.Tests.BDD.Features.Platform.CommunityFeaturesAPIEndpointsFR_030Feature.ViewCommunityGuidelines()
[xUnit.net 00:00:03.55]            at System.RuntimeMethodHandle.InvokeMethod(Object target, Void** arguments, Signature sig, Boolean isConstructor)
[xUnit.net 00:00:03.55]            at System.Reflection.MethodBaseInvoker.InvokeWithNoArgs(Object obj, BindingFlags invokeAttr)
[xUnit.net 00:00:03.55]       Output:
[xUnit.net 00:00:03.55]         Given the API is available
[xUnit.net 00:00:03.55]         -> done: CommonStepDefinitions.GivenTheAPIIsAvailable() (0.0s)
[xUnit.net 00:00:03.55]         And I am authenticated as "therapist@clinic.com"
[xUnit.net 00:00:03.55]         -> done: CommonStepDefinitions.GivenIAmAuthenticatedAs("therapist@clinic.com") (0.0s)
[xUnit.net 00:00:03.55]         When I send a GET request to "/api/community/guidelines"
[xUnit.net 00:00:03.55]         -> done: CommonStepDefinitions.WhenISendAGETRequestToStep("/api/community/gu...") (0.0s)
[xUnit.net 00:00:03.55]         Then the response status should be 200
[xUnit.net 00:00:03.55]         -> error: Expected ((int)LastResponse!.StatusCode) to be 200, but found 404 (difference of 204). (0.0s)
[xUnit.net 00:00:03.55]         And guidelines should include:
[xUnit.net 00:00:03.55]           --- table step argument ---
[xUnit.net 00:00:03.55]           | section      | content                |
[xUnit.net 00:00:03.55]           | acceptable   | Professional discourse |
[xUnit.net 00:00:03.55]           | prohibited   | Marketing, spam, PHI   |
[xUnit.net 00:00:03.55]           | moderation   | Review process         |
[xUnit.net 00:00:03.55]           | consequences | Warning system         |
[xUnit.net 00:00:03.55]         -> No matching step definition found for the step. Use the following code to create one:
[xUnit.net 00:00:03.55]                 [Then(@"guidelines should include:")]
[xUnit.net 00:00:03.55]                 public void ThenGuidelinesShouldInclude(Table table)
[xUnit.net 00:00:03.55]                 {
[xUnit.net 00:00:03.55]                     _scenarioContext.Pending();
[xUnit.net 00:00:03.55]                 }
[xUnit.net 00:00:03.55]         
[xUnit.net 00:00:03.60]       Expected ((int)LastResponse!.StatusCode) to be 200, but found 404 (difference of 204).
[xUnit.net 00:00:03.60]       Stack Trace:
[xUnit.net 00:00:03.60]            at FluentAssertions.Execution.XUnit2TestFramework.Throw(String message)
[xUnit.net 00:00:03.60]            at FluentAssertions.Execution.TestFrameworkProvider.Throw(String message)
[xUnit.net 00:00:03.60]            at FluentAssertions.Execution.DefaultAssertionStrategy.HandleFailure(String message)
[xUnit.net 00:00:03.61]            at FluentAssertions.Execution.AssertionScope.FailWith(Func`1 failReasonFunc)
[xUnit.net 00:00:03.61]            at FluentAssertions.Execution.AssertionScope.FailWith(Func`1 failReasonFunc)
[xUnit.net 00:00:03.61]            at FluentAssertions.Execution.AssertionScope.FailWith(String message, Object[] args)
[xUnit.net 00:00:03.61]            at FluentAssertions.Numeric.NumericAssertions`2.Be(T expected, String because, Object[] becauseArgs)
[xUnit.net 00:00:03.61]         /home/srowe/workspace/pediatric-therapy-resource/api/Tests/BDD/StepDefinitions/BaseStepDefinitions.cs(72,0): at TherapyDocs.Api.Tests.BDD.StepDefinitions.BaseStepDefinitions.ThenTheResponseStatusShouldBe(Int32 statusCode)
[xUnit.net 00:00:03.61]         /home/srowe/workspace/pediatric-therapy-resource/api/Tests/BDD/StepDefinitions/CommonStepDefinitions.cs(55,0): at TherapyDocs.Api.Tests.BDD.StepDefinitions.CommonStepDefinitions.ThenTheResponseStatusShouldBeStep(Int32 statusCode)
[xUnit.net 00:00:03.61]            at InvokeStub_Action`2.Invoke(Object, Span`1)
[xUnit.net 00:00:03.61]            at System.Reflection.MethodBaseInvoker.InvokeWithFewArgs(Object obj, BindingFlags invokeAttr, Binder binder, Object[] parameters, CultureInfo culture)
[xUnit.net 00:00:03.61]            at TechTalk.SpecFlow.Bindings.BindingInvoker.InvokeBinding(IBinding binding, IContextManager contextManager, Object[] arguments, ITestTracer testTracer, TimeSpan& duration)
[xUnit.net 00:00:03.61]            at TechTalk.SpecFlow.Infrastructure.TestExecutionEngine.ExecuteStepMatch(BindingMatch match, Object[] arguments, TimeSpan& duration)
[xUnit.net 00:00:03.61]            at TechTalk.SpecFlow.Infrastructure.TestExecutionEngine.ExecuteStep(IContextManager contextManager, StepInstance stepInstance)
[xUnit.net 00:00:03.61]            at TechTalk.SpecFlow.Infrastructure.TestExecutionEngine.OnAfterLastStep()
[xUnit.net 00:00:03.61]            at TechTalk.SpecFlow.TestRunner.CollectScenarioErrors()
[xUnit.net 00:00:03.61]            at TherapyDocs.Api.Tests.BDD.Features.Platform.CommunityFeaturesAPIEndpointsFR_030Feature.ScenarioCleanup()
[xUnit.net 00:00:03.61]         /home/srowe/workspace/pediatric-therapy-resource/api/Tests/BDD/Features/platform/community-features.feature(129,0): at TherapyDocs.Api.Tests.BDD.Features.Platform.CommunityFeaturesAPIEndpointsFR_030Feature.ViewFeatureRequests()
[xUnit.net 00:00:03.61]            at System.RuntimeMethodHandle.InvokeMethod(Object target, Void** arguments, Signature sig, Boolean isConstructor)
[xUnit.net 00:00:03.61]            at System.Reflection.MethodBaseInvoker.InvokeWithNoArgs(Object obj, BindingFlags invokeAttr)
[xUnit.net 00:00:03.61]       Output:
[xUnit.net 00:00:03.61]         Given the API is available
[xUnit.net 00:00:03.61]         -> done: CommonStepDefinitions.GivenTheAPIIsAvailable() (0.0s)
[xUnit.net 00:00:03.61]         And I am authenticated as "therapist@clinic.com"
[xUnit.net 00:00:03.61]         -> done: CommonStepDefinitions.GivenIAmAuthenticatedAs("therapist@clinic.com") (0.0s)
[xUnit.net 00:00:03.61]         When I send a GET request to "/api/community/feature-requests?status=open&sort=votes"
[xUnit.net 00:00:03.61]         -> done: CommonStepDefinitions.WhenISendAGETRequestToStep("/api/community/fe...") (0.0s)
[xUnit.net 00:00:03.61]         Then the response status should be 200
[xUnit.net 00:00:03.61]         -> error: Expected ((int)LastResponse!.StatusCode) to be 200, but found 404 (difference of 204). (0.0s)
[xUnit.net 00:00:03.61]         And requests should be sorted by:
[xUnit.net 00:00:03.61]           --- table step argument ---
[xUnit.net 00:00:03.61]           | requestId | title                   | votes | status       |
[xUnit.net 00:00:03.61]           | req-1     | "Offline mode for iPad" | 245   | under-review |
[xUnit.net 00:00:03.61]           | req-2     | "More languages"        | 189   | planned      |
[xUnit.net 00:00:03.61]           | req-3     | "Video tutorials"       | 156   | open         |
[xUnit.net 00:00:03.61]         -> No matching step definition found for the step. Use the following code to create one:
[xUnit.net 00:00:03.61]                 [Then(@"requests should be sorted by:")]
[xUnit.net 00:00:03.61]                 public void ThenRequestsShouldBeSortedBy(Table table)
[xUnit.net 00:00:03.61]                 {
[xUnit.net 00:00:03.61]                     _scenarioContext.Pending();
[xUnit.net 00:00:03.61]                 }
[xUnit.net 00:00:03.61]         
[xUnit.net 00:00:03.61]       Expected response.StatusCode to be HttpStatusCode.OK {value: 200}, but found HttpStatusCode.NotFound {value: 404}.
[xUnit.net 00:00:03.61]       Stack Trace:
[xUnit.net 00:00:03.61]            at FluentAssertions.Execution.XUnit2TestFramework.Throw(String message)
[xUnit.net 00:00:03.61]            at FluentAssertions.Execution.TestFrameworkProvider.Throw(String message)
[xUnit.net 00:00:03.61]            at FluentAssertions.Execution.DefaultAssertionStrategy.HandleFailure(String message)
[xUnit.net 00:00:03.61]            at FluentAssertions.Execution.AssertionScope.FailWith(Func`1 failReasonFunc)
[xUnit.net 00:00:03.61]            at FluentAssertions.Execution.AssertionScope.FailWith(Func`1 failReasonFunc)
[xUnit.net 00:00:03.61]            at FluentAssertions.Execution.AssertionScope.FailWith(String message, Object[] args)
[xUnit.net 00:00:03.61]            at FluentAssertions.Primitives.EnumAssertions`2.Be(TEnum expected, String because, Object[] becauseArgs)
[xUnit.net 00:00:03.61]         /home/srowe/workspace/pediatric-therapy-resource/api/Tests/BDD/StepDefinitions/SecurityTestingSteps.cs(37,0): at TherapyDocs.Api.Tests.BDD.StepDefinitions.SecurityTestingSteps.GivenTheSecuritySystemIsActive()
[xUnit.net 00:00:03.61]            at TechTalk.SpecFlow.Bindings.SynchronousBindingDelegateInvoker.<>c__DisplayClass2_0.<<InvokeBindingDelegateAsync>b__0>d.MoveNext()
[xUnit.net 00:00:03.61]         --- End of stack trace from previous location ---
[xUnit.net 00:00:03.61]            at TechTalk.SpecFlow.Bindings.AsyncHelpers.<>c__DisplayClass1_0`1.<<RunSync>b__0>d.MoveNext()
[xUnit.net 00:00:03.61]         --- End of stack trace from previous location ---
[xUnit.net 00:00:03.61]            at TechTalk.SpecFlow.Bindings.AsyncHelpers.ExclusiveSynchronizationContext.BeginMessageLoop()
[xUnit.net 00:00:03.61]            at TechTalk.SpecFlow.Bindings.AsyncHelpers.RunSync[T](Func`1 task)
[xUnit.net 00:00:03.61]            at TechTalk.SpecFlow.Bindings.SynchronousBindingDelegateInvoker.InvokeBindingDelegateAsync(Delegate bindingDelegate, Object[] invokeArgs)
[xUnit.net 00:00:03.61]            at TechTalk.SpecFlow.Bindings.SynchronousBindingDelegateInvoker.InvokeDelegateSynchronously(Delegate bindingDelegate, Object[] invokeArgs)
[xUnit.net 00:00:03.61]            at TechTalk.SpecFlow.Bindings.BindingInvoker.InvokeBinding(IBinding binding, IContextManager contextManager, Object[] arguments, ITestTracer testTracer, TimeSpan& duration)
[xUnit.net 00:00:03.61]            at TechTalk.SpecFlow.Infrastructure.TestExecutionEngine.ExecuteStepMatch(BindingMatch match, Object[] arguments, TimeSpan& duration)
[xUnit.net 00:00:03.62]            at TechTalk.SpecFlow.Infrastructure.TestExecutionEngine.ExecuteStep(IContextManager contextManager, StepInstance stepInstance)
[xUnit.net 00:00:03.62]            at TechTalk.SpecFlow.Infrastructure.TestExecutionEngine.OnAfterLastStep()
[xUnit.net 00:00:03.62]            at TechTalk.SpecFlow.TestRunner.CollectScenarioErrors()
[xUnit.net 00:00:03.62]            at TherapyDocs.Api.Tests.BDD.Features.Security.AdvancedAuthenticationSecurityFeature.ScenarioCleanup()
[xUnit.net 00:00:03.62]         /home/srowe/workspace/pediatric-therapy-resource/api/Tests/BDD/Features/security/authentication-security.feature(33,0): at TherapyDocs.Api.Tests.BDD.Features.Security.AdvancedAuthenticationSecurityFeature.UseMFABackupCodesForEmergencyAccess()
[xUnit.net 00:00:03.62]            at System.RuntimeMethodHandle.InvokeMethod(Object target, Void** arguments, Signature sig, Boolean isConstructor)
[xUnit.net 00:00:03.62]            at System.Reflection.MethodBaseInvoker.InvokeWithNoArgs(Object obj, BindingFlags invokeAttr)
[xUnit.net 00:00:03.62]       Output:
[xUnit.net 00:00:03.62]         Given the security system is active
[xUnit.net 00:00:03.62]         -> error: Expected response.StatusCode to be HttpStatusCode.OK {value: 200}, but found HttpStatusCode.NotFound {value: 404}. (0.0s)
[xUnit.net 00:00:03.62]         And advanced authentication features are enabled
[xUnit.net 00:00:03.62]         -> skipped because of previous errors
[xUnit.net 00:00:03.62]         And security policies are configured
[xUnit.net 00:00:03.62]         -> skipped because of previous errors
[xUnit.net 00:00:03.62]         Given I have MFA enabled on my account
[xUnit.net 00:00:03.62]         -> skipped because of previous errors
[xUnit.net 00:00:03.62]         And I have unused backup codes: ["ABC123", "DEF456", "GHI789"]
[xUnit.net 00:00:03.62]         -> skipped because of previous errors
[xUnit.net 00:00:03.62]         And my primary MFA device is unavailable
[xUnit.net 00:00:03.62]         -> skipped because of previous errors
[xUnit.net 00:00:03.62]         When I attempt to login with valid credentials
[xUnit.net 00:00:03.62]         -> skipped because of previous errors
[xUnit.net 00:00:03.62]         And I select "Use backup code" option
[xUnit.net 00:00:03.62]         -> skipped because of previous errors
[xUnit.net 00:00:03.62]         And I enter backup code "ABC123"
[xUnit.net 00:00:03.62]         -> skipped because of previous errors
[xUnit.net 00:00:03.62]         Then I should be granted access
[xUnit.net 00:00:03.62]         -> No matching step definition found for the step. Use the following code to create one:
[xUnit.net 00:00:03.62]                 [Then(@"I should be granted access")]
[xUnit.net 00:00:03.62]                 public void ThenIShouldBeGrantedAccess()
[xUnit.net 00:00:03.62]                 {
[xUnit.net 00:00:03.62]                     _scenarioContext.Pending();
[xUnit.net 00:00:03.62]                 }
[xUnit.net 00:00:03.62]         
[xUnit.net 00:00:03.62]         And the backup code "ABC123" should be marked as used
[xUnit.net 00:00:03.62]         -> skipped because of previous errors
[xUnit.net 00:00:03.62]         And I should be warned about remaining backup codes
[xUnit.net 00:00:03.62]         -> skipped because of previous errors
[xUnit.net 00:00:03.62]       Expected ((int)LastResponse!.StatusCode) to be 201, but found 404 (difference of 203).
[xUnit.net 00:00:03.62]       Stack Trace:
[xUnit.net 00:00:03.62]            at FluentAssertions.Execution.XUnit2TestFramework.Throw(String message)
[xUnit.net 00:00:03.62]            at FluentAssertions.Execution.TestFrameworkProvider.Throw(String message)
[xUnit.net 00:00:03.62]            at FluentAssertions.Execution.DefaultAssertionStrategy.HandleFailure(String message)
[xUnit.net 00:00:03.62]            at FluentAssertions.Execution.AssertionScope.FailWith(Func`1 failReasonFunc)
[xUnit.net 00:00:03.62]            at FluentAssertions.Execution.AssertionScope.FailWith(Func`1 failReasonFunc)
[xUnit.net 00:00:03.62]            at FluentAssertions.Execution.AssertionScope.FailWith(String message, Object[] args)
[xUnit.net 00:00:03.62]            at FluentAssertions.Numeric.NumericAssertions`2.Be(T expected, String because, Object[] becauseArgs)
[xUnit.net 00:00:03.62]         /home/srowe/workspace/pediatric-therapy-resource/api/Tests/BDD/StepDefinitions/BaseStepDefinitions.cs(72,0): at TherapyDocs.Api.Tests.BDD.StepDefinitions.BaseStepDefinitions.ThenTheResponseStatusShouldBe(Int32 statusCode)
[xUnit.net 00:00:03.62]         /home/srowe/workspace/pediatric-therapy-resource/api/Tests/BDD/StepDefinitions/CommonStepDefinitions.cs(55,0): at TherapyDocs.Api.Tests.BDD.StepDefinitions.CommonStepDefinitions.ThenTheResponseStatusShouldBeStep(Int32 statusCode)
[xUnit.net 00:00:03.62]            at InvokeStub_Action`2.Invoke(Object, Span`1)
[xUnit.net 00:00:03.62]            at System.Reflection.MethodBaseInvoker.InvokeWithFewArgs(Object obj, BindingFlags invokeAttr, Binder binder, Object[] parameters, CultureInfo culture)
[xUnit.net 00:00:03.62]            at TechTalk.SpecFlow.Bindings.BindingInvoker.InvokeBinding(IBinding binding, IContextManager contextManager, Object[] arguments, ITestTracer testTracer, TimeSpan& duration)
[xUnit.net 00:00:03.62]            at TechTalk.SpecFlow.Infrastructure.TestExecutionEngine.ExecuteStepMatch(BindingMatch match, Object[] arguments, TimeSpan& duration)
[xUnit.net 00:00:03.62]            at TechTalk.SpecFlow.Infrastructure.TestExecutionEngine.ExecuteStep(IContextManager contextManager, StepInstance stepInstance)
[xUnit.net 00:00:03.62]            at TechTalk.SpecFlow.Infrastructure.TestExecutionEngine.OnAfterLastStep()
[xUnit.net 00:00:03.62]            at TechTalk.SpecFlow.TestRunner.CollectScenarioErrors()
[xUnit.net 00:00:03.62]            at TherapyDocs.Api.Tests.BDD.Features.Integrations.ExternalIntegrationAPIEndpointsFR_022Feature.ScenarioCleanup()
[xUnit.net 00:00:03.62]         /home/srowe/workspace/pediatric-therapy-resource/api/Tests/BDD/Features/integrations/external-integrations.feature(119,0): at TherapyDocs.Api.Tests.BDD.Features.Integrations.ExternalIntegrationAPIEndpointsFR_022Feature.ScheduleViaCalendarIntegration()
[xUnit.net 00:00:03.62]            at System.RuntimeMethodHandle.InvokeMethod(Object target, Void** arguments, Signature sig, Boolean isConstructor)
[xUnit.net 00:00:03.62]            at System.Reflection.MethodBaseInvoker.InvokeWithNoArgs(Object obj, BindingFlags invokeAttr)
[xUnit.net 00:00:03.62]       Output:
[xUnit.net 00:00:03.62]         Given the API is available
[xUnit.net 00:00:03.62]         -> done: CommonStepDefinitions.GivenTheAPIIsAvailable() (0.0s)
[xUnit.net 00:00:03.62]         And I am authenticated as "therapist@clinic.com"
[xUnit.net 00:00:03.62]         -> done: CommonStepDefinitions.GivenIAmAuthenticatedAs("therapist@clinic.com") (0.0s)
[xUnit.net 00:00:03.62]         When I send a POST request to "/api/integrations/calendar/schedule" with:
[xUnit.net 00:00:03.62]           --- table step argument ---
[xUnit.net 00:00:03.62]           | field     | value                |
[xUnit.net 00:00:03.62]           | studentId | student-123          |
[xUnit.net 00:00:03.62]           | dateTime  | 2024-01-22T10:00:00Z |
[xUnit.net 00:00:03.62]           | duration  | 30                   |
[xUnit.net 00:00:03.62]           | recurring | weekly               |
[xUnit.net 00:00:03.62]           | endDate   | 2024-05-30           |
[xUnit.net 00:00:03.62]         -> done: CommonStepDefinitions.WhenISendAPOSTRequestToWithStep("/api/integrations...", <table>) (0.0s)
[xUnit.net 00:00:03.62]         Then the response status should be 201
[xUnit.net 00:00:03.62]         -> error: Expected ((int)LastResponse!.StatusCode) to be 201, but found 404 (difference of 203). (0.0s)
[xUnit.net 00:00:03.62]         And calendar events should be created
[xUnit.net 00:00:03.62]         -> No matching step definition found for the step. Use the following code to create one:
[xUnit.net 00:00:03.62]                 [Then(@"calendar events should be created")]
[xUnit.net 00:00:03.62]                 public void ThenCalendarEventsShouldBeCreated()
[xUnit.net 00:00:03.62]                 {
[xUnit.net 00:00:03.62]                     _scenarioContext.Pending();
[xUnit.net 00:00:03.62]                 }
[xUnit.net 00:00:03.62]         
[xUnit.net 00:00:03.62]         And invitations should be sent
[xUnit.net 00:00:03.62]         -> No matching step definition found for the step. Use the following code to create one:
[xUnit.net 00:00:03.62]                 [Then(@"invitations should be sent")]
[xUnit.net 00:00:03.62]                 public void ThenInvitationsShouldBeSent()
[xUnit.net 00:00:03.62]                 {
[xUnit.net 00:00:03.63]                     _scenarioContext.Pending();
[xUnit.net 00:00:03.63]                 }
[xUnit.net 00:00:03.63]         
  Failed Enforce advanced password complexity requirements [26 ms]
  Error Message:
   Expected response.StatusCode to be HttpStatusCode.OK {value: 200}, but found HttpStatusCode.NotFound {value: 404}.
  Stack Trace:
     at FluentAssertions.Execution.XUnit2TestFramework.Throw(String message)
   at FluentAssertions.Execution.TestFrameworkProvider.Throw(String message)
   at FluentAssertions.Execution.DefaultAssertionStrategy.HandleFailure(String message)
   at FluentAssertions.Execution.AssertionScope.FailWith(Func`1 failReasonFunc)
   at FluentAssertions.Execution.AssertionScope.FailWith(Func`1 failReasonFunc)
   at FluentAssertions.Execution.AssertionScope.FailWith(String message, Object[] args)
   at FluentAssertions.Primitives.EnumAssertions`2.Be(TEnum expected, String because, Object[] becauseArgs)
   at TherapyDocs.Api.Tests.BDD.StepDefinitions.SecurityTestingSteps.GivenTheSecuritySystemIsActive() in /home/srowe/workspace/pediatric-therapy-resource/api/Tests/BDD/StepDefinitions/SecurityTestingSteps.cs:line 37
   at TechTalk.SpecFlow.Bindings.SynchronousBindingDelegateInvoker.<>c__DisplayClass2_0.<<InvokeBindingDelegateAsync>b__0>d.MoveNext()
--- End of stack trace from previous location ---
   at TechTalk.SpecFlow.Bindings.AsyncHelpers.<>c__DisplayClass1_0`1.<<RunSync>b__0>d.MoveNext()
--- End of stack trace from previous location ---
   at TechTalk.SpecFlow.Bindings.AsyncHelpers.ExclusiveSynchronizationContext.BeginMessageLoop()
   at TechTalk.SpecFlow.Bindings.AsyncHelpers.RunSync[T](Func`1 task)
   at TechTalk.SpecFlow.Bindings.SynchronousBindingDelegateInvoker.InvokeBindingDelegateAsync(Delegate bindingDelegate, Object[] invokeArgs)
   at TechTalk.SpecFlow.Bindings.SynchronousBindingDelegateInvoker.InvokeDelegateSynchronously(Delegate bindingDelegate, Object[] invokeArgs)
   at TechTalk.SpecFlow.Bindings.BindingInvoker.InvokeBinding(IBinding binding, IContextManager contextManager, Object[] arguments, ITestTracer testTracer, TimeSpan& duration)
   at TechTalk.SpecFlow.Infrastructure.TestExecutionEngine.ExecuteStepMatch(BindingMatch match, Object[] arguments, TimeSpan& duration)
   at TechTalk.SpecFlow.Infrastructure.TestExecutionEngine.ExecuteStep(IContextManager contextManager, StepInstance stepInstance)
   at TechTalk.SpecFlow.Infrastructure.TestExecutionEngine.OnAfterLastStep()
   at TechTalk.SpecFlow.TestRunner.CollectScenarioErrors()
   at TherapyDocs.Api.Tests.BDD.Features.Security.AdvancedAuthenticationSecurityFeature.ScenarioCleanup()
   at TherapyDocs.Api.Tests.BDD.Features.Security.AdvancedAuthenticationSecurityFeature.EnforceAdvancedPasswordComplexityRequirements() in /home/srowe/workspace/pediatric-therapy-resource/api/Tests/BDD/Features/security/authentication-security.feature:line 60
   at System.RuntimeMethodHandle.InvokeMethod(Object target, Void** arguments, Signature sig, Boolean isConstructor)
   at System.Reflection.MethodBaseInvoker.InvokeWithNoArgs(Object obj, BindingFlags invokeAttr)
  Standard Output Messages:
 Given the security system is active
 -> error: Expected response.StatusCode to be HttpStatusCode.OK {value: 200}, but found HttpStatusCode.NotFound {value: 404}. (0.0s)
 And advanced authentication features are enabled
 -> skipped because of previous errors
 And security policies are configured
 -> skipped because of previous errors
 Given I am creating a new account
 -> skipped because of previous errors
 When I attempt to set passwords with varying complexity:
   --- table step argument ---
   | Password       | Length | Uppercase | Lowercase | Numbers | Symbols | Result   |
   | password123    | 11     | 0         | 8         | 3       | 0       | Rejected |
   | Password123    | 11     | 1         | 7         | 3       | 0       | Rejected |
   | Password123!   | 12     | 1         | 7         | 3       | 1       | Accepted |
   | MyP@ssw0rd2024 | 14     | 2         | 6         | 4       | 2       | Accepted |
 -> skipped because of previous errors
 Then only passwords meeting all complexity requirements should be accepted
 -> skipped because of previous errors
 And password strength meter should reflect actual security level
 -> skipped because of previous errors


  Skipped Sync with external marketplace [1 ms]
  Failed View community guidelines [54 ms]
  Error Message:
   Expected ((int)LastResponse!.StatusCode) to be 200, but found 404 (difference of 204).
  Stack Trace:
     at FluentAssertions.Execution.XUnit2TestFramework.Throw(String message)
   at FluentAssertions.Execution.TestFrameworkProvider.Throw(String message)
   at FluentAssertions.Execution.DefaultAssertionStrategy.HandleFailure(String message)
   at FluentAssertions.Execution.AssertionScope.FailWith(Func`1 failReasonFunc)
   at FluentAssertions.Execution.AssertionScope.FailWith(Func`1 failReasonFunc)
   at FluentAssertions.Execution.AssertionScope.FailWith(String message, Object[] args)
   at FluentAssertions.Numeric.NumericAssertions`2.Be(T expected, String because, Object[] becauseArgs)
   at TherapyDocs.Api.Tests.BDD.StepDefinitions.BaseStepDefinitions.ThenTheResponseStatusShouldBe(Int32 statusCode) in /home/srowe/workspace/pediatric-therapy-resource/api/Tests/BDD/StepDefinitions/BaseStepDefinitions.cs:line 72
   at TherapyDocs.Api.Tests.BDD.StepDefinitions.CommonStepDefinitions.ThenTheResponseStatusShouldBeStep(Int32 statusCode) in /home/srowe/workspace/pediatric-therapy-resource/api/Tests/BDD/StepDefinitions/CommonStepDefinitions.cs:line 55
   at InvokeStub_Action`2.Invoke(Object, Span`1)
   at System.Reflection.MethodBaseInvoker.InvokeWithFewArgs(Object obj, BindingFlags invokeAttr, Binder binder, Object[] parameters, CultureInfo culture)
   at TechTalk.SpecFlow.Bindings.BindingInvoker.InvokeBinding(IBinding binding, IContextManager contextManager, Object[] arguments, ITestTracer testTracer, TimeSpan& duration)
   at TechTalk.SpecFlow.Infrastructure.TestExecutionEngine.ExecuteStepMatch(BindingMatch match, Object[] arguments, TimeSpan& duration)
   at TechTalk.SpecFlow.Infrastructure.TestExecutionEngine.ExecuteStep(IContextManager contextManager, StepInstance stepInstance)
   at TechTalk.SpecFlow.Infrastructure.TestExecutionEngine.OnAfterLastStep()
   at TechTalk.SpecFlow.TestRunner.CollectScenarioErrors()
   at TherapyDocs.Api.Tests.BDD.Features.Platform.CommunityFeaturesAPIEndpointsFR_030Feature.ScenarioCleanup()
   at TherapyDocs.Api.Tests.BDD.Features.Platform.CommunityFeaturesAPIEndpointsFR_030Feature.ViewCommunityGuidelines() in /home/srowe/workspace/pediatric-therapy-resource/api/Tests/BDD/Features/platform/community-features.feature:line 104
   at System.RuntimeMethodHandle.InvokeMethod(Object target, Void** arguments, Signature sig, Boolean isConstructor)
   at System.Reflection.MethodBaseInvoker.InvokeWithNoArgs(Object obj, BindingFlags invokeAttr)
  Standard Output Messages:
 Given the API is available
 -> done: CommonStepDefinitions.GivenTheAPIIsAvailable() (0.0s)
 And I am authenticated as "therapist@clinic.com"
 -> done: CommonStepDefinitions.GivenIAmAuthenticatedAs("therapist@clinic.com") (0.0s)
 When I send a GET request to "/api/community/guidelines"
 -> done: CommonStepDefinitions.WhenISendAGETRequestToStep("/api/community/gu...") (0.0s)
 Then the response status should be 200
 -> error: Expected ((int)LastResponse!.StatusCode) to be 200, but found 404 (difference of 204). (0.0s)
 And guidelines should include:
   --- table step argument ---
   | section      | content                |
   | acceptable   | Professional discourse |
   | prohibited   | Marketing, spam, PHI   |
   | moderation   | Review process         |
   | consequences | Warning system         |
 -> No matching step definition found for the step. Use the following code to create one:
         [Then(@"guidelines should include:")]
         public void ThenGuidelinesShouldInclude(Table table)
         {
             _scenarioContext.Pending();
         }
 


  Failed View feature requests [48 ms]
  Error Message:
   Expected ((int)LastResponse!.StatusCode) to be 200, but found 404 (difference of 204).
  Stack Trace:
     at FluentAssertions.Execution.XUnit2TestFramework.Throw(String message)
   at FluentAssertions.Execution.TestFrameworkProvider.Throw(String message)
   at FluentAssertions.Execution.DefaultAssertionStrategy.HandleFailure(String message)
   at FluentAssertions.Execution.AssertionScope.FailWith(Func`1 failReasonFunc)
   at FluentAssertions.Execution.AssertionScope.FailWith(Func`1 failReasonFunc)
   at FluentAssertions.Execution.AssertionScope.FailWith(String message, Object[] args)
   at FluentAssertions.Numeric.NumericAssertions`2.Be(T expected, String because, Object[] becauseArgs)
   at TherapyDocs.Api.Tests.BDD.StepDefinitions.BaseStepDefinitions.ThenTheResponseStatusShouldBe(Int32 statusCode) in /home/srowe/workspace/pediatric-therapy-resource/api/Tests/BDD/StepDefinitions/BaseStepDefinitions.cs:line 72
   at TherapyDocs.Api.Tests.BDD.StepDefinitions.CommonStepDefinitions.ThenTheResponseStatusShouldBeStep(Int32 statusCode) in /home/srowe/workspace/pediatric-therapy-resource/api/Tests/BDD/StepDefinitions/CommonStepDefinitions.cs:line 55
   at InvokeStub_Action`2.Invoke(Object, Span`1)
   at System.Reflection.MethodBaseInvoker.InvokeWithFewArgs(Object obj, BindingFlags invokeAttr, Binder binder, Object[] parameters, CultureInfo culture)
   at TechTalk.SpecFlow.Bindings.BindingInvoker.InvokeBinding(IBinding binding, IContextManager contextManager, Object[] arguments, ITestTracer testTracer, TimeSpan& duration)
   at TechTalk.SpecFlow.Infrastructure.TestExecutionEngine.ExecuteStepMatch(BindingMatch match, Object[] arguments, TimeSpan& duration)
   at TechTalk.SpecFlow.Infrastructure.TestExecutionEngine.ExecuteStep(IContextManager contextManager, StepInstance stepInstance)
   at TechTalk.SpecFlow.Infrastructure.TestExecutionEngine.OnAfterLastStep()
   at TechTalk.SpecFlow.TestRunner.CollectScenarioErrors()
   at TherapyDocs.Api.Tests.BDD.Features.Platform.CommunityFeaturesAPIEndpointsFR_030Feature.ScenarioCleanup()
   at TherapyDocs.Api.Tests.BDD.Features.Platform.CommunityFeaturesAPIEndpointsFR_030Feature.ViewFeatureRequests() in /home/srowe/workspace/pediatric-therapy-resource/api/Tests/BDD/Features/platform/community-features.feature:line 129
   at System.RuntimeMethodHandle.InvokeMethod(Object target, Void** arguments, Signature sig, Boolean isConstructor)
   at System.Reflection.MethodBaseInvoker.InvokeWithNoArgs(Object obj, BindingFlags invokeAttr)
  Standard Output Messages:
 Given the API is available
 -> done: CommonStepDefinitions.GivenTheAPIIsAvailable() (0.0s)
 And I am authenticated as "therapist@clinic.com"
 -> done: CommonStepDefinitions.GivenIAmAuthenticatedAs("therapist@clinic.com") (0.0s)
 When I send a GET request to "/api/community/feature-requests?status=open&sort=votes"
 -> done: CommonStepDefinitions.WhenISendAGETRequestToStep("/api/community/fe...") (0.0s)
 Then the response status should be 200
 -> error: Expected ((int)LastResponse!.StatusCode) to be 200, but found 404 (difference of 204). (0.0s)
 And requests should be sorted by:
   --- table step argument ---
   | requestId | title                   | votes | status       |
   | req-1     | "Offline mode for iPad" | 245   | under-review |
   | req-2     | "More languages"        | 189   | planned      |
   | req-3     | "Video tutorials"       | 156   | open         |
 -> No matching step definition found for the step. Use the following code to create one:
         [Then(@"requests should be sorted by:")]
         public void ThenRequestsShouldBeSortedBy(Table table)
         {
             _scenarioContext.Pending();
         }
 


  Failed Use MFA backup codes for emergency access [69 ms]
  Error Message:
   Expected response.StatusCode to be HttpStatusCode.OK {value: 200}, but found HttpStatusCode.NotFound {value: 404}.
  Stack Trace:
     at FluentAssertions.Execution.XUnit2TestFramework.Throw(String message)
   at FluentAssertions.Execution.TestFrameworkProvider.Throw(String message)
   at FluentAssertions.Execution.DefaultAssertionStrategy.HandleFailure(String message)
   at FluentAssertions.Execution.AssertionScope.FailWith(Func`1 failReasonFunc)
   at FluentAssertions.Execution.AssertionScope.FailWith(Func`1 failReasonFunc)
   at FluentAssertions.Execution.AssertionScope.FailWith(String message, Object[] args)
   at FluentAssertions.Primitives.EnumAssertions`2.Be(TEnum expected, String because, Object[] becauseArgs)
   at TherapyDocs.Api.Tests.BDD.StepDefinitions.SecurityTestingSteps.GivenTheSecuritySystemIsActive() in /home/srowe/workspace/pediatric-therapy-resource/api/Tests/BDD/StepDefinitions/SecurityTestingSteps.cs:line 37
   at TechTalk.SpecFlow.Bindings.SynchronousBindingDelegateInvoker.<>c__DisplayClass2_0.<<InvokeBindingDelegateAsync>b__0>d.MoveNext()
--- End of stack trace from previous location ---
   at TechTalk.SpecFlow.Bindings.AsyncHelpers.<>c__DisplayClass1_0`1.<<RunSync>b__0>d.MoveNext()
--- End of stack trace from previous location ---
   at TechTalk.SpecFlow.Bindings.AsyncHelpers.ExclusiveSynchronizationContext.BeginMessageLoop()
   at TechTalk.SpecFlow.Bindings.AsyncHelpers.RunSync[T](Func`1 task)
   at TechTalk.SpecFlow.Bindings.SynchronousBindingDelegateInvoker.InvokeBindingDelegateAsync(Delegate bindingDelegate, Object[] invokeArgs)
   at TechTalk.SpecFlow.Bindings.SynchronousBindingDelegateInvoker.InvokeDelegateSynchronously(Delegate bindingDelegate, Object[] invokeArgs)
   at TechTalk.SpecFlow.Bindings.BindingInvoker.InvokeBinding(IBinding binding, IContextManager contextManager, Object[] arguments, ITestTracer testTracer, TimeSpan& duration)
   at TechTalk.SpecFlow.Infrastructure.TestExecutionEngine.ExecuteStepMatch(BindingMatch match, Object[] arguments, TimeSpan& duration)
   at TechTalk.SpecFlow.Infrastructure.TestExecutionEngine.ExecuteStep(IContextManager contextManager, StepInstance stepInstance)
   at TechTalk.SpecFlow.Infrastructure.TestExecutionEngine.OnAfterLastStep()
   at TechTalk.SpecFlow.TestRunner.CollectScenarioErrors()
   at TherapyDocs.Api.Tests.BDD.Features.Security.AdvancedAuthenticationSecurityFeature.ScenarioCleanup()
   at TherapyDocs.Api.Tests.BDD.Features.Security.AdvancedAuthenticationSecurityFeature.UseMFABackupCodesForEmergencyAccess() in /home/srowe/workspace/pediatric-therapy-resource/api/Tests/BDD/Features/security/authentication-security.feature:line 33
   at System.RuntimeMethodHandle.InvokeMethod(Object target, Void** arguments, Signature sig, Boolean isConstructor)
   at System.Reflection.MethodBaseInvoker.InvokeWithNoArgs(Object obj, BindingFlags invokeAttr)
  Standard Output Messages:
 Given the security system is active
 -> error: Expected response.StatusCode to be HttpStatusCode.OK {value: 200}, but found HttpStatusCode.NotFound {value: 404}. (0.0s)
 And advanced authentication features are enabled
 -> skipped because of previous errors
 And security policies are configured
 -> skipped because of previous errors
 Given I have MFA enabled on my account
 -> skipped because of previous errors
 And I have unused backup codes: ["ABC123", "DEF456", "GHI789"]
 -> skipped because of previous errors
 And my primary MFA device is unavailable
 -> skipped because of previous errors
 When I attempt to login with valid credentials
 -> skipped because of previous errors
 And I select "Use backup code" option
 -> skipped because of previous errors
 And I enter backup code "ABC123"
 -> skipped because of previous errors
 Then I should be granted access
 -> No matching step definition found for the step. Use the following code to create one:
         [Then(@"I should be granted access")]
         public void ThenIShouldBeGrantedAccess()
         {
             _scenarioContext.Pending();
         }
 
 And the backup code "ABC123" should be marked as used
 -> skipped because of previous errors
 And I should be warned about remaining backup codes
 -> skipped because of previous errors


  Failed Schedule via calendar integration [79 ms]
  Error Message:
   Expected ((int)LastResponse!.StatusCode) to be 201, but found 404 (difference of 203).
  Stack Trace:
     at FluentAssertions.Execution.XUnit2TestFramework.Throw(String message)
   at FluentAssertions.Execution.TestFrameworkProvider.Throw(String message)
   at FluentAssertions.Execution.DefaultAssertionStrategy.HandleFailure(String message)
   at FluentAssertions.Execution.AssertionScope.FailWith(Func`1 failReasonFunc)
   at FluentAssertions.Execution.AssertionScope.FailWith(Func`1 failReasonFunc)
   at FluentAssertions.Execution.AssertionScope.FailWith(String message, Object[] args)
   at FluentAssertions.Numeric.NumericAssertions`2.Be(T expected, String because, Object[] becauseArgs)
   at TherapyDocs.Api.Tests.BDD.StepDefinitions.BaseStepDefinitions.ThenTheResponseStatusShouldBe(Int32 statusCode) in /home/srowe/workspace/pediatric-therapy-resource/api/Tests/BDD/StepDefinitions/BaseStepDefinitions.cs:line 72
   at TherapyDocs.Api.Tests.BDD.StepDefinitions.CommonStepDefinitions.ThenTheResponseStatusShouldBeStep(Int32 statusCode) in /home/srowe/workspace/pediatric-therapy-resource/api/Tests/BDD/StepDefinitions/CommonStepDefinitions.cs:line 55
   at InvokeStub_Action`2.Invoke(Object, Span`1)
   at System.Reflection.MethodBaseInvoker.InvokeWithFewArgs(Object obj, BindingFlags invokeAttr, Binder binder, Object[] parameters, CultureInfo culture)
   at TechTalk.SpecFlow.Bindings.BindingInvoker.InvokeBinding(IBinding binding, IContextManager contextManager, Object[] arguments, ITestTracer testTracer, TimeSpan& duration)
   at TechTalk.SpecFlow.Infrastructure.TestExecutionEngine.ExecuteStepMatch(BindingMatch match, Object[] arguments, TimeSpan& duration)
   at TechTalk.SpecFlow.Infrastructure.TestExecutionEngine.ExecuteStep(IContextManager contextManager, StepInstance stepInstance)
   at TechTalk.SpecFlow.Infrastructure.TestExecutionEngine.OnAfterLastStep()
   at TechTalk.SpecFlow.TestRunner.CollectScenarioErrors()
   at TherapyDocs.Api.Tests.BDD.Features.Integrations.ExternalIntegrationAPIEndpointsFR_022Feature.ScenarioCleanup()
   at TherapyDocs.Api.Tests.BDD.Features.Integrations.ExternalIntegrationAPIEndpointsFR_022Feature.ScheduleViaCalendarIntegration() in /home/srowe/workspace/pediatric-therapy-resource/api/Tests/BDD/Features/integrations/external-integrations.feature:line 119
   at System.RuntimeMethodHandle.InvokeMethod(Object target, Void** arguments, Signature sig, Boolean isConstructor)
   at System.Reflection.MethodBaseInvoker.InvokeWithNoArgs(Object obj, BindingFlags invokeAttr)
  Standard Output Messages:
 Given the API is available
 -> done: CommonStepDefinitions.GivenTheAPIIsAvailable() (0.0s)
 And I am authenticated as "therapist@clinic.com"
 -> done: CommonStepDefinitions.GivenIAmAuthenticatedAs("therapist@clinic.com") (0.0s)
 When I send a POST request to "/api/integrations/calendar/schedule" with:
   --- table step argument ---
   | field     | value                |
   | studentId | student-123          |
   | dateTime  | 2024-01-22T10:00:00Z |
   | duration  | 30                   |
   | recurring | weekly               |
   | endDate   | 2024-05-30           |
 -> done: CommonStepDefinitions.WhenISendAPOSTRequestToWithStep("/api/integrations...", <table>) (0.0s)
 Then the response status should be 201
 -> error: Expected ((int)LastResponse!.StatusCode) to be 201, but found 404 (difference of 203). (0.0s)
 And calendar events should be created
 -> No matching step definition found for the step. Use the following code to create one:
         [Then(@"calendar events should be created")]
         public void ThenCalendarEventsShouldBeCreated()
         {
             _scenarioContext.Pending();
         }
 
 And invitations should be sent
 -> No matching step definition found for the step. Use the following code to create one:
         [Then(@"invitations should be sent")]
         public void ThenInvitationsShouldBeSent()
         {
             _scenarioContext.Pending();
         }
 


[xUnit.net 00:00:03.63]     Track content lifecycle and relevance [SKIP]
[xUnit.net 00:00:03.63]       No matching step definition found for one or more steps.\nusing System;\r\nusing TechTalk.SpecFlow;\r\n\r\nnamespace MyNamespace\r\n{\r\n    [Binding]\r\n    public class StepDefinitions\r\n    {\r\n        private readonly ScenarioContext _scenarioContext;\r\n\r\n        public StepDefinitions(ScenarioContext scenarioContext)\r\n        {\r\n            _scenarioContext = scenarioContext;\r\n        }\r\n        [Given(@"usage analytics system is configured")]\r\n        public void GivenUsageAnalyticsSystemIsConfigured()\r\n        {\r\n            _scenarioContext.Pending();\r\n        }\r\n        \n        [Given(@"comprehensive tracking is enabled")]\r\n        public void GivenComprehensiveTrackingIsEnabled()\r\n        {\r\n            _scenarioContext.Pending();\r\n        }\r\n        \n        [Given(@"pattern recognition algorithms are active")]\r\n        public void GivenPatternRecognitionAlgorithmsAreActive()\r\n        {\r\n            _scenarioContext.Pending();\r\n        }\r\n        \n        [Given(@"insight generation engine is ready")]\r\n        public void GivenInsightGenerationEngineIsReady()\r\n        {\r\n            _scenarioContext.Pending();\r\n        }\r\n        \n        [Given(@"resources have measurable lifecycles")]\r\n        public void GivenResourcesHaveMeasurableLifecycles()\r\n        {\r\n            _scenarioContext.Pending();\r\n        }\r\n        \n        [Given(@"relevance metrics are tracked")]\r\n        public void GivenRelevanceMetricsAreTracked()\r\n        {\r\n            _scenarioContext.Pending();\r\n        }\r\n        \n        [When(@"analyzing content lifecycle patterns:")]\r\n        public void WhenAnalyzingContentLifecyclePatterns(Table table)\r\n        {\r\n            _scenarioContext.Pending();\r\n        }\r\n        \n        [Then(@"content freshness should be maintained")]\r\n        public void ThenContentFreshnessShouldBeMaintained()\r\n        {\r\n            _scenarioContext.Pending();\r\n        }\r\n        \n        [Then(@"popular content should be updated regularly")]\r\n        public void ThenPopularContentShouldBeUpdatedRegularly()\r\n        {\r\n            _scenarioContext.Pending();\r\n        }\r\n        \n        [Then(@"outdated content should be refreshed or retired")]\r\n        public void ThenOutdatedContentShouldBeRefreshedOrRetired()\r\n        {\r\n            _scenarioContext.Pending();\r\n        }\r\n        \n        [Then(@"content strategy should be data-driven")]\r\n        public void ThenContentStrategyShouldBeData_Driven()\r\n        {\r\n            _scenarioContext.Pending();\r\n        }\r\n    }\r\n}\r\n
[xUnit.net 00:00:03.64]     Handle EHR API failures and service degradation [SKIP]
[xUnit.net 00:00:03.64]       No matching step definition found for one or more steps.\nusing System;\r\nusing TechTalk.SpecFlow;\r\n\r\nnamespace MyNamespace\r\n{\r\n    [Binding]\r\n    public class StepDefinitions\r\n    {\r\n        private readonly ScenarioContext _scenarioContext;\r\n\r\n        public StepDefinitions(ScenarioContext scenarioContext)\r\n        {\r\n            _scenarioContext = scenarioContext;\r\n        }\r\n        [Given(@"EHR APIs may experience failures or degradation")]\r\n        public void GivenEHRAPIsMayExperienceFailuresOrDegradation()\r\n        {\r\n            _scenarioContext.Pending();\r\n        }\r\n        \n        [When(@"EHR API failure scenarios are tested:")]\r\n        public void WhenEHRAPIFailureScenariosAreTested(Table table)\r\n        {\r\n            _scenarioContext.Pending();\r\n        }\r\n        \n        [Then(@"API failures should be handled gracefully")]\r\n        public void ThenAPIFailuresShouldBeHandledGracefully()\r\n        {\r\n            _scenarioContext.Pending();\r\n        }\r\n        \n        [Then(@"users should receive clear communication about issues")]\r\n        public void ThenUsersShouldReceiveClearCommunicationAboutIssues()\r\n        {\r\n            _scenarioContext.Pending();\r\n        }\r\n        \n        [Then(@"system should automatically recover when service resumes")]\r\n        public void ThenSystemShouldAutomaticallyRecoverWhenServiceResumes()\r\n        {\r\n            _scenarioContext.Pending();\r\n        }\r\n        \n        [Then(@"failed operations should be queued for retry when appropriate")]\r\n        public void ThenFailedOperationsShouldBeQueuedForRetryWhenAppropriate()\r\n        {\r\n            _scenarioContext.Pending();\r\n        }\r\n    }\r\n}\r\n
[13:32:18 ERR] An unhandled exception occurred
System.InvalidOperationException: No service for type 'Microsoft.AspNetCore.Mvc.ViewFeatures.Filters.AutoValidateAntiforgeryTokenAuthorizationFilter' has been registered.
   at Microsoft.Extensions.DependencyInjection.ServiceProviderServiceExtensions.GetRequiredService(IServiceProvider provider, Type serviceType)
   at Microsoft.Extensions.DependencyInjection.ServiceProviderServiceExtensions.GetRequiredService[T](IServiceProvider provider)
   at Microsoft.AspNetCore.Mvc.Filters.DefaultFilterProvider.ProvideFilter(FilterProviderContext context, FilterItem filterItem)
   at Microsoft.AspNetCore.Mvc.Filters.DefaultFilterProvider.OnProvidersExecuting(FilterProviderContext context)
   at Microsoft.AspNetCore.Mvc.Filters.FilterFactory.CreateUncachedFiltersCore(IFilterProvider[] filterProviders, ActionContext actionContext, List`1 filterItems)
   at Microsoft.AspNetCore.Mvc.Filters.FilterFactory.GetAllFilters(IFilterProvider[] filterProviders, ActionContext actionContext)
   at Microsoft.AspNetCore.Mvc.Infrastructure.ControllerActionInvokerCache.GetCachedResult(ControllerContext controllerContext)
   at Microsoft.AspNetCore.Mvc.Routing.ControllerRequestDelegateFactory.<>c__DisplayClass12_0.<CreateRequestDelegate>b__0(HttpContext context)
   at Microsoft.AspNetCore.Authorization.AuthorizationMiddleware.Invoke(HttpContext context)
   at Microsoft.AspNetCore.Authentication.AuthenticationMiddleware.Invoke(HttpContext context)
   at Microsoft.AspNetCore.RateLimiting.RateLimitingMiddleware.InvokeInternal(HttpContext context, EnableRateLimitingAttribute enableRateLimitingAttribute)
   at TherapyDocs.Api.Middleware.GlobalExceptionMiddleware.InvokeAsync(HttpContext context) in /home/srowe/workspace/pediatric-therapy-resource/api/Middleware/GlobalExceptionMiddleware.cs:line 31
[xUnit.net 00:00:03.70]     Create behavior contract [SKIP]
[xUnit.net 00:00:03.70]       No matching step definition found for one or more steps.\nusing System;\r\nusing TechTalk.SpecFlow;\r\n\r\nnamespace MyNamespace\r\n{\r\n    [Binding]\r\n    public class StepDefinitions\r\n    {\r\n        private readonly ScenarioContext _scenarioContext;\r\n\r\n        public StepDefinitions(ScenarioContext scenarioContext)\r\n        {\r\n            _scenarioContext = scenarioContext;\r\n        }\r\n        [Given(@"I have ABA certification")]\r\n        public void GivenIHaveABACertification()\r\n        {\r\n            _scenarioContext.Pending();\r\n        }\r\n        \n        [Then(@"contract document should be generated")]\r\n        public void ThenContractDocumentShouldBeGenerated()\r\n        {\r\n            _scenarioContext.Pending();\r\n        }\r\n        \n        [Then(@"tracking sheet should be created")]\r\n        public void ThenTrackingSheetShouldBeCreated()\r\n        {\r\n            _scenarioContext.Pending();\r\n        }\r\n    }\r\n}\r\n
[xUnit.net 00:00:03.71]     Handle model deployment failures [SKIP]
[xUnit.net 00:00:03.71]       No matching step definition found for one or more steps.\nusing System;\r\nusing TechTalk.SpecFlow;\r\n\r\nnamespace MyNamespace\r\n{\r\n    [Binding]\r\n    public class StepDefinitions\r\n    {\r\n        private readonly ScenarioContext _scenarioContext;\r\n\r\n        public StepDefinitions(ScenarioContext scenarioContext)\r\n        {\r\n            _scenarioContext = scenarioContext;\r\n        }\r\n        [Given(@"custom ML model training infrastructure is configured")]\r\n        public void GivenCustomMLModelTrainingInfrastructureIsConfigured()\r\n        {\r\n            _scenarioContext.Pending();\r\n        }\r\n        \n        [Given(@"training data management system is active")]\r\n        public void GivenTrainingDataManagementSystemIsActive()\r\n        {\r\n            _scenarioContext.Pending();\r\n        }\r\n        \n        [Given(@"model versioning and deployment pipeline exists")]\r\n        public void GivenModelVersioningAndDeploymentPipelineExists()\r\n        {\r\n            _scenarioContext.Pending();\r\n        }\r\n        \n        [Given(@"performance monitoring is enabled")]\r\n        public void GivenPerformanceMonitoringIsEnabled()\r\n        {\r\n            _scenarioContext.Pending();\r\n        }\r\n        \n        [Given(@"security and compliance measures are enforced")]\r\n        public void GivenSecurityAndComplianceMeasuresAreEnforced()\r\n        {\r\n            _scenarioContext.Pending();\r\n        }\r\n        \n        [Given(@"deployment may fail in production")]\r\n        public void GivenDeploymentMayFailInProduction()\r\n        {\r\n            _scenarioContext.Pending();\r\n        }\r\n        \n        [When(@"deployment issues arise:")]\r\n        public void WhenDeploymentIssuesArise(Table table)\r\n        {\r\n            _scenarioContext.Pending();\r\n        }\r\n        \n        [Then(@"deployment issues should be detected quickly")]\r\n        public void ThenDeploymentIssuesShouldBeDetectedQuickly()\r\n        {\r\n            _scenarioContext.Pending();\r\n        }\r\n        \n        [Then(@"resolution should be rapid")]\r\n        public void ThenResolutionShouldBeRapid()\r\n        {\r\n            _scenarioContext.Pending();\r\n        }\r\n        \n        [Then(@"service impact should be minimized")]\r\n        public void ThenServiceImpactShouldBeMinimized()\r\n        {\r\n            _scenarioContext.Pending();\r\n        }\r\n        \n        [Then(@"lessons should be documented")]\r\n        public void ThenLessonsShouldBeDocumented()\r\n        {\r\n            _scenarioContext.Pending();\r\n        }\r\n    }\r\n}\r\n
[xUnit.net 00:00:03.71]     Track incident response metrics and KPIs [SKIP]
[xUnit.net 00:00:03.71]       No matching step definition found for one or more steps.\nusing System;\r\nusing TechTalk.SpecFlow;\r\n\r\nnamespace MyNamespace\r\n{\r\n    [Binding]\r\n    public class StepDefinitions\r\n    {\r\n        private readonly ScenarioContext _scenarioContext;\r\n\r\n        public StepDefinitions(ScenarioContext scenarioContext)\r\n        {\r\n            _scenarioContext = scenarioContext;\r\n        }\r\n        [Given(@"the incident response system is active")]\r\n        public void GivenTheIncidentResponseSystemIsActive()\r\n        {\r\n            _scenarioContext.Pending();\r\n        }\r\n        \n        [Given(@"security monitoring is enabled")]\r\n        public void GivenSecurityMonitoringIsEnabled()\r\n        {\r\n            _scenarioContext.Pending();\r\n        }\r\n        \n        [Given(@"response procedures are configured")]\r\n        public void GivenResponseProceduresAreConfigured()\r\n        {\r\n            _scenarioContext.Pending();\r\n        }\r\n        \n        [Given(@"incident response activities are tracked")]\r\n        public void GivenIncidentResponseActivitiesAreTracked()\r\n        {\r\n            _scenarioContext.Pending();\r\n        }\r\n        \n        [When(@"incident metrics are analyzed")]\r\n        public void WhenIncidentMetricsAreAnalyzed()\r\n        {\r\n            _scenarioContext.Pending();\r\n        }\r\n        \n        [Then(@"key performance indicators should include:")]\r\n        public void ThenKeyPerformanceIndicatorsShouldInclude(Table table)\r\n        {\r\n            _scenarioContext.Pending();\r\n        }\r\n        \n        [Then(@"metrics should be tracked monthly and reported quarterly")]\r\n        public void ThenMetricsShouldBeTrackedMonthlyAndReportedQuarterly()\r\n        {\r\n            _scenarioContext.Pending();\r\n        }\r\n        \n        [Then(@"trends should be analyzed to improve response capabilities")]\r\n        public void ThenTrendsShouldBeAnalyzedToImproveResponseCapabilities()\r\n        {\r\n            _scenarioContext.Pending();\r\n        }\r\n    }\r\n}\r\n
  Skipped Track content lifecycle and relevance [1 ms]
  Skipped Handle EHR API failures and service degradation [1 ms]
  Skipped Create behavior contract [1 ms]
  Skipped Handle model deployment failures [1 ms]
  Skipped Track incident response metrics and KPIs [1 ms]
[xUnit.net 00:00:03.71]     Scale storage systems to handle petabyte-scale data [SKIP]
[xUnit.net 00:00:03.71]       No matching step definition found for one or more steps.\nusing System;\r\nusing TechTalk.SpecFlow;\r\n\r\nnamespace MyNamespace\r\n{\r\n    [Binding]\r\n    public class StepDefinitions\r\n    {\r\n        private readonly ScenarioContext _scenarioContext;\r\n\r\n        public StepDefinitions(ScenarioContext scenarioContext)\r\n        {\r\n            _scenarioContext = scenarioContext;\r\n        }\r\n        [Given(@"data volume management systems are configured")]\r\n        public void GivenDataVolumeManagementSystemsAreConfigured()\r\n        {\r\n            _scenarioContext.Pending();\r\n        }\r\n        \n        [Given(@"big data infrastructure is deployed")]\r\n        public void GivenBigDataInfrastructureIsDeployed()\r\n        {\r\n            _scenarioContext.Pending();\r\n        }\r\n        \n        [Given(@"data lifecycle policies are defined")]\r\n        public void GivenDataLifecyclePoliciesAreDefined()\r\n        {\r\n            _scenarioContext.Pending();\r\n        }\r\n        \n        [Given(@"storage tiers are established")]\r\n        public void GivenStorageTiersAreEstablished()\r\n        {\r\n            _scenarioContext.Pending();\r\n        }\r\n        \n        [Given(@"processing frameworks are initialized")]\r\n        public void GivenProcessingFrameworksAreInitialized()\r\n        {\r\n            _scenarioContext.Pending();\r\n        }\r\n        \n        [Given(@"the platform generates terabytes of data daily")]\r\n        public void GivenThePlatformGeneratesTerabytesOfDataDaily()\r\n        {\r\n            _scenarioContext.Pending();\r\n        }\r\n        \n        [Given(@"storage must scale to petabytes")]\r\n        public void GivenStorageMustScaleToPetabytes()\r\n        {\r\n            _scenarioContext.Pending();\r\n        }\r\n        \n        [When(@"implementing storage scaling:")]\r\n        public void WhenImplementingStorageScaling(Table table)\r\n        {\r\n            _scenarioContext.Pending();\r\n        }\r\n        \n        [Then(@"storage should scale seamlessly")]\r\n        public void ThenStorageShouldScaleSeamlessly()\r\n        {\r\n            _scenarioContext.Pending();\r\n        }\r\n        \n        [Then(@"performance should meet access patterns")]\r\n        public void ThenPerformanceShouldMeetAccessPatterns()\r\n        {\r\n            _scenarioContext.Pending();\r\n        }\r\n        \n        [Then(@"costs should be optimized by tier")]\r\n        public void ThenCostsShouldBeOptimizedByTier()\r\n        {\r\n            _scenarioContext.Pending();\r\n        }\r\n        \n        [Then(@"data should be highly available")]\r\n        public void ThenDataShouldBeHighlyAvailable()\r\n        {\r\n            _scenarioContext.Pending();\r\n        }\r\n    }\r\n}\r\n
[xUnit.net 00:00:03.72]     Communicate model limitations and uncertainty [SKIP]
[xUnit.net 00:00:03.73]       No matching step definition found for one or more steps.\nusing System;\r\nusing TechTalk.SpecFlow;\r\n\r\nnamespace MyNamespace\r\n{\r\n    [Binding]\r\n    public class StepDefinitions\r\n    {\r\n        private readonly ScenarioContext _scenarioContext;\r\n\r\n        public StepDefinitions(ScenarioContext scenarioContext)\r\n        {\r\n            _scenarioContext = scenarioContext;\r\n        }\r\n        [Given(@"outcome prediction models are configured")]\r\n        public void GivenOutcomePredictionModelsAreConfigured()\r\n        {\r\n            _scenarioContext.Pending();\r\n        }\r\n        \n        [Given(@"historical outcome data is available")]\r\n        public void GivenHistoricalOutcomeDataIsAvailable()\r\n        {\r\n            _scenarioContext.Pending();\r\n        }\r\n        \n        [Given(@"multivariate analysis is enabled")]\r\n        public void GivenMultivariateAnalysisIsEnabled()\r\n        {\r\n            _scenarioContext.Pending();\r\n        }\r\n        \n        [Given(@"evidence-based benchmarks are loaded")]\r\n        public void GivenEvidence_BasedBenchmarksAreLoaded()\r\n        {\r\n            _scenarioContext.Pending();\r\n        }\r\n        \n        [Given(@"stakeholder communication tools are ready")]\r\n        public void GivenStakeholderCommunicationToolsAreReady()\r\n        {\r\n            _scenarioContext.Pending();\r\n        }\r\n        \n        [Given(@"all models have inherent limitations")]\r\n        public void GivenAllModelsHaveInherentLimitations()\r\n        {\r\n            _scenarioContext.Pending();\r\n        }\r\n        \n        [When(@"presenting predictions with uncertainty:")]\r\n        public void WhenPresentingPredictionsWithUncertainty(Table table)\r\n        {\r\n            _scenarioContext.Pending();\r\n        }\r\n        \n        [Then(@"limitations should be transparently communicated")]\r\n        public void ThenLimitationsShouldBeTransparentlyCommunicated()\r\n        {\r\n            _scenarioContext.Pending();\r\n        }\r\n        \n        [Then(@"uncertainty should be quantified")]\r\n        public void ThenUncertaintyShouldBeQuantified()\r\n        {\r\n            _scenarioContext.Pending();\r\n        }\r\n        \n        [Then(@"decisions should acknowledge unknowns")]\r\n        public void ThenDecisionsShouldAcknowledgeUnknowns()\r\n        {\r\n            _scenarioContext.Pending();\r\n        }\r\n        \n        [Then(@"flexibility should be maintained")]\r\n        public void ThenFlexibilityShouldBeMaintained()\r\n        {\r\n            _scenarioContext.Pending();\r\n        }\r\n    }\r\n}\r\n
[xUnit.net 00:00:03.73]       Expected LastResponse not to be <null>.
[xUnit.net 00:00:03.73]       Stack Trace:
[xUnit.net 00:00:03.73]            at FluentAssertions.Execution.XUnit2TestFramework.Throw(String message)
[xUnit.net 00:00:03.73]            at FluentAssertions.Execution.TestFrameworkProvider.Throw(String message)
[xUnit.net 00:00:03.73]            at FluentAssertions.Execution.DefaultAssertionStrategy.HandleFailure(String message)
[xUnit.net 00:00:03.73]            at FluentAssertions.Execution.AssertionScope.FailWith(Func`1 failReasonFunc)
[xUnit.net 00:00:03.74]            at FluentAssertions.Execution.AssertionScope.FailWith(Func`1 failReasonFunc)
[xUnit.net 00:00:03.74]            at FluentAssertions.Execution.AssertionScope.FailWith(String message)
[xUnit.net 00:00:03.74]            at FluentAssertions.Primitives.ReferenceTypeAssertions`2.NotBeNull(String because, Object[] becauseArgs)
[xUnit.net 00:00:03.74]         /home/srowe/workspace/pediatric-therapy-resource/api/Tests/BDD/StepDefinitions/BaseStepDefinitions.cs(71,0): at TherapyDocs.Api.Tests.BDD.StepDefinitions.BaseStepDefinitions.ThenTheResponseStatusShouldBe(Int32 statusCode)
[xUnit.net 00:00:03.74]         /home/srowe/workspace/pediatric-therapy-resource/api/Tests/BDD/StepDefinitions/CommonStepDefinitions.cs(55,0): at TherapyDocs.Api.Tests.BDD.StepDefinitions.CommonStepDefinitions.ThenTheResponseStatusShouldBeStep(Int32 statusCode)
[xUnit.net 00:00:03.74]            at InvokeStub_Action`2.Invoke(Object, Span`1)
[xUnit.net 00:00:03.74]            at System.Reflection.MethodBaseInvoker.InvokeWithFewArgs(Object obj, BindingFlags invokeAttr, Binder binder, Object[] parameters, CultureInfo culture)
[xUnit.net 00:00:03.74]            at TechTalk.SpecFlow.Bindings.BindingInvoker.InvokeBinding(IBinding binding, IContextManager contextManager, Object[] arguments, ITestTracer testTracer, TimeSpan& duration)
[xUnit.net 00:00:03.74]            at TechTalk.SpecFlow.Infrastructure.TestExecutionEngine.ExecuteStepMatch(BindingMatch match, Object[] arguments, TimeSpan& duration)
[xUnit.net 00:00:03.74]            at TechTalk.SpecFlow.Infrastructure.TestExecutionEngine.ExecuteStep(IContextManager contextManager, StepInstance stepInstance)
[xUnit.net 00:00:03.74]            at TechTalk.SpecFlow.Infrastructure.TestExecutionEngine.OnAfterLastStep()
[xUnit.net 00:00:03.74]            at TechTalk.SpecFlow.TestRunner.CollectScenarioErrors()
[xUnit.net 00:00:03.74]            at TherapyDocs.Api.Tests.BDD.Features.Auth.AuthenticationAPIEndpointsFR_001Feature.ScenarioCleanup()
[xUnit.net 00:00:03.74]         /home/srowe/workspace/pediatric-therapy-resource/api/Tests/BDD/Features/auth/authentication.feature(48,0): at TherapyDocs.Api.Tests.BDD.Features.Auth.AuthenticationAPIEndpointsFR_001Feature.ValidateRegistrationFields(String field, String value, String error, String[] exampleTags)
[xUnit.net 00:00:03.74]            at System.RuntimeMethodHandle.InvokeMethod(Object target, Void** arguments, Signature sig, Boolean isConstructor)
[xUnit.net 00:00:03.74]            at System.Reflection.MethodBaseInvoker.InvokeDirectByRefWithFewArgs(Object obj, Span`1 copyOfArgs, BindingFlags invokeAttr)
[xUnit.net 00:00:03.74]       Output:
[xUnit.net 00:00:03.74]         Given the API is available
[xUnit.net 00:00:03.74]         -> done: CommonStepDefinitions.GivenTheAPIIsAvailable() (0.0s)
[xUnit.net 00:00:03.74]         And the database is connected
[xUnit.net 00:00:03.74]         -> done: AuthenticationSteps.GivenTheDatabaseIsConnected() (0.0s)
[xUnit.net 00:00:03.74]         Given I have registration details with email set to "invalid"
[xUnit.net 00:00:03.74]         -> done: AuthenticationSteps.GivenIHaveRegistrationDetailsWithFieldSetTo("email", "invalid") (0.0s)
[xUnit.net 00:00:03.74]         When I send a POST request to "/api/auth/register"
[xUnit.net 00:00:03.74]         -> done: AuthenticationSteps.WhenISendAPOSTRequestTo("/api/auth/register") (0.2s)
[xUnit.net 00:00:03.74]         Then the response status should be 400
[xUnit.net 00:00:03.74]         -> error: Expected LastResponse not to be <null>. (0.0s)
[xUnit.net 00:00:03.74]         And the response should contain error "Invalid email format"
[xUnit.net 00:00:03.74]         -> skipped because of previous errors
[xUnit.net 00:00:03.74]       Expected ((int)LastResponse!.StatusCode) to be 200, but found 404 (difference of 204).
[xUnit.net 00:00:03.74]       Stack Trace:
[xUnit.net 00:00:03.74]            at FluentAssertions.Execution.XUnit2TestFramework.Throw(String message)
[xUnit.net 00:00:03.74]            at FluentAssertions.Execution.TestFrameworkProvider.Throw(String message)
[xUnit.net 00:00:03.74]            at FluentAssertions.Execution.DefaultAssertionStrategy.HandleFailure(String message)
[xUnit.net 00:00:03.74]            at FluentAssertions.Execution.AssertionScope.FailWith(Func`1 failReasonFunc)
[xUnit.net 00:00:03.74]            at FluentAssertions.Execution.AssertionScope.FailWith(Func`1 failReasonFunc)
[xUnit.net 00:00:03.74]            at FluentAssertions.Execution.AssertionScope.FailWith(String message, Object[] args)
[xUnit.net 00:00:03.74]            at FluentAssertions.Numeric.NumericAssertions`2.Be(T expected, String because, Object[] becauseArgs)
[xUnit.net 00:00:03.74]         /home/srowe/workspace/pediatric-therapy-resource/api/Tests/BDD/StepDefinitions/BaseStepDefinitions.cs(72,0): at TherapyDocs.Api.Tests.BDD.StepDefinitions.BaseStepDefinitions.ThenTheResponseStatusShouldBe(Int32 statusCode)
[xUnit.net 00:00:03.74]         /home/srowe/workspace/pediatric-therapy-resource/api/Tests/BDD/StepDefinitions/CommonStepDefinitions.cs(55,0): at TherapyDocs.Api.Tests.BDD.StepDefinitions.CommonStepDefinitions.ThenTheResponseStatusShouldBeStep(Int32 statusCode)
[xUnit.net 00:00:03.74]            at InvokeStub_Action`2.Invoke(Object, Span`1)
[xUnit.net 00:00:03.74]            at System.Reflection.MethodBaseInvoker.InvokeWithFewArgs(Object obj, BindingFlags invokeAttr, Binder binder, Object[] parameters, CultureInfo culture)
[xUnit.net 00:00:03.74]            at TechTalk.SpecFlow.Bindings.BindingInvoker.InvokeBinding(IBinding binding, IContextManager contextManager, Object[] arguments, ITestTracer testTracer, TimeSpan& duration)
[xUnit.net 00:00:03.74]            at TechTalk.SpecFlow.Infrastructure.TestExecutionEngine.ExecuteStepMatch(BindingMatch match, Object[] arguments, TimeSpan& duration)
[xUnit.net 00:00:03.74]            at TechTalk.SpecFlow.Infrastructure.TestExecutionEngine.ExecuteStep(IContextManager contextManager, StepInstance stepInstance)
[xUnit.net 00:00:03.74]            at TechTalk.SpecFlow.Infrastructure.TestExecutionEngine.OnAfterLastStep()
[xUnit.net 00:00:03.74]            at TechTalk.SpecFlow.TestRunner.CollectScenarioErrors()
[xUnit.net 00:00:03.74]            at TherapyDocs.Api.Tests.BDD.Features.Integrations.ExternalIntegrationAPIEndpointsFR_022Feature.ScenarioCleanup()
[xUnit.net 00:00:03.74]         /home/srowe/workspace/pediatric-therapy-resource/api/Tests/BDD/Features/integrations/external-integrations.feature(63,0): at TherapyDocs.Api.Tests.BDD.Features.Integrations.ExternalIntegrationAPIEndpointsFR_022Feature.ConnectToLMS()
[xUnit.net 00:00:03.74]            at System.RuntimeMethodHandle.InvokeMethod(Object target, Void** arguments, Signature sig, Boolean isConstructor)
[xUnit.net 00:00:03.74]            at System.Reflection.MethodBaseInvoker.InvokeWithNoArgs(Object obj, BindingFlags invokeAttr)
[xUnit.net 00:00:03.74]       Output:
[xUnit.net 00:00:03.74]         Given the API is available
[xUnit.net 00:00:03.74]         -> done: CommonStepDefinitions.GivenTheAPIIsAvailable() (0.0s)
[xUnit.net 00:00:03.74]         And I am authenticated as "therapist@clinic.com"
[xUnit.net 00:00:03.74]         -> done: CommonStepDefinitions.GivenIAmAuthenticatedAs("therapist@clinic.com") (0.0s)
[xUnit.net 00:00:03.74]         When I send a POST request to "/api/integrations/lms/connect" with:
[xUnit.net 00:00:03.74]           --- table step argument ---
[xUnit.net 00:00:03.74]           | field       | value               |
[xUnit.net 00:00:03.74]           | lmsType     | google-classroom    |
[xUnit.net 00:00:03.74]           | authCode    | oauth-code-123      |
[xUnit.net 00:00:03.74]           | permissions | ["create", "grade"] |
[xUnit.net 00:00:03.74]         -> done: CommonStepDefinitions.WhenISendAPOSTRequestToWithStep("/api/integrations...", <table>) (0.0s)
[xUnit.net 00:00:03.74]         Then the response status should be 200
[xUnit.net 00:00:03.74]         -> error: Expected ((int)LastResponse!.StatusCode) to be 200, but found 404 (difference of 204). (0.0s)
[xUnit.net 00:00:03.74]         And OAuth flow should complete
[xUnit.net 00:00:03.74]         -> No matching step definition found for the step. Use the following code to create one:
[xUnit.net 00:00:03.74]                 [Then(@"OAuth flow should complete")]
[xUnit.net 00:00:03.74]                 public void ThenOAuthFlowShouldComplete()
[xUnit.net 00:00:03.74]                 {
[xUnit.net 00:00:03.74]                     _scenarioContext.Pending();
[xUnit.net 00:00:03.74]                 }
[xUnit.net 00:00:03.74]         
[xUnit.net 00:00:03.74]         And classes should be imported
[xUnit.net 00:00:03.74]         -> No matching step definition found for the step. Use the following code to create one:
[xUnit.net 00:00:03.74]                 [Then(@"classes should be imported")]
[xUnit.net 00:00:03.74]                 public void ThenClassesShouldBeImported()
[xUnit.net 00:00:03.74]                 {
[xUnit.net 00:00:03.74]                     _scenarioContext.Pending();
[xUnit.net 00:00:03.74]                 }
[xUnit.net 00:00:03.74]         
[xUnit.net 00:00:03.74]     Implement actor model for concurrent processing [SKIP]
[xUnit.net 00:00:03.74]       No matching step definition found for one or more steps.\nusing System;\r\nusing TechTalk.SpecFlow;\r\n\r\nnamespace MyNamespace\r\n{\r\n    [Binding]\r\n    public class StepDefinitions\r\n    {\r\n        private readonly ScenarioContext _scenarioContext;\r\n\r\n        public StepDefinitions(ScenarioContext scenarioContext)\r\n        {\r\n            _scenarioContext = scenarioContext;\r\n        }\r\n        [Given(@"concurrent session infrastructure is deployed")]\r\n        public void GivenConcurrentSessionInfrastructureIsDeployed()\r\n        {\r\n            _scenarioContext.Pending();\r\n        }\r\n        \n        [Given(@"real-time communication systems are configured")]\r\n        public void GivenReal_TimeCommunicationSystemsAreConfigured()\r\n        {\r\n            _scenarioContext.Pending();\r\n        }\r\n        \n        [Given(@"session state management is distributed")]\r\n        public void GivenSessionStateManagementIsDistributed()\r\n        {\r\n            _scenarioContext.Pending();\r\n        }\r\n        \n        [Given(@"connection pooling is optimized")]\r\n        public void GivenConnectionPoolingIsOptimized()\r\n        {\r\n            _scenarioContext.Pending();\r\n        }\r\n        \n        [Given(@"monitoring systems track active sessions")]\r\n        public void GivenMonitoringSystemsTrackActiveSessions()\r\n        {\r\n            _scenarioContext.Pending();\r\n        }\r\n        \n        [Given(@"actor model provides isolation")]\r\n        public void GivenActorModelProvidesIsolation()\r\n        {\r\n            _scenarioContext.Pending();\r\n        }\r\n        \n        [Given(@"message passing enables scale")]\r\n        public void GivenMessagePassingEnablesScale()\r\n        {\r\n            _scenarioContext.Pending();\r\n        }\r\n        \n        [When(@"implementing actor systems:")]\r\n        public void WhenImplementingActorSystems(Table table)\r\n        {\r\n            _scenarioContext.Pending();\r\n        }\r\n        \n        [Then(@"actors should process concurrently")]\r\n        public void ThenActorsShouldProcessConcurrently()\r\n        {\r\n            _scenarioContext.Pending();\r\n        }\r\n        \n        [Then(@"isolation should be maintained")]\r\n        public void ThenIsolationShouldBeMaintained()\r\n        {\r\n            _scenarioContext.Pending();\r\n        }\r\n        \n        [Then(@"failures should be contained")]\r\n        public void ThenFailuresShouldBeContained()\r\n        {\r\n            _scenarioContext.Pending();\r\n        }\r\n        \n        [Then(@"throughput should scale linearly")]\r\n        public void ThenThroughputShouldScaleLinearly()\r\n        {\r\n            _scenarioContext.Pending();\r\n        }\r\n    }\r\n}\r\n
  Skipped Scale storage systems to handle petabyte-scale data [1 ms]
  Skipped Communicate model limitations and uncertainty [1 ms]
  Failed Validate registration fields(field: "email", value: "invalid", error: "Invalid email format", exampleTags: []) [220 ms]
  Error Message:
   Expected LastResponse not to be <null>.
  Stack Trace:
     at FluentAssertions.Execution.XUnit2TestFramework.Throw(String message)
   at FluentAssertions.Execution.TestFrameworkProvider.Throw(String message)
   at FluentAssertions.Execution.DefaultAssertionStrategy.HandleFailure(String message)
   at FluentAssertions.Execution.AssertionScope.FailWith(Func`1 failReasonFunc)
   at FluentAssertions.Execution.AssertionScope.FailWith(Func`1 failReasonFunc)
   at FluentAssertions.Execution.AssertionScope.FailWith(String message)
   at FluentAssertions.Primitives.ReferenceTypeAssertions`2.NotBeNull(String because, Object[] becauseArgs)
   at TherapyDocs.Api.Tests.BDD.StepDefinitions.BaseStepDefinitions.ThenTheResponseStatusShouldBe(Int32 statusCode) in /home/srowe/workspace/pediatric-therapy-resource/api/Tests/BDD/StepDefinitions/BaseStepDefinitions.cs:line 71
   at TherapyDocs.Api.Tests.BDD.StepDefinitions.CommonStepDefinitions.ThenTheResponseStatusShouldBeStep(Int32 statusCode) in /home/srowe/workspace/pediatric-therapy-resource/api/Tests/BDD/StepDefinitions/CommonStepDefinitions.cs:line 55
   at InvokeStub_Action`2.Invoke(Object, Span`1)
   at System.Reflection.MethodBaseInvoker.InvokeWithFewArgs(Object obj, BindingFlags invokeAttr, Binder binder, Object[] parameters, CultureInfo culture)
   at TechTalk.SpecFlow.Bindings.BindingInvoker.InvokeBinding(IBinding binding, IContextManager contextManager, Object[] arguments, ITestTracer testTracer, TimeSpan& duration)
   at TechTalk.SpecFlow.Infrastructure.TestExecutionEngine.ExecuteStepMatch(BindingMatch match, Object[] arguments, TimeSpan& duration)
   at TechTalk.SpecFlow.Infrastructure.TestExecutionEngine.ExecuteStep(IContextManager contextManager, StepInstance stepInstance)
   at TechTalk.SpecFlow.Infrastructure.TestExecutionEngine.OnAfterLastStep()
   at TechTalk.SpecFlow.TestRunner.CollectScenarioErrors()
   at TherapyDocs.Api.Tests.BDD.Features.Auth.AuthenticationAPIEndpointsFR_001Feature.ScenarioCleanup()
   at TherapyDocs.Api.Tests.BDD.Features.Auth.AuthenticationAPIEndpointsFR_001Feature.ValidateRegistrationFields(String field, String value, String error, String[] exampleTags) in /home/srowe/workspace/pediatric-therapy-resource/api/Tests/BDD/Features/auth/authentication.feature:line 48
   at System.RuntimeMethodHandle.InvokeMethod(Object target, Void** arguments, Signature sig, Boolean isConstructor)
   at System.Reflection.MethodBaseInvoker.InvokeDirectByRefWithFewArgs(Object obj, Span`1 copyOfArgs, BindingFlags invokeAttr)
  Standard Output Messages:
 Given the API is available
 -> done: CommonStepDefinitions.GivenTheAPIIsAvailable() (0.0s)
 And the database is connected
 -> done: AuthenticationSteps.GivenTheDatabaseIsConnected() (0.0s)
 Given I have registration details with email set to "invalid"
 -> done: AuthenticationSteps.GivenIHaveRegistrationDetailsWithFieldSetTo("email", "invalid") (0.0s)
 When I send a POST request to "/api/auth/register"
 -> done: AuthenticationSteps.WhenISendAPOSTRequestTo("/api/auth/register") (0.2s)
 Then the response status should be 400
 -> error: Expected LastResponse not to be <null>. (0.0s)
 And the response should contain error "Invalid email format"
 -> skipped because of previous errors


  Failed Connect to LMS [106 ms]
  Error Message:
   Expected ((int)LastResponse!.StatusCode) to be 200, but found 404 (difference of 204).
  Stack Trace:
     at FluentAssertions.Execution.XUnit2TestFramework.Throw(String message)
   at FluentAssertions.Execution.TestFrameworkProvider.Throw(String message)
   at FluentAssertions.Execution.DefaultAssertionStrategy.HandleFailure(String message)
   at FluentAssertions.Execution.AssertionScope.FailWith(Func`1 failReasonFunc)
   at FluentAssertions.Execution.AssertionScope.FailWith(Func`1 failReasonFunc)
   at FluentAssertions.Execution.AssertionScope.FailWith(String message, Object[] args)
   at FluentAssertions.Numeric.NumericAssertions`2.Be(T expected, String because, Object[] becauseArgs)
   at TherapyDocs.Api.Tests.BDD.StepDefinitions.BaseStepDefinitions.ThenTheResponseStatusShouldBe(Int32 statusCode) in /home/srowe/workspace/pediatric-therapy-resource/api/Tests/BDD/StepDefinitions/BaseStepDefinitions.cs:line 72
   at TherapyDocs.Api.Tests.BDD.StepDefinitions.CommonStepDefinitions.ThenTheResponseStatusShouldBeStep(Int32 statusCode) in /home/srowe/workspace/pediatric-therapy-resource/api/Tests/BDD/StepDefinitions/CommonStepDefinitions.cs:line 55
   at InvokeStub_Action`2.Invoke(Object, Span`1)
   at System.Reflection.MethodBaseInvoker.InvokeWithFewArgs(Object obj, BindingFlags invokeAttr, Binder binder, Object[] parameters, CultureInfo culture)
   at TechTalk.SpecFlow.Bindings.BindingInvoker.InvokeBinding(IBinding binding, IContextManager contextManager, Object[] arguments, ITestTracer testTracer, TimeSpan& duration)
   at TechTalk.SpecFlow.Infrastructure.TestExecutionEngine.ExecuteStepMatch(BindingMatch match, Object[] arguments, TimeSpan& duration)
   at TechTalk.SpecFlow.Infrastructure.TestExecutionEngine.ExecuteStep(IContextManager contextManager, StepInstance stepInstance)
   at TechTalk.SpecFlow.Infrastructure.TestExecutionEngine.OnAfterLastStep()
   at TechTalk.SpecFlow.TestRunner.CollectScenarioErrors()
   at TherapyDocs.Api.Tests.BDD.Features.Integrations.ExternalIntegrationAPIEndpointsFR_022Feature.ScenarioCleanup()
   at TherapyDocs.Api.Tests.BDD.Features.Integrations.ExternalIntegrationAPIEndpointsFR_022Feature.ConnectToLMS() in /home/srowe/workspace/pediatric-therapy-resource/api/Tests/BDD/Features/integrations/external-integrations.feature:line 63
   at System.RuntimeMethodHandle.InvokeMethod(Object target, Void** arguments, Signature sig, Boolean isConstructor)
   at System.Reflection.MethodBaseInvoker.InvokeWithNoArgs(Object obj, BindingFlags invokeAttr)
  Standard Output Messages:
 Given the API is available
 -> done: CommonStepDefinitions.GivenTheAPIIsAvailable() (0.0s)
 And I am authenticated as "therapist@clinic.com"
 -> done: CommonStepDefinitions.GivenIAmAuthenticatedAs("therapist@clinic.com") (0.0s)
 When I send a POST request to "/api/integrations/lms/connect" with:
   --- table step argument ---
   | field       | value               |
   | lmsType     | google-classroom    |
   | authCode    | oauth-code-123      |
   | permissions | ["create", "grade"] |
 -> done: CommonStepDefinitions.WhenISendAPOSTRequestToWithStep("/api/integrations...", <table>) (0.0s)
 Then the response status should be 200
 -> error: Expected ((int)LastResponse!.StatusCode) to be 200, but found 404 (difference of 204). (0.0s)
 And OAuth flow should complete
 -> No matching step definition found for the step. Use the following code to create one:
         [Then(@"OAuth flow should complete")]
         public void ThenOAuthFlowShouldComplete()
         {
             _scenarioContext.Pending();
         }
 
 And classes should be imported
 -> No matching step definition found for the step. Use the following code to create one:
         [Then(@"classes should be imported")]
         public void ThenClassesShouldBeImported()
         {
             _scenarioContext.Pending();
         }
 


  Skipped Implement actor model for concurrent processing [1 ms]
[13:32:18 ERR] An unhandled exception occurred
System.InvalidOperationException: No service for type 'Microsoft.AspNetCore.Mvc.ViewFeatures.Filters.AutoValidateAntiforgeryTokenAuthorizationFilter' has been registered.
   at Microsoft.Extensions.DependencyInjection.ServiceProviderServiceExtensions.GetRequiredService(IServiceProvider provider, Type serviceType)
   at Microsoft.Extensions.DependencyInjection.ServiceProviderServiceExtensions.GetRequiredService[T](IServiceProvider provider)
   at Microsoft.AspNetCore.Mvc.Filters.DefaultFilterProvider.ProvideFilter(FilterProviderContext context, FilterItem filterItem)
   at Microsoft.AspNetCore.Mvc.Filters.DefaultFilterProvider.OnProvidersExecuting(FilterProviderContext context)
   at Microsoft.AspNetCore.Mvc.Filters.FilterFactory.CreateUncachedFiltersCore(IFilterProvider[] filterProviders, ActionContext actionContext, List`1 filterItems)
   at Microsoft.AspNetCore.Mvc.Filters.FilterFactory.GetAllFilters(IFilterProvider[] filterProviders, ActionContext actionContext)
   at Microsoft.AspNetCore.Mvc.Infrastructure.ControllerActionInvokerCache.GetCachedResult(ControllerContext controllerContext)
   at Microsoft.AspNetCore.Mvc.Routing.ControllerRequestDelegateFactory.<>c__DisplayClass12_0.<CreateRequestDelegate>b__0(HttpContext context)
   at Microsoft.AspNetCore.Authorization.AuthorizationMiddleware.Invoke(HttpContext context)
   at Microsoft.AspNetCore.Authentication.AuthenticationMiddleware.Invoke(HttpContext context)
   at Microsoft.AspNetCore.RateLimiting.RateLimitingMiddleware.InvokeInternal(HttpContext context, EnableRateLimitingAttribute enableRateLimitingAttribute)
   at TherapyDocs.Api.Middleware.GlobalExceptionMiddleware.InvokeAsync(HttpContext context) in /home/srowe/workspace/pediatric-therapy-resource/api/Middleware/GlobalExceptionMiddleware.cs:line 31
[xUnit.net 00:00:03.79]       Expected LastResponse not to be <null>.
[xUnit.net 00:00:03.79]       Stack Trace:
[xUnit.net 00:00:03.79]            at FluentAssertions.Execution.XUnit2TestFramework.Throw(String message)
[xUnit.net 00:00:03.79]            at FluentAssertions.Execution.TestFrameworkProvider.Throw(String message)
[xUnit.net 00:00:03.79]            at FluentAssertions.Execution.DefaultAssertionStrategy.HandleFailure(String message)
[xUnit.net 00:00:03.79]            at FluentAssertions.Execution.AssertionScope.FailWith(Func`1 failReasonFunc)
[xUnit.net 00:00:03.79]            at FluentAssertions.Execution.AssertionScope.FailWith(Func`1 failReasonFunc)
[xUnit.net 00:00:03.79]            at FluentAssertions.Execution.AssertionScope.FailWith(String message)
[xUnit.net 00:00:03.79]            at FluentAssertions.Primitives.ReferenceTypeAssertions`2.NotBeNull(String because, Object[] becauseArgs)
[xUnit.net 00:00:03.79]         /home/srowe/workspace/pediatric-therapy-resource/api/Tests/BDD/StepDefinitions/BaseStepDefinitions.cs(71,0): at TherapyDocs.Api.Tests.BDD.StepDefinitions.BaseStepDefinitions.ThenTheResponseStatusShouldBe(Int32 statusCode)
[xUnit.net 00:00:03.79]         /home/srowe/workspace/pediatric-therapy-resource/api/Tests/BDD/StepDefinitions/CommonStepDefinitions.cs(55,0): at TherapyDocs.Api.Tests.BDD.StepDefinitions.CommonStepDefinitions.ThenTheResponseStatusShouldBeStep(Int32 statusCode)
[xUnit.net 00:00:03.79]            at InvokeStub_Action`2.Invoke(Object, Span`1)
[xUnit.net 00:00:03.79]            at System.Reflection.MethodBaseInvoker.InvokeWithFewArgs(Object obj, BindingFlags invokeAttr, Binder binder, Object[] parameters, CultureInfo culture)
[xUnit.net 00:00:03.79]            at TechTalk.SpecFlow.Bindings.BindingInvoker.InvokeBinding(IBinding binding, IContextManager contextManager, Object[] arguments, ITestTracer testTracer, TimeSpan& duration)
[xUnit.net 00:00:03.79]            at TechTalk.SpecFlow.Infrastructure.TestExecutionEngine.ExecuteStepMatch(BindingMatch match, Object[] arguments, TimeSpan& duration)
[xUnit.net 00:00:03.79]            at TechTalk.SpecFlow.Infrastructure.TestExecutionEngine.ExecuteStep(IContextManager contextManager, StepInstance stepInstance)
[xUnit.net 00:00:03.79]            at TechTalk.SpecFlow.Infrastructure.TestExecutionEngine.OnAfterLastStep()
[xUnit.net 00:00:03.79]            at TechTalk.SpecFlow.TestRunner.CollectScenarioErrors()
[xUnit.net 00:00:03.79]            at TherapyDocs.Api.Tests.BDD.Features.Integrations.ExternalIntegrationAPIEndpointsFR_022Feature.ScenarioCleanup()
[xUnit.net 00:00:03.79]         /home/srowe/workspace/pediatric-therapy-resource/api/Tests/BDD/Features/integrations/external-integrations.feature(47,0): at TherapyDocs.Api.Tests.BDD.Features.Integrations.ExternalIntegrationAPIEndpointsFR_022Feature.SyncWithEHR()
[xUnit.net 00:00:03.79]            at System.RuntimeMethodHandle.InvokeMethod(Object target, Void** arguments, Signature sig, Boolean isConstructor)
[xUnit.net 00:00:03.79]            at System.Reflection.MethodBaseInvoker.InvokeWithNoArgs(Object obj, BindingFlags invokeAttr)
[xUnit.net 00:00:03.79]       Output:
[xUnit.net 00:00:03.79]         Given the API is available
[xUnit.net 00:00:03.79]         -> done: CommonStepDefinitions.GivenTheAPIIsAvailable() (0.0s)
[xUnit.net 00:00:03.79]         And I am authenticated as "therapist@clinic.com"
[xUnit.net 00:00:03.79]         -> done: CommonStepDefinitions.GivenIAmAuthenticatedAs("therapist@clinic.com") (0.0s)
[xUnit.net 00:00:03.79]         Given EHR connection "conn-123" exists
[xUnit.net 00:00:03.79]         -> done: EHRIntegrationSteps.GivenEHRConnectionExists("conn-123") (0.0s)
[xUnit.net 00:00:03.79]         When I send a POST request to "/api/integrations/ehr/conn-123/sync"
[xUnit.net 00:00:03.79]         -> done: AuthenticationSteps.WhenISendAPOSTRequestTo("/api/integrations...") (0.0s)
[xUnit.net 00:00:03.79]         Then the response status should be 202
[xUnit.net 00:00:03.79]         -> error: Expected LastResponse not to be <null>. (0.0s)
[xUnit.net 00:00:03.79]         And the response should contain:
[xUnit.net 00:00:03.79]           --- table step argument ---
[xUnit.net 00:00:03.79]           | field       | type   |
[xUnit.net 00:00:03.79]           | syncJobId   | string |
[xUnit.net 00:00:03.79]           | status      | string |
[xUnit.net 00:00:03.79]           | itemsToSync | number |
[xUnit.net 00:00:03.79]         -> skipped because of previous errors
[xUnit.net 00:00:03.82]       Expected response.StatusCode to be HttpStatusCode.OK {value: 200}, but found HttpStatusCode.NotFound {value: 404}.
[xUnit.net 00:00:03.82]       Stack Trace:
[xUnit.net 00:00:03.82]            at FluentAssertions.Execution.XUnit2TestFramework.Throw(String message)
[xUnit.net 00:00:03.82]            at FluentAssertions.Execution.TestFrameworkProvider.Throw(String message)
[xUnit.net 00:00:03.82]            at FluentAssertions.Execution.DefaultAssertionStrategy.HandleFailure(String message)
[xUnit.net 00:00:03.82]            at FluentAssertions.Execution.AssertionScope.FailWith(Func`1 failReasonFunc)
[xUnit.net 00:00:03.82]            at FluentAssertions.Execution.AssertionScope.FailWith(Func`1 failReasonFunc)
[xUnit.net 00:00:03.82]            at FluentAssertions.Execution.AssertionScope.FailWith(String message, Object[] args)
[xUnit.net 00:00:03.82]            at FluentAssertions.Primitives.EnumAssertions`2.Be(TEnum expected, String because, Object[] becauseArgs)
[xUnit.net 00:00:03.82]         /home/srowe/workspace/pediatric-therapy-resource/api/Tests/BDD/StepDefinitions/PciDssComplianceSteps.cs(37,0): at TherapyDocs.Api.Tests.BDD.StepDefinitions.PciDssComplianceSteps.GivenPciDssComplianceSystemsAreOperational()
[xUnit.net 00:00:03.82]            at TechTalk.SpecFlow.Bindings.SynchronousBindingDelegateInvoker.<>c__DisplayClass2_0.<<InvokeBindingDelegateAsync>b__0>d.MoveNext()
[xUnit.net 00:00:03.82]         --- End of stack trace from previous location ---
[xUnit.net 00:00:03.82]            at TechTalk.SpecFlow.Bindings.AsyncHelpers.<>c__DisplayClass1_0`1.<<RunSync>b__0>d.MoveNext()
[xUnit.net 00:00:03.82]         --- End of stack trace from previous location ---
[xUnit.net 00:00:03.82]            at TechTalk.SpecFlow.Bindings.AsyncHelpers.ExclusiveSynchronizationContext.BeginMessageLoop()
[xUnit.net 00:00:03.82]            at TechTalk.SpecFlow.Bindings.AsyncHelpers.RunSync[T](Func`1 task)
[xUnit.net 00:00:03.82]            at TechTalk.SpecFlow.Bindings.SynchronousBindingDelegateInvoker.InvokeBindingDelegateAsync(Delegate bindingDelegate, Object[] invokeArgs)
[xUnit.net 00:00:03.82]            at TechTalk.SpecFlow.Bindings.SynchronousBindingDelegateInvoker.InvokeDelegateSynchronously(Delegate bindingDelegate, Object[] invokeArgs)
[xUnit.net 00:00:03.82]            at TechTalk.SpecFlow.Bindings.BindingInvoker.InvokeBinding(IBinding binding, IContextManager contextManager, Object[] arguments, ITestTracer testTracer, TimeSpan& duration)
[xUnit.net 00:00:03.82]            at TechTalk.SpecFlow.Infrastructure.TestExecutionEngine.ExecuteStepMatch(BindingMatch match, Object[] arguments, TimeSpan& duration)
[xUnit.net 00:00:03.82]            at TechTalk.SpecFlow.Infrastructure.TestExecutionEngine.ExecuteStep(IContextManager contextManager, StepInstance stepInstance)
[xUnit.net 00:00:03.82]            at TechTalk.SpecFlow.Infrastructure.TestExecutionEngine.OnAfterLastStep()
[xUnit.net 00:00:03.82]            at TechTalk.SpecFlow.TestRunner.CollectScenarioErrors()
[xUnit.net 00:00:03.82]            at TherapyDocs.Api.Tests.BDD.Features.Compliance.PCIDSSComplianceAndPaymentCardSecurityFeature.ScenarioCleanup()
[xUnit.net 00:00:03.82]         /home/srowe/workspace/pediatric-therapy-resource/api/Tests/BDD/Features/compliance/pci-dss.feature(167,0): at TherapyDocs.Api.Tests.BDD.Features.Compliance.PCIDSSComplianceAndPaymentCardSecurityFeature.ManageServiceProviderAndVendorCompliance()
[xUnit.net 00:00:03.82]            at System.RuntimeMethodHandle.InvokeMethod(Object target, Void** arguments, Signature sig, Boolean isConstructor)
[xUnit.net 00:00:03.82]            at System.Reflection.MethodBaseInvoker.InvokeWithNoArgs(Object obj, BindingFlags invokeAttr)
[xUnit.net 00:00:03.82]       Output:
[xUnit.net 00:00:03.82]         Given PCI DSS compliance systems are operational
[xUnit.net 00:00:03.82]         -> error: Expected response.StatusCode to be HttpStatusCode.OK {value: 200}, but found HttpStatusCode.NotFound {value: 404}. (0.0s)
[xUnit.net 00:00:03.82]         And cardholder data environment (CDE) is defined
[xUnit.net 00:00:03.82]         -> No matching step definition found for the step. Use the following code to create one:
[xUnit.net 00:00:03.82]                 [Given(@"cardholder data environment \(CDE\) is defined")]
[xUnit.net 00:00:03.82]                 public void GivenCardholderDataEnvironmentCDEIsDefined()
[xUnit.net 00:00:03.82]                 {
[xUnit.net 00:00:03.82]                     _scenarioContext.Pending();
[xUnit.net 00:00:03.82]                 }
[xUnit.net 00:00:03.83]         
[xUnit.net 00:00:03.83]         And network segmentation is implemented
[xUnit.net 00:00:03.83]         -> No matching step definition found for the step. Use the following code to create one:
[xUnit.net 00:00:03.83]                 [Given(@"network segmentation is implemented")]
[xUnit.net 00:00:03.83]                 public void GivenNetworkSegmentationIsImplemented()
[xUnit.net 00:00:03.83]                 {
[xUnit.net 00:00:03.83]                     _scenarioContext.Pending();
[xUnit.net 00:00:03.83]                 }
[xUnit.net 00:00:03.83]         
[xUnit.net 00:00:03.83]         And encryption mechanisms are active
[xUnit.net 00:00:03.83]         -> No matching step definition found for the step. Use the following code to create one:
[xUnit.net 00:00:03.83]                 [Given(@"encryption mechanisms are active")]
[xUnit.net 00:00:03.83]                 public void GivenEncryptionMechanismsAreActive()
[xUnit.net 00:00:03.83]                 {
[xUnit.net 00:00:03.83]                     _scenarioContext.Pending();
[xUnit.net 00:00:03.83]                 }
[xUnit.net 00:00:03.83]         
[xUnit.net 00:00:03.83]         And security controls are configured
[xUnit.net 00:00:03.83]         -> No matching step definition found for the step. Use the following code to create one:
[xUnit.net 00:00:03.83]                 [Given(@"security controls are configured")]
[xUnit.net 00:00:03.83]                 public void GivenSecurityControlsAreConfigured()
[xUnit.net 00:00:03.83]                 {
[xUnit.net 00:00:03.83]                     _scenarioContext.Pending();
[xUnit.net 00:00:03.83]                 }
[xUnit.net 00:00:03.83]         
[xUnit.net 00:00:03.83]         Given service providers must be PCI compliant
[xUnit.net 00:00:03.83]         -> No matching step definition found for the step. Use the following code to create one:
[xUnit.net 00:00:03.83]                 [Given(@"service providers must be PCI compliant")]
[xUnit.net 00:00:03.83]                 public void GivenServiceProvidersMustBePCICompliant()
[xUnit.net 00:00:03.83]                 {
[xUnit.net 00:00:03.83]                     _scenarioContext.Pending();
[xUnit.net 00:00:03.83]                 }
[xUnit.net 00:00:03.83]         
[xUnit.net 00:00:03.83]         And vendor management ensures security
[xUnit.net 00:00:03.83]         -> No matching step definition found for the step. Use the following code to create one:
[xUnit.net 00:00:03.83]                 [Given(@"vendor management ensures security")]
[xUnit.net 00:00:03.83]                 public void GivenVendorManagementEnsuresSecurity()
[xUnit.net 00:00:03.83]                 {
[xUnit.net 00:00:03.83]                     _scenarioContext.Pending();
[xUnit.net 00:00:03.83]                 }
[xUnit.net 00:00:03.83]         
[xUnit.net 00:00:03.83]         When managing vendors:
[xUnit.net 00:00:03.83]           --- table step argument ---
[xUnit.net 00:00:03.83]           | Vendor Type          | Compliance Requirement | Verification Method   | Contract Terms      | Monitoring Process     | Incident Response        |
[xUnit.net 00:00:03.83]           | Payment processor    | PCI DSS Level 1        | AOC validation        | Liability terms     | Annual review          | Breach notification      |
[xUnit.net 00:00:03.83]           | Cloud provider       | PCI DSS certified      | Responsibility matrix | Security addendum   | Quarterly assessment   | Shared response          |
[xUnit.net 00:00:03.83]           | Software vendors     | PA-DSS validated       | Certification check   | Update requirements | Patch monitoring       | Vulnerability disclosure |
[xUnit.net 00:00:03.83]           | Managed services     | PCI DSS compliant      | Assessment review     | SLA terms           | Performance monitoring | Escalation procedures    |
[xUnit.net 00:00:03.83]           | Development partners | Secure coding          | Code review rights    | Security standards  | Release testing        | Bug bounty               |
[xUnit.net 00:00:03.83]           | Support vendors      | Limited access         | Access audit          | NDA + training      | Activity monitoring    | Access revocation        |
[xUnit.net 00:00:03.83]         -> No matching step definition found for the step. Use the following code to create one:
[xUnit.net 00:00:03.83]                 [When(@"managing vendors:")]
[xUnit.net 00:00:03.83]                 public void WhenManagingVendors(Table table)
[xUnit.net 00:00:03.83]                 {
[xUnit.net 00:00:03.83]                     _scenarioContext.Pending();
[xUnit.net 00:00:03.83]                 }
[xUnit.net 00:00:03.83]         
[xUnit.net 00:00:03.83]         Then vendors should maintain compliance
[xUnit.net 00:00:03.83]         -> No matching step definition found for the step. Use the following code to create one:
[xUnit.net 00:00:03.83]                 [Then(@"vendors should maintain compliance")]
[xUnit.net 00:00:03.83]                 public void ThenVendorsShouldMaintainCompliance()
[xUnit.net 00:00:03.83]                 {
[xUnit.net 00:00:03.83]                     _scenarioContext.Pending();
[xUnit.net 00:00:03.83]                 }
[xUnit.net 00:00:03.83]         
[xUnit.net 00:00:03.83]         And verification should be documented
[xUnit.net 00:00:03.83]         -> No matching step definition found for the step. Use the following code to create one:
[xUnit.net 00:00:03.83]                 [Then(@"verification should be documented")]
[xUnit.net 00:00:03.83]                 public void ThenVerificationShouldBeDocumented()
[xUnit.net 00:00:03.83]                 {
[xUnit.net 00:00:03.83]                     _scenarioContext.Pending();
[xUnit.net 00:00:03.83]                 }
[xUnit.net 00:00:03.83]         
[xUnit.net 00:00:03.83]         And contracts should ensure security
[xUnit.net 00:00:03.83]         -> No matching step definition found for the step. Use the following code to create one:
[xUnit.net 00:00:03.83]                 [Then(@"contracts should ensure security")]
[xUnit.net 00:00:03.83]                 public void ThenContractsShouldEnsureSecurity()
[xUnit.net 00:00:03.83]                 {
[xUnit.net 00:00:03.83]                     _scenarioContext.Pending();
[xUnit.net 00:00:03.83]                 }
[xUnit.net 00:00:03.83]         
[xUnit.net 00:00:03.83]         And monitoring should be continuous
[xUnit.net 00:00:03.83]         -> binding error: Ambiguous step definitions found for step 'Then monitoring should be continuous': TherapyDocs.Api.Tests:TherapyDocs.Api.Tests.BDD.StepDefinitions.ComplianceAuditSteps.ThenMonitoringShouldBeContinuous(), TherapyDocs.Api.Tests:TherapyDocs.Api.Tests.BDD.StepDefinitions.HipaaComplianceSteps.ThenMonitoringShouldBeContinuous()
[xUnit.net 00:00:03.83]       Expected LastResponse not to be <null>.
[xUnit.net 00:00:03.83]       Stack Trace:
[xUnit.net 00:00:03.83]            at FluentAssertions.Execution.XUnit2TestFramework.Throw(String message)
[xUnit.net 00:00:03.83]            at FluentAssertions.Execution.TestFrameworkProvider.Throw(String message)
[xUnit.net 00:00:03.83]            at FluentAssertions.Execution.DefaultAssertionStrategy.HandleFailure(String message)
[xUnit.net 00:00:03.83]            at FluentAssertions.Execution.AssertionScope.FailWith(Func`1 failReasonFunc)
[xUnit.net 00:00:03.83]            at FluentAssertions.Execution.AssertionScope.FailWith(Func`1 failReasonFunc)
[xUnit.net 00:00:03.83]            at FluentAssertions.Execution.AssertionScope.FailWith(String message)
[xUnit.net 00:00:03.83]            at FluentAssertions.Primitives.ReferenceTypeAssertions`2.NotBeNull(String because, Object[] becauseArgs)
[xUnit.net 00:00:03.83]         /home/srowe/workspace/pediatric-therapy-resource/api/Tests/BDD/StepDefinitions/BaseStepDefinitions.cs(71,0): at TherapyDocs.Api.Tests.BDD.StepDefinitions.BaseStepDefinitions.ThenTheResponseStatusShouldBe(Int32 statusCode)
[xUnit.net 00:00:03.83]         /home/srowe/workspace/pediatric-therapy-resource/api/Tests/BDD/StepDefinitions/CommonStepDefinitions.cs(55,0): at TherapyDocs.Api.Tests.BDD.StepDefinitions.CommonStepDefinitions.ThenTheResponseStatusShouldBeStep(Int32 statusCode)
[xUnit.net 00:00:03.83]            at InvokeStub_Action`2.Invoke(Object, Span`1)
[xUnit.net 00:00:03.83]            at System.Reflection.MethodBaseInvoker.InvokeWithFewArgs(Object obj, BindingFlags invokeAttr, Binder binder, Object[] parameters, CultureInfo culture)
[xUnit.net 00:00:03.83]            at TechTalk.SpecFlow.Bindings.BindingInvoker.InvokeBinding(IBinding binding, IContextManager contextManager, Object[] arguments, ITestTracer testTracer, TimeSpan& duration)
[xUnit.net 00:00:03.83]            at TechTalk.SpecFlow.Infrastructure.TestExecutionEngine.ExecuteStepMatch(BindingMatch match, Object[] arguments, TimeSpan& duration)
[xUnit.net 00:00:03.83]            at TechTalk.SpecFlow.Infrastructure.TestExecutionEngine.ExecuteStep(IContextManager contextManager, StepInstance stepInstance)
[xUnit.net 00:00:03.83]            at TechTalk.SpecFlow.Infrastructure.TestExecutionEngine.OnAfterLastStep()
[xUnit.net 00:00:03.83]            at TechTalk.SpecFlow.TestRunner.CollectScenarioErrors()
[xUnit.net 00:00:03.83]            at TherapyDocs.Api.Tests.BDD.Features.Auth.AuthenticationAPIEndpointsFR_001Feature.ScenarioCleanup()
[xUnit.net 00:00:03.83]         /home/srowe/workspace/pediatric-therapy-resource/api/Tests/BDD/Features/auth/authentication.feature(48,0): at TherapyDocs.Api.Tests.BDD.Features.Auth.AuthenticationAPIEndpointsFR_001Feature.ValidateRegistrationFields(String field, String value, String error, String[] exampleTags)
[xUnit.net 00:00:03.83]            at InvokeStub_AuthenticationAPIEndpointsFR_001Feature.ValidateRegistrationFields(Object, Span`1)
[xUnit.net 00:00:03.83]            at System.Reflection.MethodBaseInvoker.InvokeWithFewArgs(Object obj, BindingFlags invokeAttr, Binder binder, Object[] parameters, CultureInfo culture)
[xUnit.net 00:00:03.83]       Output:
[xUnit.net 00:00:03.83]         Given the API is available
[xUnit.net 00:00:03.83]         -> done: CommonStepDefinitions.GivenTheAPIIsAvailable() (0.0s)
[xUnit.net 00:00:03.83]         And the database is connected
[xUnit.net 00:00:03.83]         -> done: AuthenticationSteps.GivenTheDatabaseIsConnected() (0.0s)
[xUnit.net 00:00:03.83]         Given I have registration details with licenseNumber set to ""
[xUnit.net 00:00:03.83]         -> done: AuthenticationSteps.GivenIHaveRegistrationDetailsWithFieldSetTo("licenseNumber", "") (0.0s)
[xUnit.net 00:00:03.83]         When I send a POST request to "/api/auth/register"
[xUnit.net 00:00:03.83]         -> done: AuthenticationSteps.WhenISendAPOSTRequestTo("/api/auth/register") (0.0s)
[xUnit.net 00:00:03.83]         Then the response status should be 400
[xUnit.net 00:00:03.83]         -> error: Expected LastResponse not to be <null>. (0.0s)
[xUnit.net 00:00:03.83]         And the response should contain error "License number is required"
[xUnit.net 00:00:03.83]         -> skipped because of previous errors
[xUnit.net 00:00:03.84]     Optimize complex analytics and reporting queries [SKIP]
[13:32:18 ERR] An unhandled exception occurred
System.InvalidOperationException: No service for type 'Microsoft.AspNetCore.Mvc.ViewFeatures.Filters.AutoValidateAntiforgeryTokenAuthorizationFilter' has been registered.
   at Microsoft.Extensions.DependencyInjection.ServiceProviderServiceExtensions.GetRequiredService(IServiceProvider provider, Type serviceType)
   at Microsoft.Extensions.DependencyInjection.ServiceProviderServiceExtensions.GetRequiredService[T](IServiceProvider provider)
   at Microsoft.AspNetCore.Mvc.Filters.DefaultFilterProvider.ProvideFilter(FilterProviderContext context, FilterItem filterItem)
   at Microsoft.AspNetCore.Mvc.Filters.DefaultFilterProvider.OnProvidersExecuting(FilterProviderContext context)
   at Microsoft.AspNetCore.Mvc.Filters.FilterFactory.CreateUncachedFiltersCore(IFilterProvider[] filterProviders, ActionContext actionContext, List`1 filterItems)
   at Microsoft.AspNetCore.Mvc.Filters.FilterFactory.GetAllFilters(IFilterProvider[] filterProviders, ActionContext actionContext)
   at Microsoft.AspNetCore.Mvc.Infrastructure.ControllerActionInvokerCache.GetCachedResult(ControllerContext controllerContext)
   at Microsoft.AspNetCore.Mvc.Routing.ControllerRequestDelegateFactory.<>c__DisplayClass12_0.<CreateRequestDelegate>b__0(HttpContext context)
   at Microsoft.AspNetCore.Authorization.AuthorizationMiddleware.Invoke(HttpContext context)
   at Microsoft.AspNetCore.Authentication.AuthenticationMiddleware.Invoke(HttpContext context)
   at Microsoft.AspNetCore.RateLimiting.RateLimitingMiddleware.InvokeInternal(HttpContext context, EnableRateLimitingAttribute enableRateLimitingAttribute)
   at TherapyDocs.Api.Middleware.GlobalExceptionMiddleware.InvokeAsync(HttpContext context) in /home/srowe/workspace/pediatric-therapy-resource/api/Middleware/GlobalExceptionMiddleware.cs:line 31
[xUnit.net 00:00:03.84]       No matching step definition found for one or more steps.\nusing System;\r\nusing TechTalk.SpecFlow;\r\n\r\nnamespace MyNamespace\r\n{\r\n    [Binding]\r\n    public class StepDefinitions\r\n    {\r\n        private readonly ScenarioContext _scenarioContext;\r\n\r\n        public StepDefinitions(ScenarioContext scenarioContext)\r\n        {\r\n            _scenarioContext = scenarioContext;\r\n        }\r\n        [Then(@"analytics queries should complete within business requirements")]\r\n        public void ThenAnalyticsQueriesShouldCompleteWithinBusinessRequirements()\r\n        {\r\n            _scenarioContext.Pending();\r\n        }\r\n        \n        [Then(@"resource usage should be optimized for concurrent execution")]\r\n        public void ThenResourceUsageShouldBeOptimizedForConcurrentExecution()\r\n        {\r\n            _scenarioContext.Pending();\r\n        }\r\n        \n        [Then(@"query results should be cached to improve subsequent access")]\r\n        public void ThenQueryResultsShouldBeCachedToImproveSubsequentAccess()\r\n        {\r\n            _scenarioContext.Pending();\r\n        }\r\n        \n        [Then(@"complex analytics should not impact operational performance")]\r\n        public void ThenComplexAnalyticsShouldNotImpactOperationalPerformance()\r\n        {\r\n            _scenarioContext.Pending();\r\n        }\r\n    }\r\n}\r\n
[xUnit.net 00:00:03.84]     Achieve external quality validation [SKIP]
[xUnit.net 00:00:03.84]       No matching step definition found for one or more steps.\nusing System;\r\nusing TechTalk.SpecFlow;\r\n\r\nnamespace MyNamespace\r\n{\r\n    [Binding]\r\n    public class StepDefinitions\r\n    {\r\n        private readonly ScenarioContext _scenarioContext;\r\n\r\n        public StepDefinitions(ScenarioContext scenarioContext)\r\n        {\r\n            _scenarioContext = scenarioContext;\r\n        }\r\n        [Given(@"protocol compliance systems are active")]\r\n        public void GivenProtocolComplianceSystemsAreActive()\r\n        {\r\n            _scenarioContext.Pending();\r\n        }\r\n        \n        [Given(@"quality metrics are defined")]\r\n        public void GivenQualityMetricsAreDefined()\r\n        {\r\n            _scenarioContext.Pending();\r\n        }\r\n        \n        [Given(@"monitoring tools are available")]\r\n        public void GivenMonitoringToolsAreAvailable()\r\n        {\r\n            _scenarioContext.Pending();\r\n        }\r\n        \n        [Given(@"reporting dashboards exist")]\r\n        public void GivenReportingDashboardsExist()\r\n        {\r\n            _scenarioContext.Pending();\r\n        }\r\n        \n        [Given(@"improvement processes are established")]\r\n        public void GivenImprovementProcessesAreEstablished()\r\n        {\r\n            _scenarioContext.Pending();\r\n        }\r\n        \n        [Given(@"external validation demonstrates quality")]\r\n        public void GivenExternalValidationDemonstratesQuality()\r\n        {\r\n            _scenarioContext.Pending();\r\n        }\r\n        \n        [Given(@"accreditation ensures standards")]\r\n        public void GivenAccreditationEnsuresStandards()\r\n        {\r\n            _scenarioContext.Pending();\r\n        }\r\n        \n        [When(@"pursuing external validation:")]\r\n        public void WhenPursuingExternalValidation(Table table)\r\n        {\r\n            _scenarioContext.Pending();\r\n        }\r\n        \n        [Then(@"external standards should be met")]\r\n        public void ThenExternalStandardsShouldBeMet()\r\n        {\r\n            _scenarioContext.Pending();\r\n        }\r\n        \n        [Then(@"validation should be achieved")]\r\n        public void ThenValidationShouldBeAchieved()\r\n        {\r\n            _scenarioContext.Pending();\r\n        }\r\n        \n        [Then(@"quality should be recognized")]\r\n        public void ThenQualityShouldBeRecognized()\r\n        {\r\n            _scenarioContext.Pending();\r\n        }\r\n        \n        [Then(@"reputation should be enhanced")]\r\n        public void ThenReputationShouldBeEnhanced()\r\n        {\r\n            _scenarioContext.Pending();\r\n        }\r\n    }\r\n}\r\n
  Failed Sync with EHR [57 ms]
  Error Message:
   Expected LastResponse not to be <null>.
  Stack Trace:
     at FluentAssertions.Execution.XUnit2TestFramework.Throw(String message)
   at FluentAssertions.Execution.TestFrameworkProvider.Throw(String message)
   at FluentAssertions.Execution.DefaultAssertionStrategy.HandleFailure(String message)
   at FluentAssertions.Execution.AssertionScope.FailWith(Func`1 failReasonFunc)
   at FluentAssertions.Execution.AssertionScope.FailWith(Func`1 failReasonFunc)
   at FluentAssertions.Execution.AssertionScope.FailWith(String message)
   at FluentAssertions.Primitives.ReferenceTypeAssertions`2.NotBeNull(String because, Object[] becauseArgs)
   at TherapyDocs.Api.Tests.BDD.StepDefinitions.BaseStepDefinitions.ThenTheResponseStatusShouldBe(Int32 statusCode) in /home/srowe/workspace/pediatric-therapy-resource/api/Tests/BDD/StepDefinitions/BaseStepDefinitions.cs:line 71
   at TherapyDocs.Api.Tests.BDD.StepDefinitions.CommonStepDefinitions.ThenTheResponseStatusShouldBeStep(Int32 statusCode) in /home/srowe/workspace/pediatric-therapy-resource/api/Tests/BDD/StepDefinitions/CommonStepDefinitions.cs:line 55
   at InvokeStub_Action`2.Invoke(Object, Span`1)
   at System.Reflection.MethodBaseInvoker.InvokeWithFewArgs(Object obj, BindingFlags invokeAttr, Binder binder, Object[] parameters, CultureInfo culture)
   at TechTalk.SpecFlow.Bindings.BindingInvoker.InvokeBinding(IBinding binding, IContextManager contextManager, Object[] arguments, ITestTracer testTracer, TimeSpan& duration)
   at TechTalk.SpecFlow.Infrastructure.TestExecutionEngine.ExecuteStepMatch(BindingMatch match, Object[] arguments, TimeSpan& duration)
   at TechTalk.SpecFlow.Infrastructure.TestExecutionEngine.ExecuteStep(IContextManager contextManager, StepInstance stepInstance)
   at TechTalk.SpecFlow.Infrastructure.TestExecutionEngine.OnAfterLastStep()
   at TechTalk.SpecFlow.TestRunner.CollectScenarioErrors()
   at TherapyDocs.Api.Tests.BDD.Features.Integrations.ExternalIntegrationAPIEndpointsFR_022Feature.ScenarioCleanup()
   at TherapyDocs.Api.Tests.BDD.Features.Integrations.ExternalIntegrationAPIEndpointsFR_022Feature.SyncWithEHR() in /home/srowe/workspace/pediatric-therapy-resource/api/Tests/BDD/Features/integrations/external-integrations.feature:line 47
   at System.RuntimeMethodHandle.InvokeMethod(Object target, Void** arguments, Signature sig, Boolean isConstructor)
   at System.Reflection.MethodBaseInvoker.InvokeWithNoArgs(Object obj, BindingFlags invokeAttr)
  Standard Output Messages:
 Given the API is available
 -> done: CommonStepDefinitions.GivenTheAPIIsAvailable() (0.0s)
 And I am authenticated as "therapist@clinic.com"
 -> done: CommonStepDefinitions.GivenIAmAuthenticatedAs("therapist@clinic.com") (0.0s)
 Given EHR connection "conn-123" exists
 -> done: EHRIntegrationSteps.GivenEHRConnectionExists("conn-123") (0.0s)
 When I send a POST request to "/api/integrations/ehr/conn-123/sync"
 -> done: AuthenticationSteps.WhenISendAPOSTRequestTo("/api/integrations...") (0.0s)
 Then the response status should be 202
 -> error: Expected LastResponse not to be <null>. (0.0s)
 And the response should contain:
   --- table step argument ---
   | field       | type   |
   | syncJobId   | string |
   | status      | string |
   | itemsToSync | number |
 -> skipped because of previous errors


  Failed Manage service provider and vendor compliance [496 ms]
  Error Message:
   Expected response.StatusCode to be HttpStatusCode.OK {value: 200}, but found HttpStatusCode.NotFound {value: 404}.
  Stack Trace:
     at FluentAssertions.Execution.XUnit2TestFramework.Throw(String message)
   at FluentAssertions.Execution.TestFrameworkProvider.Throw(String message)
   at FluentAssertions.Execution.DefaultAssertionStrategy.HandleFailure(String message)
   at FluentAssertions.Execution.AssertionScope.FailWith(Func`1 failReasonFunc)
   at FluentAssertions.Execution.AssertionScope.FailWith(Func`1 failReasonFunc)
   at FluentAssertions.Execution.AssertionScope.FailWith(String message, Object[] args)
   at FluentAssertions.Primitives.EnumAssertions`2.Be(TEnum expected, String because, Object[] becauseArgs)
   at TherapyDocs.Api.Tests.BDD.StepDefinitions.PciDssComplianceSteps.GivenPciDssComplianceSystemsAreOperational() in /home/srowe/workspace/pediatric-therapy-resource/api/Tests/BDD/StepDefinitions/PciDssComplianceSteps.cs:line 37
   at TechTalk.SpecFlow.Bindings.SynchronousBindingDelegateInvoker.<>c__DisplayClass2_0.<<InvokeBindingDelegateAsync>b__0>d.MoveNext()
--- End of stack trace from previous location ---
   at TechTalk.SpecFlow.Bindings.AsyncHelpers.<>c__DisplayClass1_0`1.<<RunSync>b__0>d.MoveNext()
--- End of stack trace from previous location ---
   at TechTalk.SpecFlow.Bindings.AsyncHelpers.ExclusiveSynchronizationContext.BeginMessageLoop()
   at TechTalk.SpecFlow.Bindings.AsyncHelpers.RunSync[T](Func`1 task)
   at TechTalk.SpecFlow.Bindings.SynchronousBindingDelegateInvoker.InvokeBindingDelegateAsync(Delegate bindingDelegate, Object[] invokeArgs)
   at TechTalk.SpecFlow.Bindings.SynchronousBindingDelegateInvoker.InvokeDelegateSynchronously(Delegate bindingDelegate, Object[] invokeArgs)
   at TechTalk.SpecFlow.Bindings.BindingInvoker.InvokeBinding(IBinding binding, IContextManager contextManager, Object[] arguments, ITestTracer testTracer, TimeSpan& duration)
   at TechTalk.SpecFlow.Infrastructure.TestExecutionEngine.ExecuteStepMatch(BindingMatch match, Object[] arguments, TimeSpan& duration)
   at TechTalk.SpecFlow.Infrastructure.TestExecutionEngine.ExecuteStep(IContextManager contextManager, StepInstance stepInstance)
   at TechTalk.SpecFlow.Infrastructure.TestExecutionEngine.OnAfterLastStep()
   at TechTalk.SpecFlow.TestRunner.CollectScenarioErrors()
   at TherapyDocs.Api.Tests.BDD.Features.Compliance.PCIDSSComplianceAndPaymentCardSecurityFeature.ScenarioCleanup()
   at TherapyDocs.Api.Tests.BDD.Features.Compliance.PCIDSSComplianceAndPaymentCardSecurityFeature.ManageServiceProviderAndVendorCompliance() in /home/srowe/workspace/pediatric-therapy-resource/api/Tests/BDD/Features/compliance/pci-dss.feature:line 167
   at System.RuntimeMethodHandle.InvokeMethod(Object target, Void** arguments, Signature sig, Boolean isConstructor)
   at System.Reflection.MethodBaseInvoker.InvokeWithNoArgs(Object obj, BindingFlags invokeAttr)
  Standard Output Messages:
 Given PCI DSS compliance systems are operational
 -> error: Expected response.StatusCode to be HttpStatusCode.OK {value: 200}, but found HttpStatusCode.NotFound {value: 404}. (0.0s)
 And cardholder data environment (CDE) is defined
 -> No matching step definition found for the step. Use the following code to create one:
         [Given(@"cardholder data environment \(CDE\) is defined")]
         public void GivenCardholderDataEnvironmentCDEIsDefined()
         {
             _scenarioContext.Pending();
         }
 
 And network segmentation is implemented
 -> No matching step definition found for the step. Use the following code to create one:
         [Given(@"network segmentation is implemented")]
         public void GivenNetworkSegmentationIsImplemented()
         {
             _scenarioContext.Pending();
         }
 
 And encryption mechanisms are active
 -> No matching step definition found for the step. Use the following code to create one:
         [Given(@"encryption mechanisms are active")]
         public void GivenEncryptionMechanismsAreActive()
         {
             _scenarioContext.Pending();
         }
 
 And security controls are configured
 -> No matching step definition found for the step. Use the following code to create one:
         [Given(@"security controls are configured")]
         public void GivenSecurityControlsAreConfigured()
         {
             _scenarioContext.Pending();
         }
 
 Given service providers must be PCI compliant
 -> No matching step definition found for the step. Use the following code to create one:
         [Given(@"service providers must be PCI compliant")]
         public void GivenServiceProvidersMustBePCICompliant()
         {
             _scenarioContext.Pending();
         }
 
 And vendor management ensures security
 -> No matching step definition found for the step. Use the following code to create one:
         [Given(@"vendor management ensures security")]
         public void GivenVendorManagementEnsuresSecurity()
         {
             _scenarioContext.Pending();
         }
 
 When managing vendors:
   --- table step argument ---
   | Vendor Type          | Compliance Requirement | Verification Method   | Contract Terms      | Monitoring Process     | Incident Response        |
   | Payment processor    | PCI DSS Level 1        | AOC validation        | Liability terms     | Annual review          | Breach notification      |
   | Cloud provider       | PCI DSS certified      | Responsibility matrix | Security addendum   | Quarterly assessment   | Shared response          |
   | Software vendors     | PA-DSS validated       | Certification check   | Update requirements | Patch monitoring       | Vulnerability disclosure |
   | Managed services     | PCI DSS compliant      | Assessment review     | SLA terms           | Performance monitoring | Escalation procedures    |
   | Development partners | Secure coding          | Code review rights    | Security standards  | Release testing        | Bug bounty               |
   | Support vendors      | Limited access         | Access audit          | NDA + training      | Activity monitoring    | Access revocation        |
 -> No matching step definition found for the step. Use the following code to create one:
         [When(@"managing vendors:")]
         public void WhenManagingVendors(Table table)
         {
             _scenarioContext.Pending();
         }
 
 Then vendors should maintain compliance
 -> No matching step definition found for the step. Use the following code to create one:
         [Then(@"vendors should maintain compliance")]
         public void ThenVendorsShouldMaintainCompliance()
         {
             _scenarioContext.Pending();
         }
 
 And verification should be documented
 -> No matching step definition found for the step. Use the following code to create one:
         [Then(@"verification should be documented")]
         public void ThenVerificationShouldBeDocumented()
         {
             _scenarioContext.Pending();
         }
 
 And contracts should ensure security
 -> No matching step definition found for the step. Use the following code to create one:
         [Then(@"contracts should ensure security")]
         public void ThenContractsShouldEnsureSecurity()
         {
             _scenarioContext.Pending();
         }
 
 And monitoring should be continuous
 -> binding error: Ambiguous step definitions found for step 'Then monitoring should be continuous': TherapyDocs.Api.Tests:TherapyDocs.Api.Tests.BDD.StepDefinitions.ComplianceAuditSteps.ThenMonitoringShouldBeContinuous(), TherapyDocs.Api.Tests:TherapyDocs.Api.Tests.BDD.StepDefinitions.HipaaComplianceSteps.ThenMonitoringShouldBeContinuous()


  Failed Validate registration fields(field: "licenseNumber", value: "", error: "License number is required", exampleTags: []) [91 ms]
  Error Message:
   Expected LastResponse not to be <null>.
  Stack Trace:
     at FluentAssertions.Execution.XUnit2TestFramework.Throw(String message)
   at FluentAssertions.Execution.TestFrameworkProvider.Throw(String message)
   at FluentAssertions.Execution.DefaultAssertionStrategy.HandleFailure(String message)
   at FluentAssertions.Execution.AssertionScope.FailWith(Func`1 failReasonFunc)
   at FluentAssertions.Execution.AssertionScope.FailWith(Func`1 failReasonFunc)
   at FluentAssertions.Execution.AssertionScope.FailWith(String message)
   at FluentAssertions.Primitives.ReferenceTypeAssertions`2.NotBeNull(String because, Object[] becauseArgs)
   at TherapyDocs.Api.Tests.BDD.StepDefinitions.BaseStepDefinitions.ThenTheResponseStatusShouldBe(Int32 statusCode) in /home/srowe/workspace/pediatric-therapy-resource/api/Tests/BDD/StepDefinitions/BaseStepDefinitions.cs:line 71
   at TherapyDocs.Api.Tests.BDD.StepDefinitions.CommonStepDefinitions.ThenTheResponseStatusShouldBeStep(Int32 statusCode) in /home/srowe/workspace/pediatric-therapy-resource/api/Tests/BDD/StepDefinitions/CommonStepDefinitions.cs:line 55
   at InvokeStub_Action`2.Invoke(Object, Span`1)
   at System.Reflection.MethodBaseInvoker.InvokeWithFewArgs(Object obj, BindingFlags invokeAttr, Binder binder, Object[] parameters, CultureInfo culture)
   at TechTalk.SpecFlow.Bindings.BindingInvoker.InvokeBinding(IBinding binding, IContextManager contextManager, Object[] arguments, ITestTracer testTracer, TimeSpan& duration)
   at TechTalk.SpecFlow.Infrastructure.TestExecutionEngine.ExecuteStepMatch(BindingMatch match, Object[] arguments, TimeSpan& duration)
   at TechTalk.SpecFlow.Infrastructure.TestExecutionEngine.ExecuteStep(IContextManager contextManager, StepInstance stepInstance)
   at TechTalk.SpecFlow.Infrastructure.TestExecutionEngine.OnAfterLastStep()
   at TechTalk.SpecFlow.TestRunner.CollectScenarioErrors()
   at TherapyDocs.Api.Tests.BDD.Features.Auth.AuthenticationAPIEndpointsFR_001Feature.ScenarioCleanup()
   at TherapyDocs.Api.Tests.BDD.Features.Auth.AuthenticationAPIEndpointsFR_001Feature.ValidateRegistrationFields(String field, String value, String error, String[] exampleTags) in /home/srowe/workspace/pediatric-therapy-resource/api/Tests/BDD/Features/auth/authentication.feature:line 48
   at InvokeStub_AuthenticationAPIEndpointsFR_001Feature.ValidateRegistrationFields(Object, Span`1)
   at System.Reflection.MethodBaseInvoker.InvokeWithFewArgs(Object obj, BindingFlags invokeAttr, Binder binder, Object[] parameters, CultureInfo culture)
  Standard Output Messages:
 Given the API is available
 -> done: CommonStepDefinitions.GivenTheAPIIsAvailable() (0.0s)
 And the database is connected
 -> done: AuthenticationSteps.GivenTheDatabaseIsConnected() (0.0s)
 Given I have registration details with licenseNumber set to ""
 -> done: AuthenticationSteps.GivenIHaveRegistrationDetailsWithFieldSetTo("licenseNumber", "") (0.0s)
 When I send a POST request to "/api/auth/register"
 -> done: AuthenticationSteps.WhenISendAPOSTRequestTo("/api/auth/register") (0.0s)
 Then the response status should be 400
 -> error: Expected LastResponse not to be <null>. (0.0s)
 And the response should contain error "License number is required"
 -> skipped because of previous errors


  Skipped Optimize complex analytics and reporting queries [1 ms]
  Skipped Achieve external quality validation [1 ms]
[xUnit.net 00:00:03.84]     Limit IOPS and disk bandwidth usage [SKIP]
[xUnit.net 00:00:03.84]       No matching step definition found for one or more steps.\nusing System;\r\nusing TechTalk.SpecFlow;\r\n\r\nnamespace MyNamespace\r\n{\r\n    [Binding]\r\n    public class StepDefinitions\r\n    {\r\n        private readonly ScenarioContext _scenarioContext;\r\n\r\n        public StepDefinitions(ScenarioContext scenarioContext)\r\n        {\r\n            _scenarioContext = scenarioContext;\r\n        }\r\n        [Given(@"resource limit management is configured")]\r\n        public void GivenResourceLimitManagementIsConfigured()\r\n        {\r\n            _scenarioContext.Pending();\r\n        }\r\n        \n        [Given(@"monitoring systems track resource usage")]\r\n        public void GivenMonitoringSystemsTrackResourceUsage()\r\n        {\r\n            _scenarioContext.Pending();\r\n        }\r\n        \n        [Given(@"enforcement mechanisms are active")]\r\n        public void GivenEnforcementMechanismsAreActive()\r\n        {\r\n            _scenarioContext.Pending();\r\n        }\r\n        \n        [Given(@"quotas are defined per tier")]\r\n        public void GivenQuotasAreDefinedPerTier()\r\n        {\r\n            _scenarioContext.Pending();\r\n        }\r\n        \n        [Given(@"alerting thresholds are established")]\r\n        public void GivenAlertingThresholdsAreEstablished()\r\n        {\r\n            _scenarioContext.Pending();\r\n        }\r\n        \n        [Given(@"disk I/O can become a bottleneck")]\r\n        public void GivenDiskIOCanBecomeABottleneck()\r\n        {\r\n            _scenarioContext.Pending();\r\n        }\r\n        \n        [Given(@"IOPS must be distributed fairly")]\r\n        public void GivenIOPSMustBeDistributedFairly()\r\n        {\r\n            _scenarioContext.Pending();\r\n        }\r\n        \n        [When(@"implementing I/O limits:")]\r\n        public void WhenImplementingIOLimits(Table table)\r\n        {\r\n            _scenarioContext.Pending();\r\n        }\r\n        \n        [Then(@"IOPS should be limited per workload")]\r\n        public void ThenIOPSShouldBeLimitedPerWorkload()\r\n        {\r\n            _scenarioContext.Pending();\r\n        }\r\n        \n        [Then(@"bandwidth should be controlled")]\r\n        public void ThenBandwidthShouldBeControlled()\r\n        {\r\n            _scenarioContext.Pending();\r\n        }\r\n        \n        [Then(@"critical operations should have priority")]\r\n        public void ThenCriticalOperationsShouldHavePriority()\r\n        {\r\n            _scenarioContext.Pending();\r\n        }\r\n        \n        [Then(@"overall performance should be stable")]\r\n        public void ThenOverallPerformanceShouldBeStable()\r\n        {\r\n            _scenarioContext.Pending();\r\n        }\r\n    }\r\n}\r\n
[xUnit.net 00:00:03.84]     Ensure sustainable accessibility and long-term accessibility viability [SKIP]
[xUnit.net 00:00:03.84]       No matching step definition found for one or more steps.\nusing System;\r\nusing TechTalk.SpecFlow;\r\n\r\nnamespace MyNamespace\r\n{\r\n    [Binding]\r\n    public class StepDefinitions\r\n    {\r\n        private readonly ScenarioContext _scenarioContext;\r\n\r\n        public StepDefinitions(ScenarioContext scenarioContext)\r\n        {\r\n            _scenarioContext = scenarioContext;\r\n        }\r\n        [Given(@"accessibility error handling systems are active")]\r\n        public void GivenAccessibilityErrorHandlingSystemsAreActive()\r\n        {\r\n            _scenarioContext.Pending();\r\n        }\r\n        \n        [Given(@"inclusive design principles are implemented")]\r\n        public void GivenInclusiveDesignPrinciplesAreImplemented()\r\n        {\r\n            _scenarioContext.Pending();\r\n        }\r\n        \n        [Given(@"assistive technology integration is functional")]\r\n        public void GivenAssistiveTechnologyIntegrationIsFunctional()\r\n        {\r\n            _scenarioContext.Pending();\r\n        }\r\n        \n        [Given(@"accessibility compliance monitoring is operational")]\r\n        public void GivenAccessibilityComplianceMonitoringIsOperational()\r\n        {\r\n            _scenarioContext.Pending();\r\n        }\r\n        \n        [Given(@"user accommodation systems are available")]\r\n        public void GivenUserAccommodationSystemsAreAvailable()\r\n        {\r\n            _scenarioContext.Pending();\r\n        }\r\n        \n        [Given(@"accessibility requires ongoing commitment and resources")]\r\n        public void GivenAccessibilityRequiresOngoingCommitmentAndResources()\r\n        {\r\n            _scenarioContext.Pending();\r\n        }\r\n        \n        [When(@"planning accessibility sustainability:")]\r\n        public void WhenPlanningAccessibilitySustainability(Table table)\r\n        {\r\n            _scenarioContext.Pending();\r\n        }\r\n        \n        [Then(@"sustainability should be systematically planned")]\r\n        public void ThenSustainabilityShouldBeSystematicallyPlanned()\r\n        {\r\n            _scenarioContext.Pending();\r\n        }\r\n        \n        [Then(@"strategies should adapt to changing needs")]\r\n        public void ThenStrategiesShouldAdaptToChangingNeeds()\r\n        {\r\n            _scenarioContext.Pending();\r\n        }\r\n        \n        [Then(@"resources should scale with requirements")]\r\n        public void ThenResourcesShouldScaleWithRequirements()\r\n        {\r\n            _scenarioContext.Pending();\r\n        }\r\n        \n        [Then(@"viability should be ensured")]\r\n        public void ThenViabilityShouldBeEnsured()\r\n        {\r\n            _scenarioContext.Pending();\r\n        }\r\n    }\r\n}\r\n
[xUnit.net 00:00:03.84]     Bulk reassignment for therapist leave [SKIP]
[xUnit.net 00:00:03.84]       No matching step definition found for one or more steps.\nusing System;\r\nusing TechTalk.SpecFlow;\r\n\r\nnamespace MyNamespace\r\n{\r\n    [Binding]\r\n    public class StepDefinitions\r\n    {\r\n        private readonly ScenarioContext _scenarioContext;\r\n\r\n        public StepDefinitions(ScenarioContext scenarioContext)\r\n        {\r\n            _scenarioContext = scenarioContext;\r\n        }\r\n        [Given(@"I am logged in as therapy coordinator")]\r\n        public void GivenIAmLoggedInAsTherapyCoordinator()\r\n        {\r\n            _scenarioContext.Pending();\r\n        }\r\n        \n        [Given(@"the following therapists are active:")]\r\n        public void GivenTheFollowingTherapistsAreActive(Table table)\r\n        {\r\n            _scenarioContext.Pending();\r\n        }\r\n        \n        [Given(@"""(.*)"" is going on leave")]\r\n        public void GivenIsGoingOnLeave(string p0)\r\n        {\r\n            _scenarioContext.Pending();\r\n        }\r\n        \n        [When(@"I initiate coverage plan for ""(.*)"" to ""(.*)""")]\r\n        public void WhenIInitiateCoveragePlanForTo(string p0, string p1)\r\n        {\r\n            _scenarioContext.Pending();\r\n        }\r\n        \n        [Then(@"system suggests distribution:")]\r\n        public void ThenSystemSuggestsDistribution(Table table)\r\n        {\r\n            _scenarioContext.Pending();\r\n        }\r\n    }\r\n}\r\n
[xUnit.net 00:00:03.84]       Expected LastResponse not to be <null>.
[xUnit.net 00:00:03.85]       Stack Trace:
[xUnit.net 00:00:03.85]            at FluentAssertions.Execution.XUnit2TestFramework.Throw(String message)
[xUnit.net 00:00:03.85]            at FluentAssertions.Execution.TestFrameworkProvider.Throw(String message)
[xUnit.net 00:00:03.85]            at FluentAssertions.Execution.DefaultAssertionStrategy.HandleFailure(String message)
[xUnit.net 00:00:03.85]            at FluentAssertions.Execution.AssertionScope.FailWith(Func`1 failReasonFunc)
[xUnit.net 00:00:03.85]            at FluentAssertions.Execution.AssertionScope.FailWith(Func`1 failReasonFunc)
[xUnit.net 00:00:03.85]            at FluentAssertions.Execution.AssertionScope.FailWith(String message)
[xUnit.net 00:00:03.85]            at FluentAssertions.Primitives.ReferenceTypeAssertions`2.NotBeNull(String because, Object[] becauseArgs)
[xUnit.net 00:00:03.85]         /home/srowe/workspace/pediatric-therapy-resource/api/Tests/BDD/StepDefinitions/BaseStepDefinitions.cs(71,0): at TherapyDocs.Api.Tests.BDD.StepDefinitions.BaseStepDefinitions.ThenTheResponseStatusShouldBe(Int32 statusCode)
[xUnit.net 00:00:03.85]         /home/srowe/workspace/pediatric-therapy-resource/api/Tests/BDD/StepDefinitions/CommonStepDefinitions.cs(55,0): at TherapyDocs.Api.Tests.BDD.StepDefinitions.CommonStepDefinitions.ThenTheResponseStatusShouldBeStep(Int32 statusCode)
[xUnit.net 00:00:03.85]            at InvokeStub_Action`2.Invoke(Object, Span`1)
[xUnit.net 00:00:03.85]            at System.Reflection.MethodBaseInvoker.InvokeWithFewArgs(Object obj, BindingFlags invokeAttr, Binder binder, Object[] parameters, CultureInfo culture)
[xUnit.net 00:00:03.85]            at TechTalk.SpecFlow.Bindings.BindingInvoker.InvokeBinding(IBinding binding, IContextManager contextManager, Object[] arguments, ITestTracer testTracer, TimeSpan& duration)
[xUnit.net 00:00:03.85]            at TechTalk.SpecFlow.Infrastructure.TestExecutionEngine.ExecuteStepMatch(BindingMatch match, Object[] arguments, TimeSpan& duration)
[xUnit.net 00:00:03.85]            at TechTalk.SpecFlow.Infrastructure.TestExecutionEngine.ExecuteStep(IContextManager contextManager, StepInstance stepInstance)
[xUnit.net 00:00:03.85]            at TechTalk.SpecFlow.Infrastructure.TestExecutionEngine.OnAfterLastStep()
[xUnit.net 00:00:03.85]            at TechTalk.SpecFlow.TestRunner.CollectScenarioErrors()
[xUnit.net 00:00:03.85]            at TherapyDocs.Api.Tests.BDD.Features.Auth.AuthenticationAPIEndpointsFR_001Feature.ScenarioCleanup()
[xUnit.net 00:00:03.85]         /home/srowe/workspace/pediatric-therapy-resource/api/Tests/BDD/Features/auth/authentication.feature(48,0): at TherapyDocs.Api.Tests.BDD.Features.Auth.AuthenticationAPIEndpointsFR_001Feature.ValidateRegistrationFields(String field, String value, String error, String[] exampleTags)
[xUnit.net 00:00:03.85]            at InvokeStub_AuthenticationAPIEndpointsFR_001Feature.ValidateRegistrationFields(Object, Span`1)
[xUnit.net 00:00:03.85]            at System.Reflection.MethodBaseInvoker.InvokeWithFewArgs(Object obj, BindingFlags invokeAttr, Binder binder, Object[] parameters, CultureInfo culture)
[xUnit.net 00:00:03.85]       Output:
[xUnit.net 00:00:03.85]         Given the API is available
[xUnit.net 00:00:03.85]         -> done: CommonStepDefinitions.GivenTheAPIIsAvailable() (0.0s)
[xUnit.net 00:00:03.85]         And the database is connected
[xUnit.net 00:00:03.85]         -> done: AuthenticationSteps.GivenTheDatabaseIsConnected() (0.0s)
[xUnit.net 00:00:03.85]         Given I have registration details with acceptedTerms set to "false"
[xUnit.net 00:00:03.85]         -> done: AuthenticationSteps.GivenIHaveRegistrationDetailsWithFieldSetTo("acceptedTerms", "false") (0.0s)
[xUnit.net 00:00:03.85]         When I send a POST request to "/api/auth/register"
[xUnit.net 00:00:03.85]         -> done: AuthenticationSteps.WhenISendAPOSTRequestTo("/api/auth/register") (0.0s)
[xUnit.net 00:00:03.85]         Then the response status should be 400
[xUnit.net 00:00:03.85]         -> error: Expected LastResponse not to be <null>. (0.0s)
[xUnit.net 00:00:03.85]         And the response should contain error "Terms must be accepted"
[xUnit.net 00:00:03.85]         -> skipped because of previous errors
[xUnit.net 00:00:03.85]     Validate secure video streaming performance [SKIP]
[xUnit.net 00:00:03.85]       No matching step definition found for one or more steps.\nusing System;\r\nusing TechTalk.SpecFlow;\r\n\r\nnamespace MyNamespace\r\n{\r\n    [Binding]\r\n    public class StepDefinitions\r\n    {\r\n        private readonly ScenarioContext _scenarioContext;\r\n\r\n        public StepDefinitions(ScenarioContext scenarioContext)\r\n        {\r\n            _scenarioContext = scenarioContext;\r\n        }\r\n        [Then(@"video encryption should not significantly impact performance")]\r\n        public void ThenVideoEncryptionShouldNotSignificantlyImpactPerformance()\r\n        {\r\n            _scenarioContext.Pending();\r\n        }\r\n        \n        [Then(@"secure key management should be transparent to users")]\r\n        public void ThenSecureKeyManagementShouldBeTransparentToUsers()\r\n        {\r\n            _scenarioContext.Pending();\r\n        }\r\n        \n        [Then(@"access controls should be enforced consistently")]\r\n        public void ThenAccessControlsShouldBeEnforcedConsistently()\r\n        {\r\n            _scenarioContext.Pending();\r\n        }\r\n        \n        [Then(@"DRM protection should prevent unauthorized access")]\r\n        public void ThenDRMProtectionShouldPreventUnauthorizedAccess()\r\n        {\r\n            _scenarioContext.Pending();\r\n        }\r\n    }\r\n}\r\n
  Skipped Limit IOPS and disk bandwidth usage [1 ms]
  Skipped Ensure sustainable accessibility and long-term accessibility viability [1 ms]
  Skipped Bulk reassignment for therapist leave [1 ms]
  Failed Validate registration fields(field: "acceptedTerms", value: "false", error: "Terms must be accepted", exampleTags: []) [27 ms]
  Error Message:
   Expected LastResponse not to be <null>.
  Stack Trace:
     at FluentAssertions.Execution.XUnit2TestFramework.Throw(String message)
   at FluentAssertions.Execution.TestFrameworkProvider.Throw(String message)
   at FluentAssertions.Execution.DefaultAssertionStrategy.HandleFailure(String message)
   at FluentAssertions.Execution.AssertionScope.FailWith(Func`1 failReasonFunc)
   at FluentAssertions.Execution.AssertionScope.FailWith(Func`1 failReasonFunc)
   at FluentAssertions.Execution.AssertionScope.FailWith(String message)
   at FluentAssertions.Primitives.ReferenceTypeAssertions`2.NotBeNull(String because, Object[] becauseArgs)
   at TherapyDocs.Api.Tests.BDD.StepDefinitions.BaseStepDefinitions.ThenTheResponseStatusShouldBe(Int32 statusCode) in /home/srowe/workspace/pediatric-therapy-resource/api/Tests/BDD/StepDefinitions/BaseStepDefinitions.cs:line 71
   at TherapyDocs.Api.Tests.BDD.StepDefinitions.CommonStepDefinitions.ThenTheResponseStatusShouldBeStep(Int32 statusCode) in /home/srowe/workspace/pediatric-therapy-resource/api/Tests/BDD/StepDefinitions/CommonStepDefinitions.cs:line 55
   at InvokeStub_Action`2.Invoke(Object, Span`1)
   at System.Reflection.MethodBaseInvoker.InvokeWithFewArgs(Object obj, BindingFlags invokeAttr, Binder binder, Object[] parameters, CultureInfo culture)
   at TechTalk.SpecFlow.Bindings.BindingInvoker.InvokeBinding(IBinding binding, IContextManager contextManager, Object[] arguments, ITestTracer testTracer, TimeSpan& duration)
   at TechTalk.SpecFlow.Infrastructure.TestExecutionEngine.ExecuteStepMatch(BindingMatch match, Object[] arguments, TimeSpan& duration)
   at TechTalk.SpecFlow.Infrastructure.TestExecutionEngine.ExecuteStep(IContextManager contextManager, StepInstance stepInstance)
   at TechTalk.SpecFlow.Infrastructure.TestExecutionEngine.OnAfterLastStep()
   at TechTalk.SpecFlow.TestRunner.CollectScenarioErrors()
   at TherapyDocs.Api.Tests.BDD.Features.Auth.AuthenticationAPIEndpointsFR_001Feature.ScenarioCleanup()
   at TherapyDocs.Api.Tests.BDD.Features.Auth.AuthenticationAPIEndpointsFR_001Feature.ValidateRegistrationFields(String field, String value, String error, String[] exampleTags) in /home/srowe/workspace/pediatric-therapy-resource/api/Tests/BDD/Features/auth/authentication.feature:line 48
   at InvokeStub_AuthenticationAPIEndpointsFR_001Feature.ValidateRegistrationFields(Object, Span`1)
   at System.Reflection.MethodBaseInvoker.InvokeWithFewArgs(Object obj, BindingFlags invokeAttr, Binder binder, Object[] parameters, CultureInfo culture)
  Standard Output Messages:
 Given the API is available
 -> done: CommonStepDefinitions.GivenTheAPIIsAvailable() (0.0s)
 And the database is connected
 -> done: AuthenticationSteps.GivenTheDatabaseIsConnected() (0.0s)
 Given I have registration details with acceptedTerms set to "false"
 -> done: AuthenticationSteps.GivenIHaveRegistrationDetailsWithFieldSetTo("acceptedTerms", "false") (0.0s)
 When I send a POST request to "/api/auth/register"
 -> done: AuthenticationSteps.WhenISendAPOSTRequestTo("/api/auth/register") (0.0s)
 Then the response status should be 400
 -> error: Expected LastResponse not to be <null>. (0.0s)
 And the response should contain error "Terms must be accepted"
 -> skipped because of previous errors


  Skipped Validate secure video streaming performance [1 ms]
[xUnit.net 00:00:03.86]     Communicate external service status and impacts to users [SKIP]
[xUnit.net 00:00:03.86]       No matching step definition found for one or more steps.\nusing System;\r\nusing TechTalk.SpecFlow;\r\n\r\nnamespace MyNamespace\r\n{\r\n    [Binding]\r\n    public class StepDefinitions\r\n    {\r\n        private readonly ScenarioContext _scenarioContext;\r\n\r\n        public StepDefinitions(ScenarioContext scenarioContext)\r\n        {\r\n            _scenarioContext = scenarioContext;\r\n        }\r\n        [Given(@"external service monitoring is active")]\r\n        public void GivenExternalServiceMonitoringIsActive()\r\n        {\r\n            _scenarioContext.Pending();\r\n        }\r\n        \n        [Given(@"fallback mechanisms are implemented")]\r\n        public void GivenFallbackMechanismsAreImplemented()\r\n        {\r\n            _scenarioContext.Pending();\r\n        }\r\n        \n        [Given(@"service health checks are configured")]\r\n        public void GivenServiceHealthChecksAreConfigured()\r\n        {\r\n            _scenarioContext.Pending();\r\n        }\r\n        \n        [Given(@"circuit breaker patterns are deployed")]\r\n        public void GivenCircuitBreakerPatternsAreDeployed()\r\n        {\r\n            _scenarioContext.Pending();\r\n        }\r\n        \n        [Given(@"error handling workflows are established")]\r\n        public void GivenErrorHandlingWorkflowsAreEstablished()\r\n        {\r\n            _scenarioContext.Pending();\r\n        }\r\n        \n        [Given(@"users need awareness of service issues")]\r\n        public void GivenUsersNeedAwarenessOfServiceIssues()\r\n        {\r\n            _scenarioContext.Pending();\r\n        }\r\n        \n        [Given(@"clear communication manages user expectations")]\r\n        public void GivenClearCommunicationManagesUserExpectations()\r\n        {\r\n            _scenarioContext.Pending();\r\n        }\r\n        \n        [When(@"communicating service status:")]\r\n        public void WhenCommunicatingServiceStatus(Table table)\r\n        {\r\n            _scenarioContext.Pending();\r\n        }\r\n        \n        [Then(@"communication should be timely and accurate")]\r\n        public void ThenCommunicationShouldBeTimelyAndAccurate()\r\n        {\r\n            _scenarioContext.Pending();\r\n        }\r\n        \n        [Then(@"impact should be clearly explained")]\r\n        public void ThenImpactShouldBeClearlyExplained()\r\n        {\r\n            _scenarioContext.Pending();\r\n        }\r\n        \n        [Then(@"guidance should help users adapt")]\r\n        public void ThenGuidanceShouldHelpUsersAdapt()\r\n        {\r\n            _scenarioContext.Pending();\r\n        }\r\n        \n        [Then(@"updates should keep users informed")]\r\n        public void ThenUpdatesShouldKeepUsersInformed()\r\n        {\r\n            _scenarioContext.Pending();\r\n        }\r\n    }\r\n}\r\n
[xUnit.net 00:00:03.87]     Support offline capabilities and disconnected device operation [SKIP]
[xUnit.net 00:00:03.88]       No matching step definition found for one or more steps.\nusing System;\r\nusing TechTalk.SpecFlow;\r\n\r\nnamespace MyNamespace\r\n{\r\n    [Binding]\r\n    public class StepDefinitions\r\n    {\r\n        private readonly ScenarioContext _scenarioContext;\r\n\r\n        public StepDefinitions(ScenarioContext scenarioContext)\r\n        {\r\n            _scenarioContext = scenarioContext;\r\n        }\r\n        [Given(@"cross-device synchronization is enabled")]\r\n        public void GivenCross_DeviceSynchronizationIsEnabled()\r\n        {\r\n            _scenarioContext.Pending();\r\n        }\r\n        \n        [Given(@"multi-device support systems are operational")]\r\n        public void GivenMulti_DeviceSupportSystemsAreOperational()\r\n        {\r\n            _scenarioContext.Pending();\r\n        }\r\n        \n        [Given(@"device registration and management are available")]\r\n        public void GivenDeviceRegistrationAndManagementAreAvailable()\r\n        {\r\n            _scenarioContext.Pending();\r\n        }\r\n        \n        [Given(@"conflict resolution mechanisms are implemented")]\r\n        public void GivenConflictResolutionMechanismsAreImplemented()\r\n        {\r\n            _scenarioContext.Pending();\r\n        }\r\n        \n        [Given(@"secure sync protocols are configured")]\r\n        public void GivenSecureSyncProtocolsAreConfigured()\r\n        {\r\n            _scenarioContext.Pending();\r\n        }\r\n        \n        [Given(@"therapy work often occurs in areas with poor connectivity")]\r\n        public void GivenTherapyWorkOftenOccursInAreasWithPoorConnectivity()\r\n        {\r\n            _scenarioContext.Pending();\r\n        }\r\n        \n        [Given(@"offline capabilities ensure continuous productivity")]\r\n        public void GivenOfflineCapabilitiesEnsureContinuousProductivity()\r\n        {\r\n            _scenarioContext.Pending();\r\n        }\r\n        \n        [When(@"supporting offline operation:")]\r\n        public void WhenSupportingOfflineOperation(Table table)\r\n        {\r\n            _scenarioContext.Pending();\r\n        }\r\n        \n        [Then(@"offline capabilities should be comprehensive")]\r\n        public void ThenOfflineCapabilitiesShouldBeComprehensive()\r\n        {\r\n            _scenarioContext.Pending();\r\n        }\r\n        \n        [Then(@"data should persist reliably")]\r\n        public void ThenDataShouldPersistReliably()\r\n        {\r\n            _scenarioContext.Pending();\r\n        }\r\n        \n        [Then(@"conflicts should be handled gracefully")]\r\n        public void ThenConflictsShouldBeHandledGracefully()\r\n        {\r\n            _scenarioContext.Pending();\r\n        }\r\n        \n        [Then(@"user experience should remain smooth")]\r\n        public void ThenUserExperienceShouldRemainSmooth()\r\n        {\r\n            _scenarioContext.Pending();\r\n        }\r\n    }\r\n}\r\n
[xUnit.net 00:00:03.88]       Expected response.StatusCode to be HttpStatusCode.OK {value: 200}, but found HttpStatusCode.NotFound {value: 404}.
[xUnit.net 00:00:03.88]       Stack Trace:
[xUnit.net 00:00:03.88]            at FluentAssertions.Execution.XUnit2TestFramework.Throw(String message)
[xUnit.net 00:00:03.88]            at FluentAssertions.Execution.TestFrameworkProvider.Throw(String message)
[xUnit.net 00:00:03.88]            at FluentAssertions.Execution.DefaultAssertionStrategy.HandleFailure(String message)
[xUnit.net 00:00:03.88]            at FluentAssertions.Execution.AssertionScope.FailWith(Func`1 failReasonFunc)
[xUnit.net 00:00:03.88]            at FluentAssertions.Execution.AssertionScope.FailWith(Func`1 failReasonFunc)
[xUnit.net 00:00:03.88]            at FluentAssertions.Execution.AssertionScope.FailWith(String message, Object[] args)
[xUnit.net 00:00:03.88]            at FluentAssertions.Primitives.EnumAssertions`2.Be(TEnum expected, String because, Object[] becauseArgs)
[xUnit.net 00:00:03.88]         /home/srowe/workspace/pediatric-therapy-resource/api/Tests/BDD/StepDefinitions/SecurityTestingSteps.cs(37,0): at TherapyDocs.Api.Tests.BDD.StepDefinitions.SecurityTestingSteps.GivenTheSecuritySystemIsActive()
[xUnit.net 00:00:03.88]            at TechTalk.SpecFlow.Bindings.SynchronousBindingDelegateInvoker.<>c__DisplayClass2_0.<<InvokeBindingDelegateAsync>b__0>d.MoveNext()
[xUnit.net 00:00:03.88]         --- End of stack trace from previous location ---
[xUnit.net 00:00:03.88]            at TechTalk.SpecFlow.Bindings.AsyncHelpers.<>c__DisplayClass1_0`1.<<RunSync>b__0>d.MoveNext()
[xUnit.net 00:00:03.88]         --- End of stack trace from previous location ---
[xUnit.net 00:00:03.88]            at TechTalk.SpecFlow.Bindings.AsyncHelpers.ExclusiveSynchronizationContext.BeginMessageLoop()
[xUnit.net 00:00:03.88]            at TechTalk.SpecFlow.Bindings.AsyncHelpers.RunSync[T](Func`1 task)
[xUnit.net 00:00:03.88]            at TechTalk.SpecFlow.Bindings.SynchronousBindingDelegateInvoker.InvokeBindingDelegateAsync(Delegate bindingDelegate, Object[] invokeArgs)
[xUnit.net 00:00:03.88]            at TechTalk.SpecFlow.Bindings.SynchronousBindingDelegateInvoker.InvokeDelegateSynchronously(Delegate bindingDelegate, Object[] invokeArgs)
[xUnit.net 00:00:03.88]            at TechTalk.SpecFlow.Bindings.BindingInvoker.InvokeBinding(IBinding binding, IContextManager contextManager, Object[] arguments, ITestTracer testTracer, TimeSpan& duration)
[xUnit.net 00:00:03.88]            at TechTalk.SpecFlow.Infrastructure.TestExecutionEngine.ExecuteStepMatch(BindingMatch match, Object[] arguments, TimeSpan& duration)
[xUnit.net 00:00:03.88]            at TechTalk.SpecFlow.Infrastructure.TestExecutionEngine.ExecuteStep(IContextManager contextManager, StepInstance stepInstance)
[xUnit.net 00:00:03.88]            at TechTalk.SpecFlow.Infrastructure.TestExecutionEngine.OnAfterLastStep()
[xUnit.net 00:00:03.88]            at TechTalk.SpecFlow.TestRunner.CollectScenarioErrors()
[xUnit.net 00:00:03.88]            at TherapyDocs.Api.Tests.BDD.Features.Security.AdvancedAuthenticationSecurityFeature.ScenarioCleanup()
[xUnit.net 00:00:03.89]         /home/srowe/workspace/pediatric-therapy-resource/api/Tests/BDD/Features/security/authentication-security.feature(144,0): at TherapyDocs.Api.Tests.BDD.Features.Security.AdvancedAuthenticationSecurityFeature.ImplementProgressiveAccountLockout()
[xUnit.net 00:00:03.89]            at System.RuntimeMethodHandle.InvokeMethod(Object target, Void** arguments, Signature sig, Boolean isConstructor)
[xUnit.net 00:00:03.89]            at System.Reflection.MethodBaseInvoker.InvokeWithNoArgs(Object obj, BindingFlags invokeAttr)
[xUnit.net 00:00:03.89]       Output:
[xUnit.net 00:00:03.89]         Given the security system is active
[xUnit.net 00:00:03.89]         -> error: Expected response.StatusCode to be HttpStatusCode.OK {value: 200}, but found HttpStatusCode.NotFound {value: 404}. (0.0s)
[xUnit.net 00:00:03.89]         And advanced authentication features are enabled
[xUnit.net 00:00:03.89]         -> skipped because of previous errors
[xUnit.net 00:00:03.89]         And security policies are configured
[xUnit.net 00:00:03.89]         -> skipped because of previous errors
[xUnit.net 00:00:03.89]         Given account lockout is configured with progressive delays
[xUnit.net 00:00:03.89]         -> No matching step definition found for the step. Use the following code to create one:
[xUnit.net 00:00:03.89]                 [Given(@"account lockout is configured with progressive delays")]
[xUnit.net 00:00:03.89]                 public void GivenAccountLockoutIsConfiguredWithProgressiveDelays()
[xUnit.net 00:00:03.89]                 {
[xUnit.net 00:00:03.89]                     _scenarioContext.Pending();
[xUnit.net 00:00:03.89]                 }
[xUnit.net 00:00:03.89]         
[xUnit.net 00:00:03.89]         When I make failed login attempts:
[xUnit.net 00:00:03.89]           --- table step argument ---
[xUnit.net 00:00:03.89]           | Attempt | Delay After Failure | Status           |
[xUnit.net 00:00:03.89]           | 1       | 0 seconds           | Try again        |
[xUnit.net 00:00:03.89]           | 2       | 0 seconds           | Try again        |
[xUnit.net 00:00:03.89]           | 3       | 30 seconds          | Brief lockout    |
[xUnit.net 00:00:03.89]           | 4       | 60 seconds          | Extended lockout |
[xUnit.net 00:00:03.89]           | 5       | 300 seconds         | Long lockout     |
[xUnit.net 00:00:03.89]         -> No matching step definition found for the step. Use the following code to create one:
[xUnit.net 00:00:03.89]                 [When(@"I make failed login attempts:")]
[xUnit.net 00:00:03.89]                 public void WhenIMakeFailedLoginAttempts(Table table)
[xUnit.net 00:00:03.89]                 {
[xUnit.net 00:00:03.89]                     _scenarioContext.Pending();
[xUnit.net 00:00:03.89]                 }
[xUnit.net 00:00:03.89]         
[xUnit.net 00:00:03.89]         Then lockout duration should increase progressively
[xUnit.net 00:00:03.89]         -> No matching step definition found for the step. Use the following code to create one:
[xUnit.net 00:00:03.89]                 [Then(@"lockout duration should increase progressively")]
[xUnit.net 00:00:03.89]                 public void ThenLockoutDurationShouldIncreaseProgressively()
[xUnit.net 00:00:03.89]                 {
[xUnit.net 00:00:03.89]                     _scenarioContext.Pending();
[xUnit.net 00:00:03.89]                 }
[xUnit.net 00:00:03.89]         
[xUnit.net 00:00:03.89]         And security team should be notified after 3rd attempt
[xUnit.net 00:00:03.89]         -> No matching step definition found for the step. Use the following code to create one:
[xUnit.net 00:00:03.89]                 [Then(@"security team should be notified after (.*)rd attempt")]
[xUnit.net 00:00:03.89]                 public void ThenSecurityTeamShouldBeNotifiedAfterRdAttempt(int p0)
[xUnit.net 00:00:03.89]                 {
[xUnit.net 00:00:03.89]                     _scenarioContext.Pending();
[xUnit.net 00:00:03.89]                 }
[xUnit.net 00:00:03.89]         
[xUnit.net 00:00:03.89]         And source IP should be monitored for patterns
[xUnit.net 00:00:03.89]         -> No matching step definition found for the step. Use the following code to create one:
[xUnit.net 00:00:03.89]                 [Then(@"source IP should be monitored for patterns")]
[xUnit.net 00:00:03.89]                 public void ThenSourceIPShouldBeMonitoredForPatterns()
[xUnit.net 00:00:03.89]                 {
[xUnit.net 00:00:03.89]                     _scenarioContext.Pending();
[xUnit.net 00:00:03.89]                 }
[xUnit.net 00:00:03.89]         
[xUnit.net 00:00:03.89]     Ensure data accuracy and handle analytics errors [SKIP]
[xUnit.net 00:00:03.89]       No matching step definition found for one or more steps.\nusing System;\r\nusing TechTalk.SpecFlow;\r\n\r\nnamespace MyNamespace\r\n{\r\n    [Binding]\r\n    public class StepDefinitions\r\n    {\r\n        private readonly ScenarioContext _scenarioContext;\r\n\r\n        public StepDefinitions(ScenarioContext scenarioContext)\r\n        {\r\n            _scenarioContext = scenarioContext;\r\n        }\r\n        [Given(@"seller analytics system is configured")]\r\n        public void GivenSellerAnalyticsSystemIsConfigured()\r\n        {\r\n            _scenarioContext.Pending();\r\n        }\r\n        \n        [Given(@"data collection is comprehensive")]\r\n        public void GivenDataCollectionIsComprehensive()\r\n        {\r\n            _scenarioContext.Pending();\r\n        }\r\n        \n        [Given(@"visualization tools are available")]\r\n        public void GivenVisualizationToolsAreAvailable()\r\n        {\r\n            _scenarioContext.Pending();\r\n        }\r\n        \n        [Given(@"reporting capabilities are functional")]\r\n        public void GivenReportingCapabilitiesAreFunctional()\r\n        {\r\n            _scenarioContext.Pending();\r\n        }\r\n        \n        [Given(@"performance metrics are tracked")]\r\n        public void GivenPerformanceMetricsAreTracked()\r\n        {\r\n            _scenarioContext.Pending();\r\n        }\r\n        \n        [Given(@"accurate data is critical for business decisions")]\r\n        public void GivenAccurateDataIsCriticalForBusinessDecisions()\r\n        {\r\n            _scenarioContext.Pending();\r\n        }\r\n        \n        [When(@"data accuracy issues occur:")]\r\n        public void WhenDataAccuracyIssuesOccur(Table table)\r\n        {\r\n            _scenarioContext.Pending();\r\n        }\r\n        \n        [Then(@"errors should be detected quickly")]\r\n        public void ThenErrorsShouldBeDetectedQuickly()\r\n        {\r\n            _scenarioContext.Pending();\r\n        }\r\n        \n        [Then(@"resolution should be prompt and effective")]\r\n        public void ThenResolutionShouldBePromptAndEffective()\r\n        {\r\n            _scenarioContext.Pending();\r\n        }\r\n        \n        [Then(@"impact should be minimized")]\r\n        public void ThenImpactShouldBeMinimized()\r\n        {\r\n            _scenarioContext.Pending();\r\n        }\r\n        \n        [Then(@"prevention should be prioritized")]\r\n        public void ThenPreventionShouldBePrioritized()\r\n        {\r\n            _scenarioContext.Pending();\r\n        }\r\n    }\r\n}\r\n
[xUnit.net 00:00:03.89]     Detect and prevent fake reviews and rating manipulation [SKIP]
[xUnit.net 00:00:03.89]       No matching step definition found for one or more steps.\nusing System;\r\nusing TechTalk.SpecFlow;\r\n\r\nnamespace MyNamespace\r\n{\r\n    [Binding]\r\n    public class StepDefinitions\r\n    {\r\n        private readonly ScenarioContext _scenarioContext;\r\n\r\n        public StepDefinitions(ScenarioContext scenarioContext)\r\n        {\r\n            _scenarioContext = scenarioContext;\r\n        }\r\n        [Given(@"quality rating system is configured")]\r\n        public void GivenQualityRatingSystemIsConfigured()\r\n        {\r\n            _scenarioContext.Pending();\r\n        }\r\n        \n        [Given(@"review collection is implemented")]\r\n        public void GivenReviewCollectionIsImplemented()\r\n        {\r\n            _scenarioContext.Pending();\r\n        }\r\n        \n        [Given(@"rating algorithms are established")]\r\n        public void GivenRatingAlgorithmsAreEstablished()\r\n        {\r\n            _scenarioContext.Pending();\r\n        }\r\n        \n        [Given(@"quality standards are defined")]\r\n        public void GivenQualityStandardsAreDefined()\r\n        {\r\n            _scenarioContext.Pending();\r\n        }\r\n        \n        [Given(@"moderation tools are available")]\r\n        public void GivenModerationToolsAreAvailable()\r\n        {\r\n            _scenarioContext.Pending();\r\n        }\r\n        \n        [Given(@"fake reviews undermine marketplace trust")]\r\n        public void GivenFakeReviewsUndermineMarketplaceTrust()\r\n        {\r\n            _scenarioContext.Pending();\r\n        }\r\n        \n        [Given(@"rating manipulation distorts quality indicators")]\r\n        public void GivenRatingManipulationDistortsQualityIndicators()\r\n        {\r\n            _scenarioContext.Pending();\r\n        }\r\n        \n        [When(@"implementing fake review detection:")]\r\n        public void WhenImplementingFakeReviewDetection(Table table)\r\n        {\r\n            _scenarioContext.Pending();\r\n        }\r\n        \n        [Then(@"detection should be accurate and comprehensive")]\r\n        public void ThenDetectionShouldBeAccurateAndComprehensive()\r\n        {\r\n            _scenarioContext.Pending();\r\n        }\r\n        \n        [Then(@"confidence levels should guide responses")]\r\n        public void ThenConfidenceLevelsShouldGuideResponses()\r\n        {\r\n            _scenarioContext.Pending();\r\n        }\r\n        \n        [Then(@"false positives should be minimized")]\r\n        public void ThenFalsePositivesShouldBeMinimized()\r\n        {\r\n            _scenarioContext.Pending();\r\n        }\r\n        \n        [Then(@"prevention should reduce manipulation attempts")]\r\n        public void ThenPreventionShouldReduceManipulationAttempts()\r\n        {\r\n            _scenarioContext.Pending();\r\n        }\r\n    }\r\n}\r\n
  Skipped Communicate external service status and impacts to users [1 ms]
  Skipped Support offline capabilities and disconnected device operation [1 ms]
  Failed Implement progressive account lockout [272 ms]
  Error Message:
   Expected response.StatusCode to be HttpStatusCode.OK {value: 200}, but found HttpStatusCode.NotFound {value: 404}.
  Stack Trace:
     at FluentAssertions.Execution.XUnit2TestFramework.Throw(String message)
   at FluentAssertions.Execution.TestFrameworkProvider.Throw(String message)
   at FluentAssertions.Execution.DefaultAssertionStrategy.HandleFailure(String message)
   at FluentAssertions.Execution.AssertionScope.FailWith(Func`1 failReasonFunc)
   at FluentAssertions.Execution.AssertionScope.FailWith(Func`1 failReasonFunc)
   at FluentAssertions.Execution.AssertionScope.FailWith(String message, Object[] args)
   at FluentAssertions.Primitives.EnumAssertions`2.Be(TEnum expected, String because, Object[] becauseArgs)
   at TherapyDocs.Api.Tests.BDD.StepDefinitions.SecurityTestingSteps.GivenTheSecuritySystemIsActive() in /home/srowe/workspace/pediatric-therapy-resource/api/Tests/BDD/StepDefinitions/SecurityTestingSteps.cs:line 37
   at TechTalk.SpecFlow.Bindings.SynchronousBindingDelegateInvoker.<>c__DisplayClass2_0.<<InvokeBindingDelegateAsync>b__0>d.MoveNext()
--- End of stack trace from previous location ---
   at TechTalk.SpecFlow.Bindings.AsyncHelpers.<>c__DisplayClass1_0`1.<<RunSync>b__0>d.MoveNext()
--- End of stack trace from previous location ---
   at TechTalk.SpecFlow.Bindings.AsyncHelpers.ExclusiveSynchronizationContext.BeginMessageLoop()
   at TechTalk.SpecFlow.Bindings.AsyncHelpers.RunSync[T](Func`1 task)
   at TechTalk.SpecFlow.Bindings.SynchronousBindingDelegateInvoker.InvokeBindingDelegateAsync(Delegate bindingDelegate, Object[] invokeArgs)
   at TechTalk.SpecFlow.Bindings.SynchronousBindingDelegateInvoker.InvokeDelegateSynchronously(Delegate bindingDelegate, Object[] invokeArgs)
   at TechTalk.SpecFlow.Bindings.BindingInvoker.InvokeBinding(IBinding binding, IContextManager contextManager, Object[] arguments, ITestTracer testTracer, TimeSpan& duration)
   at TechTalk.SpecFlow.Infrastructure.TestExecutionEngine.ExecuteStepMatch(BindingMatch match, Object[] arguments, TimeSpan& duration)
   at TechTalk.SpecFlow.Infrastructure.TestExecutionEngine.ExecuteStep(IContextManager contextManager, StepInstance stepInstance)
   at TechTalk.SpecFlow.Infrastructure.TestExecutionEngine.OnAfterLastStep()
   at TechTalk.SpecFlow.TestRunner.CollectScenarioErrors()
   at TherapyDocs.Api.Tests.BDD.Features.Security.AdvancedAuthenticationSecurityFeature.ScenarioCleanup()
   at TherapyDocs.Api.Tests.BDD.Features.Security.AdvancedAuthenticationSecurityFeature.ImplementProgressiveAccountLockout() in /home/srowe/workspace/pediatric-therapy-resource/api/Tests/BDD/Features/security/authentication-security.feature:line 144
   at System.RuntimeMethodHandle.InvokeMethod(Object target, Void** arguments, Signature sig, Boolean isConstructor)
   at System.Reflection.MethodBaseInvoker.InvokeWithNoArgs(Object obj, BindingFlags invokeAttr)
  Standard Output Messages:
 Given the security system is active
 -> error: Expected response.StatusCode to be HttpStatusCode.OK {value: 200}, but found HttpStatusCode.NotFound {value: 404}. (0.0s)
 And advanced authentication features are enabled
 -> skipped because of previous errors
 And security policies are configured
 -> skipped because of previous errors
 Given account lockout is configured with progressive delays
 -> No matching step definition found for the step. Use the following code to create one:
         [Given(@"account lockout is configured with progressive delays")]
         public void GivenAccountLockoutIsConfiguredWithProgressiveDelays()
         {
             _scenarioContext.Pending();
         }
 
 When I make failed login attempts:
   --- table step argument ---
   | Attempt | Delay After Failure | Status           |
   | 1       | 0 seconds           | Try again        |
   | 2       | 0 seconds           | Try again        |
   | 3       | 30 seconds          | Brief lockout    |
   | 4       | 60 seconds          | Extended lockout |
   | 5       | 300 seconds         | Long lockout     |
 -> No matching step definition found for the step. Use the following code to create one:
         [When(@"I make failed login attempts:")]
         public void WhenIMakeFailedLoginAttempts(Table table)
         {
             _scenarioContext.Pending();
         }
 
 Then lockout duration should increase progressively
 -> No matching step definition found for the step. Use the following code to create one:
         [Then(@"lockout duration should increase progressively")]
         public void ThenLockoutDurationShouldIncreaseProgressively()
         {
             _scenarioContext.Pending();
         }
 
 And security team should be notified after 3rd attempt
 -> No matching step definition found for the step. Use the following code to create one:
         [Then(@"security team should be notified after (.*)rd attempt")]
         public void ThenSecurityTeamShouldBeNotifiedAfterRdAttempt(int p0)
         {
             _scenarioContext.Pending();
         }
 
 And source IP should be monitored for patterns
 -> No matching step definition found for the step. Use the following code to create one:
         [Then(@"source IP should be monitored for patterns")]
         public void ThenSourceIPShouldBeMonitoredForPatterns()
         {
             _scenarioContext.Pending();
         }
 


  Skipped Ensure data accuracy and handle analytics errors [1 ms]
  Skipped Detect and prevent fake reviews and rating manipulation [1 ms]
[xUnit.net 00:00:03.89]     Implement Enhanced Milieu Teaching protocol [SKIP]
[xUnit.net 00:00:03.89]       No matching step definition found for one or more steps.\nusing System;\r\nusing TechTalk.SpecFlow;\r\n\r\nnamespace MyNamespace\r\n{\r\n    [Binding]\r\n    public class StepDefinitions\r\n    {\r\n        private readonly ScenarioContext _scenarioContext;\r\n\r\n        public StepDefinitions(ScenarioContext scenarioContext)\r\n        {\r\n            _scenarioContext = scenarioContext;\r\n        }\r\n        [Given(@"specialized therapy protocols are available")]\r\n        public void GivenSpecializedTherapyProtocolsAreAvailable()\r\n        {\r\n            _scenarioContext.Pending();\r\n        }\r\n        \n        [Given(@"clinical procedures are documented")]\r\n        public void GivenClinicalProceduresAreDocumented()\r\n        {\r\n            _scenarioContext.Pending();\r\n        }\r\n        \n        [Given(@"fidelity tracking is enabled")]\r\n        public void GivenFidelityTrackingIsEnabled()\r\n        {\r\n            _scenarioContext.Pending();\r\n        }\r\n        \n        [Given(@"outcome measurements are integrated")]\r\n        public void GivenOutcomeMeasurementsAreIntegrated()\r\n        {\r\n            _scenarioContext.Pending();\r\n        }\r\n        \n        [Given(@"training requirements are defined")]\r\n        public void GivenTrainingRequirementsAreDefined()\r\n        {\r\n            _scenarioContext.Pending();\r\n        }\r\n        \n        [Given(@"EMT embeds intervention in natural contexts")]\r\n        public void GivenEMTEmbedsInterventionInNaturalContexts()\r\n        {\r\n            _scenarioContext.Pending();\r\n        }\r\n        \n        [Given(@"child interests drive interactions")]\r\n        public void GivenChildInterestsDriveInteractions()\r\n        {\r\n            _scenarioContext.Pending();\r\n        }\r\n        \n        [When(@"using EMT strategies:")]\r\n        public void WhenUsingEMTStrategies(Table table)\r\n        {\r\n            _scenarioContext.Pending();\r\n        }\r\n        \n        [Then(@"language should be functional")]\r\n        public void ThenLanguageShouldBeFunctional()\r\n        {\r\n            _scenarioContext.Pending();\r\n        }\r\n        \n        [Then(@"communication should be child-initiated")]\r\n        public void ThenCommunicationShouldBeChild_Initiated()\r\n        {\r\n            _scenarioContext.Pending();\r\n        }\r\n        \n        [Then(@"generalization should occur naturally")]\r\n        public void ThenGeneralizationShouldOccurNaturally()\r\n        {\r\n            _scenarioContext.Pending();\r\n        }\r\n        \n        [Then(@"engagement should increase")]\r\n        public void ThenEngagementShouldIncrease()\r\n        {\r\n            _scenarioContext.Pending();\r\n        }\r\n    }\r\n}\r\n
[xUnit.net 00:00:03.91]     Moderate community content [SKIP]
[xUnit.net 00:00:03.91]       No matching step definition found for one or more steps.\nusing System;\r\nusing TechTalk.SpecFlow;\r\n\r\nnamespace MyNamespace\r\n{\r\n    [Binding]\r\n    public class StepDefinitions\r\n    {\r\n        private readonly ScenarioContext _scenarioContext;\r\n\r\n        public StepDefinitions(ScenarioContext scenarioContext)\r\n        {\r\n            _scenarioContext = scenarioContext;\r\n        }\r\n        [Given(@"I have moderator privileges")]\r\n        public void GivenIHaveModeratorPrivileges()\r\n        {\r\n            _scenarioContext.Pending();\r\n        }\r\n        \n        [Then(@"content should be published")]\r\n        public void ThenContentShouldBePublished()\r\n        {\r\n            _scenarioContext.Pending();\r\n        }\r\n        \n        [Then(@"author should be notified")]\r\n        public void ThenAuthorShouldBeNotified()\r\n        {\r\n            _scenarioContext.Pending();\r\n        }\r\n    }\r\n}\r\n
[xUnit.net 00:00:03.92]       Expected ((int)LastResponse!.StatusCode) to be 202, but found 404 (difference of 202).
[xUnit.net 00:00:03.92]       Stack Trace:
[xUnit.net 00:00:03.92]            at FluentAssertions.Execution.XUnit2TestFramework.Throw(String message)
[xUnit.net 00:00:03.92]            at FluentAssertions.Execution.TestFrameworkProvider.Throw(String message)
[xUnit.net 00:00:03.92]            at FluentAssertions.Execution.DefaultAssertionStrategy.HandleFailure(String message)
[xUnit.net 00:00:03.92]            at FluentAssertions.Execution.AssertionScope.FailWith(Func`1 failReasonFunc)
[xUnit.net 00:00:03.92]            at FluentAssertions.Execution.AssertionScope.FailWith(Func`1 failReasonFunc)
[xUnit.net 00:00:03.92]            at FluentAssertions.Execution.AssertionScope.FailWith(String message, Object[] args)
[xUnit.net 00:00:03.92]            at FluentAssertions.Numeric.NumericAssertions`2.Be(T expected, String because, Object[] becauseArgs)
[xUnit.net 00:00:03.92]         /home/srowe/workspace/pediatric-therapy-resource/api/Tests/BDD/StepDefinitions/BaseStepDefinitions.cs(72,0): at TherapyDocs.Api.Tests.BDD.StepDefinitions.BaseStepDefinitions.ThenTheResponseStatusShouldBe(Int32 statusCode)
[xUnit.net 00:00:03.92]         /home/srowe/workspace/pediatric-therapy-resource/api/Tests/BDD/StepDefinitions/CommonStepDefinitions.cs(55,0): at TherapyDocs.Api.Tests.BDD.StepDefinitions.CommonStepDefinitions.ThenTheResponseStatusShouldBeStep(Int32 statusCode)
[xUnit.net 00:00:03.92]            at InvokeStub_Action`2.Invoke(Object, Span`1)
[xUnit.net 00:00:03.92]            at System.Reflection.MethodBaseInvoker.InvokeWithFewArgs(Object obj, BindingFlags invokeAttr, Binder binder, Object[] parameters, CultureInfo culture)
[xUnit.net 00:00:03.92]            at TechTalk.SpecFlow.Bindings.BindingInvoker.InvokeBinding(IBinding binding, IContextManager contextManager, Object[] arguments, ITestTracer testTracer, TimeSpan& duration)
[xUnit.net 00:00:03.92]            at TechTalk.SpecFlow.Infrastructure.TestExecutionEngine.ExecuteStepMatch(BindingMatch match, Object[] arguments, TimeSpan& duration)
[xUnit.net 00:00:03.92]            at TechTalk.SpecFlow.Infrastructure.TestExecutionEngine.ExecuteStep(IContextManager contextManager, StepInstance stepInstance)
[xUnit.net 00:00:03.92]            at TechTalk.SpecFlow.Infrastructure.TestExecutionEngine.OnAfterLastStep()
[xUnit.net 00:00:03.92]            at TechTalk.SpecFlow.TestRunner.CollectScenarioErrors()
[xUnit.net 00:00:03.92]            at TherapyDocs.Api.Tests.BDD.Features.Integrations.ExternalIntegrationAPIEndpointsFR_022Feature.ScenarioCleanup()
[xUnit.net 00:00:03.92]         /home/srowe/workspace/pediatric-therapy-resource/api/Tests/BDD/Features/integrations/external-integrations.feature(132,0): at TherapyDocs.Api.Tests.BDD.Features.Integrations.ExternalIntegrationAPIEndpointsFR_022Feature.ImportFromCloudStorage()
[xUnit.net 00:00:03.92]            at System.RuntimeMethodHandle.InvokeMethod(Object target, Void** arguments, Signature sig, Boolean isConstructor)
[xUnit.net 00:00:03.92]            at System.Reflection.MethodBaseInvoker.InvokeWithNoArgs(Object obj, BindingFlags invokeAttr)
[xUnit.net 00:00:03.92]       Output:
[xUnit.net 00:00:03.92]         Given the API is available
[xUnit.net 00:00:03.92]         -> done: CommonStepDefinitions.GivenTheAPIIsAvailable() (0.0s)
[xUnit.net 00:00:03.92]         And I am authenticated as "therapist@clinic.com"
[xUnit.net 00:00:03.92]         -> done: CommonStepDefinitions.GivenIAmAuthenticatedAs("therapist@clinic.com") (0.0s)
[xUnit.net 00:00:03.92]         When I send a POST request to "/api/integrations/drive/import" with:
[xUnit.net 00:00:03.92]           --- table step argument ---
[xUnit.net 00:00:03.92]           | field     | value           |
[xUnit.net 00:00:03.92]           | provider  | google-drive    |
[xUnit.net 00:00:03.92]           | folderId  | folder-123      |
[xUnit.net 00:00:03.92]           | fileTypes | ["pdf", "docx"] |
[xUnit.net 00:00:03.92]           | importAs  | draft           |
[xUnit.net 00:00:03.92]         -> done: CommonStepDefinitions.WhenISendAPOSTRequestToWithStep("/api/integrations...", <table>) (0.0s)
[xUnit.net 00:00:03.92]         Then the response status should be 202
[xUnit.net 00:00:03.92]         -> error: Expected ((int)LastResponse!.StatusCode) to be 202, but found 404 (difference of 202). (0.0s)
[xUnit.net 00:00:03.92]         And import job should start
[xUnit.net 00:00:03.92]         -> No matching step definition found for the step. Use the following code to create one:
[xUnit.net 00:00:03.92]                 [Then(@"import job should start")]
[xUnit.net 00:00:03.92]                 public void ThenImportJobShouldStart()
[xUnit.net 00:00:03.92]                 {
[xUnit.net 00:00:03.92]                     _scenarioContext.Pending();
[xUnit.net 00:00:03.92]                 }
[xUnit.net 00:00:03.93]         
[xUnit.net 00:00:03.93]         And progress should be trackable
[xUnit.net 00:00:03.93]         -> No matching step definition found for the step. Use the following code to create one:
[xUnit.net 00:00:03.93]                 [Then(@"progress should be trackable")]
[xUnit.net 00:00:03.93]                 public void ThenProgressShouldBeTrackable()
[xUnit.net 00:00:03.93]                 {
[xUnit.net 00:00:03.93]                     _scenarioContext.Pending();
[xUnit.net 00:00:03.93]                 }
[xUnit.net 00:00:03.93]         
[xUnit.net 00:00:03.93]     Optimize load balancing and traffic distribution for connectivity issues [SKIP]
[xUnit.net 00:00:03.93]       No matching step definition found for one or more steps.\nusing System;\r\nusing TechTalk.SpecFlow;\r\n\r\nnamespace MyNamespace\r\n{\r\n    [Binding]\r\n    public class StepDefinitions\r\n    {\r\n        private readonly ScenarioContext _scenarioContext;\r\n\r\n        public StepDefinitions(ScenarioContext scenarioContext)\r\n        {\r\n            _scenarioContext = scenarioContext;\r\n        }\r\n        [Given(@"network quality monitoring is active")]\r\n        public void GivenNetworkQualityMonitoringIsActive()\r\n        {\r\n            _scenarioContext.Pending();\r\n        }\r\n        \n        [Given(@"adaptive performance systems are implemented")]\r\n        public void GivenAdaptivePerformanceSystemsAreImplemented()\r\n        {\r\n            _scenarioContext.Pending();\r\n        }\r\n        \n        [Given(@"degraded connectivity detection is functional")]\r\n        public void GivenDegradedConnectivityDetectionIsFunctional()\r\n        {\r\n            _scenarioContext.Pending();\r\n        }\r\n        \n        [Given(@"user notification systems are configured")]\r\n        public void GivenUserNotificationSystemsAreConfigured()\r\n        {\r\n            _scenarioContext.Pending();\r\n        }\r\n        \n        [Given(@"progressive enhancement capabilities are available")]\r\n        public void GivenProgressiveEnhancementCapabilitiesAreAvailable()\r\n        {\r\n            _scenarioContext.Pending();\r\n        }\r\n        \n        [Given(@"traffic optimization reduces individual connection load")]\r\n        public void GivenTrafficOptimizationReducesIndividualConnectionLoad()\r\n        {\r\n            _scenarioContext.Pending();\r\n        }\r\n        \n        [Given(@"intelligent load balancing improves overall performance")]\r\n        public void GivenIntelligentLoadBalancingImprovesOverallPerformance()\r\n        {\r\n            _scenarioContext.Pending();\r\n        }\r\n        \n        [When(@"optimizing traffic for partial connectivity:")]\r\n        public void WhenOptimizingTrafficForPartialConnectivity(Table table)\r\n        {\r\n            _scenarioContext.Pending();\r\n        }\r\n        \n        [Then(@"optimization should be connectivity-aware")]\r\n        public void ThenOptimizationShouldBeConnectivity_Aware()\r\n        {\r\n            _scenarioContext.Pending();\r\n        }\r\n        \n        [Then(@"distribution should be fair and efficient")]\r\n        public void ThenDistributionShouldBeFairAndEfficient()\r\n        {\r\n            _scenarioContext.Pending();\r\n        }\r\n        \n        [Then(@"quality should be maintained")]\r\n        public void ThenQualityShouldBeMaintained()\r\n        {\r\n            _scenarioContext.Pending();\r\n        }\r\n        \n        [Then(@"monitoring should be comprehensive")]\r\n        public void ThenMonitoringShouldBeComprehensive()\r\n        {\r\n            _scenarioContext.Pending();\r\n        }\r\n    }\r\n}\r\n
[xUnit.net 00:00:03.93]     Multi-layer content safety validation [SKIP]
[xUnit.net 00:00:03.93]       No matching step definition found for one or more steps.\nusing System;\r\nusing TechTalk.SpecFlow;\r\n\r\nnamespace MyNamespace\r\n{\r\n    [Binding]\r\n    public class StepDefinitions\r\n    {\r\n        private readonly ScenarioContext _scenarioContext;\r\n\r\n        public StepDefinitions(ScenarioContext scenarioContext)\r\n        {\r\n            _scenarioContext = scenarioContext;\r\n        }\r\n        [Given(@"content moderation system is configured")]\r\n        public void GivenContentModerationSystemIsConfigured()\r\n        {\r\n            _scenarioContext.Pending();\r\n        }\r\n        \n        [Given(@"multi-layer safety checks are active")]\r\n        public void GivenMulti_LayerSafetyChecksAreActive()\r\n        {\r\n            _scenarioContext.Pending();\r\n        }\r\n        \n        [Given(@"clinical appropriateness standards are defined")]\r\n        public void GivenClinicalAppropriatenessStandardsAreDefined()\r\n        {\r\n            _scenarioContext.Pending();\r\n        }\r\n        \n        [Given(@"real-time content filtering is enabled")]\r\n        public void GivenReal_TimeContentFilteringIsEnabled()\r\n        {\r\n            _scenarioContext.Pending();\r\n        }\r\n        \n        [Given(@"moderation feedback loops are established")]\r\n        public void GivenModerationFeedbackLoopsAreEstablished()\r\n        {\r\n            _scenarioContext.Pending();\r\n        }\r\n        \n        [Given(@"content requires comprehensive safety checks")]\r\n        public void GivenContentRequiresComprehensiveSafetyChecks()\r\n        {\r\n            _scenarioContext.Pending();\r\n        }\r\n        \n        [Given(@"multiple validation layers are configured")]\r\n        public void GivenMultipleValidationLayersAreConfigured()\r\n        {\r\n            _scenarioContext.Pending();\r\n        }\r\n        \n        [When(@"content undergoes moderation:")]\r\n        public void WhenContentUndergoesModeration(Table table)\r\n        {\r\n            _scenarioContext.Pending();\r\n        }\r\n        \n        [Then(@"all safety layers should be evaluated")]\r\n        public void ThenAllSafetyLayersShouldBeEvaluated()\r\n        {\r\n            _scenarioContext.Pending();\r\n        }\r\n        \n        [Then(@"clinical standards should be verified")]\r\n        public void ThenClinicalStandardsShouldBeVerified()\r\n        {\r\n            _scenarioContext.Pending();\r\n        }\r\n        \n        [Then(@"age appropriateness should be confirmed")]\r\n        public void ThenAgeAppropriatenessShouldBeConfirmed()\r\n        {\r\n            _scenarioContext.Pending();\r\n        }\r\n        \n        [Then(@"content scoring should guide decisions")]\r\n        public void ThenContentScoringShouldGuideDecisions()\r\n        {\r\n            _scenarioContext.Pending();\r\n        }\r\n        \n        [Then(@"only safe content should be approved")]\r\n        public void ThenOnlySafeContentShouldBeApproved()\r\n        {\r\n            _scenarioContext.Pending();\r\n        }\r\n    }\r\n}\r\n
  Skipped Implement Enhanced Milieu Teaching protocol [1 ms]
  Skipped Moderate community content [1 ms]
  Failed Import from cloud storage [131 ms]
  Error Message:
   Expected ((int)LastResponse!.StatusCode) to be 202, but found 404 (difference of 202).
  Stack Trace:
     at FluentAssertions.Execution.XUnit2TestFramework.Throw(String message)
   at FluentAssertions.Execution.TestFrameworkProvider.Throw(String message)
   at FluentAssertions.Execution.DefaultAssertionStrategy.HandleFailure(String message)
   at FluentAssertions.Execution.AssertionScope.FailWith(Func`1 failReasonFunc)
   at FluentAssertions.Execution.AssertionScope.FailWith(Func`1 failReasonFunc)
   at FluentAssertions.Execution.AssertionScope.FailWith(String message, Object[] args)
   at FluentAssertions.Numeric.NumericAssertions`2.Be(T expected, String because, Object[] becauseArgs)
   at TherapyDocs.Api.Tests.BDD.StepDefinitions.BaseStepDefinitions.ThenTheResponseStatusShouldBe(Int32 statusCode) in /home/srowe/workspace/pediatric-therapy-resource/api/Tests/BDD/StepDefinitions/BaseStepDefinitions.cs:line 72
   at TherapyDocs.Api.Tests.BDD.StepDefinitions.CommonStepDefinitions.ThenTheResponseStatusShouldBeStep(Int32 statusCode) in /home/srowe/workspace/pediatric-therapy-resource/api/Tests/BDD/StepDefinitions/CommonStepDefinitions.cs:line 55
   at InvokeStub_Action`2.Invoke(Object, Span`1)
   at System.Reflection.MethodBaseInvoker.InvokeWithFewArgs(Object obj, BindingFlags invokeAttr, Binder binder, Object[] parameters, CultureInfo culture)
   at TechTalk.SpecFlow.Bindings.BindingInvoker.InvokeBinding(IBinding binding, IContextManager contextManager, Object[] arguments, ITestTracer testTracer, TimeSpan& duration)
   at TechTalk.SpecFlow.Infrastructure.TestExecutionEngine.ExecuteStepMatch(BindingMatch match, Object[] arguments, TimeSpan& duration)
   at TechTalk.SpecFlow.Infrastructure.TestExecutionEngine.ExecuteStep(IContextManager contextManager, StepInstance stepInstance)
   at TechTalk.SpecFlow.Infrastructure.TestExecutionEngine.OnAfterLastStep()
   at TechTalk.SpecFlow.TestRunner.CollectScenarioErrors()
   at TherapyDocs.Api.Tests.BDD.Features.Integrations.ExternalIntegrationAPIEndpointsFR_022Feature.ScenarioCleanup()
   at TherapyDocs.Api.Tests.BDD.Features.Integrations.ExternalIntegrationAPIEndpointsFR_022Feature.ImportFromCloudStorage() in /home/srowe/workspace/pediatric-therapy-resource/api/Tests/BDD/Features/integrations/external-integrations.feature:line 132
   at System.RuntimeMethodHandle.InvokeMethod(Object target, Void** arguments, Signature sig, Boolean isConstructor)
   at System.Reflection.MethodBaseInvoker.InvokeWithNoArgs(Object obj, BindingFlags invokeAttr)
  Standard Output Messages:
 Given the API is available
 -> done: CommonStepDefinitions.GivenTheAPIIsAvailable() (0.0s)
 And I am authenticated as "therapist@clinic.com"
 -> done: CommonStepDefinitions.GivenIAmAuthenticatedAs("therapist@clinic.com") (0.0s)
 When I send a POST request to "/api/integrations/drive/import" with:
   --- table step argument ---
   | field     | value           |
   | provider  | google-drive    |
   | folderId  | folder-123      |
   | fileTypes | ["pdf", "docx"] |
   | importAs  | draft           |
 -> done: CommonStepDefinitions.WhenISendAPOSTRequestToWithStep("/api/integrations...", <table>) (0.0s)
 Then the response status should be 202
 -> error: Expected ((int)LastResponse!.StatusCode) to be 202, but found 404 (difference of 202). (0.0s)
 And import job should start
 -> No matching step definition found for the step. Use the following code to create one:
         [Then(@"import job should start")]
         public void ThenImportJobShouldStart()
         {
             _scenarioContext.Pending();
         }
 
 And progress should be trackable
 -> No matching step definition found for the step. Use the following code to create one:
         [Then(@"progress should be trackable")]
         public void ThenProgressShouldBeTrackable()
         {
             _scenarioContext.Pending();
         }
 


  Skipped Optimize load balancing and traffic distribution for connectivity issues [1 ms]
  Skipped Multi-layer content safety validation [1 ms]
[xUnit.net 00:00:03.93]     Conduct comprehensive recovery testing and preparedness validation [SKIP]
[xUnit.net 00:00:03.93]       No matching step definition found for one or more steps.\nusing System;\r\nusing TechTalk.SpecFlow;\r\n\r\nnamespace MyNamespace\r\n{\r\n    [Binding]\r\n    public class StepDefinitions\r\n    {\r\n        private readonly ScenarioContext _scenarioContext;\r\n\r\n        public StepDefinitions(ScenarioContext scenarioContext)\r\n        {\r\n            _scenarioContext = scenarioContext;\r\n        }\r\n        [Given(@"backup systems are configured and operational")]\r\n        public void GivenBackupSystemsAreConfiguredAndOperational()\r\n        {\r\n            _scenarioContext.Pending();\r\n        }\r\n        \n        [Given(@"disaster recovery procedures are established")]\r\n        public void GivenDisasterRecoveryProceduresAreEstablished()\r\n        {\r\n            _scenarioContext.Pending();\r\n        }\r\n        \n        [Given(@"recovery testing is regularly performed")]\r\n        public void GivenRecoveryTestingIsRegularlyPerformed()\r\n        {\r\n            _scenarioContext.Pending();\r\n        }\r\n        \n        [Given(@"backup monitoring is active")]\r\n        public void GivenBackupMonitoringIsActive()\r\n        {\r\n            _scenarioContext.Pending();\r\n        }\r\n        \n        [Given(@"compliance requirements are defined")]\r\n        public void GivenComplianceRequirementsAreDefined()\r\n        {\r\n            _scenarioContext.Pending();\r\n        }\r\n        \n        [Given(@"recovery testing validates preparedness")]\r\n        public void GivenRecoveryTestingValidatesPreparedness()\r\n        {\r\n            _scenarioContext.Pending();\r\n        }\r\n        \n        [Given(@"regular testing ensures recovery procedures work")]\r\n        public void GivenRegularTestingEnsuresRecoveryProceduresWork()\r\n        {\r\n            _scenarioContext.Pending();\r\n        }\r\n        \n        [When(@"conducting recovery testing:")]\r\n        public void WhenConductingRecoveryTesting(Table table)\r\n        {\r\n            _scenarioContext.Pending();\r\n        }\r\n        \n        [Then(@"testing should be comprehensive and regular")]\r\n        public void ThenTestingShouldBeComprehensiveAndRegular()\r\n        {\r\n            _scenarioContext.Pending();\r\n        }\r\n        \n        [Then(@"environments should replicate production")]\r\n        public void ThenEnvironmentsShouldReplicateProduction()\r\n        {\r\n            _scenarioContext.Pending();\r\n        }\r\n        \n        [Then(@"criteria should validate recovery capability")]\r\n        public void ThenCriteriaShouldValidateRecoveryCapability()\r\n        {\r\n            _scenarioContext.Pending();\r\n        }\r\n        \n        [Then(@"documentation should support improvement")]\r\n        public void ThenDocumentationShouldSupportImprovement()\r\n        {\r\n            _scenarioContext.Pending();\r\n        }\r\n    }\r\n}\r\n
[xUnit.net 00:00:03.95]       Expected response.StatusCode to be HttpStatusCode.OK {value: 200}, but found HttpStatusCode.NotFound {value: 404}.
[xUnit.net 00:00:03.95]       Stack Trace:
[xUnit.net 00:00:03.95]            at FluentAssertions.Execution.XUnit2TestFramework.Throw(String message)
[xUnit.net 00:00:03.95]            at FluentAssertions.Execution.TestFrameworkProvider.Throw(String message)
[xUnit.net 00:00:03.95]            at FluentAssertions.Execution.DefaultAssertionStrategy.HandleFailure(String message)
[xUnit.net 00:00:03.95]            at FluentAssertions.Execution.AssertionScope.FailWith(Func`1 failReasonFunc)
[xUnit.net 00:00:03.95]            at FluentAssertions.Execution.AssertionScope.FailWith(Func`1 failReasonFunc)
[xUnit.net 00:00:03.95]            at FluentAssertions.Execution.AssertionScope.FailWith(String message, Object[] args)
[xUnit.net 00:00:03.95]            at FluentAssertions.Primitives.EnumAssertions`2.Be(TEnum expected, String because, Object[] becauseArgs)
[xUnit.net 00:00:03.95]         /home/srowe/workspace/pediatric-therapy-resource/api/Tests/BDD/StepDefinitions/SecurityTestingSteps.cs(37,0): at TherapyDocs.Api.Tests.BDD.StepDefinitions.SecurityTestingSteps.GivenTheSecuritySystemIsActive()
[xUnit.net 00:00:03.95]            at TechTalk.SpecFlow.Bindings.SynchronousBindingDelegateInvoker.<>c__DisplayClass2_0.<<InvokeBindingDelegateAsync>b__0>d.MoveNext()
[xUnit.net 00:00:03.95]         --- End of stack trace from previous location ---
[xUnit.net 00:00:03.95]            at TechTalk.SpecFlow.Bindings.AsyncHelpers.<>c__DisplayClass1_0`1.<<RunSync>b__0>d.MoveNext()
[xUnit.net 00:00:03.95]         --- End of stack trace from previous location ---
[xUnit.net 00:00:03.95]            at TechTalk.SpecFlow.Bindings.AsyncHelpers.ExclusiveSynchronizationContext.BeginMessageLoop()
[xUnit.net 00:00:03.95]            at TechTalk.SpecFlow.Bindings.AsyncHelpers.RunSync[T](Func`1 task)
[xUnit.net 00:00:03.95]            at TechTalk.SpecFlow.Bindings.SynchronousBindingDelegateInvoker.InvokeBindingDelegateAsync(Delegate bindingDelegate, Object[] invokeArgs)
[xUnit.net 00:00:03.95]            at TechTalk.SpecFlow.Bindings.SynchronousBindingDelegateInvoker.InvokeDelegateSynchronously(Delegate bindingDelegate, Object[] invokeArgs)
[xUnit.net 00:00:03.95]            at TechTalk.SpecFlow.Bindings.BindingInvoker.InvokeBinding(IBinding binding, IContextManager contextManager, Object[] arguments, ITestTracer testTracer, TimeSpan& duration)
[xUnit.net 00:00:03.95]            at TechTalk.SpecFlow.Infrastructure.TestExecutionEngine.ExecuteStepMatch(BindingMatch match, Object[] arguments, TimeSpan& duration)
[xUnit.net 00:00:03.95]            at TechTalk.SpecFlow.Infrastructure.TestExecutionEngine.ExecuteStep(IContextManager contextManager, StepInstance stepInstance)
[xUnit.net 00:00:03.95]            at TechTalk.SpecFlow.Infrastructure.TestExecutionEngine.OnAfterLastStep()
[xUnit.net 00:00:03.95]            at TechTalk.SpecFlow.TestRunner.CollectScenarioErrors()
[xUnit.net 00:00:03.95]            at TherapyDocs.Api.Tests.BDD.Features.Security.AdvancedAuthenticationSecurityFeature.ScenarioCleanup()
[xUnit.net 00:00:03.95]         /home/srowe/workspace/pediatric-therapy-resource/api/Tests/BDD/Features/security/authentication-security.feature(47,0): at TherapyDocs.Api.Tests.BDD.Features.Security.AdvancedAuthenticationSecurityFeature.PreventMFABruteForceAttacks()
[xUnit.net 00:00:03.95]            at System.RuntimeMethodHandle.InvokeMethod(Object target, Void** arguments, Signature sig, Boolean isConstructor)
[xUnit.net 00:00:03.95]            at System.Reflection.MethodBaseInvoker.InvokeWithNoArgs(Object obj, BindingFlags invokeAttr)
[xUnit.net 00:00:03.95]       Output:
[xUnit.net 00:00:03.95]         Given the security system is active
[xUnit.net 00:00:03.95]         -> error: Expected response.StatusCode to be HttpStatusCode.OK {value: 200}, but found HttpStatusCode.NotFound {value: 404}. (0.0s)
[xUnit.net 00:00:03.95]         And advanced authentication features are enabled
[xUnit.net 00:00:03.95]         -> skipped because of previous errors
[xUnit.net 00:00:03.95]         And security policies are configured
[xUnit.net 00:00:03.95]         -> skipped because of previous errors
[xUnit.net 00:00:03.95]         Given I am attempting MFA verification
[xUnit.net 00:00:03.95]         -> skipped because of previous errors
[xUnit.net 00:00:03.95]         When I enter incorrect MFA codes 5 times:
[xUnit.net 00:00:03.95]           --- table step argument ---
[xUnit.net 00:00:03.95]           | Attempt | Code   | Result             |
[xUnit.net 00:00:03.95]           | 1       | 111111 | Invalid, try again |
[xUnit.net 00:00:03.95]           | 2       | 222222 | Invalid, try again |
[xUnit.net 00:00:03.95]           | 3       | 333333 | Invalid, try again |
[xUnit.net 00:00:03.95]           | 4       | 444444 | Invalid, try again |
[xUnit.net 00:00:03.95]           | 5       | 555555 | Account locked     |
[xUnit.net 00:00:03.95]         -> skipped because of previous errors
[xUnit.net 00:00:03.95]         Then my account should be temporarily locked
[xUnit.net 00:00:03.95]         -> binding error: Ambiguous step definitions found for step 'Then my account should be temporarily locked': TherapyDocs.Api.Tests:TherapyDocs.Api.Tests.BDD.StepDefinitions.AuthorizationRbacSteps.ThenMyAccountShouldBeTemporarilyLocked(), TherapyDocs.Api.Tests:TherapyDocs.Api.Tests.BDD.StepDefinitions.SecurityTestingSteps.ThenMyAccountShouldBeTemporarilyLocked()
[xUnit.net 00:00:03.95]         And I should receive security alert notification
[xUnit.net 00:00:03.95]         -> skipped because of previous errors
[xUnit.net 00:00:03.95]         And admin should be notified of potential attack
[xUnit.net 00:00:03.95]         -> skipped because of previous errors
[xUnit.net 00:00:03.96]       Expected ((int)LastResponse!.StatusCode) to be 200, but found 404 (difference of 204).
[xUnit.net 00:00:03.96]       Stack Trace:
[xUnit.net 00:00:03.96]            at FluentAssertions.Execution.XUnit2TestFramework.Throw(String message)
[xUnit.net 00:00:03.96]            at FluentAssertions.Execution.TestFrameworkProvider.Throw(String message)
[xUnit.net 00:00:03.96]            at FluentAssertions.Execution.DefaultAssertionStrategy.HandleFailure(String message)
[xUnit.net 00:00:03.96]            at FluentAssertions.Execution.AssertionScope.FailWith(Func`1 failReasonFunc)
[xUnit.net 00:00:03.96]            at FluentAssertions.Execution.AssertionScope.FailWith(Func`1 failReasonFunc)
[xUnit.net 00:00:03.96]            at FluentAssertions.Execution.AssertionScope.FailWith(String message, Object[] args)
[xUnit.net 00:00:03.96]            at FluentAssertions.Numeric.NumericAssertions`2.Be(T expected, String because, Object[] becauseArgs)
[xUnit.net 00:00:03.96]         /home/srowe/workspace/pediatric-therapy-resource/api/Tests/BDD/StepDefinitions/BaseStepDefinitions.cs(72,0): at TherapyDocs.Api.Tests.BDD.StepDefinitions.BaseStepDefinitions.ThenTheResponseStatusShouldBe(Int32 statusCode)
[xUnit.net 00:00:03.96]         /home/srowe/workspace/pediatric-therapy-resource/api/Tests/BDD/StepDefinitions/CommonStepDefinitions.cs(55,0): at TherapyDocs.Api.Tests.BDD.StepDefinitions.CommonStepDefinitions.ThenTheResponseStatusShouldBeStep(Int32 statusCode)
[xUnit.net 00:00:03.96]            at InvokeStub_Action`2.Invoke(Object, Span`1)
[xUnit.net 00:00:03.96]            at System.Reflection.MethodBaseInvoker.InvokeWithFewArgs(Object obj, BindingFlags invokeAttr, Binder binder, Object[] parameters, CultureInfo culture)
[xUnit.net 00:00:03.96]            at TechTalk.SpecFlow.Bindings.BindingInvoker.InvokeBinding(IBinding binding, IContextManager contextManager, Object[] arguments, ITestTracer testTracer, TimeSpan& duration)
[xUnit.net 00:00:03.96]            at TechTalk.SpecFlow.Infrastructure.TestExecutionEngine.ExecuteStepMatch(BindingMatch match, Object[] arguments, TimeSpan& duration)
[xUnit.net 00:00:03.96]            at TechTalk.SpecFlow.Infrastructure.TestExecutionEngine.ExecuteStep(IContextManager contextManager, StepInstance stepInstance)
[xUnit.net 00:00:03.96]            at TechTalk.SpecFlow.Infrastructure.TestExecutionEngine.OnAfterLastStep()
[xUnit.net 00:00:03.96]            at TechTalk.SpecFlow.TestRunner.CollectScenarioErrors()
[xUnit.net 00:00:03.96]            at TherapyDocs.Api.Tests.BDD.Features.Integrations.ExternalIntegrationAPIEndpointsFR_022Feature.ScenarioCleanup()
[xUnit.net 00:00:03.96]         /home/srowe/workspace/pediatric-therapy-resource/api/Tests/BDD/Features/integrations/external-integrations.feature(165,0): at TherapyDocs.Api.Tests.BDD.Features.Integrations.ExternalIntegrationAPIEndpointsFR_022Feature.GetAllIntegrationStatuses()
[xUnit.net 00:00:03.96]            at System.RuntimeMethodHandle.InvokeMethod(Object target, Void** arguments, Signature sig, Boolean isConstructor)
[xUnit.net 00:00:03.96]            at System.Reflection.MethodBaseInvoker.InvokeWithNoArgs(Object obj, BindingFlags invokeAttr)
[xUnit.net 00:00:03.96]       Output:
[xUnit.net 00:00:03.96]         Given the API is available
[xUnit.net 00:00:03.96]         -> done: CommonStepDefinitions.GivenTheAPIIsAvailable() (0.0s)
[xUnit.net 00:00:03.96]         And I am authenticated as "therapist@clinic.com"
[xUnit.net 00:00:03.96]         -> done: CommonStepDefinitions.GivenIAmAuthenticatedAs("therapist@clinic.com") (0.0s)
[xUnit.net 00:00:03.96]         When I send a GET request to "/api/integrations/status"
[xUnit.net 00:00:03.96]         -> done: CommonStepDefinitions.WhenISendAGETRequestToStep("/api/integrations...") (0.0s)
[xUnit.net 00:00:03.96]         Then the response status should be 200
[xUnit.net 00:00:03.96]         -> error: Expected ((int)LastResponse!.StatusCode) to be 200, but found 404 (difference of 204). (0.0s)
[xUnit.net 00:00:03.96]         And the response should contain array of:
[xUnit.net 00:00:03.96]           --- table step argument ---
[xUnit.net 00:00:03.96]           | field           | type   |
[xUnit.net 00:00:03.96]           | integrationName | string |
[xUnit.net 00:00:03.96]           | status          | string |
[xUnit.net 00:00:03.96]           | lastActivity    | string |
[xUnit.net 00:00:03.96]           | errorCount      | number |
[xUnit.net 00:00:03.96]           | nextSync        | string |
[xUnit.net 00:00:03.96]         -> skipped because of previous errors
[xUnit.net 00:00:03.96]     Test comprehensive data mapping between systems [SKIP]
[xUnit.net 00:00:03.96]       No matching step definition found for one or more steps.\nusing System;\r\nusing TechTalk.SpecFlow;\r\n\r\nnamespace MyNamespace\r\n{\r\n    [Binding]\r\n    public class StepDefinitions\r\n    {\r\n        private readonly ScenarioContext _scenarioContext;\r\n\r\n        public StepDefinitions(ScenarioContext scenarioContext)\r\n        {\r\n            _scenarioContext = scenarioContext;\r\n        }\r\n        [Given(@"multiple EHR systems have different data structures")]\r\n        public void GivenMultipleEHRSystemsHaveDifferentDataStructures()\r\n        {\r\n            _scenarioContext.Pending();\r\n        }\r\n        \n        [Then(@"field transformations should preserve data integrity")]\r\n        public void ThenFieldTransformationsShouldPreserveDataIntegrity()\r\n        {\r\n            _scenarioContext.Pending();\r\n        }\r\n        \n        [Then(@"missing field mappings should be handled gracefully")]\r\n        public void ThenMissingFieldMappingsShouldBeHandledGracefully()\r\n        {\r\n            _scenarioContext.Pending();\r\n        }\r\n        \n        [Then(@"data validation should prevent mapping errors")]\r\n        public void ThenDataValidationShouldPreventMappingErrors()\r\n        {\r\n            _scenarioContext.Pending();\r\n        }\r\n    }\r\n}\r\n
[xUnit.net 00:00:03.96]       Expected ((int)LastResponse!.StatusCode) to be 200, but found 404 (difference of 204).
[xUnit.net 00:00:03.96]       Stack Trace:
[xUnit.net 00:00:03.96]            at FluentAssertions.Execution.XUnit2TestFramework.Throw(String message)
[xUnit.net 00:00:03.96]            at FluentAssertions.Execution.TestFrameworkProvider.Throw(String message)
[xUnit.net 00:00:03.96]            at FluentAssertions.Execution.DefaultAssertionStrategy.HandleFailure(String message)
[xUnit.net 00:00:03.96]            at FluentAssertions.Execution.AssertionScope.FailWith(Func`1 failReasonFunc)
[xUnit.net 00:00:03.96]            at FluentAssertions.Execution.AssertionScope.FailWith(Func`1 failReasonFunc)
[xUnit.net 00:00:03.96]            at FluentAssertions.Execution.AssertionScope.FailWith(String message, Object[] args)
[xUnit.net 00:00:03.96]            at FluentAssertions.Numeric.NumericAssertions`2.Be(T expected, String because, Object[] becauseArgs)
[xUnit.net 00:00:03.96]         /home/srowe/workspace/pediatric-therapy-resource/api/Tests/BDD/StepDefinitions/BaseStepDefinitions.cs(72,0): at TherapyDocs.Api.Tests.BDD.StepDefinitions.BaseStepDefinitions.ThenTheResponseStatusShouldBe(Int32 statusCode)
[xUnit.net 00:00:03.96]         /home/srowe/workspace/pediatric-therapy-resource/api/Tests/BDD/StepDefinitions/VideoStreamingSteps.cs(734,0): at TherapyDocs.Api.Tests.BDD.StepDefinitions.VideoStreamingSteps.ThenMobileVideoShouldBeOptimizedForDeviceCapabilities()
[xUnit.net 00:00:03.96]            at InvokeStub_Action`1.Invoke(Object, Span`1)
[xUnit.net 00:00:03.96]            at System.Reflection.MethodBaseInvoker.InvokeWithOneArg(Object obj, BindingFlags invokeAttr, Binder binder, Object[] parameters, CultureInfo culture)
[xUnit.net 00:00:03.96]            at TechTalk.SpecFlow.Bindings.BindingInvoker.InvokeBinding(IBinding binding, IContextManager contextManager, Object[] arguments, ITestTracer testTracer, TimeSpan& duration)
[xUnit.net 00:00:03.96]            at TechTalk.SpecFlow.Infrastructure.TestExecutionEngine.ExecuteStepMatch(BindingMatch match, Object[] arguments, TimeSpan& duration)
[xUnit.net 00:00:03.96]            at TechTalk.SpecFlow.Infrastructure.TestExecutionEngine.ExecuteStep(IContextManager contextManager, StepInstance stepInstance)
[xUnit.net 00:00:03.96]            at TechTalk.SpecFlow.Infrastructure.TestExecutionEngine.OnAfterLastStep()
[xUnit.net 00:00:03.96]            at TechTalk.SpecFlow.TestRunner.CollectScenarioErrors()
[xUnit.net 00:00:03.96]            at TherapyDocs.Api.Tests.BDD.Features.Performance.VideoStreamingPerformanceAndQualityTestingFeature.ScenarioCleanup()
[xUnit.net 00:00:03.96]         /home/srowe/workspace/pediatric-therapy-resource/api/Tests/BDD/Features/performance/video-streaming.feature(72,0): at TherapyDocs.Api.Tests.BDD.Features.Performance.VideoStreamingPerformanceAndQualityTestingFeature.OptimizeVideoStreamingForMobileDevicesAndNetworks()
[xUnit.net 00:00:03.96]            at System.RuntimeMethodHandle.InvokeMethod(Object target, Void** arguments, Signature sig, Boolean isConstructor)
[xUnit.net 00:00:03.96]            at System.Reflection.MethodBaseInvoker.InvokeWithNoArgs(Object obj, BindingFlags invokeAttr)
[xUnit.net 00:00:03.96]       Output:
[xUnit.net 00:00:03.96]         Given video streaming infrastructure is configured
[xUnit.net 00:00:03.96]         -> done: VideoStreamingSteps.GivenVideoStreamingInfrastructureIsConfigured() (0.0s)
[xUnit.net 00:00:03.96]         And CDN distribution is optimized
[xUnit.net 00:00:03.96]         -> done: VideoStreamingSteps.GivenCDNDistributionIsOptimized() (0.0s)
[xUnit.net 00:00:03.96]         And adaptive bitrate streaming is enabled
[xUnit.net 00:00:03.96]         -> done: VideoStreamingSteps.GivenAdaptiveBitrateStreamingIsEnabled() (0.0s)
[xUnit.net 00:00:03.96]         And video quality metrics are monitored
[xUnit.net 00:00:03.96]         -> done: VideoStreamingSteps.GivenVideoQualityMetricsAreMonitored() (0.0s)
[xUnit.net 00:00:03.96]         Given mobile video streaming is optimized
[xUnit.net 00:00:03.96]         -> done: VideoStreamingSteps.GivenMobileVideoStreamingIsOptimized() (0.0s)
[xUnit.net 00:00:03.96]         When mobile devices stream therapy videos:
[xUnit.net 00:00:03.96]           --- table step argument ---
[xUnit.net 00:00:03.96]           | Device Category      | Network Type | Video Format | Battery Impact | Data Usage |
[xUnit.net 00:00:03.96]           | High-end smartphone  | 5G           | 1080p H.265  | <15%/hour      | 500MB/hour |
[xUnit.net 00:00:03.96]           | Mid-range smartphone | 4G LTE       | 720p H.264   | <20%/hour      | 300MB/hour |
[xUnit.net 00:00:03.96]           | Budget smartphone    | 3G           | 480p H.264   | <25%/hour      | 150MB/hour |
[xUnit.net 00:00:03.96]           | Tablet (WiFi)        | WiFi         | 1080p H.265  | <10%/hour      | 600MB/hour |
[xUnit.net 00:00:03.96]           | Tablet (Cellular)    | 4G           | 720p H.264   | <15%/hour      | 400MB/hour |
[xUnit.net 00:00:03.96]         -> done: VideoStreamingSteps.WhenMobileDevicesStreamTherapyVideos(<table>) (0.1s)
[xUnit.net 00:00:03.96]         Then mobile video should be optimized for device capabilities
[xUnit.net 00:00:03.96]         -> error: Expected ((int)LastResponse!.StatusCode) to be 200, but found 404 (difference of 204). (0.0s)
[xUnit.net 00:00:03.96]         And battery consumption should be minimized
[xUnit.net 00:00:03.96]         -> skipped because of previous errors
[xUnit.net 00:00:03.96]         And data usage should be efficient
[xUnit.net 00:00:03.97]         -> skipped because of previous errors
[xUnit.net 00:00:03.97]         And video controls should be touch-optimized
[xUnit.net 00:00:03.97]         -> skipped because of previous errors
  Skipped Conduct comprehensive recovery testing and preparedness validation [1 ms]
  Failed Prevent MFA brute force attacks [51 ms]
  Error Message:
   Expected response.StatusCode to be HttpStatusCode.OK {value: 200}, but found HttpStatusCode.NotFound {value: 404}.
  Stack Trace:
     at FluentAssertions.Execution.XUnit2TestFramework.Throw(String message)
   at FluentAssertions.Execution.TestFrameworkProvider.Throw(String message)
   at FluentAssertions.Execution.DefaultAssertionStrategy.HandleFailure(String message)
   at FluentAssertions.Execution.AssertionScope.FailWith(Func`1 failReasonFunc)
   at FluentAssertions.Execution.AssertionScope.FailWith(Func`1 failReasonFunc)
   at FluentAssertions.Execution.AssertionScope.FailWith(String message, Object[] args)
   at FluentAssertions.Primitives.EnumAssertions`2.Be(TEnum expected, String because, Object[] becauseArgs)
   at TherapyDocs.Api.Tests.BDD.StepDefinitions.SecurityTestingSteps.GivenTheSecuritySystemIsActive() in /home/srowe/workspace/pediatric-therapy-resource/api/Tests/BDD/StepDefinitions/SecurityTestingSteps.cs:line 37
   at TechTalk.SpecFlow.Bindings.SynchronousBindingDelegateInvoker.<>c__DisplayClass2_0.<<InvokeBindingDelegateAsync>b__0>d.MoveNext()
--- End of stack trace from previous location ---
   at TechTalk.SpecFlow.Bindings.AsyncHelpers.<>c__DisplayClass1_0`1.<<RunSync>b__0>d.MoveNext()
--- End of stack trace from previous location ---
   at TechTalk.SpecFlow.Bindings.AsyncHelpers.ExclusiveSynchronizationContext.BeginMessageLoop()
   at TechTalk.SpecFlow.Bindings.AsyncHelpers.RunSync[T](Func`1 task)
   at TechTalk.SpecFlow.Bindings.SynchronousBindingDelegateInvoker.InvokeBindingDelegateAsync(Delegate bindingDelegate, Object[] invokeArgs)
   at TechTalk.SpecFlow.Bindings.SynchronousBindingDelegateInvoker.InvokeDelegateSynchronously(Delegate bindingDelegate, Object[] invokeArgs)
   at TechTalk.SpecFlow.Bindings.BindingInvoker.InvokeBinding(IBinding binding, IContextManager contextManager, Object[] arguments, ITestTracer testTracer, TimeSpan& duration)
   at TechTalk.SpecFlow.Infrastructure.TestExecutionEngine.ExecuteStepMatch(BindingMatch match, Object[] arguments, TimeSpan& duration)
   at TechTalk.SpecFlow.Infrastructure.TestExecutionEngine.ExecuteStep(IContextManager contextManager, StepInstance stepInstance)
   at TechTalk.SpecFlow.Infrastructure.TestExecutionEngine.OnAfterLastStep()
   at TechTalk.SpecFlow.TestRunner.CollectScenarioErrors()
   at TherapyDocs.Api.Tests.BDD.Features.Security.AdvancedAuthenticationSecurityFeature.ScenarioCleanup()
   at TherapyDocs.Api.Tests.BDD.Features.Security.AdvancedAuthenticationSecurityFeature.PreventMFABruteForceAttacks() in /home/srowe/workspace/pediatric-therapy-resource/api/Tests/BDD/Features/security/authentication-security.feature:line 47
   at System.RuntimeMethodHandle.InvokeMethod(Object target, Void** arguments, Signature sig, Boolean isConstructor)
   at System.Reflection.MethodBaseInvoker.InvokeWithNoArgs(Object obj, BindingFlags invokeAttr)
  Standard Output Messages:
 Given the security system is active
 -> error: Expected response.StatusCode to be HttpStatusCode.OK {value: 200}, but found HttpStatusCode.NotFound {value: 404}. (0.0s)
 And advanced authentication features are enabled
 -> skipped because of previous errors
 And security policies are configured
 -> skipped because of previous errors
 Given I am attempting MFA verification
 -> skipped because of previous errors
 When I enter incorrect MFA codes 5 times:
   --- table step argument ---
   | Attempt | Code   | Result             |
   | 1       | 111111 | Invalid, try again |
   | 2       | 222222 | Invalid, try again |
   | 3       | 333333 | Invalid, try again |
   | 4       | 444444 | Invalid, try again |
   | 5       | 555555 | Account locked     |
 -> skipped because of previous errors
 Then my account should be temporarily locked
 -> binding error: Ambiguous step definitions found for step 'Then my account should be temporarily locked': TherapyDocs.Api.Tests:TherapyDocs.Api.Tests.BDD.StepDefinitions.AuthorizationRbacSteps.ThenMyAccountShouldBeTemporarilyLocked(), TherapyDocs.Api.Tests:TherapyDocs.Api.Tests.BDD.StepDefinitions.SecurityTestingSteps.ThenMyAccountShouldBeTemporarilyLocked()
 And I should receive security alert notification
 -> skipped because of previous errors
 And admin should be notified of potential attack
 -> skipped because of previous errors


  Failed Get all integration statuses [28 ms]
  Error Message:
   Expected ((int)LastResponse!.StatusCode) to be 200, but found 404 (difference of 204).
  Stack Trace:
     at FluentAssertions.Execution.XUnit2TestFramework.Throw(String message)
   at FluentAssertions.Execution.TestFrameworkProvider.Throw(String message)
   at FluentAssertions.Execution.DefaultAssertionStrategy.HandleFailure(String message)
   at FluentAssertions.Execution.AssertionScope.FailWith(Func`1 failReasonFunc)
   at FluentAssertions.Execution.AssertionScope.FailWith(Func`1 failReasonFunc)
   at FluentAssertions.Execution.AssertionScope.FailWith(String message, Object[] args)
   at FluentAssertions.Numeric.NumericAssertions`2.Be(T expected, String because, Object[] becauseArgs)
   at TherapyDocs.Api.Tests.BDD.StepDefinitions.BaseStepDefinitions.ThenTheResponseStatusShouldBe(Int32 statusCode) in /home/srowe/workspace/pediatric-therapy-resource/api/Tests/BDD/StepDefinitions/BaseStepDefinitions.cs:line 72
   at TherapyDocs.Api.Tests.BDD.StepDefinitions.CommonStepDefinitions.ThenTheResponseStatusShouldBeStep(Int32 statusCode) in /home/srowe/workspace/pediatric-therapy-resource/api/Tests/BDD/StepDefinitions/CommonStepDefinitions.cs:line 55
   at InvokeStub_Action`2.Invoke(Object, Span`1)
   at System.Reflection.MethodBaseInvoker.InvokeWithFewArgs(Object obj, BindingFlags invokeAttr, Binder binder, Object[] parameters, CultureInfo culture)
   at TechTalk.SpecFlow.Bindings.BindingInvoker.InvokeBinding(IBinding binding, IContextManager contextManager, Object[] arguments, ITestTracer testTracer, TimeSpan& duration)
   at TechTalk.SpecFlow.Infrastructure.TestExecutionEngine.ExecuteStepMatch(BindingMatch match, Object[] arguments, TimeSpan& duration)
   at TechTalk.SpecFlow.Infrastructure.TestExecutionEngine.ExecuteStep(IContextManager contextManager, StepInstance stepInstance)
   at TechTalk.SpecFlow.Infrastructure.TestExecutionEngine.OnAfterLastStep()
   at TechTalk.SpecFlow.TestRunner.CollectScenarioErrors()
   at TherapyDocs.Api.Tests.BDD.Features.Integrations.ExternalIntegrationAPIEndpointsFR_022Feature.ScenarioCleanup()
   at TherapyDocs.Api.Tests.BDD.Features.Integrations.ExternalIntegrationAPIEndpointsFR_022Feature.GetAllIntegrationStatuses() in /home/srowe/workspace/pediatric-therapy-resource/api/Tests/BDD/Features/integrations/external-integrations.feature:line 165
   at System.RuntimeMethodHandle.InvokeMethod(Object target, Void** arguments, Signature sig, Boolean isConstructor)
   at System.Reflection.MethodBaseInvoker.InvokeWithNoArgs(Object obj, BindingFlags invokeAttr)
  Standard Output Messages:
 Given the API is available
 -> done: CommonStepDefinitions.GivenTheAPIIsAvailable() (0.0s)
 And I am authenticated as "therapist@clinic.com"
 -> done: CommonStepDefinitions.GivenIAmAuthenticatedAs("therapist@clinic.com") (0.0s)
 When I send a GET request to "/api/integrations/status"
 -> done: CommonStepDefinitions.WhenISendAGETRequestToStep("/api/integrations...") (0.0s)
 Then the response status should be 200
 -> error: Expected ((int)LastResponse!.StatusCode) to be 200, but found 404 (difference of 204). (0.0s)
 And the response should contain array of:
   --- table step argument ---
   | field           | type   |
   | integrationName | string |
   | status          | string |
   | lastActivity    | string |
   | errorCount      | number |
   | nextSync        | string |
 -> skipped because of previous errors


  Skipped Test comprehensive data mapping between systems [1 ms]
  Failed Optimize video streaming for mobile devices and networks [94 ms]
  Error Message:
   Expected ((int)LastResponse!.StatusCode) to be 200, but found 404 (difference of 204).
  Stack Trace:
     at FluentAssertions.Execution.XUnit2TestFramework.Throw(String message)
   at FluentAssertions.Execution.TestFrameworkProvider.Throw(String message)
   at FluentAssertions.Execution.DefaultAssertionStrategy.HandleFailure(String message)
   at FluentAssertions.Execution.AssertionScope.FailWith(Func`1 failReasonFunc)
   at FluentAssertions.Execution.AssertionScope.FailWith(Func`1 failReasonFunc)
   at FluentAssertions.Execution.AssertionScope.FailWith(String message, Object[] args)
   at FluentAssertions.Numeric.NumericAssertions`2.Be(T expected, String because, Object[] becauseArgs)
   at TherapyDocs.Api.Tests.BDD.StepDefinitions.BaseStepDefinitions.ThenTheResponseStatusShouldBe(Int32 statusCode) in /home/srowe/workspace/pediatric-therapy-resource/api/Tests/BDD/StepDefinitions/BaseStepDefinitions.cs:line 72
   at TherapyDocs.Api.Tests.BDD.StepDefinitions.VideoStreamingSteps.ThenMobileVideoShouldBeOptimizedForDeviceCapabilities() in /home/srowe/workspace/pediatric-therapy-resource/api/Tests/BDD/StepDefinitions/VideoStreamingSteps.cs:line 734
   at InvokeStub_Action`1.Invoke(Object, Span`1)
   at System.Reflection.MethodBaseInvoker.InvokeWithOneArg(Object obj, BindingFlags invokeAttr, Binder binder, Object[] parameters, CultureInfo culture)
   at TechTalk.SpecFlow.Bindings.BindingInvoker.InvokeBinding(IBinding binding, IContextManager contextManager, Object[] arguments, ITestTracer testTracer, TimeSpan& duration)
   at TechTalk.SpecFlow.Infrastructure.TestExecutionEngine.ExecuteStepMatch(BindingMatch match, Object[] arguments, TimeSpan& duration)
   at TechTalk.SpecFlow.Infrastructure.TestExecutionEngine.ExecuteStep(IContextManager contextManager, StepInstance stepInstance)
   at TechTalk.SpecFlow.Infrastructure.TestExecutionEngine.OnAfterLastStep()
   at TechTalk.SpecFlow.TestRunner.CollectScenarioErrors()
   at TherapyDocs.Api.Tests.BDD.Features.Performance.VideoStreamingPerformanceAndQualityTestingFeature.ScenarioCleanup()
   at TherapyDocs.Api.Tests.BDD.Features.Performance.VideoStreamingPerformanceAndQualityTestingFeature.OptimizeVideoStreamingForMobileDevicesAndNetworks() in /home/srowe/workspace/pediatric-therapy-resource/api/Tests/BDD/Features/performance/video-streaming.feature:line 72
   at System.RuntimeMethodHandle.InvokeMethod(Object target, Void** arguments, Signature sig, Boolean isConstructor)
   at System.Reflection.MethodBaseInvoker.InvokeWithNoArgs(Object obj, BindingFlags invokeAttr)
  Standard Output Messages:
 Given video streaming infrastructure is configured
 -> done: VideoStreamingSteps.GivenVideoStreamingInfrastructureIsConfigured() (0.0s)
 And CDN distribution is optimized
 -> done: VideoStreamingSteps.GivenCDNDistributionIsOptimized() (0.0s)
 And adaptive bitrate streaming is enabled
 -> done: VideoStreamingSteps.GivenAdaptiveBitrateStreamingIsEnabled() (0.0s)
 And video quality metrics are monitored
 -> done: VideoStreamingSteps.GivenVideoQualityMetricsAreMonitored() (0.0s)
 Given mobile video streaming is optimized
 -> done: VideoStreamingSteps.GivenMobileVideoStreamingIsOptimized() (0.0s)
 When mobile devices stream therapy videos:
   --- table step argument ---
   | Device Category      | Network Type | Video Format | Battery Impact | Data Usage |
   | High-end smartphone  | 5G           | 1080p H.265  | <15%/hour      | 500MB/hour |
   | Mid-range smartphone | 4G LTE       | 720p H.264   | <20%/hour      | 300MB/hour |
   | Budget smartphone    | 3G           | 480p H.264   | <25%/hour      | 150MB/hour |
   | Tablet (WiFi)        | WiFi         | 1080p H.265  | <10%/hour      | 600MB/hour |
   | Tablet (Cellular)    | 4G           | 720p H.264   | <15%/hour      | 400MB/hour |
 -> done: VideoStreamingSteps.WhenMobileDevicesStreamTherapyVideos(<table>) (0.1s)
 Then mobile video should be optimized for device capabilities
 -> error: Expected ((int)LastResponse!.StatusCode) to be 200, but found 404 (difference of 204). (0.0s)
 And battery consumption should be minimized
 -> skipped because of previous errors
 And data usage should be efficient
 -> skipped because of previous errors
 And video controls should be touch-optimized
 -> skipped because of previous errors


[xUnit.net 00:00:03.97]     Award tokens in system [SKIP]
[xUnit.net 00:00:03.97]       No matching step definition found for one or more steps.\nusing System;\r\nusing TechTalk.SpecFlow;\r\n\r\nnamespace MyNamespace\r\n{\r\n    [Binding]\r\n    public class StepDefinitions\r\n    {\r\n        private readonly ScenarioContext _scenarioContext;\r\n\r\n        public StepDefinitions(ScenarioContext scenarioContext)\r\n        {\r\n            _scenarioContext = scenarioContext;\r\n        }\r\n        [Given(@"I have ABA certification")]\r\n        public void GivenIHaveABACertification()\r\n        {\r\n            _scenarioContext.Pending();\r\n        }\r\n        \n        [Given(@"token system ""(.*)"" exists for student")]\r\n        public void GivenTokenSystemExistsForStudent(string p0)\r\n        {\r\n            _scenarioContext.Pending();\r\n        }\r\n        \n        [Then(@"token count should update")]\r\n        public void ThenTokenCountShouldUpdate()\r\n        {\r\n            _scenarioContext.Pending();\r\n        }\r\n        \n        [Then(@"student progress should be visible")]\r\n        public void ThenStudentProgressShouldBeVisible()\r\n        {\r\n            _scenarioContext.Pending();\r\n        }\r\n    }\r\n}\r\n
[xUnit.net 00:00:03.97]     Provide clear error messaging and user guidance [SKIP]
[xUnit.net 00:00:03.97]       No matching step definition found for one or more steps.\nusing System;\r\nusing TechTalk.SpecFlow;\r\n\r\nnamespace MyNamespace\r\n{\r\n    [Binding]\r\n    public class StepDefinitions\r\n    {\r\n        private readonly ScenarioContext _scenarioContext;\r\n\r\n        public StepDefinitions(ScenarioContext scenarioContext)\r\n        {\r\n            _scenarioContext = scenarioContext;\r\n        }\r\n        [Given(@"input validation systems are configured")]\r\n        public void GivenInputValidationSystemsAreConfigured()\r\n        {\r\n            _scenarioContext.Pending();\r\n        }\r\n        \n        [Given(@"security filters are active")]\r\n        public void GivenSecurityFiltersAreActive()\r\n        {\r\n            _scenarioContext.Pending();\r\n        }\r\n        \n        [Given(@"validation rules are established")]\r\n        public void GivenValidationRulesAreEstablished()\r\n        {\r\n            _scenarioContext.Pending();\r\n        }\r\n        \n        [Given(@"sanitization mechanisms are implemented")]\r\n        public void GivenSanitizationMechanismsAreImplemented()\r\n        {\r\n            _scenarioContext.Pending();\r\n        }\r\n        \n        [Given(@"error handling workflows are operational")]\r\n        public void GivenErrorHandlingWorkflowsAreOperational()\r\n        {\r\n            _scenarioContext.Pending();\r\n        }\r\n        \n        [Given(@"clear error messages improve user experience")]\r\n        public void GivenClearErrorMessagesImproveUserExperience()\r\n        {\r\n            _scenarioContext.Pending();\r\n        }\r\n        \n        [Given(@"helpful guidance enables successful input completion")]\r\n        public void GivenHelpfulGuidanceEnablesSuccessfulInputCompletion()\r\n        {\r\n            _scenarioContext.Pending();\r\n        }\r\n        \n        [When(@"implementing error messaging:")]\r\n        public void WhenImplementingErrorMessaging(Table table)\r\n        {\r\n            _scenarioContext.Pending();\r\n        }\r\n        \n        [Then(@"error messages should be clear and helpful")]\r\n        public void ThenErrorMessagesShouldBeClearAndHelpful()\r\n        {\r\n            _scenarioContext.Pending();\r\n        }\r\n        \n        [Then(@"guidance should enable successful completion")]\r\n        public void ThenGuidanceShouldEnableSuccessfulCompletion()\r\n        {\r\n            _scenarioContext.Pending();\r\n        }\r\n        \n        [Then(@"accessibility should be comprehensive")]\r\n        public void ThenAccessibilityShouldBeComprehensive()\r\n        {\r\n            _scenarioContext.Pending();\r\n        }\r\n        \n        [Then(@"localization should support global users")]\r\n        public void ThenLocalizationShouldSupportGlobalUsers()\r\n        {\r\n            _scenarioContext.Pending();\r\n        }\r\n    }\r\n}\r\n
[xUnit.net 00:00:03.98]     Develop culturally valid outcome measurement and assessment tools [SKIP]
[xUnit.net 00:00:03.99]       No matching step definition found for one or more steps.\nusing System;\r\nusing TechTalk.SpecFlow;\r\n\r\nnamespace MyNamespace\r\n{\r\n    [Binding]\r\n    public class StepDefinitions\r\n    {\r\n        private readonly ScenarioContext _scenarioContext;\r\n\r\n        public StepDefinitions(ScenarioContext scenarioContext)\r\n        {\r\n            _scenarioContext = scenarioContext;\r\n        }\r\n        [Given(@"cultural adaptation systems are enabled")]\r\n        public void GivenCulturalAdaptationSystemsAreEnabled()\r\n        {\r\n            _scenarioContext.Pending();\r\n        }\r\n        \n        [Given(@"content customization mechanisms are operational")]\r\n        public void GivenContentCustomizationMechanismsAreOperational()\r\n        {\r\n            _scenarioContext.Pending();\r\n        }\r\n        \n        [Given(@"cultural sensitivity protocols are implemented")]\r\n        public void GivenCulturalSensitivityProtocolsAreImplemented()\r\n        {\r\n            _scenarioContext.Pending();\r\n        }\r\n        \n        [Given(@"community validation processes are established")]\r\n        public void GivenCommunityValidationProcessesAreEstablished()\r\n        {\r\n            _scenarioContext.Pending();\r\n        }\r\n        \n        [Given(@"cultural expertise resources are available")]\r\n        public void GivenCulturalExpertiseResourcesAreAvailable()\r\n        {\r\n            _scenarioContext.Pending();\r\n        }\r\n        \n        [Given(@"outcome measurement must be culturally valid")]\r\n        public void GivenOutcomeMeasurementMustBeCulturallyValid()\r\n        {\r\n            _scenarioContext.Pending();\r\n        }\r\n        \n        [Given(@"assessment tools should be culturally appropriate")]\r\n        public void GivenAssessmentToolsShouldBeCulturallyAppropriate()\r\n        {\r\n            _scenarioContext.Pending();\r\n        }\r\n        \n        [When(@"developing cultural measurement:")]\r\n        public void WhenDevelopingCulturalMeasurement(Table table)\r\n        {\r\n            _scenarioContext.Pending();\r\n        }\r\n        \n        [Then(@"measurement should be culturally valid")]\r\n        public void ThenMeasurementShouldBeCulturallyValid()\r\n        {\r\n            _scenarioContext.Pending();\r\n        }\r\n        \n        [Then(@"development should involve cultural communities")]\r\n        public void ThenDevelopmentShouldInvolveCulturalCommunities()\r\n        {\r\n            _scenarioContext.Pending();\r\n        }\r\n        \n        [Then(@"validation should ensure appropriateness")]\r\n        public void ThenValidationShouldEnsureAppropriateness()\r\n        {\r\n            _scenarioContext.Pending();\r\n        }\r\n        \n        [Then(@"bias should be systematically prevented")]\r\n        public void ThenBiasShouldBeSystematicallyPrevented()\r\n        {\r\n            _scenarioContext.Pending();\r\n        }\r\n    }\r\n}\r\n
[xUnit.net 00:00:04.00]       Expected ((int)LastResponse!.StatusCode) to be 201, but found 404 (difference of 203).
[xUnit.net 00:00:04.00]       Stack Trace:
[xUnit.net 00:00:04.00]            at FluentAssertions.Execution.XUnit2TestFramework.Throw(String message)
[xUnit.net 00:00:04.00]            at FluentAssertions.Execution.TestFrameworkProvider.Throw(String message)
[xUnit.net 00:00:04.00]            at FluentAssertions.Execution.DefaultAssertionStrategy.HandleFailure(String message)
[xUnit.net 00:00:04.00]            at FluentAssertions.Execution.AssertionScope.FailWith(Func`1 failReasonFunc)
[xUnit.net 00:00:04.00]            at FluentAssertions.Execution.AssertionScope.FailWith(Func`1 failReasonFunc)
[xUnit.net 00:00:04.00]            at FluentAssertions.Execution.AssertionScope.FailWith(String message, Object[] args)
[xUnit.net 00:00:04.00]            at FluentAssertions.Numeric.NumericAssertions`2.Be(T expected, String because, Object[] becauseArgs)
[xUnit.net 00:00:04.00]         /home/srowe/workspace/pediatric-therapy-resource/api/Tests/BDD/StepDefinitions/BaseStepDefinitions.cs(72,0): at TherapyDocs.Api.Tests.BDD.StepDefinitions.BaseStepDefinitions.ThenTheResponseStatusShouldBe(Int32 statusCode)
[xUnit.net 00:00:04.00]         /home/srowe/workspace/pediatric-therapy-resource/api/Tests/BDD/StepDefinitions/CommonStepDefinitions.cs(55,0): at TherapyDocs.Api.Tests.BDD.StepDefinitions.CommonStepDefinitions.ThenTheResponseStatusShouldBeStep(Int32 statusCode)
[xUnit.net 00:00:04.00]            at InvokeStub_Action`2.Invoke(Object, Span`1)
[xUnit.net 00:00:04.00]            at System.Reflection.MethodBaseInvoker.InvokeWithFewArgs(Object obj, BindingFlags invokeAttr, Binder binder, Object[] parameters, CultureInfo culture)
[xUnit.net 00:00:04.00]            at TechTalk.SpecFlow.Bindings.BindingInvoker.InvokeBinding(IBinding binding, IContextManager contextManager, Object[] arguments, ITestTracer testTracer, TimeSpan& duration)
[xUnit.net 00:00:04.00]            at TechTalk.SpecFlow.Infrastructure.TestExecutionEngine.ExecuteStepMatch(BindingMatch match, Object[] arguments, TimeSpan& duration)
[xUnit.net 00:00:04.00]            at TechTalk.SpecFlow.Infrastructure.TestExecutionEngine.ExecuteStep(IContextManager contextManager, StepInstance stepInstance)
[xUnit.net 00:00:04.00]            at TechTalk.SpecFlow.Infrastructure.TestExecutionEngine.OnAfterLastStep()
[xUnit.net 00:00:04.00]            at TechTalk.SpecFlow.TestRunner.CollectScenarioErrors()
[xUnit.net 00:00:04.00]            at TherapyDocs.Api.Tests.BDD.Features.Platform.CommunityFeaturesAPIEndpointsFR_030Feature.ScenarioCleanup()
[xUnit.net 00:00:04.00]         /home/srowe/workspace/pediatric-therapy-resource/api/Tests/BDD/Features/platform/community-features.feature(72,0): at TherapyDocs.Api.Tests.BDD.Features.Platform.CommunityFeaturesAPIEndpointsFR_030Feature.SubmitBugReport()
[xUnit.net 00:00:04.00]            at System.RuntimeMethodHandle.InvokeMethod(Object target, Void** arguments, Signature sig, Boolean isConstructor)
[xUnit.net 00:00:04.00]            at System.Reflection.MethodBaseInvoker.InvokeWithNoArgs(Object obj, BindingFlags invokeAttr)
[xUnit.net 00:00:04.00]       Output:
[xUnit.net 00:00:04.00]         Given the API is available
[xUnit.net 00:00:04.00]         -> done: CommonStepDefinitions.GivenTheAPIIsAvailable() (0.0s)
[xUnit.net 00:00:04.00]         And I am authenticated as "therapist@clinic.com"
[xUnit.net 00:00:04.00]         -> done: CommonStepDefinitions.GivenIAmAuthenticatedAs("therapist@clinic.com") (0.0s)
[xUnit.net 00:00:04.00]         When I send a POST request to "/api/community/bug-reports/submit" with:
[xUnit.net 00:00:04.00]           --- table step argument ---
[xUnit.net 00:00:04.00]           | field       | value                                |
[xUnit.net 00:00:04.00]           | title       | "PDF download fails"                 |
[xUnit.net 00:00:04.00]           | description | "When clicking download..."          |
[xUnit.net 00:00:04.00]           | steps       | ["Go to resource", "Click download"] |
[xUnit.net 00:00:04.00]           | browser     | "Chrome 120"                         |
[xUnit.net 00:00:04.00]           | severity    | "medium"                             |
[xUnit.net 00:00:04.00]         -> done: CommonStepDefinitions.WhenISendAPOSTRequestToWithStep("/api/community/bu...", <table>) (0.0s)
[xUnit.net 00:00:04.00]         Then the response status should be 201
[xUnit.net 00:00:04.00]         -> error: Expected ((int)LastResponse!.StatusCode) to be 201, but found 404 (difference of 203). (0.0s)
[xUnit.net 00:00:04.00]         And ticket should be created
[xUnit.net 00:00:04.00]         -> No matching step definition found for the step. Use the following code to create one:
[xUnit.net 00:00:04.00]                 [Then(@"ticket should be created")]
[xUnit.net 00:00:04.00]                 public void ThenTicketShouldBeCreated()
[xUnit.net 00:00:04.00]                 {
[xUnit.net 00:00:04.00]                     _scenarioContext.Pending();
[xUnit.net 00:00:04.00]                 }
[xUnit.net 00:00:04.00]         
[xUnit.net 00:00:04.00]         And user should receive tracking number
[xUnit.net 00:00:04.00]         -> No matching step definition found for the step. Use the following code to create one:
[xUnit.net 00:00:04.00]                 [Then(@"user should receive tracking number")]
[xUnit.net 00:00:04.00]                 public void ThenUserShouldReceiveTrackingNumber()
[xUnit.net 00:00:04.00]                 {
[xUnit.net 00:00:04.00]                     _scenarioContext.Pending();
[xUnit.net 00:00:04.00]                 }
[xUnit.net 00:00:04.00]         
[xUnit.net 00:00:04.01]     Implement comprehensive bulk licensing for large organizations [SKIP]
[xUnit.net 00:00:04.01]       No matching step definition found for one or more steps.\nusing System;\r\nusing TechTalk.SpecFlow;\r\n\r\nnamespace MyNamespace\r\n{\r\n    [Binding]\r\n    public class StepDefinitions\r\n    {\r\n        private readonly ScenarioContext _scenarioContext;\r\n\r\n        public StepDefinitions(ScenarioContext scenarioContext)\r\n        {\r\n            _scenarioContext = scenarioContext;\r\n        }\r\n        [Given(@"enterprise licensing system is configured")]\r\n        public void GivenEnterpriseLicensingSystemIsConfigured()\r\n        {\r\n            _scenarioContext.Pending();\r\n        }\r\n        \n        [Given(@"bulk billing engines are active")]\r\n        public void GivenBulkBillingEnginesAreActive()\r\n        {\r\n            _scenarioContext.Pending();\r\n        }\r\n        \n        [Given(@"SSO integration is available")]\r\n        public void GivenSSOIntegrationIsAvailable()\r\n        {\r\n            _scenarioContext.Pending();\r\n        }\r\n        \n        [Given(@"organizational management tools are implemented")]\r\n        public void GivenOrganizationalManagementToolsAreImplemented()\r\n        {\r\n            _scenarioContext.Pending();\r\n        }\r\n        \n        [Given(@"compliance frameworks are established")]\r\n        public void GivenComplianceFrameworksAreEstablished()\r\n        {\r\n            _scenarioContext.Pending();\r\n        }\r\n        \n        [Given(@"large organizations need scalable licensing solutions")]\r\n        public void GivenLargeOrganizationsNeedScalableLicensingSolutions()\r\n        {\r\n            _scenarioContext.Pending();\r\n        }\r\n        \n        [Given(@"bulk licensing provides cost efficiency and management simplicity")]\r\n        public void GivenBulkLicensingProvidesCostEfficiencyAndManagementSimplicity()\r\n        {\r\n            _scenarioContext.Pending();\r\n        }\r\n        \n        [When(@"implementing enterprise bulk licensing:")]\r\n        public void WhenImplementingEnterpriseBulkLicensing(Table table)\r\n        {\r\n            _scenarioContext.Pending();\r\n        }\r\n        \n        [Then(@"licensing should scale with organization size")]\r\n        public void ThenLicensingShouldScaleWithOrganizationSize()\r\n        {\r\n            _scenarioContext.Pending();\r\n        }\r\n        \n        [Then(@"pricing should reflect volume economics")]\r\n        public void ThenPricingShouldReflectVolumeEconomics()\r\n        {\r\n            _scenarioContext.Pending();\r\n        }\r\n        \n        [Then(@"management should accommodate complexity")]\r\n        public void ThenManagementShouldAccommodateComplexity()\r\n        {\r\n            _scenarioContext.Pending();\r\n        }\r\n        \n        [Then(@"support should match organizational needs")]\r\n        public void ThenSupportShouldMatchOrganizationalNeeds()\r\n        {\r\n            _scenarioContext.Pending();\r\n        }\r\n    }\r\n}\r\n
  Skipped Award tokens in system [1 ms]
  Skipped Provide clear error messaging and user guidance [1 ms]
  Skipped Develop culturally valid outcome measurement and assessment tools [1 ms]
  Failed Submit bug report [92 ms]
  Error Message:
   Expected ((int)LastResponse!.StatusCode) to be 201, but found 404 (difference of 203).
  Stack Trace:
     at FluentAssertions.Execution.XUnit2TestFramework.Throw(String message)
   at FluentAssertions.Execution.TestFrameworkProvider.Throw(String message)
   at FluentAssertions.Execution.DefaultAssertionStrategy.HandleFailure(String message)
   at FluentAssertions.Execution.AssertionScope.FailWith(Func`1 failReasonFunc)
   at FluentAssertions.Execution.AssertionScope.FailWith(Func`1 failReasonFunc)
   at FluentAssertions.Execution.AssertionScope.FailWith(String message, Object[] args)
   at FluentAssertions.Numeric.NumericAssertions`2.Be(T expected, String because, Object[] becauseArgs)
   at TherapyDocs.Api.Tests.BDD.StepDefinitions.BaseStepDefinitions.ThenTheResponseStatusShouldBe(Int32 statusCode) in /home/srowe/workspace/pediatric-therapy-resource/api/Tests/BDD/StepDefinitions/BaseStepDefinitions.cs:line 72
   at TherapyDocs.Api.Tests.BDD.StepDefinitions.CommonStepDefinitions.ThenTheResponseStatusShouldBeStep(Int32 statusCode) in /home/srowe/workspace/pediatric-therapy-resource/api/Tests/BDD/StepDefinitions/CommonStepDefinitions.cs:line 55
   at InvokeStub_Action`2.Invoke(Object, Span`1)
   at System.Reflection.MethodBaseInvoker.InvokeWithFewArgs(Object obj, BindingFlags invokeAttr, Binder binder, Object[] parameters, CultureInfo culture)
   at TechTalk.SpecFlow.Bindings.BindingInvoker.InvokeBinding(IBinding binding, IContextManager contextManager, Object[] arguments, ITestTracer testTracer, TimeSpan& duration)
   at TechTalk.SpecFlow.Infrastructure.TestExecutionEngine.ExecuteStepMatch(BindingMatch match, Object[] arguments, TimeSpan& duration)
   at TechTalk.SpecFlow.Infrastructure.TestExecutionEngine.ExecuteStep(IContextManager contextManager, StepInstance stepInstance)
   at TechTalk.SpecFlow.Infrastructure.TestExecutionEngine.OnAfterLastStep()
   at TechTalk.SpecFlow.TestRunner.CollectScenarioErrors()
   at TherapyDocs.Api.Tests.BDD.Features.Platform.CommunityFeaturesAPIEndpointsFR_030Feature.ScenarioCleanup()
   at TherapyDocs.Api.Tests.BDD.Features.Platform.CommunityFeaturesAPIEndpointsFR_030Feature.SubmitBugReport() in /home/srowe/workspace/pediatric-therapy-resource/api/Tests/BDD/Features/platform/community-features.feature:line 72
   at System.RuntimeMethodHandle.InvokeMethod(Object target, Void** arguments, Signature sig, Boolean isConstructor)
   at System.Reflection.MethodBaseInvoker.InvokeWithNoArgs(Object obj, BindingFlags invokeAttr)
  Standard Output Messages:
 Given the API is available
 -> done: CommonStepDefinitions.GivenTheAPIIsAvailable() (0.0s)
 And I am authenticated as "therapist@clinic.com"
 -> done: CommonStepDefinitions.GivenIAmAuthenticatedAs("therapist@clinic.com") (0.0s)
 When I send a POST request to "/api/community/bug-reports/submit" with:
   --- table step argument ---
   | field       | value                                |
   | title       | "PDF download fails"                 |
   | description | "When clicking download..."          |
   | steps       | ["Go to resource", "Click download"] |
   | browser     | "Chrome 120"                         |
   | severity    | "medium"                             |
 -> done: CommonStepDefinitions.WhenISendAPOSTRequestToWithStep("/api/community/bu...", <table>) (0.0s)
 Then the response status should be 201
 -> error: Expected ((int)LastResponse!.StatusCode) to be 201, but found 404 (difference of 203). (0.0s)
 And ticket should be created
 -> No matching step definition found for the step. Use the following code to create one:
         [Then(@"ticket should be created")]
         public void ThenTicketShouldBeCreated()
         {
             _scenarioContext.Pending();
         }
 
 And user should receive tracking number
 -> No matching step definition found for the step. Use the following code to create one:
         [Then(@"user should receive tracking number")]
         public void ThenUserShouldReceiveTrackingNumber()
         {
             _scenarioContext.Pending();
         }
 


  Skipped Implement comprehensive bulk licensing for large organizations [1 ms]
[xUnit.net 00:00:04.03]     Get integration logs [SKIP]
[xUnit.net 00:00:04.03]       No matching step definition found for one or more steps.\nusing System;\r\nusing TechTalk.SpecFlow;\r\n\r\nnamespace MyNamespace\r\n{\r\n    [Binding]\r\n    public class StepDefinitions\r\n    {\r\n        private readonly ScenarioContext _scenarioContext;\r\n\r\n        public StepDefinitions(ScenarioContext scenarioContext)\r\n        {\r\n            _scenarioContext = scenarioContext;\r\n        }\r\n        [Given(@"integration ""(.*)"" has activity")]\r\n        public void GivenIntegrationHasActivity(string p0)\r\n        {\r\n            _scenarioContext.Pending();\r\n        }\r\n    }\r\n}\r\n
[xUnit.net 00:00:04.07]     Get comprehensive ABA progress [SKIP]
[xUnit.net 00:00:04.07]       No matching step definition found for one or more steps.\nusing System;\r\nusing TechTalk.SpecFlow;\r\n\r\nnamespace MyNamespace\r\n{\r\n    [Binding]\r\n    public class StepDefinitions\r\n    {\r\n        private readonly ScenarioContext _scenarioContext;\r\n\r\n        public StepDefinitions(ScenarioContext scenarioContext)\r\n        {\r\n            _scenarioContext = scenarioContext;\r\n        }\r\n        [Given(@"I have ABA certification")]\r\n        public void GivenIHaveABACertification()\r\n        {\r\n            _scenarioContext.Pending();\r\n        }\r\n        \n        [Given(@"student ""(.*)"" has ABA programs")]\r\n        public void GivenStudentHasABAPrograms(string p0)\r\n        {\r\n            _scenarioContext.Pending();\r\n        }\r\n    }\r\n}\r\n
[xUnit.net 00:00:04.09]     Detect and handle database data corruption [SKIP]
[xUnit.net 00:00:04.09]       No matching step definition found for one or more steps.\nusing System;\r\nusing TechTalk.SpecFlow;\r\n\r\nnamespace MyNamespace\r\n{\r\n    [Binding]\r\n    public class StepDefinitions\r\n    {\r\n        private readonly ScenarioContext _scenarioContext;\r\n\r\n        public StepDefinitions(ScenarioContext scenarioContext)\r\n        {\r\n            _scenarioContext = scenarioContext;\r\n        }\r\n        [Then(@"corruption should be detected proactively")]\r\n        public void ThenCorruptionShouldBeDetectedProactively()\r\n        {\r\n            _scenarioContext.Pending();\r\n        }\r\n        \n        [Then(@"repair operations should restore data integrity")]\r\n        public void ThenRepairOperationsShouldRestoreDataIntegrity()\r\n        {\r\n            _scenarioContext.Pending();\r\n        }\r\n        \n        [Then(@"corruption incidents should be logged and analyzed")]\r\n        public void ThenCorruptionIncidentsShouldBeLoggedAndAnalyzed()\r\n        {\r\n            _scenarioContext.Pending();\r\n        }\r\n        \n        [Then(@"preventive measures should minimize corruption risk")]\r\n        public void ThenPreventiveMeasuresShouldMinimizeCorruptionRisk()\r\n        {\r\n            _scenarioContext.Pending();\r\n        }\r\n    }\r\n}\r\n
[xUnit.net 00:00:04.15]     Get task analysis steps [SKIP]
[xUnit.net 00:00:04.15]       No matching step definition found for one or more steps.\nusing System;\r\nusing TechTalk.SpecFlow;\r\n\r\nnamespace MyNamespace\r\n{\r\n    [Binding]\r\n    public class StepDefinitions\r\n    {\r\n        private readonly ScenarioContext _scenarioContext;\r\n\r\n        public StepDefinitions(ScenarioContext scenarioContext)\r\n        {\r\n            _scenarioContext = scenarioContext;\r\n        }\r\n        [Given(@"I have ABA certification")]\r\n        public void GivenIHaveABACertification()\r\n        {\r\n            _scenarioContext.Pending();\r\n        }\r\n    }\r\n}\r\n
[xUnit.net 00:00:04.17]     Maintain comprehensive audit trails [SKIP]
[xUnit.net 00:00:04.17]       No matching step definition found for one or more steps.\nusing System;\r\nusing TechTalk.SpecFlow;\r\n\r\nnamespace MyNamespace\r\n{\r\n    [Binding]\r\n    public class StepDefinitions\r\n    {\r\n        private readonly ScenarioContext _scenarioContext;\r\n\r\n        public StepDefinitions(ScenarioContext scenarioContext)\r\n        {\r\n            _scenarioContext = scenarioContext;\r\n        }\r\n        [Given(@"multi-tenant architecture is implemented")]\r\n        public void GivenMulti_TenantArchitectureIsImplemented()\r\n        {\r\n            _scenarioContext.Pending();\r\n        }\r\n        \n        [Given(@"data isolation is enforced")]\r\n        public void GivenDataIsolationIsEnforced()\r\n        {\r\n            _scenarioContext.Pending();\r\n        }\r\n        \n        [Given(@"tenant provisioning is automated")]\r\n        public void GivenTenantProvisioningIsAutomated()\r\n        {\r\n            _scenarioContext.Pending();\r\n        }\r\n        \n        [Given(@"scalability is built-in")]\r\n        public void GivenScalabilityIsBuilt_In()\r\n        {\r\n            _scenarioContext.Pending();\r\n        }\r\n        \n        [Given(@"enterprise features are enabled")]\r\n        public void GivenEnterpriseFeaturesAreEnabled()\r\n        {\r\n            _scenarioContext.Pending();\r\n        }\r\n        \n        [Given(@"enterprises require detailed audit trails")]\r\n        public void GivenEnterprisesRequireDetailedAuditTrails()\r\n        {\r\n            _scenarioContext.Pending();\r\n        }\r\n        \n        [Given(@"forensic analysis must be possible")]\r\n        public void GivenForensicAnalysisMustBePossible()\r\n        {\r\n            _scenarioContext.Pending();\r\n        }\r\n        \n        [When(@"implementing audit systems:")]\r\n        public void WhenImplementingAuditSystems(Table table)\r\n        {\r\n            _scenarioContext.Pending();\r\n        }\r\n        \n        [Then(@"audit trails should be comprehensive")]\r\n        public void ThenAuditTrailsShouldBeComprehensive()\r\n        {\r\n            _scenarioContext.Pending();\r\n        }\r\n        \n        [Then(@"search should be powerful")]\r\n        public void ThenSearchShouldBePowerful()\r\n        {\r\n            _scenarioContext.Pending();\r\n        }\r\n        \n        [Then(@"retention should meet requirements")]\r\n        public void ThenRetentionShouldMeetRequirements()\r\n        {\r\n            _scenarioContext.Pending();\r\n        }\r\n        \n        [Then(@"analysis should be insightful")]\r\n        public void ThenAnalysisShouldBeInsightful()\r\n        {\r\n            _scenarioContext.Pending();\r\n        }\r\n    }\r\n}\r\n
[xUnit.net 00:00:04.18]       Expected response.StatusCode to be HttpStatusCode.OK {value: 200}, but found HttpStatusCode.NotFound {value: 404}.
[xUnit.net 00:00:04.18]       Stack Trace:
[xUnit.net 00:00:04.18]            at FluentAssertions.Execution.XUnit2TestFramework.Throw(String message)
[xUnit.net 00:00:04.18]            at FluentAssertions.Execution.TestFrameworkProvider.Throw(String message)
[xUnit.net 00:00:04.18]            at FluentAssertions.Execution.DefaultAssertionStrategy.HandleFailure(String message)
[xUnit.net 00:00:04.18]            at FluentAssertions.Execution.AssertionScope.FailWith(Func`1 failReasonFunc)
[xUnit.net 00:00:04.18]            at FluentAssertions.Execution.AssertionScope.FailWith(Func`1 failReasonFunc)
[xUnit.net 00:00:04.18]            at FluentAssertions.Execution.AssertionScope.FailWith(String message, Object[] args)
[xUnit.net 00:00:04.18]            at FluentAssertions.Primitives.EnumAssertions`2.Be(TEnum expected, String because, Object[] becauseArgs)
[xUnit.net 00:00:04.18]         /home/srowe/workspace/pediatric-therapy-resource/api/Tests/BDD/StepDefinitions/PciDssComplianceSteps.cs(37,0): at TherapyDocs.Api.Tests.BDD.StepDefinitions.PciDssComplianceSteps.GivenPciDssComplianceSystemsAreOperational()
[xUnit.net 00:00:04.18]            at TechTalk.SpecFlow.Bindings.SynchronousBindingDelegateInvoker.<>c__DisplayClass2_0.<<InvokeBindingDelegateAsync>b__0>d.MoveNext()
[xUnit.net 00:00:04.18]         --- End of stack trace from previous location ---
[xUnit.net 00:00:04.18]            at TechTalk.SpecFlow.Bindings.AsyncHelpers.<>c__DisplayClass1_0`1.<<RunSync>b__0>d.MoveNext()
[xUnit.net 00:00:04.18]         --- End of stack trace from previous location ---
[xUnit.net 00:00:04.18]            at TechTalk.SpecFlow.Bindings.AsyncHelpers.ExclusiveSynchronizationContext.BeginMessageLoop()
[xUnit.net 00:00:04.18]            at TechTalk.SpecFlow.Bindings.AsyncHelpers.RunSync[T](Func`1 task)
[xUnit.net 00:00:04.18]            at TechTalk.SpecFlow.Bindings.SynchronousBindingDelegateInvoker.InvokeBindingDelegateAsync(Delegate bindingDelegate, Object[] invokeArgs)
[xUnit.net 00:00:04.18]            at TechTalk.SpecFlow.Bindings.SynchronousBindingDelegateInvoker.InvokeDelegateSynchronously(Delegate bindingDelegate, Object[] invokeArgs)
[xUnit.net 00:00:04.18]            at TechTalk.SpecFlow.Bindings.BindingInvoker.InvokeBinding(IBinding binding, IContextManager contextManager, Object[] arguments, ITestTracer testTracer, TimeSpan& duration)
[xUnit.net 00:00:04.18]            at TechTalk.SpecFlow.Infrastructure.TestExecutionEngine.ExecuteStepMatch(BindingMatch match, Object[] arguments, TimeSpan& duration)
[xUnit.net 00:00:04.18]            at TechTalk.SpecFlow.Infrastructure.TestExecutionEngine.ExecuteStep(IContextManager contextManager, StepInstance stepInstance)
[xUnit.net 00:00:04.18]            at TechTalk.SpecFlow.Infrastructure.TestExecutionEngine.OnAfterLastStep()
[xUnit.net 00:00:04.18]            at TechTalk.SpecFlow.TestRunner.CollectScenarioErrors()
[xUnit.net 00:00:04.18]            at TherapyDocs.Api.Tests.BDD.Features.Compliance.PCIDSSComplianceAndPaymentCardSecurityFeature.ScenarioCleanup()
[xUnit.net 00:00:04.18]         /home/srowe/workspace/pediatric-therapy-resource/api/Tests/BDD/Features/compliance/pci-dss.feature(80,0): at TherapyDocs.Api.Tests.BDD.Features.Compliance.PCIDSSComplianceAndPaymentCardSecurityFeature.ImplementStrongAccessControlMeasures()
[xUnit.net 00:00:04.18]            at System.RuntimeMethodHandle.InvokeMethod(Object target, Void** arguments, Signature sig, Boolean isConstructor)
[xUnit.net 00:00:04.18]            at System.Reflection.MethodBaseInvoker.InvokeWithNoArgs(Object obj, BindingFlags invokeAttr)
[xUnit.net 00:00:04.18]       Output:
[xUnit.net 00:00:04.18]         Given PCI DSS compliance systems are operational
[xUnit.net 00:00:04.18]         -> error: Expected response.StatusCode to be HttpStatusCode.OK {value: 200}, but found HttpStatusCode.NotFound {value: 404}. (0.0s)
[xUnit.net 00:00:04.18]         And cardholder data environment (CDE) is defined
[xUnit.net 00:00:04.18]         -> No matching step definition found for the step. Use the following code to create one:
[xUnit.net 00:00:04.18]                 [Given(@"cardholder data environment \(CDE\) is defined")]
[xUnit.net 00:00:04.18]                 public void GivenCardholderDataEnvironmentCDEIsDefined()
[xUnit.net 00:00:04.18]                 {
[xUnit.net 00:00:04.18]                     _scenarioContext.Pending();
[xUnit.net 00:00:04.18]                 }
[xUnit.net 00:00:04.18]         
[xUnit.net 00:00:04.18]         And network segmentation is implemented
[xUnit.net 00:00:04.18]         -> No matching step definition found for the step. Use the following code to create one:
[xUnit.net 00:00:04.18]                 [Given(@"network segmentation is implemented")]
[xUnit.net 00:00:04.18]                 public void GivenNetworkSegmentationIsImplemented()
[xUnit.net 00:00:04.18]                 {
[xUnit.net 00:00:04.18]                     _scenarioContext.Pending();
[xUnit.net 00:00:04.18]                 }
[xUnit.net 00:00:04.18]         
[xUnit.net 00:00:04.18]         And encryption mechanisms are active
[xUnit.net 00:00:04.18]         -> No matching step definition found for the step. Use the following code to create one:
[xUnit.net 00:00:04.18]                 [Given(@"encryption mechanisms are active")]
[xUnit.net 00:00:04.18]                 public void GivenEncryptionMechanismsAreActive()
[xUnit.net 00:00:04.18]                 {
[xUnit.net 00:00:04.18]                     _scenarioContext.Pending();
[xUnit.net 00:00:04.18]                 }
[xUnit.net 00:00:04.18]         
[xUnit.net 00:00:04.18]         And security controls are configured
[xUnit.net 00:00:04.18]         -> No matching step definition found for the step. Use the following code to create one:
[xUnit.net 00:00:04.18]                 [Given(@"security controls are configured")]
[xUnit.net 00:00:04.18]                 public void GivenSecurityControlsAreConfigured()
[xUnit.net 00:00:04.18]                 {
[xUnit.net 00:00:04.18]                     _scenarioContext.Pending();
[xUnit.net 00:00:04.18]                 }
[xUnit.net 00:00:04.18]         
[xUnit.net 00:00:04.18]         Given access to cardholder data must be restricted
[xUnit.net 00:00:04.18]         -> No matching step definition found for the step. Use the following code to create one:
[xUnit.net 00:00:04.18]                 [Given(@"access to cardholder data must be restricted")]
[xUnit.net 00:00:04.18]                 public void GivenAccessToCardholderDataMustBeRestricted()
[xUnit.net 00:00:04.18]                 {
[xUnit.net 00:00:04.18]                     _scenarioContext.Pending();
[xUnit.net 00:00:04.18]                 }
[xUnit.net 00:00:04.18]         
[xUnit.net 00:00:04.18]         And least privilege principle must be enforced
[xUnit.net 00:00:04.18]         -> No matching step definition found for the step. Use the following code to create one:
[xUnit.net 00:00:04.18]                 [Given(@"least privilege principle must be enforced")]
[xUnit.net 00:00:04.18]                 public void GivenLeastPrivilegePrincipleMustBeEnforced()
[xUnit.net 00:00:04.18]                 {
[xUnit.net 00:00:04.18]                     _scenarioContext.Pending();
[xUnit.net 00:00:04.18]                 }
[xUnit.net 00:00:04.18]         
[xUnit.net 00:00:04.18]         When implementing access controls:
[xUnit.net 00:00:04.18]           --- table step argument ---
[xUnit.net 00:00:04.18]           | Access Component    | Control Mechanism     | Assignment Process     | Review Frequency    | Monitoring Method       | Revocation Process       |
[xUnit.net 00:00:04.18]           | User identification | Unique user IDs       | Identity verification  | Not shared          | Login monitoring        | Immediate on termination |
[xUnit.net 00:00:04.18]           | Authentication      | Multi-factor required | Strong passwords + MFA | 90-day rotation     | Failed attempt tracking | Account lockout          |
[xUnit.net 00:00:04.18]           | Authorization       | Role-based access     | Business need basis    | Quarterly review    | Permission auditing     | Automatic expiration     |
[xUnit.net 00:00:04.18]           | Physical access     | Badge + biometric     | Background checks      | Annual revalidation | Entry/exit logging      | Badge deactivation       |
[xUnit.net 00:00:04.18]           | Remote access       | VPN + MFA             | Encrypted channels     | Per session         | Connection monitoring   | Certificate revocation   |
[xUnit.net 00:00:04.18]           | Privileged access   | PAM solution          | Approval workflow      | Monthly review      | Session recording       | Time-bound access        |
[xUnit.net 00:00:04.18]         -> No matching step definition found for the step. Use the following code to create one:
[xUnit.net 00:00:04.18]                 [When(@"implementing access controls:")]
[xUnit.net 00:00:04.18]                 public void WhenImplementingAccessControls(Table table)
[xUnit.net 00:00:04.18]                 {
[xUnit.net 00:00:04.18]                     _scenarioContext.Pending();
[xUnit.net 00:00:04.18]                 }
[xUnit.net 00:00:04.18]         
[xUnit.net 00:00:04.18]         Then access should be properly controlled
[xUnit.net 00:00:04.18]         -> No matching step definition found for the step. Use the following code to create one:
[xUnit.net 00:00:04.18]                 [Then(@"access should be properly controlled")]
[xUnit.net 00:00:04.18]                 public void ThenAccessShouldBeProperlyControlled()
[xUnit.net 00:00:04.18]                 {
[xUnit.net 00:00:04.18]                     _scenarioContext.Pending();
[xUnit.net 00:00:04.18]                 }
[xUnit.net 00:00:04.18]         
[xUnit.net 00:00:04.18]         And authentication should be strong
[xUnit.net 00:00:04.18]         -> No matching step definition found for the step. Use the following code to create one:
[xUnit.net 00:00:04.18]                 [Then(@"authentication should be strong")]
[xUnit.net 00:00:04.18]                 public void ThenAuthenticationShouldBeStrong()
[xUnit.net 00:00:04.18]                 {
[xUnit.net 00:00:04.18]                     _scenarioContext.Pending();
[xUnit.net 00:00:04.18]                 }
[xUnit.net 00:00:04.18]         
[xUnit.net 00:00:04.18]         And authorization should be minimal
[xUnit.net 00:00:04.18]         -> No matching step definition found for the step. Use the following code to create one:
[xUnit.net 00:00:04.18]                 [Then(@"authorization should be minimal")]
[xUnit.net 00:00:04.18]                 public void ThenAuthorizationShouldBeMinimal()
[xUnit.net 00:00:04.18]                 {
[xUnit.net 00:00:04.18]                     _scenarioContext.Pending();
[xUnit.net 00:00:04.18]                 }
[xUnit.net 00:00:04.18]         
[xUnit.net 00:00:04.18]         And monitoring should be comprehensive
[xUnit.net 00:00:04.18]         -> No matching step definition found for the step. Use the following code to create one:
[xUnit.net 00:00:04.18]                 [Then(@"monitoring should be comprehensive")]
[xUnit.net 00:00:04.18]                 public void ThenMonitoringShouldBeComprehensive()
[xUnit.net 00:00:04.18]                 {
[xUnit.net 00:00:04.18]                     _scenarioContext.Pending();
[xUnit.net 00:00:04.18]                 }
[xUnit.net 00:00:04.18]         
  Skipped Get integration logs [1 ms]
  Skipped Get comprehensive ABA progress [1 ms]
  Skipped Detect and handle database data corruption [1 ms]
  Skipped Get task analysis steps [1 ms]
  Skipped Maintain comprehensive audit trails [1 ms]
  Failed Implement strong access control measures [355 ms]
  Error Message:
   Expected response.StatusCode to be HttpStatusCode.OK {value: 200}, but found HttpStatusCode.NotFound {value: 404}.
  Stack Trace:
     at FluentAssertions.Execution.XUnit2TestFramework.Throw(String message)
   at FluentAssertions.Execution.TestFrameworkProvider.Throw(String message)
   at FluentAssertions.Execution.DefaultAssertionStrategy.HandleFailure(String message)
   at FluentAssertions.Execution.AssertionScope.FailWith(Func`1 failReasonFunc)
   at FluentAssertions.Execution.AssertionScope.FailWith(Func`1 failReasonFunc)
   at FluentAssertions.Execution.AssertionScope.FailWith(String message, Object[] args)
   at FluentAssertions.Primitives.EnumAssertions`2.Be(TEnum expected, String because, Object[] becauseArgs)
   at TherapyDocs.Api.Tests.BDD.StepDefinitions.PciDssComplianceSteps.GivenPciDssComplianceSystemsAreOperational() in /home/srowe/workspace/pediatric-therapy-resource/api/Tests/BDD/StepDefinitions/PciDssComplianceSteps.cs:line 37
   at TechTalk.SpecFlow.Bindings.SynchronousBindingDelegateInvoker.<>c__DisplayClass2_0.<<InvokeBindingDelegateAsync>b__0>d.MoveNext()
--- End of stack trace from previous location ---
   at TechTalk.SpecFlow.Bindings.AsyncHelpers.<>c__DisplayClass1_0`1.<<RunSync>b__0>d.MoveNext()
--- End of stack trace from previous location ---
   at TechTalk.SpecFlow.Bindings.AsyncHelpers.ExclusiveSynchronizationContext.BeginMessageLoop()
   at TechTalk.SpecFlow.Bindings.AsyncHelpers.RunSync[T](Func`1 task)
   at TechTalk.SpecFlow.Bindings.SynchronousBindingDelegateInvoker.InvokeBindingDelegateAsync(Delegate bindingDelegate, Object[] invokeArgs)
   at TechTalk.SpecFlow.Bindings.SynchronousBindingDelegateInvoker.InvokeDelegateSynchronously(Delegate bindingDelegate, Object[] invokeArgs)
   at TechTalk.SpecFlow.Bindings.BindingInvoker.InvokeBinding(IBinding binding, IContextManager contextManager, Object[] arguments, ITestTracer testTracer, TimeSpan& duration)
   at TechTalk.SpecFlow.Infrastructure.TestExecutionEngine.ExecuteStepMatch(BindingMatch match, Object[] arguments, TimeSpan& duration)
   at TechTalk.SpecFlow.Infrastructure.TestExecutionEngine.ExecuteStep(IContextManager contextManager, StepInstance stepInstance)
   at TechTalk.SpecFlow.Infrastructure.TestExecutionEngine.OnAfterLastStep()
   at TechTalk.SpecFlow.TestRunner.CollectScenarioErrors()
   at TherapyDocs.Api.Tests.BDD.Features.Compliance.PCIDSSComplianceAndPaymentCardSecurityFeature.ScenarioCleanup()
   at TherapyDocs.Api.Tests.BDD.Features.Compliance.PCIDSSComplianceAndPaymentCardSecurityFeature.ImplementStrongAccessControlMeasures() in /home/srowe/workspace/pediatric-therapy-resource/api/Tests/BDD/Features/compliance/pci-dss.feature:line 80
   at System.RuntimeMethodHandle.InvokeMethod(Object target, Void** arguments, Signature sig, Boolean isConstructor)
   at System.Reflection.MethodBaseInvoker.InvokeWithNoArgs(Object obj, BindingFlags invokeAttr)
  Standard Output Messages:
 Given PCI DSS compliance systems are operational
 -> error: Expected response.StatusCode to be HttpStatusCode.OK {value: 200}, but found HttpStatusCode.NotFound {value: 404}. (0.0s)
 And cardholder data environment (CDE) is defined
 -> No matching step definition found for the step. Use the following code to create one:
         [Given(@"cardholder data environment \(CDE\) is defined")]
         public void GivenCardholderDataEnvironmentCDEIsDefined()
         {
             _scenarioContext.Pending();
         }
 
 And network segmentation is implemented
 -> No matching step definition found for the step. Use the following code to create one:
         [Given(@"network segmentation is implemented")]
         public void GivenNetworkSegmentationIsImplemented()
         {
             _scenarioContext.Pending();
         }
 
 And encryption mechanisms are active
 -> No matching step definition found for the step. Use the following code to create one:
         [Given(@"encryption mechanisms are active")]
         public void GivenEncryptionMechanismsAreActive()
         {
             _scenarioContext.Pending();
         }
 
 And security controls are configured
 -> No matching step definition found for the step. Use the following code to create one:
         [Given(@"security controls are configured")]
         public void GivenSecurityControlsAreConfigured()
         {
             _scenarioContext.Pending();
         }
 
 Given access to cardholder data must be restricted
 -> No matching step definition found for the step. Use the following code to create one:
         [Given(@"access to cardholder data must be restricted")]
         public void GivenAccessToCardholderDataMustBeRestricted()
         {
             _scenarioContext.Pending();
         }
 
 And least privilege principle must be enforced
 -> No matching step definition found for the step. Use the following code to create one:
         [Given(@"least privilege principle must be enforced")]
         public void GivenLeastPrivilegePrincipleMustBeEnforced()
         {
             _scenarioContext.Pending();
         }
 
 When implementing access controls:
   --- table step argument ---
   | Access Component    | Control Mechanism     | Assignment Process     | Review Frequency    | Monitoring Method       | Revocation Process       |
   | User identification | Unique user IDs       | Identity verification  | Not shared          | Login monitoring        | Immediate on termination |
   | Authentication      | Multi-factor required | Strong passwords + MFA | 90-day rotation     | Failed attempt tracking | Account lockout          |
   | Authorization       | Role-based access     | Business need basis    | Quarterly review    | Permission auditing     | Automatic expiration     |
   | Physical access     | Badge + biometric     | Background checks      | Annual revalidation | Entry/exit logging      | Badge deactivation       |
   | Remote access       | VPN + MFA             | Encrypted channels     | Per session         | Connection monitoring   | Certificate revocation   |
   | Privileged access   | PAM solution          | Approval workflow      | Monthly review      | Session recording       | Time-bound access        |
 -> No matching step definition found for the step. Use the following code to create one:
         [When(@"implementing access controls:")]
         public void WhenImplementingAccessControls(Table table)
         {
             _scenarioContext.Pending();
         }
 
 Then access should be properly controlled
 -> No matching step definition found for the step. Use the following code to create one:
         [Then(@"access should be properly controlled")]
         public void ThenAccessShouldBeProperlyControlled()
         {
             _scenarioContext.Pending();
         }
 
 And authentication should be strong
 -> No matching step definition found for the step. Use the following code to create one:
         [Then(@"authentication should be strong")]
         public void ThenAuthenticationShouldBeStrong()
         {
             _scenarioContext.Pending();
         }
 
 And authorization should be minimal
 -> No matching step definition found for the step. Use the following code to create one:
         [Then(@"authorization should be minimal")]
         public void ThenAuthorizationShouldBeMinimal()
         {
             _scenarioContext.Pending();
         }
 
 And monitoring should be comprehensive
 -> No matching step definition found for the step. Use the following code to create one:
         [Then(@"monitoring should be comprehensive")]
         public void ThenMonitoringShouldBeComprehensive()
         {
             _scenarioContext.Pending();
         }
 


[xUnit.net 00:00:04.19]       Expected response.StatusCode to be HttpStatusCode.OK {value: 200}, but found HttpStatusCode.NotFound {value: 404}.
[xUnit.net 00:00:04.19]       Stack Trace:
[xUnit.net 00:00:04.19]            at FluentAssertions.Execution.XUnit2TestFramework.Throw(String message)
[xUnit.net 00:00:04.19]            at FluentAssertions.Execution.TestFrameworkProvider.Throw(String message)
[xUnit.net 00:00:04.19]            at FluentAssertions.Execution.DefaultAssertionStrategy.HandleFailure(String message)
[xUnit.net 00:00:04.19]            at FluentAssertions.Execution.AssertionScope.FailWith(Func`1 failReasonFunc)
[xUnit.net 00:00:04.19]            at FluentAssertions.Execution.AssertionScope.FailWith(Func`1 failReasonFunc)
[xUnit.net 00:00:04.19]            at FluentAssertions.Execution.AssertionScope.FailWith(String message, Object[] args)
[xUnit.net 00:00:04.19]            at FluentAssertions.Primitives.EnumAssertions`2.Be(TEnum expected, String because, Object[] becauseArgs)
[xUnit.net 00:00:04.19]         /home/srowe/workspace/pediatric-therapy-resource/api/Tests/BDD/StepDefinitions/SecurityTestingSteps.cs(37,0): at TherapyDocs.Api.Tests.BDD.StepDefinitions.SecurityTestingSteps.GivenTheSecuritySystemIsActive()
[xUnit.net 00:00:04.19]            at TechTalk.SpecFlow.Bindings.SynchronousBindingDelegateInvoker.<>c__DisplayClass2_0.<<InvokeBindingDelegateAsync>b__0>d.MoveNext()
[xUnit.net 00:00:04.19]         --- End of stack trace from previous location ---
[xUnit.net 00:00:04.19]            at TechTalk.SpecFlow.Bindings.AsyncHelpers.<>c__DisplayClass1_0`1.<<RunSync>b__0>d.MoveNext()
[xUnit.net 00:00:04.19]         --- End of stack trace from previous location ---
[xUnit.net 00:00:04.19]            at TechTalk.SpecFlow.Bindings.AsyncHelpers.ExclusiveSynchronizationContext.BeginMessageLoop()
[xUnit.net 00:00:04.19]            at TechTalk.SpecFlow.Bindings.AsyncHelpers.RunSync[T](Func`1 task)
[xUnit.net 00:00:04.20]            at TechTalk.SpecFlow.Bindings.SynchronousBindingDelegateInvoker.InvokeBindingDelegateAsync(Delegate bindingDelegate, Object[] invokeArgs)
[xUnit.net 00:00:04.20]            at TechTalk.SpecFlow.Bindings.SynchronousBindingDelegateInvoker.InvokeDelegateSynchronously(Delegate bindingDelegate, Object[] invokeArgs)
[xUnit.net 00:00:04.20]            at TechTalk.SpecFlow.Bindings.BindingInvoker.InvokeBinding(IBinding binding, IContextManager contextManager, Object[] arguments, ITestTracer testTracer, TimeSpan& duration)
[xUnit.net 00:00:04.20]            at TechTalk.SpecFlow.Infrastructure.TestExecutionEngine.ExecuteStepMatch(BindingMatch match, Object[] arguments, TimeSpan& duration)
[xUnit.net 00:00:04.20]            at TechTalk.SpecFlow.Infrastructure.TestExecutionEngine.ExecuteStep(IContextManager contextManager, StepInstance stepInstance)
[xUnit.net 00:00:04.20]            at TechTalk.SpecFlow.Infrastructure.TestExecutionEngine.OnAfterLastStep()
[xUnit.net 00:00:04.20]            at TechTalk.SpecFlow.TestRunner.CollectScenarioErrors()
[xUnit.net 00:00:04.20]            at TherapyDocs.Api.Tests.BDD.Features.Security.AdvancedAuthenticationSecurityFeature.ScenarioCleanup()
[xUnit.net 00:00:04.20]         /home/srowe/workspace/pediatric-therapy-resource/api/Tests/BDD/Features/security/authentication-security.feature(186,0): at TherapyDocs.Api.Tests.BDD.Features.Security.AdvancedAuthenticationSecurityFeature.HandleCompromisedDeviceScenarios()
[xUnit.net 00:00:04.20]            at System.RuntimeMethodHandle.InvokeMethod(Object target, Void** arguments, Signature sig, Boolean isConstructor)
[xUnit.net 00:00:04.20]            at System.Reflection.MethodBaseInvoker.InvokeWithNoArgs(Object obj, BindingFlags invokeAttr)
[xUnit.net 00:00:04.20]       Output:
[xUnit.net 00:00:04.20]         Given the security system is active
[xUnit.net 00:00:04.20]         -> error: Expected response.StatusCode to be HttpStatusCode.OK {value: 200}, but found HttpStatusCode.NotFound {value: 404}. (0.0s)
[xUnit.net 00:00:04.20]         And advanced authentication features are enabled
[xUnit.net 00:00:04.20]         -> skipped because of previous errors
[xUnit.net 00:00:04.20]         And security policies are configured
[xUnit.net 00:00:04.20]         -> skipped because of previous errors
[xUnit.net 00:00:04.20]         Given I have 3 trusted devices registered
[xUnit.net 00:00:04.20]         -> No matching step definition found for the step. Use the following code to create one:
[xUnit.net 00:00:04.20]                 [Given(@"I have (.*) trusted devices registered")]
[xUnit.net 00:00:04.20]                 public void GivenIHaveTrustedDevicesRegistered(int p0)
[xUnit.net 00:00:04.20]                 {
[xUnit.net 00:00:04.20]                     _scenarioContext.Pending();
[xUnit.net 00:00:04.20]                 }
[xUnit.net 00:00:04.20]         
[xUnit.net 00:00:04.20]         When I report device "iPhone 12" as stolen
[xUnit.net 00:00:04.20]         -> No matching step definition found for the step. Use the following code to create one:
[xUnit.net 00:00:04.20]                 [When(@"I report device ""(.*)"" as stolen")]
[xUnit.net 00:00:04.20]                 public void WhenIReportDeviceAsStolen(string p0)
[xUnit.net 00:00:04.20]                 {
[xUnit.net 00:00:04.20]                     _scenarioContext.Pending();
[xUnit.net 00:00:04.20]                 }
[xUnit.net 00:00:04.20]         
[xUnit.net 00:00:04.20]         Then that device should be immediately removed from trusted list
[xUnit.net 00:00:04.20]         -> No matching step definition found for the step. Use the following code to create one:
[xUnit.net 00:00:04.20]                 [Then(@"that device should be immediately removed from trusted list")]
[xUnit.net 00:00:04.20]                 public void ThenThatDeviceShouldBeImmediatelyRemovedFromTrustedList()
[xUnit.net 00:00:04.20]                 {
[xUnit.net 00:00:04.20]                     _scenarioContext.Pending();
[xUnit.net 00:00:04.20]                 }
[xUnit.net 00:00:04.20]         
[xUnit.net 00:00:04.20]         And all active sessions from that device should be terminated
[xUnit.net 00:00:04.20]         -> No matching step definition found for the step. Use the following code to create one:
[xUnit.net 00:00:04.20]                 [Then(@"all active sessions from that device should be terminated")]
[xUnit.net 00:00:04.20]                 public void ThenAllActiveSessionsFromThatDeviceShouldBeTerminated()
[xUnit.net 00:00:04.20]                 {
[xUnit.net 00:00:04.20]                     _scenarioContext.Pending();
[xUnit.net 00:00:04.20]                 }
[xUnit.net 00:00:04.20]         
[xUnit.net 00:00:04.20]         And any API tokens for that device should be revoked
[xUnit.net 00:00:04.20]         -> No matching step definition found for the step. Use the following code to create one:
[xUnit.net 00:00:04.20]                 [Then(@"any API tokens for that device should be revoked")]
[xUnit.net 00:00:04.20]                 public void ThenAnyAPITokensForThatDeviceShouldBeRevoked()
[xUnit.net 00:00:04.20]                 {
[xUnit.net 00:00:04.20]                     _scenarioContext.Pending();
[xUnit.net 00:00:04.20]                 }
[xUnit.net 00:00:04.20]         
[xUnit.net 00:00:04.20]         And security alert should be sent to my email
[xUnit.net 00:00:04.20]         -> No matching step definition found for the step. Use the following code to create one:
[xUnit.net 00:00:04.20]                 [Then(@"security alert should be sent to my email")]
[xUnit.net 00:00:04.20]                 public void ThenSecurityAlertShouldBeSentToMyEmail()
[xUnit.net 00:00:04.20]                 {
[xUnit.net 00:00:04.20]                     _scenarioContext.Pending();
[xUnit.net 00:00:04.20]                 }
[xUnit.net 00:00:04.20]         
[xUnit.net 00:00:04.20]         When stolen device attempts to access account
[xUnit.net 00:00:04.20]         -> No matching step definition found for the step. Use the following code to create one:
[xUnit.net 00:00:04.20]                 [When(@"stolen device attempts to access account")]
[xUnit.net 00:00:04.20]                 public void WhenStolenDeviceAttemptsToAccessAccount()
[xUnit.net 00:00:04.20]                 {
[xUnit.net 00:00:04.20]                     _scenarioContext.Pending();
[xUnit.net 00:00:04.20]                 }
[xUnit.net 00:00:04.20]         
[xUnit.net 00:00:04.20]         Then access should be denied
[xUnit.net 00:00:04.20]         -> skipped because of previous errors
[xUnit.net 00:00:04.20]         And security incident should be logged
[xUnit.net 00:00:04.20]         -> No matching step definition found for the step. Use the following code to create one:
[xUnit.net 00:00:04.20]                 [Then(@"security incident should be logged")]
[xUnit.net 00:00:04.20]                 public void ThenSecurityIncidentShouldBeLogged()
[xUnit.net 00:00:04.20]                 {
[xUnit.net 00:00:04.20]                     _scenarioContext.Pending();
[xUnit.net 00:00:04.20]                 }
[xUnit.net 00:00:04.20]         
[xUnit.net 00:00:04.21]     Create LMS assignment [SKIP]
[xUnit.net 00:00:04.21]       No matching step definition found for one or more steps.\nusing System;\r\nusing TechTalk.SpecFlow;\r\n\r\nnamespace MyNamespace\r\n{\r\n    [Binding]\r\n    public class StepDefinitions\r\n    {\r\n        private readonly ScenarioContext _scenarioContext;\r\n\r\n        public StepDefinitions(ScenarioContext scenarioContext)\r\n        {\r\n            _scenarioContext = scenarioContext;\r\n        }\r\n        [Given(@"LMS connection ""(.*)"" exists")]\r\n        public void GivenLMSConnectionExists(string p0)\r\n        {\r\n            _scenarioContext.Pending();\r\n        }\r\n        \n        [Then(@"assignment should appear in LMS")]\r\n        public void ThenAssignmentShouldAppearInLMS()\r\n        {\r\n            _scenarioContext.Pending();\r\n        }\r\n        \n        [Then(@"students should be notified")]\r\n        public void ThenStudentsShouldBeNotified()\r\n        {\r\n            _scenarioContext.Pending();\r\n        }\r\n    }\r\n}\r\n
[xUnit.net 00:00:04.21]     Admin filters users by criteria [SKIP]
[xUnit.net 00:00:04.22]       No matching step definition found for one or more steps.\nusing System;\r\nusing TechTalk.SpecFlow;\r\n\r\nnamespace MyNamespace\r\n{\r\n    [Binding]\r\n    public class StepDefinitions\r\n    {\r\n        private readonly ScenarioContext _scenarioContext;\r\n\r\n        public StepDefinitions(ScenarioContext scenarioContext)\r\n        {\r\n            _scenarioContext = scenarioContext;\r\n        }\r\n        [Given(@"I am authenticated as an admin")]\r\n        public void GivenIAmAuthenticatedAsAnAdmin()\r\n        {\r\n            _scenarioContext.Pending();\r\n        }\r\n        \n        [Then(@"all returned users should have licenseType ""(.*)""")]\r\n        public void ThenAllReturnedUsersShouldHaveLicenseType(string oT0)\r\n        {\r\n            _scenarioContext.Pending();\r\n        }\r\n        \n        [Then(@"all returned users should be verified")]\r\n        public void ThenAllReturnedUsersShouldBeVerified()\r\n        {\r\n            _scenarioContext.Pending();\r\n        }\r\n    }\r\n}\r\n
[xUnit.net 00:00:04.23]     Transfer student between therapists [SKIP]
[xUnit.net 00:00:04.23]       No matching step definition found for one or more steps.\nusing System;\r\nusing TechTalk.SpecFlow;\r\n\r\nnamespace MyNamespace\r\n{\r\n    [Binding]\r\n    public class StepDefinitions\r\n    {\r\n        private readonly ScenarioContext _scenarioContext;\r\n\r\n        public StepDefinitions(ScenarioContext scenarioContext)\r\n        {\r\n            _scenarioContext = scenarioContext;\r\n        }\r\n        [Given(@"I am logged in as therapy coordinator")]\r\n        public void GivenIAmLoggedInAsTherapyCoordinator()\r\n        {\r\n            _scenarioContext.Pending();\r\n        }\r\n        \n        [Given(@"the following therapists are active:")]\r\n        public void GivenTheFollowingTherapistsAreActive(Table table)\r\n        {\r\n            _scenarioContext.Pending();\r\n        }\r\n        \n        [Given(@"""(.*)"" is assigned to ""(.*)""")]\r\n        public void GivenIsAssignedTo(string p0, string p1)\r\n        {\r\n            _scenarioContext.Pending();\r\n        }\r\n        \n        [Given(@"""(.*)"" has capacity")]\r\n        public void GivenHasCapacity(string p0)\r\n        {\r\n            _scenarioContext.Pending();\r\n        }\r\n        \n        [When(@"I transfer ""(.*)"" to ""(.*)""")]\r\n        public void WhenITransferTo(string p0, string p1)\r\n        {\r\n            _scenarioContext.Pending();\r\n        }\r\n        \n        [Then(@"I must provide:")]\r\n        public void ThenIMustProvide(Table table)\r\n        {\r\n            _scenarioContext.Pending();\r\n        }\r\n        \n        [Then(@"transfer creates:")]\r\n        public void ThenTransferCreates(Table table)\r\n        {\r\n            _scenarioContext.Pending();\r\n        }\r\n    }\r\n}\r\n
[xUnit.net 00:00:04.25]       Expected ((int)LastResponse!.StatusCode) to be 200, but found 404 (difference of 204).
[xUnit.net 00:00:04.25]       Stack Trace:
[xUnit.net 00:00:04.25]            at FluentAssertions.Execution.XUnit2TestFramework.Throw(String message)
[xUnit.net 00:00:04.25]            at FluentAssertions.Execution.TestFrameworkProvider.Throw(String message)
[xUnit.net 00:00:04.25]            at FluentAssertions.Execution.DefaultAssertionStrategy.HandleFailure(String message)
[xUnit.net 00:00:04.25]            at FluentAssertions.Execution.AssertionScope.FailWith(Func`1 failReasonFunc)
[xUnit.net 00:00:04.25]            at FluentAssertions.Execution.AssertionScope.FailWith(Func`1 failReasonFunc)
[xUnit.net 00:00:04.25]            at FluentAssertions.Execution.AssertionScope.FailWith(String message, Object[] args)
[xUnit.net 00:00:04.25]            at FluentAssertions.Numeric.NumericAssertions`2.Be(T expected, String because, Object[] becauseArgs)
[xUnit.net 00:00:04.25]         /home/srowe/workspace/pediatric-therapy-resource/api/Tests/BDD/StepDefinitions/BaseStepDefinitions.cs(72,0): at TherapyDocs.Api.Tests.BDD.StepDefinitions.BaseStepDefinitions.ThenTheResponseStatusShouldBe(Int32 statusCode)
[xUnit.net 00:00:04.25]         /home/srowe/workspace/pediatric-therapy-resource/api/Tests/BDD/StepDefinitions/CommonStepDefinitions.cs(55,0): at TherapyDocs.Api.Tests.BDD.StepDefinitions.CommonStepDefinitions.ThenTheResponseStatusShouldBeStep(Int32 statusCode)
[xUnit.net 00:00:04.25]            at InvokeStub_Action`2.Invoke(Object, Span`1)
[xUnit.net 00:00:04.25]            at System.Reflection.MethodBaseInvoker.InvokeWithFewArgs(Object obj, BindingFlags invokeAttr, Binder binder, Object[] parameters, CultureInfo culture)
[xUnit.net 00:00:04.25]            at TechTalk.SpecFlow.Bindings.BindingInvoker.InvokeBinding(IBinding binding, IContextManager contextManager, Object[] arguments, ITestTracer testTracer, TimeSpan& duration)
[xUnit.net 00:00:04.25]            at TechTalk.SpecFlow.Infrastructure.TestExecutionEngine.ExecuteStepMatch(BindingMatch match, Object[] arguments, TimeSpan& duration)
[xUnit.net 00:00:04.25]            at TechTalk.SpecFlow.Infrastructure.TestExecutionEngine.ExecuteStep(IContextManager contextManager, StepInstance stepInstance)
[xUnit.net 00:00:04.25]            at TechTalk.SpecFlow.Infrastructure.TestExecutionEngine.OnAfterLastStep()
[xUnit.net 00:00:04.25]            at TechTalk.SpecFlow.TestRunner.CollectScenarioErrors()
[xUnit.net 00:00:04.25]            at TherapyDocs.Api.Tests.BDD.Features.Auth.UserManagementAPIEndpointsFeature.ScenarioCleanup()
[xUnit.net 00:00:04.25]         /home/srowe/workspace/pediatric-therapy-resource/api/Tests/BDD/Features/auth/user-management.feature(176,0): at TherapyDocs.Api.Tests.BDD.Features.Auth.UserManagementAPIEndpointsFeature.GetNotificationSettings()
[xUnit.net 00:00:04.25]            at System.RuntimeMethodHandle.InvokeMethod(Object target, Void** arguments, Signature sig, Boolean isConstructor)
[xUnit.net 00:00:04.25]            at System.Reflection.MethodBaseInvoker.InvokeWithNoArgs(Object obj, BindingFlags invokeAttr)
[xUnit.net 00:00:04.25]       Output:
[xUnit.net 00:00:04.25]         Given the API is available
[xUnit.net 00:00:04.25]         -> done: CommonStepDefinitions.GivenTheAPIIsAvailable() (0.0s)
[xUnit.net 00:00:04.25]         And I am authenticated as "user@clinic.com"
[xUnit.net 00:00:04.25]         -> done: CommonStepDefinitions.GivenIAmAuthenticatedAs("user@clinic.com") (0.0s)
[xUnit.net 00:00:04.25]         When I send a GET request to "/api/users/notifications"
[xUnit.net 00:00:04.25]         -> done: CommonStepDefinitions.WhenISendAGETRequestToStep("/api/users/notifi...") (0.0s)
[xUnit.net 00:00:04.25]         Then the response status should be 200
[xUnit.net 00:00:04.25]         -> error: Expected ((int)LastResponse!.StatusCode) to be 200, but found 404 (difference of 204). (0.0s)
[xUnit.net 00:00:04.25]         And the response should contain:
[xUnit.net 00:00:04.25]           --- table step argument ---
[xUnit.net 00:00:04.25]           | field                | type   |
[xUnit.net 00:00:04.25]           | emailNotifications   | object |
[xUnit.net 00:00:04.25]           | pushNotifications    | object |
[xUnit.net 00:00:04.25]           | smsNotifications     | object |
[xUnit.net 00:00:04.25]           | notificationSchedule | object |
[xUnit.net 00:00:04.25]         -> skipped because of previous errors
  Failed Handle compromised device scenarios [256 ms]
  Error Message:
   Expected response.StatusCode to be HttpStatusCode.OK {value: 200}, but found HttpStatusCode.NotFound {value: 404}.
  Stack Trace:
     at FluentAssertions.Execution.XUnit2TestFramework.Throw(String message)
   at FluentAssertions.Execution.TestFrameworkProvider.Throw(String message)
   at FluentAssertions.Execution.DefaultAssertionStrategy.HandleFailure(String message)
   at FluentAssertions.Execution.AssertionScope.FailWith(Func`1 failReasonFunc)
   at FluentAssertions.Execution.AssertionScope.FailWith(Func`1 failReasonFunc)
   at FluentAssertions.Execution.AssertionScope.FailWith(String message, Object[] args)
   at FluentAssertions.Primitives.EnumAssertions`2.Be(TEnum expected, String because, Object[] becauseArgs)
   at TherapyDocs.Api.Tests.BDD.StepDefinitions.SecurityTestingSteps.GivenTheSecuritySystemIsActive() in /home/srowe/workspace/pediatric-therapy-resource/api/Tests/BDD/StepDefinitions/SecurityTestingSteps.cs:line 37
   at TechTalk.SpecFlow.Bindings.SynchronousBindingDelegateInvoker.<>c__DisplayClass2_0.<<InvokeBindingDelegateAsync>b__0>d.MoveNext()
--- End of stack trace from previous location ---
   at TechTalk.SpecFlow.Bindings.AsyncHelpers.<>c__DisplayClass1_0`1.<<RunSync>b__0>d.MoveNext()
--- End of stack trace from previous location ---
   at TechTalk.SpecFlow.Bindings.AsyncHelpers.ExclusiveSynchronizationContext.BeginMessageLoop()
   at TechTalk.SpecFlow.Bindings.AsyncHelpers.RunSync[T](Func`1 task)
   at TechTalk.SpecFlow.Bindings.SynchronousBindingDelegateInvoker.InvokeBindingDelegateAsync(Delegate bindingDelegate, Object[] invokeArgs)
   at TechTalk.SpecFlow.Bindings.SynchronousBindingDelegateInvoker.InvokeDelegateSynchronously(Delegate bindingDelegate, Object[] invokeArgs)
   at TechTalk.SpecFlow.Bindings.BindingInvoker.InvokeBinding(IBinding binding, IContextManager contextManager, Object[] arguments, ITestTracer testTracer, TimeSpan& duration)
   at TechTalk.SpecFlow.Infrastructure.TestExecutionEngine.ExecuteStepMatch(BindingMatch match, Object[] arguments, TimeSpan& duration)
   at TechTalk.SpecFlow.Infrastructure.TestExecutionEngine.ExecuteStep(IContextManager contextManager, StepInstance stepInstance)
   at TechTalk.SpecFlow.Infrastructure.TestExecutionEngine.OnAfterLastStep()
   at TechTalk.SpecFlow.TestRunner.CollectScenarioErrors()
   at TherapyDocs.Api.Tests.BDD.Features.Security.AdvancedAuthenticationSecurityFeature.ScenarioCleanup()
   at TherapyDocs.Api.Tests.BDD.Features.Security.AdvancedAuthenticationSecurityFeature.HandleCompromisedDeviceScenarios() in /home/srowe/workspace/pediatric-therapy-resource/api/Tests/BDD/Features/security/authentication-security.feature:line 186
   at System.RuntimeMethodHandle.InvokeMethod(Object target, Void** arguments, Signature sig, Boolean isConstructor)
   at System.Reflection.MethodBaseInvoker.InvokeWithNoArgs(Object obj, BindingFlags invokeAttr)
  Standard Output Messages:
 Given the security system is active
 -> error: Expected response.StatusCode to be HttpStatusCode.OK {value: 200}, but found HttpStatusCode.NotFound {value: 404}. (0.0s)
 And advanced authentication features are enabled
 -> skipped because of previous errors
 And security policies are configured
 -> skipped because of previous errors
 Given I have 3 trusted devices registered
 -> No matching step definition found for the step. Use the following code to create one:
         [Given(@"I have (.*) trusted devices registered")]
         public void GivenIHaveTrustedDevicesRegistered(int p0)
         {
             _scenarioContext.Pending();
         }
 
 When I report device "iPhone 12" as stolen
 -> No matching step definition found for the step. Use the following code to create one:
         [When(@"I report device ""(.*)"" as stolen")]
         public void WhenIReportDeviceAsStolen(string p0)
         {
             _scenarioContext.Pending();
         }
 
 Then that device should be immediately removed from trusted list
 -> No matching step definition found for the step. Use the following code to create one:
         [Then(@"that device should be immediately removed from trusted list")]
         public void ThenThatDeviceShouldBeImmediatelyRemovedFromTrustedList()
         {
             _scenarioContext.Pending();
         }
 
 And all active sessions from that device should be terminated
 -> No matching step definition found for the step. Use the following code to create one:
         [Then(@"all active sessions from that device should be terminated")]
         public void ThenAllActiveSessionsFromThatDeviceShouldBeTerminated()
         {
             _scenarioContext.Pending();
         }
 
 And any API tokens for that device should be revoked
 -> No matching step definition found for the step. Use the following code to create one:
         [Then(@"any API tokens for that device should be revoked")]
         public void ThenAnyAPITokensForThatDeviceShouldBeRevoked()
         {
             _scenarioContext.Pending();
         }
 
 And security alert should be sent to my email
 -> No matching step definition found for the step. Use the following code to create one:
         [Then(@"security alert should be sent to my email")]
         public void ThenSecurityAlertShouldBeSentToMyEmail()
         {
             _scenarioContext.Pending();
         }
 
 When stolen device attempts to access account
 -> No matching step definition found for the step. Use the following code to create one:
         [When(@"stolen device attempts to access account")]
         public void WhenStolenDeviceAttemptsToAccessAccount()
         {
             _scenarioContext.Pending();
         }
 
 Then access should be denied
 -> skipped because of previous errors
 And security incident should be logged
 -> No matching step definition found for the step. Use the following code to create one:
         [Then(@"security incident should be logged")]
         public void ThenSecurityIncidentShouldBeLogged()
         {
             _scenarioContext.Pending();
         }
 


  Skipped Create LMS assignment [1 ms]
  Skipped Admin filters users by criteria [1 ms]
  Skipped Transfer student between therapists [1 ms]
  Failed Get notification settings [32 ms]
  Error Message:
   Expected ((int)LastResponse!.StatusCode) to be 200, but found 404 (difference of 204).
  Stack Trace:
     at FluentAssertions.Execution.XUnit2TestFramework.Throw(String message)
   at FluentAssertions.Execution.TestFrameworkProvider.Throw(String message)
   at FluentAssertions.Execution.DefaultAssertionStrategy.HandleFailure(String message)
   at FluentAssertions.Execution.AssertionScope.FailWith(Func`1 failReasonFunc)
   at FluentAssertions.Execution.AssertionScope.FailWith(Func`1 failReasonFunc)
   at FluentAssertions.Execution.AssertionScope.FailWith(String message, Object[] args)
   at FluentAssertions.Numeric.NumericAssertions`2.Be(T expected, String because, Object[] becauseArgs)
   at TherapyDocs.Api.Tests.BDD.StepDefinitions.BaseStepDefinitions.ThenTheResponseStatusShouldBe(Int32 statusCode) in /home/srowe/workspace/pediatric-therapy-resource/api/Tests/BDD/StepDefinitions/BaseStepDefinitions.cs:line 72
   at TherapyDocs.Api.Tests.BDD.StepDefinitions.CommonStepDefinitions.ThenTheResponseStatusShouldBeStep(Int32 statusCode) in /home/srowe/workspace/pediatric-therapy-resource/api/Tests/BDD/StepDefinitions/CommonStepDefinitions.cs:line 55
   at InvokeStub_Action`2.Invoke(Object, Span`1)
   at System.Reflection.MethodBaseInvoker.InvokeWithFewArgs(Object obj, BindingFlags invokeAttr, Binder binder, Object[] parameters, CultureInfo culture)
   at TechTalk.SpecFlow.Bindings.BindingInvoker.InvokeBinding(IBinding binding, IContextManager contextManager, Object[] arguments, ITestTracer testTracer, TimeSpan& duration)
   at TechTalk.SpecFlow.Infrastructure.TestExecutionEngine.ExecuteStepMatch(BindingMatch match, Object[] arguments, TimeSpan& duration)
   at TechTalk.SpecFlow.Infrastructure.TestExecutionEngine.ExecuteStep(IContextManager contextManager, StepInstance stepInstance)
   at TechTalk.SpecFlow.Infrastructure.TestExecutionEngine.OnAfterLastStep()
   at TechTalk.SpecFlow.TestRunner.CollectScenarioErrors()
   at TherapyDocs.Api.Tests.BDD.Features.Auth.UserManagementAPIEndpointsFeature.ScenarioCleanup()
   at TherapyDocs.Api.Tests.BDD.Features.Auth.UserManagementAPIEndpointsFeature.GetNotificationSettings() in /home/srowe/workspace/pediatric-therapy-resource/api/Tests/BDD/Features/auth/user-management.feature:line 176
   at System.RuntimeMethodHandle.InvokeMethod(Object target, Void** arguments, Signature sig, Boolean isConstructor)
   at System.Reflection.MethodBaseInvoker.InvokeWithNoArgs(Object obj, BindingFlags invokeAttr)
  Standard Output Messages:
 Given the API is available
 -> done: CommonStepDefinitions.GivenTheAPIIsAvailable() (0.0s)
 And I am authenticated as "user@clinic.com"
 -> done: CommonStepDefinitions.GivenIAmAuthenticatedAs("user@clinic.com") (0.0s)
 When I send a GET request to "/api/users/notifications"
 -> done: CommonStepDefinitions.WhenISendAGETRequestToStep("/api/users/notifi...") (0.0s)
 Then the response status should be 200
 -> error: Expected ((int)LastResponse!.StatusCode) to be 200, but found 404 (difference of 204). (0.0s)
 And the response should contain:
   --- table step argument ---
   | field                | type   |
   | emailNotifications   | object |
   | pushNotifications    | object |
   | smsNotifications     | object |
   | notificationSchedule | object |
 -> skipped because of previous errors


[xUnit.net 00:00:04.26]     Handle video transcoding and processing failures [SKIP]
[xUnit.net 00:00:04.26]       No matching step definition found for one or more steps.\nusing System;\r\nusing TechTalk.SpecFlow;\r\n\r\nnamespace MyNamespace\r\n{\r\n    [Binding]\r\n    public class StepDefinitions\r\n    {\r\n        private readonly ScenarioContext _scenarioContext;\r\n\r\n        public StepDefinitions(ScenarioContext scenarioContext)\r\n        {\r\n            _scenarioContext = scenarioContext;\r\n        }\r\n        [Then(@"processing failures should be handled gracefully")]\r\n        public void ThenProcessingFailuresShouldBeHandledGracefully()\r\n        {\r\n            _scenarioContext.Pending();\r\n        }\r\n        \n        [Then(@"users should receive clear feedback about processing status")]\r\n        public void ThenUsersShouldReceiveClearFeedbackAboutProcessingStatus()\r\n        {\r\n            _scenarioContext.Pending();\r\n        }\r\n        \n        [Then(@"retry mechanisms should handle temporary failures")]\r\n        public void ThenRetryMechanismsShouldHandleTemporaryFailures()\r\n        {\r\n            _scenarioContext.Pending();\r\n        }\r\n        \n        [Then(@"manual intervention should be available for complex issues")]\r\n        public void ThenManualInterventionShouldBeAvailableForComplexIssues()\r\n        {\r\n            _scenarioContext.Pending();\r\n        }\r\n    }\r\n}\r\n
[xUnit.net 00:00:04.26]     Integrate family members as communication partners [SKIP]
[xUnit.net 00:00:04.26]       No matching step definition found for one or more steps.\nusing System;\r\nusing TechTalk.SpecFlow;\r\n\r\nnamespace MyNamespace\r\n{\r\n    [Binding]\r\n    public class StepDefinitions\r\n    {\r\n        private readonly ScenarioContext _scenarioContext;\r\n\r\n        public StepDefinitions(ScenarioContext scenarioContext)\r\n        {\r\n            _scenarioContext = scenarioContext;\r\n        }\r\n        [Given(@"PECS two-person training system is configured")]\r\n        public void GivenPECSTwo_PersonTrainingSystemIsConfigured()\r\n        {\r\n            _scenarioContext.Pending();\r\n        }\r\n        \n        [Given(@"training protocols are evidence-based")]\r\n        public void GivenTrainingProtocolsAreEvidence_Based()\r\n        {\r\n            _scenarioContext.Pending();\r\n        }\r\n        \n        [Given(@"role assignments are clear")]\r\n        public void GivenRoleAssignmentsAreClear()\r\n        {\r\n            _scenarioContext.Pending();\r\n        }\r\n        \n        [Given(@"prompting procedures are standardized")]\r\n        public void GivenPromptingProceduresAreStandardized()\r\n        {\r\n            _scenarioContext.Pending();\r\n        }\r\n        \n        [Given(@"communication partner training is available")]\r\n        public void GivenCommunicationPartnerTrainingIsAvailable()\r\n        {\r\n            _scenarioContext.Pending();\r\n        }\r\n        \n        [Given(@"families are essential communication partners")]\r\n        public void GivenFamiliesAreEssentialCommunicationPartners()\r\n        {\r\n            _scenarioContext.Pending();\r\n        }\r\n        \n        [Given(@"family integration requires special consideration")]\r\n        public void GivenFamilyIntegrationRequiresSpecialConsideration()\r\n        {\r\n            _scenarioContext.Pending();\r\n        }\r\n        \n        [When(@"integrating family members:")]\r\n        public void WhenIntegratingFamilyMembers(Table table)\r\n        {\r\n            _scenarioContext.Pending();\r\n        }\r\n        \n        [Then(@"family integration should be comprehensive")]\r\n        public void ThenFamilyIntegrationShouldBeComprehensive()\r\n        {\r\n            _scenarioContext.Pending();\r\n        }\r\n        \n        [Then(@"training should be family-centered")]\r\n        public void ThenTrainingShouldBeFamily_Centered()\r\n        {\r\n            _scenarioContext.Pending();\r\n        }\r\n        \n        [Then(@"natural interactions should be prioritized")]\r\n        public void ThenNaturalInteractionsShouldBePrioritized()\r\n        {\r\n            _scenarioContext.Pending();\r\n        }\r\n        \n        [Then(@"family competence should be developed")]\r\n        public void ThenFamilyCompetenceShouldBeDeveloped()\r\n        {\r\n            _scenarioContext.Pending();\r\n        }\r\n    }\r\n}\r\n
[xUnit.net 00:00:04.29]       TechTalk.SpecFlow.BindingException : Ambiguous step definitions found for step 'Given HIPAA compliance is enforced': TherapyDocs.Api.Tests:TherapyDocs.Api.Tests.BDD.StepDefinitions.ComplianceStepDefinitions.GivenHIPAAComplianceIsEnforced(), TherapyDocs.Api.Tests:TherapyDocs.Api.Tests.BDD.StepDefinitions.EHRIntegrationSteps.GivenHIPAAComplianceIsEnforced()
[xUnit.net 00:00:04.29]       Stack Trace:
[xUnit.net 00:00:04.29]            at TechTalk.SpecFlow.Infrastructure.TestExecutionEngine.GetStepMatch(StepInstance stepInstance)
[xUnit.net 00:00:04.29]            at TechTalk.SpecFlow.Infrastructure.TestExecutionEngine.ExecuteStep(IContextManager contextManager, StepInstance stepInstance)
[xUnit.net 00:00:04.29]            at TechTalk.SpecFlow.Infrastructure.TestExecutionEngine.OnAfterLastStep()
[xUnit.net 00:00:04.29]            at TechTalk.SpecFlow.TestRunner.CollectScenarioErrors()
[xUnit.net 00:00:04.29]            at TherapyDocs.Api.Tests.BDD.Features.Integrations.EHRIntegrationAPIEndpointsFR_010Feature.ScenarioCleanup()
[xUnit.net 00:00:04.29]         /home/srowe/workspace/pediatric-therapy-resource/api/Tests/BDD/Features/integrations/ehr-integration.feature(96,0): at TherapyDocs.Api.Tests.BDD.Features.Integrations.EHRIntegrationAPIEndpointsFR_010Feature.CheckSyncStatus()
[xUnit.net 00:00:04.29]            at System.RuntimeMethodHandle.InvokeMethod(Object target, Void** arguments, Signature sig, Boolean isConstructor)
[xUnit.net 00:00:04.29]            at System.Reflection.MethodBaseInvoker.InvokeWithNoArgs(Object obj, BindingFlags invokeAttr)
[xUnit.net 00:00:04.29]       Output:
[xUnit.net 00:00:04.29]         Given the API is available
[xUnit.net 00:00:04.29]         -> done: CommonStepDefinitions.GivenTheAPIIsAvailable() (0.0s)
[xUnit.net 00:00:04.29]         And I am authenticated as "therapist@clinic.com"
[xUnit.net 00:00:04.29]         -> done: CommonStepDefinitions.GivenIAmAuthenticatedAs("therapist@clinic.com") (0.0s)
[xUnit.net 00:00:04.29]         And HIPAA compliance is enforced
[xUnit.net 00:00:04.29]         -> binding error: Ambiguous step definitions found for step 'Given HIPAA compliance is enforced': TherapyDocs.Api.Tests:TherapyDocs.Api.Tests.BDD.StepDefinitions.ComplianceStepDefinitions.GivenHIPAAComplianceIsEnforced(), TherapyDocs.Api.Tests:TherapyDocs.Api.Tests.BDD.StepDefinitions.EHRIntegrationSteps.GivenHIPAAComplianceIsEnforced()
[xUnit.net 00:00:04.29]         Given EHR connection "conn-123" is syncing
[xUnit.net 00:00:04.29]         -> No matching step definition found for the step. Use the following code to create one:
[xUnit.net 00:00:04.29]                 [Given(@"EHR connection ""(.*)"" is syncing")]
[xUnit.net 00:00:04.29]                 public void GivenEHRConnectionIsSyncing(string p0)
[xUnit.net 00:00:04.29]                 {
[xUnit.net 00:00:04.29]                     _scenarioContext.Pending();
[xUnit.net 00:00:04.29]                 }
[xUnit.net 00:00:04.29]         
[xUnit.net 00:00:04.29]         When I send a GET request to "/api/integrations/ehr/conn-123/sync-status"
[xUnit.net 00:00:04.29]         -> skipped because of previous errors
[xUnit.net 00:00:04.29]         Then the response status should be 200
[xUnit.net 00:00:04.29]         -> skipped because of previous errors
[xUnit.net 00:00:04.29]         And the response should contain:
[xUnit.net 00:00:04.29]           --- table step argument ---
[xUnit.net 00:00:04.29]           | field          | type    |
[xUnit.net 00:00:04.29]           | syncInProgress | boolean |
[xUnit.net 00:00:04.29]           | lastSync       | string  |
[xUnit.net 00:00:04.29]           | nextSync       | string  |
[xUnit.net 00:00:04.29]           | pendingItems   | number  |
[xUnit.net 00:00:04.29]           | errorCount     | number  |
[xUnit.net 00:00:04.29]           | syncHistory    | array   |
[xUnit.net 00:00:04.29]         -> skipped because of previous errors
[xUnit.net 00:00:04.30]     Detect and respond to insider threat indicators [SKIP]
[xUnit.net 00:00:04.30]       No matching step definition found for one or more steps.\nusing System;\r\nusing TechTalk.SpecFlow;\r\n\r\nnamespace MyNamespace\r\n{\r\n    [Binding]\r\n    public class StepDefinitions\r\n    {\r\n        private readonly ScenarioContext _scenarioContext;\r\n\r\n        public StepDefinitions(ScenarioContext scenarioContext)\r\n        {\r\n            _scenarioContext = scenarioContext;\r\n        }\r\n        [Given(@"the incident response system is active")]\r\n        public void GivenTheIncidentResponseSystemIsActive()\r\n        {\r\n            _scenarioContext.Pending();\r\n        }\r\n        \n        [Given(@"security monitoring is enabled")]\r\n        public void GivenSecurityMonitoringIsEnabled()\r\n        {\r\n            _scenarioContext.Pending();\r\n        }\r\n        \n        [Given(@"response procedures are configured")]\r\n        public void GivenResponseProceduresAreConfigured()\r\n        {\r\n            _scenarioContext.Pending();\r\n        }\r\n        \n        [Given(@"employee access monitoring is active")]\r\n        public void GivenEmployeeAccessMonitoringIsActive()\r\n        {\r\n            _scenarioContext.Pending();\r\n        }\r\n        \n        [Given(@"data loss prevention systems are deployed")]\r\n        public void GivenDataLossPreventionSystemsAreDeployed()\r\n        {\r\n            _scenarioContext.Pending();\r\n        }\r\n        \n        [When(@"insider threat indicators are detected:")]\r\n        public void WhenInsiderThreatIndicatorsAreDetected(Table table)\r\n        {\r\n            _scenarioContext.Pending();\r\n        }\r\n        \n        [Then(@"immediate containment should be triggered for critical risks")]\r\n        public void ThenImmediateContainmentShouldBeTriggeredForCriticalRisks()\r\n        {\r\n            _scenarioContext.Pending();\r\n        }\r\n        \n        [Then(@"HR and legal teams should be notified")]\r\n        public void ThenHRAndLegalTeamsShouldBeNotified()\r\n        {\r\n            _scenarioContext.Pending();\r\n        }\r\n        \n        [Then(@"enhanced monitoring should be activated for the user")]\r\n        public void ThenEnhancedMonitoringShouldBeActivatedForTheUser()\r\n        {\r\n            _scenarioContext.Pending();\r\n        }\r\n        \n        [Then(@"forensic preservation should begin")]\r\n        public void ThenForensicPreservationShouldBegin()\r\n        {\r\n            _scenarioContext.Pending();\r\n        }\r\n    }\r\n}\r\n
[xUnit.net 00:00:04.32]     Track student engagement with digital resources [SKIP]
[xUnit.net 00:00:04.32]       No matching step definition found for one or more steps.\nusing System;\r\nusing TechTalk.SpecFlow;\r\n\r\nnamespace MyNamespace\r\n{\r\n    [Binding]\r\n    public class StepDefinitions\r\n    {\r\n        private readonly ScenarioContext _scenarioContext;\r\n\r\n        public StepDefinitions(ScenarioContext scenarioContext)\r\n        {\r\n            _scenarioContext = scenarioContext;\r\n        }\r\n        [Given(@"usage analytics system is configured")]\r\n        public void GivenUsageAnalyticsSystemIsConfigured()\r\n        {\r\n            _scenarioContext.Pending();\r\n        }\r\n        \n        [Given(@"comprehensive tracking is enabled")]\r\n        public void GivenComprehensiveTrackingIsEnabled()\r\n        {\r\n            _scenarioContext.Pending();\r\n        }\r\n        \n        [Given(@"pattern recognition algorithms are active")]\r\n        public void GivenPatternRecognitionAlgorithmsAreActive()\r\n        {\r\n            _scenarioContext.Pending();\r\n        }\r\n        \n        [Given(@"insight generation engine is ready")]\r\n        public void GivenInsightGenerationEngineIsReady()\r\n        {\r\n            _scenarioContext.Pending();\r\n        }\r\n        \n        [Given(@"students are assigned digital activities")]\r\n        public void GivenStudentsAreAssignedDigitalActivities()\r\n        {\r\n            _scenarioContext.Pending();\r\n        }\r\n        \n        [Given(@"engagement metrics are captured")]\r\n        public void GivenEngagementMetricsAreCaptured()\r\n        {\r\n            _scenarioContext.Pending();\r\n        }\r\n        \n        [When(@"analyzing student engagement patterns:")]\r\n        public void WhenAnalyzingStudentEngagementPatterns(Table table)\r\n        {\r\n            _scenarioContext.Pending();\r\n        }\r\n        \n        [Then(@"engagement patterns should inform design decisions")]\r\n        public void ThenEngagementPatternsShouldInformDesignDecisions()\r\n        {\r\n            _scenarioContext.Pending();\r\n        }\r\n        \n        [Then(@"age-appropriate features should be identified")]\r\n        public void ThenAge_AppropriateFeaturesShouldBeIdentified()\r\n        {\r\n            _scenarioContext.Pending();\r\n        }\r\n        \n        [Then(@"high-engagement elements should be replicated")]\r\n        public void ThenHigh_EngagementElementsShouldBeReplicated()\r\n        {\r\n            _scenarioContext.Pending();\r\n        }\r\n        \n        [Then(@"low-engagement areas should be improved")]\r\n        public void ThenLow_EngagementAreasShouldBeImproved()\r\n        {\r\n            _scenarioContext.Pending();\r\n        }\r\n    }\r\n}\r\n
  Skipped Handle video transcoding and processing failures [1 ms]
  Skipped Integrate family members as communication partners [1 ms]
  Failed Check sync status [80 ms]
  Error Message:
   TechTalk.SpecFlow.BindingException : Ambiguous step definitions found for step 'Given HIPAA compliance is enforced': TherapyDocs.Api.Tests:TherapyDocs.Api.Tests.BDD.StepDefinitions.ComplianceStepDefinitions.GivenHIPAAComplianceIsEnforced(), TherapyDocs.Api.Tests:TherapyDocs.Api.Tests.BDD.StepDefinitions.EHRIntegrationSteps.GivenHIPAAComplianceIsEnforced()
  Stack Trace:
     at TechTalk.SpecFlow.Infrastructure.TestExecutionEngine.GetStepMatch(StepInstance stepInstance)
   at TechTalk.SpecFlow.Infrastructure.TestExecutionEngine.ExecuteStep(IContextManager contextManager, StepInstance stepInstance)
   at TechTalk.SpecFlow.Infrastructure.TestExecutionEngine.OnAfterLastStep()
   at TechTalk.SpecFlow.TestRunner.CollectScenarioErrors()
   at TherapyDocs.Api.Tests.BDD.Features.Integrations.EHRIntegrationAPIEndpointsFR_010Feature.ScenarioCleanup()
   at TherapyDocs.Api.Tests.BDD.Features.Integrations.EHRIntegrationAPIEndpointsFR_010Feature.CheckSyncStatus() in /home/srowe/workspace/pediatric-therapy-resource/api/Tests/BDD/Features/integrations/ehr-integration.feature:line 96
   at System.RuntimeMethodHandle.InvokeMethod(Object target, Void** arguments, Signature sig, Boolean isConstructor)
   at System.Reflection.MethodBaseInvoker.InvokeWithNoArgs(Object obj, BindingFlags invokeAttr)
  Standard Output Messages:
 Given the API is available
 -> done: CommonStepDefinitions.GivenTheAPIIsAvailable() (0.0s)
 And I am authenticated as "therapist@clinic.com"
 -> done: CommonStepDefinitions.GivenIAmAuthenticatedAs("therapist@clinic.com") (0.0s)
 And HIPAA compliance is enforced
 -> binding error: Ambiguous step definitions found for step 'Given HIPAA compliance is enforced': TherapyDocs.Api.Tests:TherapyDocs.Api.Tests.BDD.StepDefinitions.ComplianceStepDefinitions.GivenHIPAAComplianceIsEnforced(), TherapyDocs.Api.Tests:TherapyDocs.Api.Tests.BDD.StepDefinitions.EHRIntegrationSteps.GivenHIPAAComplianceIsEnforced()
 Given EHR connection "conn-123" is syncing
 -> No matching step definition found for the step. Use the following code to create one:
         [Given(@"EHR connection ""(.*)"" is syncing")]
         public void GivenEHRConnectionIsSyncing(string p0)
         {
             _scenarioContext.Pending();
         }
 
 When I send a GET request to "/api/integrations/ehr/conn-123/sync-status"
 -> skipped because of previous errors
 Then the response status should be 200
 -> skipped because of previous errors
 And the response should contain:
   --- table step argument ---
   | field          | type    |
   | syncInProgress | boolean |
   | lastSync       | string  |
   | nextSync       | string  |
   | pendingItems   | number  |
   | errorCount     | number  |
   | syncHistory    | array   |
 -> skipped because of previous errors


  Skipped Detect and respond to insider threat indicators [1 ms]
  Skipped Track student engagement with digital resources [1 ms]
[xUnit.net 00:00:04.34]     Test EHR authentication and token management [SKIP]
[xUnit.net 00:00:04.34]       No matching step definition found for one or more steps.\nusing System;\r\nusing TechTalk.SpecFlow;\r\n\r\nnamespace MyNamespace\r\n{\r\n    [Binding]\r\n    public class StepDefinitions\r\n    {\r\n        private readonly ScenarioContext _scenarioContext;\r\n\r\n        public StepDefinitions(ScenarioContext scenarioContext)\r\n        {\r\n            _scenarioContext = scenarioContext;\r\n        }\r\n        [Given(@"EHR systems require secure authentication")]\r\n        public void GivenEHRSystemsRequireSecureAuthentication()\r\n        {\r\n            _scenarioContext.Pending();\r\n        }\r\n        \n        [When(@"EHR authentication is tested:")]\r\n        public void WhenEHRAuthenticationIsTested(Table table)\r\n        {\r\n            _scenarioContext.Pending();\r\n        }\r\n        \n        [Then(@"authentication should be secure and robust")]\r\n        public void ThenAuthenticationShouldBeSecureAndRobust()\r\n        {\r\n            _scenarioContext.Pending();\r\n        }\r\n        \n        [Then(@"token management should handle all scenarios")]\r\n        public void ThenTokenManagementShouldHandleAllScenarios()\r\n        {\r\n            _scenarioContext.Pending();\r\n        }\r\n        \n        [Then(@"security violations should be detected and prevented")]\r\n        public void ThenSecurityViolationsShouldBeDetectedAndPrevented()\r\n        {\r\n            _scenarioContext.Pending();\r\n        }\r\n        \n        [Then(@"audit trails should be maintained for compliance")]\r\n        public void ThenAuditTrailsShouldBeMaintainedForCompliance()\r\n        {\r\n            _scenarioContext.Pending();\r\n        }\r\n    }\r\n}\r\n
[xUnit.net 00:00:04.35]       TechTalk.SpecFlow.BindingException : Ambiguous step definitions found for step 'Given HIPAA compliance is enforced': TherapyDocs.Api.Tests:TherapyDocs.Api.Tests.BDD.StepDefinitions.ComplianceStepDefinitions.GivenHIPAAComplianceIsEnforced(), TherapyDocs.Api.Tests:TherapyDocs.Api.Tests.BDD.StepDefinitions.EHRIntegrationSteps.GivenHIPAAComplianceIsEnforced()
[xUnit.net 00:00:04.35]       Stack Trace:
[xUnit.net 00:00:04.35]            at TechTalk.SpecFlow.Infrastructure.TestExecutionEngine.GetStepMatch(StepInstance stepInstance)
[xUnit.net 00:00:04.35]            at TechTalk.SpecFlow.Infrastructure.TestExecutionEngine.ExecuteStep(IContextManager contextManager, StepInstance stepInstance)
[xUnit.net 00:00:04.35]            at TechTalk.SpecFlow.Infrastructure.TestExecutionEngine.OnAfterLastStep()
[xUnit.net 00:00:04.35]            at TechTalk.SpecFlow.TestRunner.CollectScenarioErrors()
[xUnit.net 00:00:04.35]            at TherapyDocs.Api.Tests.BDD.Features.Integrations.EHRIntegrationAPIEndpointsFR_010Feature.ScenarioCleanup()
[xUnit.net 00:00:04.35]         /home/srowe/workspace/pediatric-therapy-resource/api/Tests/BDD/Features/integrations/ehr-integration.feature(43,0): at TherapyDocs.Api.Tests.BDD.Features.Integrations.EHRIntegrationAPIEndpointsFR_010Feature.ConnectToSimplePracticeEHR()
[xUnit.net 00:00:04.35]            at System.RuntimeMethodHandle.InvokeMethod(Object target, Void** arguments, Signature sig, Boolean isConstructor)
[xUnit.net 00:00:04.35]            at System.Reflection.MethodBaseInvoker.InvokeWithNoArgs(Object obj, BindingFlags invokeAttr)
[xUnit.net 00:00:04.35]       Output:
[xUnit.net 00:00:04.35]         Given the API is available
[xUnit.net 00:00:04.35]         -> done: CommonStepDefinitions.GivenTheAPIIsAvailable() (0.0s)
[xUnit.net 00:00:04.35]         And I am authenticated as "therapist@clinic.com"
[xUnit.net 00:00:04.35]         -> done: CommonStepDefinitions.GivenIAmAuthenticatedAs("therapist@clinic.com") (0.0s)
[xUnit.net 00:00:04.35]         And HIPAA compliance is enforced
[xUnit.net 00:00:04.35]         -> binding error: Ambiguous step definitions found for step 'Given HIPAA compliance is enforced': TherapyDocs.Api.Tests:TherapyDocs.Api.Tests.BDD.StepDefinitions.ComplianceStepDefinitions.GivenHIPAAComplianceIsEnforced(), TherapyDocs.Api.Tests:TherapyDocs.Api.Tests.BDD.StepDefinitions.EHRIntegrationSteps.GivenHIPAAComplianceIsEnforced()
[xUnit.net 00:00:04.35]         When I send a POST request to "/api/integrations/ehr/simplepractice/connect" with:
[xUnit.net 00:00:04.35]           --- table step argument ---
[xUnit.net 00:00:04.35]           | field         | value                            |
[xUnit.net 00:00:04.35]           | apiKey        | encrypted-api-key                |
[xUnit.net 00:00:04.35]           | practiceId    | practice-123                     |
[xUnit.net 00:00:04.35]           | syncDirection | bidirectional                    |
[xUnit.net 00:00:04.35]           | syncItems     | ["clients", "sessions", "notes"] |
[xUnit.net 00:00:04.35]           | autoSync      | true                             |
[xUnit.net 00:00:04.35]         -> skipped because of previous errors
[xUnit.net 00:00:04.35]         Then the response status should be 200
[xUnit.net 00:00:04.35]         -> skipped because of previous errors
[xUnit.net 00:00:04.35]         And the response should contain:
[xUnit.net 00:00:04.35]           --- table step argument ---
[xUnit.net 00:00:04.35]           | field        | type   |
[xUnit.net 00:00:04.35]           | connectionId | string |
[xUnit.net 00:00:04.35]           | status       | string |
[xUnit.net 00:00:04.35]           | capabilities | array  |
[xUnit.net 00:00:04.35]           | lastSync     | string |
[xUnit.net 00:00:04.35]         -> skipped because of previous errors
[xUnit.net 00:00:04.35]         And test connection should succeed
[xUnit.net 00:00:04.35]         -> skipped because of previous errors
[xUnit.net 00:00:04.35]     Track extinction burst data [SKIP]
[xUnit.net 00:00:04.35]       No matching step definition found for one or more steps.\nusing System;\r\nusing TechTalk.SpecFlow;\r\n\r\nnamespace MyNamespace\r\n{\r\n    [Binding]\r\n    public class StepDefinitions\r\n    {\r\n        private readonly ScenarioContext _scenarioContext;\r\n\r\n        public StepDefinitions(ScenarioContext scenarioContext)\r\n        {\r\n            _scenarioContext = scenarioContext;\r\n        }\r\n        [Given(@"I have ABA certification")]\r\n        public void GivenIHaveABACertification()\r\n        {\r\n            _scenarioContext.Pending();\r\n        }\r\n        \n        [Then(@"extinction curve should be plotted")]\r\n        public void ThenExtinctionCurveShouldBePlotted()\r\n        {\r\n            _scenarioContext.Pending();\r\n        }\r\n        \n        [Then(@"team alerts should be sent")]\r\n        public void ThenTeamAlertsShouldBeSent()\r\n        {\r\n            _scenarioContext.Pending();\r\n        }\r\n    }\r\n}\r\n
[xUnit.net 00:00:04.37]       TechTalk.SpecFlow.BindingException : Ambiguous step definitions found for step 'Given HIPAA compliance is enforced': TherapyDocs.Api.Tests:TherapyDocs.Api.Tests.BDD.StepDefinitions.ComplianceStepDefinitions.GivenHIPAAComplianceIsEnforced(), TherapyDocs.Api.Tests:TherapyDocs.Api.Tests.BDD.StepDefinitions.EHRIntegrationSteps.GivenHIPAAComplianceIsEnforced()
[xUnit.net 00:00:04.37]       Stack Trace:
[xUnit.net 00:00:04.37]            at TechTalk.SpecFlow.Infrastructure.TestExecutionEngine.GetStepMatch(StepInstance stepInstance)
[xUnit.net 00:00:04.37]            at TechTalk.SpecFlow.Infrastructure.TestExecutionEngine.ExecuteStep(IContextManager contextManager, StepInstance stepInstance)
[xUnit.net 00:00:04.37]            at TechTalk.SpecFlow.Infrastructure.TestExecutionEngine.OnAfterLastStep()
[xUnit.net 00:00:04.37]            at TechTalk.SpecFlow.TestRunner.CollectScenarioErrors()
[xUnit.net 00:00:04.37]            at TherapyDocs.Api.Tests.BDD.Features.Integrations.EHRIntegrationAPIEndpointsFR_010Feature.ScenarioCleanup()
[xUnit.net 00:00:04.37]         /home/srowe/workspace/pediatric-therapy-resource/api/Tests/BDD/Features/integrations/ehr-integration.feature(16,0): at TherapyDocs.Api.Tests.BDD.Features.Integrations.EHRIntegrationAPIEndpointsFR_010Feature.ListSupportedEHRProviders()
[xUnit.net 00:00:04.37]            at System.RuntimeMethodHandle.InvokeMethod(Object target, Void** arguments, Signature sig, Boolean isConstructor)
[xUnit.net 00:00:04.37]            at System.Reflection.MethodBaseInvoker.InvokeWithNoArgs(Object obj, BindingFlags invokeAttr)
[xUnit.net 00:00:04.37]       Output:
[xUnit.net 00:00:04.37]         Given the API is available
[xUnit.net 00:00:04.37]         -> done: CommonStepDefinitions.GivenTheAPIIsAvailable() (0.0s)
[xUnit.net 00:00:04.37]         And I am authenticated as "therapist@clinic.com"
[xUnit.net 00:00:04.37]         -> done: CommonStepDefinitions.GivenIAmAuthenticatedAs("therapist@clinic.com") (0.0s)
[xUnit.net 00:00:04.37]         And HIPAA compliance is enforced
[xUnit.net 00:00:04.37]         -> binding error: Ambiguous step definitions found for step 'Given HIPAA compliance is enforced': TherapyDocs.Api.Tests:TherapyDocs.Api.Tests.BDD.StepDefinitions.ComplianceStepDefinitions.GivenHIPAAComplianceIsEnforced(), TherapyDocs.Api.Tests:TherapyDocs.Api.Tests.BDD.StepDefinitions.EHRIntegrationSteps.GivenHIPAAComplianceIsEnforced()
[xUnit.net 00:00:04.37]         When I send a GET request to "/api/integrations/ehr/providers"
[xUnit.net 00:00:04.37]         -> skipped because of previous errors
[xUnit.net 00:00:04.37]         Then the response status should be 200
[xUnit.net 00:00:04.37]         -> skipped because of previous errors
[xUnit.net 00:00:04.37]         And the response should contain array of:
[xUnit.net 00:00:04.37]           --- table step argument ---
[xUnit.net 00:00:04.37]           | field      | type    |
[xUnit.net 00:00:04.37]           | providerId | string  |
[xUnit.net 00:00:04.37]           | name       | string  |
[xUnit.net 00:00:04.37]           | logo       | string  |
[xUnit.net 00:00:04.37]           | features   | array   |
[xUnit.net 00:00:04.37]           | authMethod | string  |
[xUnit.net 00:00:04.37]           | apiVersion | string  |
[xUnit.net 00:00:04.37]           | popular    | boolean |
[xUnit.net 00:00:04.37]         -> skipped because of previous errors
[xUnit.net 00:00:04.41]       TechTalk.SpecFlow.BindingException : Ambiguous step definitions found for step 'Given HIPAA compliance is enforced': TherapyDocs.Api.Tests:TherapyDocs.Api.Tests.BDD.StepDefinitions.ComplianceStepDefinitions.GivenHIPAAComplianceIsEnforced(), TherapyDocs.Api.Tests:TherapyDocs.Api.Tests.BDD.StepDefinitions.EHRIntegrationSteps.GivenHIPAAComplianceIsEnforced()
[xUnit.net 00:00:04.41]       Stack Trace:
[xUnit.net 00:00:04.41]            at TechTalk.SpecFlow.Infrastructure.TestExecutionEngine.GetStepMatch(StepInstance stepInstance)
[xUnit.net 00:00:04.41]            at TechTalk.SpecFlow.Infrastructure.TestExecutionEngine.ExecuteStep(IContextManager contextManager, StepInstance stepInstance)
[xUnit.net 00:00:04.41]            at TechTalk.SpecFlow.Infrastructure.TestExecutionEngine.OnAfterLastStep()
[xUnit.net 00:00:04.41]            at TechTalk.SpecFlow.TestRunner.CollectScenarioErrors()
[xUnit.net 00:00:04.41]            at TherapyDocs.Api.Tests.BDD.Features.Integrations.EHRIntegrationAPIEndpointsFR_010Feature.ScenarioCleanup()
[xUnit.net 00:00:04.41]         /home/srowe/workspace/pediatric-therapy-resource/api/Tests/BDD/Features/integrations/ehr-integration.feature(73,0): at TherapyDocs.Api.Tests.BDD.Features.Integrations.EHRIntegrationAPIEndpointsFR_010Feature.PushSessionDataToEHR()
[xUnit.net 00:00:04.41]            at System.RuntimeMethodHandle.InvokeMethod(Object target, Void** arguments, Signature sig, Boolean isConstructor)
[xUnit.net 00:00:04.41]            at System.Reflection.MethodBaseInvoker.InvokeWithNoArgs(Object obj, BindingFlags invokeAttr)
[xUnit.net 00:00:04.41]       Output:
[xUnit.net 00:00:04.41]         Given the API is available
[xUnit.net 00:00:04.41]         -> done: CommonStepDefinitions.GivenTheAPIIsAvailable() (0.0s)
[xUnit.net 00:00:04.41]         And I am authenticated as "therapist@clinic.com"
[xUnit.net 00:00:04.41]         -> done: CommonStepDefinitions.GivenIAmAuthenticatedAs("therapist@clinic.com") (0.0s)
[xUnit.net 00:00:04.41]         And HIPAA compliance is enforced
[xUnit.net 00:00:04.41]         -> binding error: Ambiguous step definitions found for step 'Given HIPAA compliance is enforced': TherapyDocs.Api.Tests:TherapyDocs.Api.Tests.BDD.StepDefinitions.ComplianceStepDefinitions.GivenHIPAAComplianceIsEnforced(), TherapyDocs.Api.Tests:TherapyDocs.Api.Tests.BDD.StepDefinitions.EHRIntegrationSteps.GivenHIPAAComplianceIsEnforced()
[xUnit.net 00:00:04.41]         Given EHR connection "conn-123" exists
[xUnit.net 00:00:04.41]         -> skipped because of previous errors
[xUnit.net 00:00:04.41]         When I send a POST request to "/api/integrations/ehr/conn-123/sessions" with:
[xUnit.net 00:00:04.41]           --- table step argument ---
[xUnit.net 00:00:04.41]           | field      | value                    |
[xUnit.net 00:00:04.41]           | sessionId  | session-456              |
[xUnit.net 00:00:04.41]           | patientId  | patient-789              |
[xUnit.net 00:00:04.41]           | date       | 2024-01-22               |
[xUnit.net 00:00:04.41]           | duration   | 30                       |
[xUnit.net 00:00:04.41]           | cptCode    | 92507                    |
[xUnit.net 00:00:04.41]           | activities | ["articulation therapy"] |
[xUnit.net 00:00:04.41]         -> skipped because of previous errors
[xUnit.net 00:00:04.41]         Then the response status should be 201
[xUnit.net 00:00:04.41]         -> skipped because of previous errors
[xUnit.net 00:00:04.41]         And session should sync to EHR
[xUnit.net 00:00:04.41]         -> skipped because of previous errors
[xUnit.net 00:00:04.41]         And billing codes should transfer
[xUnit.net 00:00:04.41]         -> skipped because of previous errors
[xUnit.net 00:00:04.41]       Expected ((int)LastResponse!.StatusCode) to be 200, but found 404 (difference of 204).
[xUnit.net 00:00:04.41]       Stack Trace:
[xUnit.net 00:00:04.41]            at FluentAssertions.Execution.XUnit2TestFramework.Throw(String message)
[xUnit.net 00:00:04.41]            at FluentAssertions.Execution.TestFrameworkProvider.Throw(String message)
[xUnit.net 00:00:04.41]            at FluentAssertions.Execution.DefaultAssertionStrategy.HandleFailure(String message)
[xUnit.net 00:00:04.41]            at FluentAssertions.Execution.AssertionScope.FailWith(Func`1 failReasonFunc)
[xUnit.net 00:00:04.41]            at FluentAssertions.Execution.AssertionScope.FailWith(Func`1 failReasonFunc)
[xUnit.net 00:00:04.41]            at FluentAssertions.Execution.AssertionScope.FailWith(String message, Object[] args)
[xUnit.net 00:00:04.41]            at FluentAssertions.Numeric.NumericAssertions`2.Be(T expected, String because, Object[] becauseArgs)
[xUnit.net 00:00:04.41]         /home/srowe/workspace/pediatric-therapy-resource/api/Tests/BDD/StepDefinitions/BaseStepDefinitions.cs(72,0): at TherapyDocs.Api.Tests.BDD.StepDefinitions.BaseStepDefinitions.ThenTheResponseStatusShouldBe(Int32 statusCode)
[xUnit.net 00:00:04.41]         /home/srowe/workspace/pediatric-therapy-resource/api/Tests/BDD/StepDefinitions/CommonStepDefinitions.cs(55,0): at TherapyDocs.Api.Tests.BDD.StepDefinitions.CommonStepDefinitions.ThenTheResponseStatusShouldBeStep(Int32 statusCode)
[xUnit.net 00:00:04.41]            at InvokeStub_Action`2.Invoke(Object, Span`1)
[xUnit.net 00:00:04.41]            at System.Reflection.MethodBaseInvoker.InvokeWithFewArgs(Object obj, BindingFlags invokeAttr, Binder binder, Object[] parameters, CultureInfo culture)
[xUnit.net 00:00:04.41]            at TechTalk.SpecFlow.Bindings.BindingInvoker.InvokeBinding(IBinding binding, IContextManager contextManager, Object[] arguments, ITestTracer testTracer, TimeSpan& duration)
[xUnit.net 00:00:04.41]            at TechTalk.SpecFlow.Infrastructure.TestExecutionEngine.ExecuteStepMatch(BindingMatch match, Object[] arguments, TimeSpan& duration)
[xUnit.net 00:00:04.41]            at TechTalk.SpecFlow.Infrastructure.TestExecutionEngine.ExecuteStep(IContextManager contextManager, StepInstance stepInstance)
[xUnit.net 00:00:04.41]            at TechTalk.SpecFlow.Infrastructure.TestExecutionEngine.OnAfterLastStep()
[xUnit.net 00:00:04.41]            at TechTalk.SpecFlow.TestRunner.CollectScenarioErrors()
[xUnit.net 00:00:04.41]            at TherapyDocs.Api.Tests.BDD.Features.Auth.UserManagementAPIEndpointsFeature.ScenarioCleanup()
[xUnit.net 00:00:04.41]         /home/srowe/workspace/pediatric-therapy-resource/api/Tests/BDD/Features/auth/user-management.feature(145,0): at TherapyDocs.Api.Tests.BDD.Features.Auth.UserManagementAPIEndpointsFeature.AddAndVerifyANewLicense()
[xUnit.net 00:00:04.41]            at System.RuntimeMethodHandle.InvokeMethod(Object target, Void** arguments, Signature sig, Boolean isConstructor)
[xUnit.net 00:00:04.41]            at System.Reflection.MethodBaseInvoker.InvokeWithNoArgs(Object obj, BindingFlags invokeAttr)
[xUnit.net 00:00:04.41]       Output:
[xUnit.net 00:00:04.41]         Given the API is available
[xUnit.net 00:00:04.41]         -> done: CommonStepDefinitions.GivenTheAPIIsAvailable() (0.0s)
[xUnit.net 00:00:04.41]         And I am authenticated as "user@clinic.com"
[xUnit.net 00:00:04.41]         -> done: CommonStepDefinitions.GivenIAmAuthenticatedAs("user@clinic.com") (0.0s)
[xUnit.net 00:00:04.41]         When I send a POST request to "/api/users/licenses/verify" with:
[xUnit.net 00:00:04.41]           --- table step argument ---
[xUnit.net 00:00:04.41]           | field         | value    |
[xUnit.net 00:00:04.41]           | licenseNumber | PT-98765 |
[xUnit.net 00:00:04.41]           | licenseState  | NY       |
[xUnit.net 00:00:04.41]           | licenseType   | PT       |
[xUnit.net 00:00:04.41]         -> done: CommonStepDefinitions.WhenISendAPOSTRequestToWithStep("/api/users/licens...", <table>) (0.0s)
[xUnit.net 00:00:04.41]         Then the response status should be 200
[xUnit.net 00:00:04.41]         -> error: Expected ((int)LastResponse!.StatusCode) to be 200, but found 404 (difference of 204). (0.0s)
[xUnit.net 00:00:04.41]         And the response should contain:
[xUnit.net 00:00:04.41]           --- table step argument ---
[xUnit.net 00:00:04.41]           | field    | value |
[xUnit.net 00:00:04.41]           | verified | true  |
[xUnit.net 00:00:04.41]         -> skipped because of previous errors
[xUnit.net 00:00:04.42]         And the license should be verified with external API
[xUnit.net 00:00:04.42]         -> No matching step definition found for the step. Use the following code to create one:
[xUnit.net 00:00:04.42]                 [Then(@"the license should be verified with external API")]
[xUnit.net 00:00:04.42]                 public void ThenTheLicenseShouldBeVerifiedWithExternalAPI()
[xUnit.net 00:00:04.42]                 {
[xUnit.net 00:00:04.42]                     _scenarioContext.Pending();
[xUnit.net 00:00:04.42]                 }
[xUnit.net 00:00:04.42]         
[xUnit.net 00:00:04.42]         And the license should be added to user profile
[xUnit.net 00:00:04.42]         -> No matching step definition found for the step. Use the following code to create one:
[xUnit.net 00:00:04.42]                 [Then(@"the license should be added to user profile")]
[xUnit.net 00:00:04.42]                 public void ThenTheLicenseShouldBeAddedToUserProfile()
[xUnit.net 00:00:04.42]                 {
[xUnit.net 00:00:04.42]                     _scenarioContext.Pending();
[xUnit.net 00:00:04.42]                 }
[xUnit.net 00:00:04.42]         
  Skipped Test EHR authentication and token management [1 ms]
  Failed Connect to SimplePractice EHR [60 ms]
  Error Message:
   TechTalk.SpecFlow.BindingException : Ambiguous step definitions found for step 'Given HIPAA compliance is enforced': TherapyDocs.Api.Tests:TherapyDocs.Api.Tests.BDD.StepDefinitions.ComplianceStepDefinitions.GivenHIPAAComplianceIsEnforced(), TherapyDocs.Api.Tests:TherapyDocs.Api.Tests.BDD.StepDefinitions.EHRIntegrationSteps.GivenHIPAAComplianceIsEnforced()
  Stack Trace:
     at TechTalk.SpecFlow.Infrastructure.TestExecutionEngine.GetStepMatch(StepInstance stepInstance)
   at TechTalk.SpecFlow.Infrastructure.TestExecutionEngine.ExecuteStep(IContextManager contextManager, StepInstance stepInstance)
   at TechTalk.SpecFlow.Infrastructure.TestExecutionEngine.OnAfterLastStep()
   at TechTalk.SpecFlow.TestRunner.CollectScenarioErrors()
   at TherapyDocs.Api.Tests.BDD.Features.Integrations.EHRIntegrationAPIEndpointsFR_010Feature.ScenarioCleanup()
   at TherapyDocs.Api.Tests.BDD.Features.Integrations.EHRIntegrationAPIEndpointsFR_010Feature.ConnectToSimplePracticeEHR() in /home/srowe/workspace/pediatric-therapy-resource/api/Tests/BDD/Features/integrations/ehr-integration.feature:line 43
   at System.RuntimeMethodHandle.InvokeMethod(Object target, Void** arguments, Signature sig, Boolean isConstructor)
   at System.Reflection.MethodBaseInvoker.InvokeWithNoArgs(Object obj, BindingFlags invokeAttr)
  Standard Output Messages:
 Given the API is available
 -> done: CommonStepDefinitions.GivenTheAPIIsAvailable() (0.0s)
 And I am authenticated as "therapist@clinic.com"
 -> done: CommonStepDefinitions.GivenIAmAuthenticatedAs("therapist@clinic.com") (0.0s)
 And HIPAA compliance is enforced
 -> binding error: Ambiguous step definitions found for step 'Given HIPAA compliance is enforced': TherapyDocs.Api.Tests:TherapyDocs.Api.Tests.BDD.StepDefinitions.ComplianceStepDefinitions.GivenHIPAAComplianceIsEnforced(), TherapyDocs.Api.Tests:TherapyDocs.Api.Tests.BDD.StepDefinitions.EHRIntegrationSteps.GivenHIPAAComplianceIsEnforced()
 When I send a POST request to "/api/integrations/ehr/simplepractice/connect" with:
   --- table step argument ---
   | field         | value                            |
   | apiKey        | encrypted-api-key                |
   | practiceId    | practice-123                     |
   | syncDirection | bidirectional                    |
   | syncItems     | ["clients", "sessions", "notes"] |
   | autoSync      | true                             |
 -> skipped because of previous errors
 Then the response status should be 200
 -> skipped because of previous errors
 And the response should contain:
   --- table step argument ---
   | field        | type   |
   | connectionId | string |
   | status       | string |
   | capabilities | array  |
   | lastSync     | string |
 -> skipped because of previous errors
 And test connection should succeed
 -> skipped because of previous errors


  Skipped Track extinction burst data [1 ms]
  Failed List supported EHR providers [15 ms]
  Error Message:
   TechTalk.SpecFlow.BindingException : Ambiguous step definitions found for step 'Given HIPAA compliance is enforced': TherapyDocs.Api.Tests:TherapyDocs.Api.Tests.BDD.StepDefinitions.ComplianceStepDefinitions.GivenHIPAAComplianceIsEnforced(), TherapyDocs.Api.Tests:TherapyDocs.Api.Tests.BDD.StepDefinitions.EHRIntegrationSteps.GivenHIPAAComplianceIsEnforced()
  Stack Trace:
     at TechTalk.SpecFlow.Infrastructure.TestExecutionEngine.GetStepMatch(StepInstance stepInstance)
   at TechTalk.SpecFlow.Infrastructure.TestExecutionEngine.ExecuteStep(IContextManager contextManager, StepInstance stepInstance)
   at TechTalk.SpecFlow.Infrastructure.TestExecutionEngine.OnAfterLastStep()
   at TechTalk.SpecFlow.TestRunner.CollectScenarioErrors()
   at TherapyDocs.Api.Tests.BDD.Features.Integrations.EHRIntegrationAPIEndpointsFR_010Feature.ScenarioCleanup()
   at TherapyDocs.Api.Tests.BDD.Features.Integrations.EHRIntegrationAPIEndpointsFR_010Feature.ListSupportedEHRProviders() in /home/srowe/workspace/pediatric-therapy-resource/api/Tests/BDD/Features/integrations/ehr-integration.feature:line 16
   at System.RuntimeMethodHandle.InvokeMethod(Object target, Void** arguments, Signature sig, Boolean isConstructor)
   at System.Reflection.MethodBaseInvoker.InvokeWithNoArgs(Object obj, BindingFlags invokeAttr)
  Standard Output Messages:
 Given the API is available
 -> done: CommonStepDefinitions.GivenTheAPIIsAvailable() (0.0s)
 And I am authenticated as "therapist@clinic.com"
 -> done: CommonStepDefinitions.GivenIAmAuthenticatedAs("therapist@clinic.com") (0.0s)
 And HIPAA compliance is enforced
 -> binding error: Ambiguous step definitions found for step 'Given HIPAA compliance is enforced': TherapyDocs.Api.Tests:TherapyDocs.Api.Tests.BDD.StepDefinitions.ComplianceStepDefinitions.GivenHIPAAComplianceIsEnforced(), TherapyDocs.Api.Tests:TherapyDocs.Api.Tests.BDD.StepDefinitions.EHRIntegrationSteps.GivenHIPAAComplianceIsEnforced()
 When I send a GET request to "/api/integrations/ehr/providers"
 -> skipped because of previous errors
 Then the response status should be 200
 -> skipped because of previous errors
 And the response should contain array of:
   --- table step argument ---
   | field      | type    |
   | providerId | string  |
   | name       | string  |
   | logo       | string  |
   | features   | array   |
   | authMethod | string  |
   | apiVersion | string  |
   | popular    | boolean |
 -> skipped because of previous errors


  Failed Push session data to EHR [28 ms]
  Error Message:
   TechTalk.SpecFlow.BindingException : Ambiguous step definitions found for step 'Given HIPAA compliance is enforced': TherapyDocs.Api.Tests:TherapyDocs.Api.Tests.BDD.StepDefinitions.ComplianceStepDefinitions.GivenHIPAAComplianceIsEnforced(), TherapyDocs.Api.Tests:TherapyDocs.Api.Tests.BDD.StepDefinitions.EHRIntegrationSteps.GivenHIPAAComplianceIsEnforced()
  Stack Trace:
     at TechTalk.SpecFlow.Infrastructure.TestExecutionEngine.GetStepMatch(StepInstance stepInstance)
   at TechTalk.SpecFlow.Infrastructure.TestExecutionEngine.ExecuteStep(IContextManager contextManager, StepInstance stepInstance)
   at TechTalk.SpecFlow.Infrastructure.TestExecutionEngine.OnAfterLastStep()
   at TechTalk.SpecFlow.TestRunner.CollectScenarioErrors()
   at TherapyDocs.Api.Tests.BDD.Features.Integrations.EHRIntegrationAPIEndpointsFR_010Feature.ScenarioCleanup()
   at TherapyDocs.Api.Tests.BDD.Features.Integrations.EHRIntegrationAPIEndpointsFR_010Feature.PushSessionDataToEHR() in /home/srowe/workspace/pediatric-therapy-resource/api/Tests/BDD/Features/integrations/ehr-integration.feature:line 73
   at System.RuntimeMethodHandle.InvokeMethod(Object target, Void** arguments, Signature sig, Boolean isConstructor)
   at System.Reflection.MethodBaseInvoker.InvokeWithNoArgs(Object obj, BindingFlags invokeAttr)
  Standard Output Messages:
 Given the API is available
 -> done: CommonStepDefinitions.GivenTheAPIIsAvailable() (0.0s)
 And I am authenticated as "therapist@clinic.com"
 -> done: CommonStepDefinitions.GivenIAmAuthenticatedAs("therapist@clinic.com") (0.0s)
 And HIPAA compliance is enforced
 -> binding error: Ambiguous step definitions found for step 'Given HIPAA compliance is enforced': TherapyDocs.Api.Tests:TherapyDocs.Api.Tests.BDD.StepDefinitions.ComplianceStepDefinitions.GivenHIPAAComplianceIsEnforced(), TherapyDocs.Api.Tests:TherapyDocs.Api.Tests.BDD.StepDefinitions.EHRIntegrationSteps.GivenHIPAAComplianceIsEnforced()
 Given EHR connection "conn-123" exists
 -> skipped because of previous errors
 When I send a POST request to "/api/integrations/ehr/conn-123/sessions" with:
   --- table step argument ---
   | field      | value                    |
   | sessionId  | session-456              |
   | patientId  | patient-789              |
   | date       | 2024-01-22               |
   | duration   | 30                       |
   | cptCode    | 92507                    |
   | activities | ["articulation therapy"] |
 -> skipped because of previous errors
 Then the response status should be 201
 -> skipped because of previous errors
 And session should sync to EHR
 -> skipped because of previous errors
 And billing codes should transfer
 -> skipped because of previous errors


  Failed Add and verify a new license [158 ms]
  Error Message:
   Expected ((int)LastResponse!.StatusCode) to be 200, but found 404 (difference of 204).
  Stack Trace:
     at FluentAssertions.Execution.XUnit2TestFramework.Throw(String message)
   at FluentAssertions.Execution.TestFrameworkProvider.Throw(String message)
   at FluentAssertions.Execution.DefaultAssertionStrategy.HandleFailure(String message)
   at FluentAssertions.Execution.AssertionScope.FailWith(Func`1 failReasonFunc)
   at FluentAssertions.Execution.AssertionScope.FailWith(Func`1 failReasonFunc)
   at FluentAssertions.Execution.AssertionScope.FailWith(String message, Object[] args)
   at FluentAssertions.Numeric.NumericAssertions`2.Be(T expected, String because, Object[] becauseArgs)
   at TherapyDocs.Api.Tests.BDD.StepDefinitions.BaseStepDefinitions.ThenTheResponseStatusShouldBe(Int32 statusCode) in /home/srowe/workspace/pediatric-therapy-resource/api/Tests/BDD/StepDefinitions/BaseStepDefinitions.cs:line 72
   at TherapyDocs.Api.Tests.BDD.StepDefinitions.CommonStepDefinitions.ThenTheResponseStatusShouldBeStep(Int32 statusCode) in /home/srowe/workspace/pediatric-therapy-resource/api/Tests/BDD/StepDefinitions/CommonStepDefinitions.cs:line 55
   at InvokeStub_Action`2.Invoke(Object, Span`1)
   at System.Reflection.MethodBaseInvoker.InvokeWithFewArgs(Object obj, BindingFlags invokeAttr, Binder binder, Object[] parameters, CultureInfo culture)
   at TechTalk.SpecFlow.Bindings.BindingInvoker.InvokeBinding(IBinding binding, IContextManager contextManager, Object[] arguments, ITestTracer testTracer, TimeSpan& duration)
   at TechTalk.SpecFlow.Infrastructure.TestExecutionEngine.ExecuteStepMatch(BindingMatch match, Object[] arguments, TimeSpan& duration)
   at TechTalk.SpecFlow.Infrastructure.TestExecutionEngine.ExecuteStep(IContextManager contextManager, StepInstance stepInstance)
   at TechTalk.SpecFlow.Infrastructure.TestExecutionEngine.OnAfterLastStep()
   at TechTalk.SpecFlow.TestRunner.CollectScenarioErrors()
   at TherapyDocs.Api.Tests.BDD.Features.Auth.UserManagementAPIEndpointsFeature.ScenarioCleanup()
   at TherapyDocs.Api.Tests.BDD.Features.Auth.UserManagementAPIEndpointsFeature.AddAndVerifyANewLicense() in /home/srowe/workspace/pediatric-therapy-resource/api/Tests/BDD/Features/auth/user-management.feature:line 145
   at System.RuntimeMethodHandle.InvokeMethod(Object target, Void** arguments, Signature sig, Boolean isConstructor)
   at System.Reflection.MethodBaseInvoker.InvokeWithNoArgs(Object obj, BindingFlags invokeAttr)
  Standard Output Messages:
 Given the API is available
 -> done: CommonStepDefinitions.GivenTheAPIIsAvailable() (0.0s)
 And I am authenticated as "user@clinic.com"
 -> done: CommonStepDefinitions.GivenIAmAuthenticatedAs("user@clinic.com") (0.0s)
 When I send a POST request to "/api/users/licenses/verify" with:
   --- table step argument ---
   | field         | value    |
   | licenseNumber | PT-98765 |
   | licenseState  | NY       |
   | licenseType   | PT       |
 -> done: CommonStepDefinitions.WhenISendAPOSTRequestToWithStep("/api/users/licens...", <table>) (0.0s)
 Then the response status should be 200
 -> error: Expected ((int)LastResponse!.StatusCode) to be 200, but found 404 (difference of 204). (0.0s)
 And the response should contain:
   --- table step argument ---
   | field    | value |
   | verified | true  |
 -> skipped because of previous errors
 And the license should be verified with external API
 -> No matching step definition found for the step. Use the following code to create one:
         [Then(@"the license should be verified with external API")]
         public void ThenTheLicenseShouldBeVerifiedWithExternalAPI()
         {
             _scenarioContext.Pending();
         }
 
 And the license should be added to user profile
 -> No matching step definition found for the step. Use the following code to create one:
         [Then(@"the license should be added to user profile")]
         public void ThenTheLicenseShouldBeAddedToUserProfile()
         {
             _scenarioContext.Pending();
         }
 


[xUnit.net 00:00:04.44]     Scale machine learning on massive datasets [SKIP]
[xUnit.net 00:00:04.44]       No matching step definition found for one or more steps.\nusing System;\r\nusing TechTalk.SpecFlow;\r\n\r\nnamespace MyNamespace\r\n{\r\n    [Binding]\r\n    public class StepDefinitions\r\n    {\r\n        private readonly ScenarioContext _scenarioContext;\r\n\r\n        public StepDefinitions(ScenarioContext scenarioContext)\r\n        {\r\n            _scenarioContext = scenarioContext;\r\n        }\r\n        [Given(@"data volume management systems are configured")]\r\n        public void GivenDataVolumeManagementSystemsAreConfigured()\r\n        {\r\n            _scenarioContext.Pending();\r\n        }\r\n        \n        [Given(@"big data infrastructure is deployed")]\r\n        public void GivenBigDataInfrastructureIsDeployed()\r\n        {\r\n            _scenarioContext.Pending();\r\n        }\r\n        \n        [Given(@"data lifecycle policies are defined")]\r\n        public void GivenDataLifecyclePoliciesAreDefined()\r\n        {\r\n            _scenarioContext.Pending();\r\n        }\r\n        \n        [Given(@"storage tiers are established")]\r\n        public void GivenStorageTiersAreEstablished()\r\n        {\r\n            _scenarioContext.Pending();\r\n        }\r\n        \n        [Given(@"processing frameworks are initialized")]\r\n        public void GivenProcessingFrameworksAreInitialized()\r\n        {\r\n            _scenarioContext.Pending();\r\n        }\r\n        \n        [Given(@"ML requires huge training datasets")]\r\n        public void GivenMLRequiresHugeTrainingDatasets()\r\n        {\r\n            _scenarioContext.Pending();\r\n        }\r\n        \n        [Given(@"processing must be distributed")]\r\n        public void GivenProcessingMustBeDistributed()\r\n        {\r\n            _scenarioContext.Pending();\r\n        }\r\n        \n        [When(@"scaling ML workloads:")]\r\n        public void WhenScalingMLWorkloads(Table table)\r\n        {\r\n            _scenarioContext.Pending();\r\n        }\r\n        \n        [Then(@"ML should scale effectively")]\r\n        public void ThenMLShouldScaleEffectively()\r\n        {\r\n            _scenarioContext.Pending();\r\n        }\r\n        \n        [Then(@"training should complete timely")]\r\n        public void ThenTrainingShouldCompleteTimely()\r\n        {\r\n            _scenarioContext.Pending();\r\n        }\r\n        \n        [Then(@"models should be managed")]\r\n        public void ThenModelsShouldBeManaged()\r\n        {\r\n            _scenarioContext.Pending();\r\n        }\r\n        \n        [Then(@"inference should be fast")]\r\n        public void ThenInferenceShouldBeFast()\r\n        {\r\n            _scenarioContext.Pending();\r\n        }\r\n    }\r\n}\r\n
[xUnit.net 00:00:04.44]     Scale model training across distributed infrastructure [SKIP]
[xUnit.net 00:00:04.44]       No matching step definition found for one or more steps.\nusing System;\r\nusing TechTalk.SpecFlow;\r\n\r\nnamespace MyNamespace\r\n{\r\n    [Binding]\r\n    public class StepDefinitions\r\n    {\r\n        private readonly ScenarioContext _scenarioContext;\r\n\r\n        public StepDefinitions(ScenarioContext scenarioContext)\r\n        {\r\n            _scenarioContext = scenarioContext;\r\n        }\r\n        [Given(@"custom ML model training infrastructure is configured")]\r\n        public void GivenCustomMLModelTrainingInfrastructureIsConfigured()\r\n        {\r\n            _scenarioContext.Pending();\r\n        }\r\n        \n        [Given(@"training data management system is active")]\r\n        public void GivenTrainingDataManagementSystemIsActive()\r\n        {\r\n            _scenarioContext.Pending();\r\n        }\r\n        \n        [Given(@"model versioning and deployment pipeline exists")]\r\n        public void GivenModelVersioningAndDeploymentPipelineExists()\r\n        {\r\n            _scenarioContext.Pending();\r\n        }\r\n        \n        [Given(@"performance monitoring is enabled")]\r\n        public void GivenPerformanceMonitoringIsEnabled()\r\n        {\r\n            _scenarioContext.Pending();\r\n        }\r\n        \n        [Given(@"security and compliance measures are enforced")]\r\n        public void GivenSecurityAndComplianceMeasuresAreEnforced()\r\n        {\r\n            _scenarioContext.Pending();\r\n        }\r\n        \n        [Given(@"large models require distributed training")]\r\n        public void GivenLargeModelsRequireDistributedTraining()\r\n        {\r\n            _scenarioContext.Pending();\r\n        }\r\n        \n        [Given(@"infrastructure supports multi-node training")]\r\n        public void GivenInfrastructureSupportsMulti_NodeTraining()\r\n        {\r\n            _scenarioContext.Pending();\r\n        }\r\n        \n        [When(@"configuring distributed training:")]\r\n        public void WhenConfiguringDistributedTraining(Table table)\r\n        {\r\n            _scenarioContext.Pending();\r\n        }\r\n        \n        [Then(@"training should scale efficiently")]\r\n        public void ThenTrainingShouldScaleEfficiently()\r\n        {\r\n            _scenarioContext.Pending();\r\n        }\r\n        \n        [Then(@"communication overhead should be minimized")]\r\n        public void ThenCommunicationOverheadShouldBeMinimized()\r\n        {\r\n            _scenarioContext.Pending();\r\n        }\r\n        \n        [Then(@"fault tolerance should handle node failures")]\r\n        public void ThenFaultToleranceShouldHandleNodeFailures()\r\n        {\r\n            _scenarioContext.Pending();\r\n        }\r\n        \n        [Then(@"training metrics should be aggregated correctly")]\r\n        public void ThenTrainingMetricsShouldBeAggregatedCorrectly()\r\n        {\r\n            _scenarioContext.Pending();\r\n        }\r\n    }\r\n}\r\n
[xUnit.net 00:00:04.44]     Compare predicted outcomes across intervention approaches [SKIP]
[xUnit.net 00:00:04.45]       No matching step definition found for one or more steps.\nusing System;\r\nusing TechTalk.SpecFlow;\r\n\r\nnamespace MyNamespace\r\n{\r\n    [Binding]\r\n    public class StepDefinitions\r\n    {\r\n        private readonly ScenarioContext _scenarioContext;\r\n\r\n        public StepDefinitions(ScenarioContext scenarioContext)\r\n        {\r\n            _scenarioContext = scenarioContext;\r\n        }\r\n        [Given(@"outcome prediction models are configured")]\r\n        public void GivenOutcomePredictionModelsAreConfigured()\r\n        {\r\n            _scenarioContext.Pending();\r\n        }\r\n        \n        [Given(@"historical outcome data is available")]\r\n        public void GivenHistoricalOutcomeDataIsAvailable()\r\n        {\r\n            _scenarioContext.Pending();\r\n        }\r\n        \n        [Given(@"multivariate analysis is enabled")]\r\n        public void GivenMultivariateAnalysisIsEnabled()\r\n        {\r\n            _scenarioContext.Pending();\r\n        }\r\n        \n        [Given(@"evidence-based benchmarks are loaded")]\r\n        public void GivenEvidence_BasedBenchmarksAreLoaded()\r\n        {\r\n            _scenarioContext.Pending();\r\n        }\r\n        \n        [Given(@"stakeholder communication tools are ready")]\r\n        public void GivenStakeholderCommunicationToolsAreReady()\r\n        {\r\n            _scenarioContext.Pending();\r\n        }\r\n        \n        [Given(@"multiple intervention options exist")]\r\n        public void GivenMultipleInterventionOptionsExist()\r\n        {\r\n            _scenarioContext.Pending();\r\n        }\r\n        \n        [Given(@"comparative effectiveness data is available")]\r\n        public void GivenComparativeEffectivenessDataIsAvailable()\r\n        {\r\n            _scenarioContext.Pending();\r\n        }\r\n        \n        [When(@"comparing predicted outcomes:")]\r\n        public void WhenComparingPredictedOutcomes(Table table)\r\n        {\r\n            _scenarioContext.Pending();\r\n        }\r\n        \n        [Then(@"comparative predictions should be evidence-based")]\r\n        public void ThenComparativePredictionsShouldBeEvidence_Based()\r\n        {\r\n            _scenarioContext.Pending();\r\n        }\r\n        \n        [Then(@"trade-offs should be clearly presented")]\r\n        public void ThenTrade_OffsShouldBeClearlyPresented()\r\n        {\r\n            _scenarioContext.Pending();\r\n        }\r\n        \n        [Then(@"family preferences should be considered")]\r\n        public void ThenFamilyPreferencesShouldBeConsidered()\r\n        {\r\n            _scenarioContext.Pending();\r\n        }\r\n        \n        [Then(@"cost-effectiveness should be included")]\r\n        public void ThenCost_EffectivenessShouldBeIncluded()\r\n        {\r\n            _scenarioContext.Pending();\r\n        }\r\n    }\r\n}\r\n
[xUnit.net 00:00:04.45]     Create DTT session [SKIP]
[xUnit.net 00:00:04.45]       No matching step definition found for one or more steps.\nusing System;\r\nusing TechTalk.SpecFlow;\r\n\r\nnamespace MyNamespace\r\n{\r\n    [Binding]\r\n    public class StepDefinitions\r\n    {\r\n        private readonly ScenarioContext _scenarioContext;\r\n\r\n        public StepDefinitions(ScenarioContext scenarioContext)\r\n        {\r\n            _scenarioContext = scenarioContext;\r\n        }\r\n        [Given(@"I have ABA certification")]\r\n        public void GivenIHaveABACertification()\r\n        {\r\n            _scenarioContext.Pending();\r\n        }\r\n    }\r\n}\r\n
[xUnit.net 00:00:04.49]       TechTalk.SpecFlow.BindingException : Ambiguous step definitions found for step 'Given HIPAA compliance is enforced': TherapyDocs.Api.Tests:TherapyDocs.Api.Tests.BDD.StepDefinitions.ComplianceStepDefinitions.GivenHIPAAComplianceIsEnforced(), TherapyDocs.Api.Tests:TherapyDocs.Api.Tests.BDD.StepDefinitions.EHRIntegrationSteps.GivenHIPAAComplianceIsEnforced()
[xUnit.net 00:00:04.49]       Stack Trace:
[xUnit.net 00:00:04.49]            at TechTalk.SpecFlow.Infrastructure.TestExecutionEngine.GetStepMatch(StepInstance stepInstance)
[xUnit.net 00:00:04.49]            at TechTalk.SpecFlow.Infrastructure.TestExecutionEngine.ExecuteStep(IContextManager contextManager, StepInstance stepInstance)
[xUnit.net 00:00:04.49]            at TechTalk.SpecFlow.Infrastructure.TestExecutionEngine.OnAfterLastStep()
[xUnit.net 00:00:04.49]            at TechTalk.SpecFlow.TestRunner.CollectScenarioErrors()
[xUnit.net 00:00:04.49]            at TherapyDocs.Api.Tests.BDD.Features.Integrations.EHRIntegrationAPIEndpointsFR_010Feature.ScenarioCleanup()
[xUnit.net 00:00:04.49]         /home/srowe/workspace/pediatric-therapy-resource/api/Tests/BDD/Features/integrations/ehr-integration.feature(88,0): at TherapyDocs.Api.Tests.BDD.Features.Integrations.EHRIntegrationAPIEndpointsFR_010Feature.SyncTherapyNotesToEHR()
[xUnit.net 00:00:04.49]            at System.RuntimeMethodHandle.InvokeMethod(Object target, Void** arguments, Signature sig, Boolean isConstructor)
[xUnit.net 00:00:04.49]            at System.Reflection.MethodBaseInvoker.InvokeWithNoArgs(Object obj, BindingFlags invokeAttr)
[xUnit.net 00:00:04.49]       Output:
[xUnit.net 00:00:04.49]         Given the API is available
[xUnit.net 00:00:04.49]         -> done: CommonStepDefinitions.GivenTheAPIIsAvailable() (0.0s)
[xUnit.net 00:00:04.49]         And I am authenticated as "therapist@clinic.com"
[xUnit.net 00:00:04.49]         -> done: CommonStepDefinitions.GivenIAmAuthenticatedAs("therapist@clinic.com") (0.0s)
[xUnit.net 00:00:04.49]         And HIPAA compliance is enforced
[xUnit.net 00:00:04.49]         -> binding error: Ambiguous step definitions found for step 'Given HIPAA compliance is enforced': TherapyDocs.Api.Tests:TherapyDocs.Api.Tests.BDD.StepDefinitions.ComplianceStepDefinitions.GivenHIPAAComplianceIsEnforced(), TherapyDocs.Api.Tests:TherapyDocs.Api.Tests.BDD.StepDefinitions.EHRIntegrationSteps.GivenHIPAAComplianceIsEnforced()
[xUnit.net 00:00:04.49]         Given EHR connection "conn-123" exists
[xUnit.net 00:00:04.49]         -> skipped because of previous errors
[xUnit.net 00:00:04.49]         When I send a POST request to "/api/integrations/ehr/conn-123/notes" with:
[xUnit.net 00:00:04.49]           --- table step argument ---
[xUnit.net 00:00:04.49]           | field       | value                                           |
[xUnit.net 00:00:04.49]           | sessionId   | session-456                                     |
[xUnit.net 00:00:04.49]           | noteType    | progress                                        |
[xUnit.net 00:00:04.49]           | content     | {"S": "Patient reports...", "O": "Observed..."} |
[xUnit.net 00:00:04.49]           | attachments | ["res-123", "res-124"]                          |
[xUnit.net 00:00:04.49]           | signedBy    | therapist-123                                   |
[xUnit.net 00:00:04.49]         -> skipped because of previous errors
[xUnit.net 00:00:04.49]         Then the response status should be 201
[xUnit.net 00:00:04.49]         -> skipped because of previous errors
[xUnit.net 00:00:04.49]         And note should appear in EHR
[xUnit.net 00:00:04.50]         -> No matching step definition found for the step. Use the following code to create one:
[xUnit.net 00:00:04.50]                 [Then(@"note should appear in EHR")]
[xUnit.net 00:00:04.50]                 public void ThenNoteShouldAppearInEHR()
[xUnit.net 00:00:04.50]                 {
[xUnit.net 00:00:04.50]                     _scenarioContext.Pending();
[xUnit.net 00:00:04.50]                 }
[xUnit.net 00:00:04.50]         
[xUnit.net 00:00:04.50]         And maintain SOAP format
[xUnit.net 00:00:04.50]         -> No matching step definition found for the step. Use the following code to create one:
[xUnit.net 00:00:04.50]                 [Then(@"maintain SOAP format")]
[xUnit.net 00:00:04.50]                 public void ThenMaintainSOAPFormat()
[xUnit.net 00:00:04.50]                 {
[xUnit.net 00:00:04.50]                     _scenarioContext.Pending();
[xUnit.net 00:00:04.50]                 }
[xUnit.net 00:00:04.50]         
  Skipped Scale machine learning on massive datasets [1 ms]
  Skipped Scale model training across distributed infrastructure [1 ms]
  Skipped Compare predicted outcomes across intervention approaches [1 ms]
  Skipped Create DTT session [1 ms]
  Failed Sync therapy notes to EHR [85 ms]
  Error Message:
   TechTalk.SpecFlow.BindingException : Ambiguous step definitions found for step 'Given HIPAA compliance is enforced': TherapyDocs.Api.Tests:TherapyDocs.Api.Tests.BDD.StepDefinitions.ComplianceStepDefinitions.GivenHIPAAComplianceIsEnforced(), TherapyDocs.Api.Tests:TherapyDocs.Api.Tests.BDD.StepDefinitions.EHRIntegrationSteps.GivenHIPAAComplianceIsEnforced()
  Stack Trace:
     at TechTalk.SpecFlow.Infrastructure.TestExecutionEngine.GetStepMatch(StepInstance stepInstance)
   at TechTalk.SpecFlow.Infrastructure.TestExecutionEngine.ExecuteStep(IContextManager contextManager, StepInstance stepInstance)
   at TechTalk.SpecFlow.Infrastructure.TestExecutionEngine.OnAfterLastStep()
   at TechTalk.SpecFlow.TestRunner.CollectScenarioErrors()
   at TherapyDocs.Api.Tests.BDD.Features.Integrations.EHRIntegrationAPIEndpointsFR_010Feature.ScenarioCleanup()
   at TherapyDocs.Api.Tests.BDD.Features.Integrations.EHRIntegrationAPIEndpointsFR_010Feature.SyncTherapyNotesToEHR() in /home/srowe/workspace/pediatric-therapy-resource/api/Tests/BDD/Features/integrations/ehr-integration.feature:line 88
   at System.RuntimeMethodHandle.InvokeMethod(Object target, Void** arguments, Signature sig, Boolean isConstructor)
   at System.Reflection.MethodBaseInvoker.InvokeWithNoArgs(Object obj, BindingFlags invokeAttr)
  Standard Output Messages:
 Given the API is available
 -> done: CommonStepDefinitions.GivenTheAPIIsAvailable() (0.0s)
 And I am authenticated as "therapist@clinic.com"
 -> done: CommonStepDefinitions.GivenIAmAuthenticatedAs("therapist@clinic.com") (0.0s)
 And HIPAA compliance is enforced
 -> binding error: Ambiguous step definitions found for step 'Given HIPAA compliance is enforced': TherapyDocs.Api.Tests:TherapyDocs.Api.Tests.BDD.StepDefinitions.ComplianceStepDefinitions.GivenHIPAAComplianceIsEnforced(), TherapyDocs.Api.Tests:TherapyDocs.Api.Tests.BDD.StepDefinitions.EHRIntegrationSteps.GivenHIPAAComplianceIsEnforced()
 Given EHR connection "conn-123" exists
 -> skipped because of previous errors
 When I send a POST request to "/api/integrations/ehr/conn-123/notes" with:
   --- table step argument ---
   | field       | value                                           |
   | sessionId   | session-456                                     |
   | noteType    | progress                                        |
   | content     | {"S": "Patient reports...", "O": "Observed..."} |
   | attachments | ["res-123", "res-124"]                          |
   | signedBy    | therapist-123                                   |
 -> skipped because of previous errors
 Then the response status should be 201
 -> skipped because of previous errors
 And note should appear in EHR
 -> No matching step definition found for the step. Use the following code to create one:
         [Then(@"note should appear in EHR")]
         public void ThenNoteShouldAppearInEHR()
         {
             _scenarioContext.Pending();
         }
 
 And maintain SOAP format
 -> No matching step definition found for the step. Use the following code to create one:
         [Then(@"maintain SOAP format")]
         public void ThenMaintainSOAPFormat()
         {
             _scenarioContext.Pending();
         }
 


[xUnit.net 00:00:04.51]     Test database performance under concurrent load [SKIP]
[xUnit.net 00:00:04.51]       No matching step definition found for one or more steps.\nusing System;\r\nusing TechTalk.SpecFlow;\r\n\r\nnamespace MyNamespace\r\n{\r\n    [Binding]\r\n    public class StepDefinitions\r\n    {\r\n        private readonly ScenarioContext _scenarioContext;\r\n\r\n        public StepDefinitions(ScenarioContext scenarioContext)\r\n        {\r\n            _scenarioContext = scenarioContext;\r\n        }\r\n        [Then(@"concurrent operations should scale efficiently")]\r\n        public void ThenConcurrentOperationsShouldScaleEfficiently()\r\n        {\r\n            _scenarioContext.Pending();\r\n        }\r\n        \n        [Then(@"lock contention should be minimized through design")]\r\n        public void ThenLockContentionShouldBeMinimizedThroughDesign()\r\n        {\r\n            _scenarioContext.Pending();\r\n        }\r\n        \n        [Then(@"deadlocks should be rare and resolved quickly")]\r\n        public void ThenDeadlocksShouldBeRareAndResolvedQuickly()\r\n        {\r\n            _scenarioContext.Pending();\r\n        }\r\n        \n        [Then(@"performance should degrade gracefully under extreme load")]\r\n        public void ThenPerformanceShouldDegradeGracefullyUnderExtremeLoad()\r\n        {\r\n            _scenarioContext.Pending();\r\n        }\r\n    }\r\n}\r\n
[xUnit.net 00:00:04.52]     Scale collaborative editing with thousands of concurrent users [SKIP]
[xUnit.net 00:00:04.52]       No matching step definition found for one or more steps.\nusing System;\r\nusing TechTalk.SpecFlow;\r\n\r\nnamespace MyNamespace\r\n{\r\n    [Binding]\r\n    public class StepDefinitions\r\n    {\r\n        private readonly ScenarioContext _scenarioContext;\r\n\r\n        public StepDefinitions(ScenarioContext scenarioContext)\r\n        {\r\n            _scenarioContext = scenarioContext;\r\n        }\r\n        [Given(@"concurrent session infrastructure is deployed")]\r\n        public void GivenConcurrentSessionInfrastructureIsDeployed()\r\n        {\r\n            _scenarioContext.Pending();\r\n        }\r\n        \n        [Given(@"real-time communication systems are configured")]\r\n        public void GivenReal_TimeCommunicationSystemsAreConfigured()\r\n        {\r\n            _scenarioContext.Pending();\r\n        }\r\n        \n        [Given(@"session state management is distributed")]\r\n        public void GivenSessionStateManagementIsDistributed()\r\n        {\r\n            _scenarioContext.Pending();\r\n        }\r\n        \n        [Given(@"connection pooling is optimized")]\r\n        public void GivenConnectionPoolingIsOptimized()\r\n        {\r\n            _scenarioContext.Pending();\r\n        }\r\n        \n        [Given(@"monitoring systems track active sessions")]\r\n        public void GivenMonitoringSystemsTrackActiveSessions()\r\n        {\r\n            _scenarioContext.Pending();\r\n        }\r\n        \n        [Given(@"documents may have many simultaneous editors")]\r\n        public void GivenDocumentsMayHaveManySimultaneousEditors()\r\n        {\r\n            _scenarioContext.Pending();\r\n        }\r\n        \n        [Given(@"conflicts must be resolved automatically")]\r\n        public void GivenConflictsMustBeResolvedAutomatically()\r\n        {\r\n            _scenarioContext.Pending();\r\n        }\r\n        \n        [When(@"scaling collaborative editing:")]\r\n        public void WhenScalingCollaborativeEditing(Table table)\r\n        {\r\n            _scenarioContext.Pending();\r\n        }\r\n        \n        [Then(@"collaboration should scale smoothly")]\r\n        public void ThenCollaborationShouldScaleSmoothly()\r\n        {\r\n            _scenarioContext.Pending();\r\n        }\r\n        \n        [Then(@"edits should sync quickly")]\r\n        public void ThenEditsShouldSyncQuickly()\r\n        {\r\n            _scenarioContext.Pending();\r\n        }\r\n        \n        [Then(@"conflicts should be resolved")]\r\n        public void ThenConflictsShouldBeResolved()\r\n        {\r\n            _scenarioContext.Pending();\r\n        }\r\n        \n        [Then(@"data integrity should be maintained")]\r\n        public void ThenDataIntegrityShouldBeMaintained()\r\n        {\r\n            _scenarioContext.Pending();\r\n        }\r\n    }\r\n}\r\n
[xUnit.net 00:00:04.53]     Maintain comprehensive audit trails [SKIP]
[xUnit.net 00:00:04.53]       No matching step definition found for one or more steps.\nusing System;\r\nusing TechTalk.SpecFlow;\r\n\r\nnamespace MyNamespace\r\n{\r\n    [Binding]\r\n    public class StepDefinitions\r\n    {\r\n        private readonly ScenarioContext _scenarioContext;\r\n\r\n        public StepDefinitions(ScenarioContext scenarioContext)\r\n        {\r\n            _scenarioContext = scenarioContext;\r\n        }\r\n        [Given(@"protocol compliance systems are active")]\r\n        public void GivenProtocolComplianceSystemsAreActive()\r\n        {\r\n            _scenarioContext.Pending();\r\n        }\r\n        \n        [Given(@"quality metrics are defined")]\r\n        public void GivenQualityMetricsAreDefined()\r\n        {\r\n            _scenarioContext.Pending();\r\n        }\r\n        \n        [Given(@"monitoring tools are available")]\r\n        public void GivenMonitoringToolsAreAvailable()\r\n        {\r\n            _scenarioContext.Pending();\r\n        }\r\n        \n        [Given(@"reporting dashboards exist")]\r\n        public void GivenReportingDashboardsExist()\r\n        {\r\n            _scenarioContext.Pending();\r\n        }\r\n        \n        [Given(@"improvement processes are established")]\r\n        public void GivenImprovementProcessesAreEstablished()\r\n        {\r\n            _scenarioContext.Pending();\r\n        }\r\n        \n        [Given(@"audit trails ensure accountability")]\r\n        public void GivenAuditTrailsEnsureAccountability()\r\n        {\r\n            _scenarioContext.Pending();\r\n        }\r\n        \n        [Given(@"documentation supports quality improvement")]\r\n        public void GivenDocumentationSupportsQualityImprovement()\r\n        {\r\n            _scenarioContext.Pending();\r\n        }\r\n        \n        [When(@"creating audit documentation:")]\r\n        public void WhenCreatingAuditDocumentation(Table table)\r\n        {\r\n            _scenarioContext.Pending();\r\n        }\r\n        \n        [Then(@"accountability should be clear")]\r\n        public void ThenAccountabilityShouldBeClear()\r\n        {\r\n            _scenarioContext.Pending();\r\n        }\r\n        \n        [Then(@"patterns should be identifiable")]\r\n        public void ThenPatternsShouldBeIdentifiable()\r\n        {\r\n            _scenarioContext.Pending();\r\n        }\r\n        \n        [Then(@"improvements should be traceable")]\r\n        public void ThenImprovementsShouldBeTraceable()\r\n        {\r\n            _scenarioContext.Pending();\r\n        }\r\n    }\r\n}\r\n
[xUnit.net 00:00:04.53]     Ensure fair resource distribution among tenants [SKIP]
[xUnit.net 00:00:04.53]       No matching step definition found for one or more steps.\nusing System;\r\nusing TechTalk.SpecFlow;\r\n\r\nnamespace MyNamespace\r\n{\r\n    [Binding]\r\n    public class StepDefinitions\r\n    {\r\n        private readonly ScenarioContext _scenarioContext;\r\n\r\n        public StepDefinitions(ScenarioContext scenarioContext)\r\n        {\r\n            _scenarioContext = scenarioContext;\r\n        }\r\n        [Given(@"resource limit management is configured")]\r\n        public void GivenResourceLimitManagementIsConfigured()\r\n        {\r\n            _scenarioContext.Pending();\r\n        }\r\n        \n        [Given(@"monitoring systems track resource usage")]\r\n        public void GivenMonitoringSystemsTrackResourceUsage()\r\n        {\r\n            _scenarioContext.Pending();\r\n        }\r\n        \n        [Given(@"enforcement mechanisms are active")]\r\n        public void GivenEnforcementMechanismsAreActive()\r\n        {\r\n            _scenarioContext.Pending();\r\n        }\r\n        \n        [Given(@"quotas are defined per tier")]\r\n        public void GivenQuotasAreDefinedPerTier()\r\n        {\r\n            _scenarioContext.Pending();\r\n        }\r\n        \n        [Given(@"alerting thresholds are established")]\r\n        public void GivenAlertingThresholdsAreEstablished()\r\n        {\r\n            _scenarioContext.Pending();\r\n        }\r\n        \n        [Given(@"multi-tenant systems require fairness")]\r\n        public void GivenMulti_TenantSystemsRequireFairness()\r\n        {\r\n            _scenarioContext.Pending();\r\n        }\r\n        \n        [Given(@"no tenant should monopolize resources")]\r\n        public void GivenNoTenantShouldMonopolizeResources()\r\n        {\r\n            _scenarioContext.Pending();\r\n        }\r\n        \n        [When(@"implementing fair resource distribution:")]\r\n        public void WhenImplementingFairResourceDistribution(Table table)\r\n        {\r\n            _scenarioContext.Pending();\r\n        }\r\n        \n        [Then(@"resources should be distributed fairly")]\r\n        public void ThenResourcesShouldBeDistributedFairly()\r\n        {\r\n            _scenarioContext.Pending();\r\n        }\r\n        \n        [Then(@"minimums should be guaranteed")]\r\n        public void ThenMinimumsShouldBeGuaranteed()\r\n        {\r\n            _scenarioContext.Pending();\r\n        }\r\n        \n        [Then(@"maximums should be enforced")]\r\n        public void ThenMaximumsShouldBeEnforced()\r\n        {\r\n            _scenarioContext.Pending();\r\n        }\r\n        \n        [Then(@"quality of service should be maintained")]\r\n        public void ThenQualityOfServiceShouldBeMaintained()\r\n        {\r\n            _scenarioContext.Pending();\r\n        }\r\n    }\r\n}\r\n
[xUnit.net 00:00:04.54]       Expected ((int)LastResponse!.StatusCode) to be 200, but found 404 (difference of 204).
[xUnit.net 00:00:04.54]       Stack Trace:
[xUnit.net 00:00:04.54]            at FluentAssertions.Execution.XUnit2TestFramework.Throw(String message)
[xUnit.net 00:00:04.54]            at FluentAssertions.Execution.TestFrameworkProvider.Throw(String message)
[xUnit.net 00:00:04.54]            at FluentAssertions.Execution.DefaultAssertionStrategy.HandleFailure(String message)
[xUnit.net 00:00:04.54]            at FluentAssertions.Execution.AssertionScope.FailWith(Func`1 failReasonFunc)
[xUnit.net 00:00:04.54]            at FluentAssertions.Execution.AssertionScope.FailWith(Func`1 failReasonFunc)
[xUnit.net 00:00:04.54]            at FluentAssertions.Execution.AssertionScope.FailWith(String message, Object[] args)
[xUnit.net 00:00:04.54]            at FluentAssertions.Numeric.NumericAssertions`2.Be(T expected, String because, Object[] becauseArgs)
[xUnit.net 00:00:04.54]         /home/srowe/workspace/pediatric-therapy-resource/api/Tests/BDD/StepDefinitions/BaseStepDefinitions.cs(72,0): at TherapyDocs.Api.Tests.BDD.StepDefinitions.BaseStepDefinitions.ThenTheResponseStatusShouldBe(Int32 statusCode)
[xUnit.net 00:00:04.54]         /home/srowe/workspace/pediatric-therapy-resource/api/Tests/BDD/StepDefinitions/CommonStepDefinitions.cs(55,0): at TherapyDocs.Api.Tests.BDD.StepDefinitions.CommonStepDefinitions.ThenTheResponseStatusShouldBeStep(Int32 statusCode)
[xUnit.net 00:00:04.54]            at InvokeStub_Action`2.Invoke(Object, Span`1)
[xUnit.net 00:00:04.54]            at System.Reflection.MethodBaseInvoker.InvokeWithFewArgs(Object obj, BindingFlags invokeAttr, Binder binder, Object[] parameters, CultureInfo culture)
[xUnit.net 00:00:04.54]            at TechTalk.SpecFlow.Bindings.BindingInvoker.InvokeBinding(IBinding binding, IContextManager contextManager, Object[] arguments, ITestTracer testTracer, TimeSpan& duration)
[xUnit.net 00:00:04.54]            at TechTalk.SpecFlow.Infrastructure.TestExecutionEngine.ExecuteStepMatch(BindingMatch match, Object[] arguments, TimeSpan& duration)
[xUnit.net 00:00:04.54]            at TechTalk.SpecFlow.Infrastructure.TestExecutionEngine.ExecuteStep(IContextManager contextManager, StepInstance stepInstance)
[xUnit.net 00:00:04.54]            at TechTalk.SpecFlow.Infrastructure.TestExecutionEngine.OnAfterLastStep()
[xUnit.net 00:00:04.54]            at TechTalk.SpecFlow.TestRunner.CollectScenarioErrors()
[xUnit.net 00:00:04.54]            at TherapyDocs.Api.Tests.BDD.Features.Auth.UserManagementAPIEndpointsFeature.ScenarioCleanup()
[xUnit.net 00:00:04.54]         /home/srowe/workspace/pediatric-therapy-resource/api/Tests/BDD/Features/auth/user-management.feature(169,0): at TherapyDocs.Api.Tests.BDD.Features.Auth.UserManagementAPIEndpointsFeature.UpdateUserPreferences()
[xUnit.net 00:00:04.54]            at System.RuntimeMethodHandle.InvokeMethod(Object target, Void** arguments, Signature sig, Boolean isConstructor)
[xUnit.net 00:00:04.54]            at System.Reflection.MethodBaseInvoker.InvokeWithNoArgs(Object obj, BindingFlags invokeAttr)
[xUnit.net 00:00:04.54]       Output:
[xUnit.net 00:00:04.54]         Given the API is available
[xUnit.net 00:00:04.54]         -> done: CommonStepDefinitions.GivenTheAPIIsAvailable() (0.0s)
[xUnit.net 00:00:04.54]         And I am authenticated as "user@clinic.com"
[xUnit.net 00:00:04.54]         -> done: CommonStepDefinitions.GivenIAmAuthenticatedAs("user@clinic.com") (0.0s)
[xUnit.net 00:00:04.54]         When I send a PUT request to "/api/users/preferences" with:
[xUnit.net 00:00:04.54]           --- table step argument ---
[xUnit.net 00:00:04.54]           | field              | value    |
[xUnit.net 00:00:04.54]           | language           | es       |
[xUnit.net 00:00:04.54]           | timezone           | EST      |
[xUnit.net 00:00:04.54]           | emailNotifications | true     |
[xUnit.net 00:00:04.54]           | theme              | dark     |
[xUnit.net 00:00:04.54]           | defaultView        | calendar |
[xUnit.net 00:00:04.54]         -> done: CommonStepDefinitions.WhenISendAPUTRequestToWithStep("/api/users/prefer...", <table>) (0.0s)
[xUnit.net 00:00:04.54]         Then the response status should be 200
[xUnit.net 00:00:04.54]         -> error: Expected ((int)LastResponse!.StatusCode) to be 200, but found 404 (difference of 204). (0.0s)
[xUnit.net 00:00:04.54]         And the preferences should be saved
[xUnit.net 00:00:04.54]         -> No matching step definition found for the step. Use the following code to create one:
[xUnit.net 00:00:04.54]                 [Then(@"the preferences should be saved")]
[xUnit.net 00:00:04.54]                 public void ThenThePreferencesShouldBeSaved()
[xUnit.net 00:00:04.54]                 {
[xUnit.net 00:00:04.54]                     _scenarioContext.Pending();
[xUnit.net 00:00:04.54]                 }
[xUnit.net 00:00:04.54]         
[xUnit.net 00:00:04.54]         And the UI should reflect the new preferences
[xUnit.net 00:00:04.54]         -> No matching step definition found for the step. Use the following code to create one:
[xUnit.net 00:00:04.54]                 [Then(@"the UI should reflect the new preferences")]
[xUnit.net 00:00:04.54]                 public void ThenTheUIShouldReflectTheNewPreferences()
[xUnit.net 00:00:04.54]                 {
[xUnit.net 00:00:04.54]                     _scenarioContext.Pending();
[xUnit.net 00:00:04.54]                 }
[xUnit.net 00:00:04.54]         
  Skipped Test database performance under concurrent load [1 ms]
  Skipped Scale collaborative editing with thousands of concurrent users [1 ms]
  Skipped Maintain comprehensive audit trails [1 ms]
  Skipped Ensure fair resource distribution among tenants [1 ms]
  Failed Update user preferences [119 ms]
  Error Message:
   Expected ((int)LastResponse!.StatusCode) to be 200, but found 404 (difference of 204).
  Stack Trace:
     at FluentAssertions.Execution.XUnit2TestFramework.Throw(String message)
   at FluentAssertions.Execution.TestFrameworkProvider.Throw(String message)
   at FluentAssertions.Execution.DefaultAssertionStrategy.HandleFailure(String message)
   at FluentAssertions.Execution.AssertionScope.FailWith(Func`1 failReasonFunc)
   at FluentAssertions.Execution.AssertionScope.FailWith(Func`1 failReasonFunc)
   at FluentAssertions.Execution.AssertionScope.FailWith(String message, Object[] args)
   at FluentAssertions.Numeric.NumericAssertions`2.Be(T expected, String because, Object[] becauseArgs)
   at TherapyDocs.Api.Tests.BDD.StepDefinitions.BaseStepDefinitions.ThenTheResponseStatusShouldBe(Int32 statusCode) in /home/srowe/workspace/pediatric-therapy-resource/api/Tests/BDD/StepDefinitions/BaseStepDefinitions.cs:line 72
   at TherapyDocs.Api.Tests.BDD.StepDefinitions.CommonStepDefinitions.ThenTheResponseStatusShouldBeStep(Int32 statusCode) in /home/srowe/workspace/pediatric-therapy-resource/api/Tests/BDD/StepDefinitions/CommonStepDefinitions.cs:line 55
   at InvokeStub_Action`2.Invoke(Object, Span`1)
   at System.Reflection.MethodBaseInvoker.InvokeWithFewArgs(Object obj, BindingFlags invokeAttr, Binder binder, Object[] parameters, CultureInfo culture)
   at TechTalk.SpecFlow.Bindings.BindingInvoker.InvokeBinding(IBinding binding, IContextManager contextManager, Object[] arguments, ITestTracer testTracer, TimeSpan& duration)
   at TechTalk.SpecFlow.Infrastructure.TestExecutionEngine.ExecuteStepMatch(BindingMatch match, Object[] arguments, TimeSpan& duration)
   at TechTalk.SpecFlow.Infrastructure.TestExecutionEngine.ExecuteStep(IContextManager contextManager, StepInstance stepInstance)
   at TechTalk.SpecFlow.Infrastructure.TestExecutionEngine.OnAfterLastStep()
   at TechTalk.SpecFlow.TestRunner.CollectScenarioErrors()
   at TherapyDocs.Api.Tests.BDD.Features.Auth.UserManagementAPIEndpointsFeature.ScenarioCleanup()
   at TherapyDocs.Api.Tests.BDD.Features.Auth.UserManagementAPIEndpointsFeature.UpdateUserPreferences() in /home/srowe/workspace/pediatric-therapy-resource/api/Tests/BDD/Features/auth/user-management.feature:line 169
   at System.RuntimeMethodHandle.InvokeMethod(Object target, Void** arguments, Signature sig, Boolean isConstructor)
   at System.Reflection.MethodBaseInvoker.InvokeWithNoArgs(Object obj, BindingFlags invokeAttr)
  Standard Output Messages:
 Given the API is available
 -> done: CommonStepDefinitions.GivenTheAPIIsAvailable() (0.0s)
 And I am authenticated as "user@clinic.com"
 -> done: CommonStepDefinitions.GivenIAmAuthenticatedAs("user@clinic.com") (0.0s)
 When I send a PUT request to "/api/users/preferences" with:
   --- table step argument ---
   | field              | value    |
   | language           | es       |
   | timezone           | EST      |
   | emailNotifications | true     |
   | theme              | dark     |
   | defaultView        | calendar |
 -> done: CommonStepDefinitions.WhenISendAPUTRequestToWithStep("/api/users/prefer...", <table>) (0.0s)
 Then the response status should be 200
 -> error: Expected ((int)LastResponse!.StatusCode) to be 200, but found 404 (difference of 204). (0.0s)
 And the preferences should be saved
 -> No matching step definition found for the step. Use the following code to create one:
         [Then(@"the preferences should be saved")]
         public void ThenThePreferencesShouldBeSaved()
         {
             _scenarioContext.Pending();
         }
 
 And the UI should reflect the new preferences
 -> No matching step definition found for the step. Use the following code to create one:
         [Then(@"the UI should reflect the new preferences")]
         public void ThenTheUIShouldReflectTheNewPreferences()
         {
             _scenarioContext.Pending();
         }
 


[xUnit.net 00:00:04.55]     Handle external service error recovery and maintain reliability [SKIP]
[xUnit.net 00:00:04.55]       No matching step definition found for one or more steps.\nusing System;\r\nusing TechTalk.SpecFlow;\r\n\r\nnamespace MyNamespace\r\n{\r\n    [Binding]\r\n    public class StepDefinitions\r\n    {\r\n        private readonly ScenarioContext _scenarioContext;\r\n\r\n        public StepDefinitions(ScenarioContext scenarioContext)\r\n        {\r\n            _scenarioContext = scenarioContext;\r\n        }\r\n        [Given(@"external service monitoring is active")]\r\n        public void GivenExternalServiceMonitoringIsActive()\r\n        {\r\n            _scenarioContext.Pending();\r\n        }\r\n        \n        [Given(@"fallback mechanisms are implemented")]\r\n        public void GivenFallbackMechanismsAreImplemented()\r\n        {\r\n            _scenarioContext.Pending();\r\n        }\r\n        \n        [Given(@"service health checks are configured")]\r\n        public void GivenServiceHealthChecksAreConfigured()\r\n        {\r\n            _scenarioContext.Pending();\r\n        }\r\n        \n        [Given(@"circuit breaker patterns are deployed")]\r\n        public void GivenCircuitBreakerPatternsAreDeployed()\r\n        {\r\n            _scenarioContext.Pending();\r\n        }\r\n        \n        [Given(@"error handling workflows are established")]\r\n        public void GivenErrorHandlingWorkflowsAreEstablished()\r\n        {\r\n            _scenarioContext.Pending();\r\n        }\r\n        \n        [Given(@"external service errors require comprehensive recovery")]\r\n        public void GivenExternalServiceErrorsRequireComprehensiveRecovery()\r\n        {\r\n            _scenarioContext.Pending();\r\n        }\r\n        \n        [When(@"external service errors occur:")]\r\n        public void WhenExternalServiceErrorsOccur(Table table)\r\n        {\r\n            _scenarioContext.Pending();\r\n        }\r\n        \n        [Then(@"errors should be detected and recovered quickly")]\r\n        public void ThenErrorsShouldBeDetectedAndRecoveredQuickly()\r\n        {\r\n            _scenarioContext.Pending();\r\n        }\r\n        \n        [Then(@"service reliability should be maintained")]\r\n        public void ThenServiceReliabilityShouldBeMaintained()\r\n        {\r\n            _scenarioContext.Pending();\r\n        }\r\n        \n        [Then(@"prevention should be prioritized")]\r\n        public void ThenPreventionShouldBePrioritized()\r\n        {\r\n            _scenarioContext.Pending();\r\n        }\r\n        \n        [Then(@"impact should be minimized")]\r\n        public void ThenImpactShouldBeMinimized()\r\n        {\r\n            _scenarioContext.Pending();\r\n        }\r\n    }\r\n}\r\n
[xUnit.net 00:00:04.55]       Expected response.StatusCode to be HttpStatusCode.OK {value: 200}, but found HttpStatusCode.NotFound {value: 404}.
[xUnit.net 00:00:04.55]       Stack Trace:
[xUnit.net 00:00:04.55]            at FluentAssertions.Execution.XUnit2TestFramework.Throw(String message)
[xUnit.net 00:00:04.55]            at FluentAssertions.Execution.TestFrameworkProvider.Throw(String message)
[xUnit.net 00:00:04.55]            at FluentAssertions.Execution.DefaultAssertionStrategy.HandleFailure(String message)
[xUnit.net 00:00:04.55]            at FluentAssertions.Execution.AssertionScope.FailWith(Func`1 failReasonFunc)
[xUnit.net 00:00:04.55]            at FluentAssertions.Execution.AssertionScope.FailWith(Func`1 failReasonFunc)
[xUnit.net 00:00:04.55]            at FluentAssertions.Execution.AssertionScope.FailWith(String message, Object[] args)
[xUnit.net 00:00:04.55]            at FluentAssertions.Primitives.EnumAssertions`2.Be(TEnum expected, String because, Object[] becauseArgs)
[xUnit.net 00:00:04.55]         /home/srowe/workspace/pediatric-therapy-resource/api/Tests/BDD/StepDefinitions/SecurityTestingSteps.cs(37,0): at TherapyDocs.Api.Tests.BDD.StepDefinitions.SecurityTestingSteps.GivenTheSecuritySystemIsActive()
[xUnit.net 00:00:04.56]            at TechTalk.SpecFlow.Bindings.SynchronousBindingDelegateInvoker.<>c__DisplayClass2_0.<<InvokeBindingDelegateAsync>b__0>d.MoveNext()
[xUnit.net 00:00:04.56]         --- End of stack trace from previous location ---
[xUnit.net 00:00:04.56]            at TechTalk.SpecFlow.Bindings.AsyncHelpers.<>c__DisplayClass1_0`1.<<RunSync>b__0>d.MoveNext()
[xUnit.net 00:00:04.56]         --- End of stack trace from previous location ---
[xUnit.net 00:00:04.56]            at TechTalk.SpecFlow.Bindings.AsyncHelpers.ExclusiveSynchronizationContext.BeginMessageLoop()
[xUnit.net 00:00:04.56]            at TechTalk.SpecFlow.Bindings.AsyncHelpers.RunSync[T](Func`1 task)
[xUnit.net 00:00:04.56]            at TechTalk.SpecFlow.Bindings.SynchronousBindingDelegateInvoker.InvokeBindingDelegateAsync(Delegate bindingDelegate, Object[] invokeArgs)
[xUnit.net 00:00:04.56]            at TechTalk.SpecFlow.Bindings.SynchronousBindingDelegateInvoker.InvokeDelegateSynchronously(Delegate bindingDelegate, Object[] invokeArgs)
[xUnit.net 00:00:04.56]            at TechTalk.SpecFlow.Bindings.BindingInvoker.InvokeBinding(IBinding binding, IContextManager contextManager, Object[] arguments, ITestTracer testTracer, TimeSpan& duration)
[xUnit.net 00:00:04.56]            at TechTalk.SpecFlow.Infrastructure.TestExecutionEngine.ExecuteStepMatch(BindingMatch match, Object[] arguments, TimeSpan& duration)
[xUnit.net 00:00:04.56]            at TechTalk.SpecFlow.Infrastructure.TestExecutionEngine.ExecuteStep(IContextManager contextManager, StepInstance stepInstance)
[xUnit.net 00:00:04.56]            at TechTalk.SpecFlow.Infrastructure.TestExecutionEngine.OnAfterLastStep()
[xUnit.net 00:00:04.56]            at TechTalk.SpecFlow.TestRunner.CollectScenarioErrors()
[xUnit.net 00:00:04.56]            at TherapyDocs.Api.Tests.BDD.Features.Security.AdvancedAuthenticationSecurityFeature.ScenarioCleanup()
[xUnit.net 00:00:04.56]         /home/srowe/workspace/pediatric-therapy-resource/api/Tests/BDD/Features/security/authentication-security.feature(90,0): at TherapyDocs.Api.Tests.BDD.Features.Security.AdvancedAuthenticationSecurityFeature.EnforcePasswordExpirationForSensitiveAccounts()
[xUnit.net 00:00:04.56]            at System.RuntimeMethodHandle.InvokeMethod(Object target, Void** arguments, Signature sig, Boolean isConstructor)
[xUnit.net 00:00:04.56]            at System.Reflection.MethodBaseInvoker.InvokeWithNoArgs(Object obj, BindingFlags invokeAttr)
[xUnit.net 00:00:04.57]       Output:
[xUnit.net 00:00:04.57]         Given the security system is active
[xUnit.net 00:00:04.57]         -> error: Expected response.StatusCode to be HttpStatusCode.OK {value: 200}, but found HttpStatusCode.NotFound {value: 404}. (0.0s)
[xUnit.net 00:00:04.57]         And advanced authentication features are enabled
[xUnit.net 00:00:04.57]         -> skipped because of previous errors
[xUnit.net 00:00:04.57]         And security policies are configured
[xUnit.net 00:00:04.57]         -> skipped because of previous errors
[xUnit.net 00:00:04.57]         Given I am a therapist with access to PHI
[xUnit.net 00:00:04.57]         -> No matching step definition found for the step. Use the following code to create one:
[xUnit.net 00:00:04.57]                 [Given(@"I am a therapist with access to PHI")]
[xUnit.net 00:00:04.57]                 public void GivenIAmATherapistWithAccessToPHI()
[xUnit.net 00:00:04.57]                 {
[xUnit.net 00:00:04.57]                     _scenarioContext.Pending();
[xUnit.net 00:00:04.57]                 }
[xUnit.net 00:00:04.57]         
[xUnit.net 00:00:04.57]         And password expiration is set to 90 days
[xUnit.net 00:00:04.57]         -> No matching step definition found for the step. Use the following code to create one:
[xUnit.net 00:00:04.57]                 [Given(@"password expiration is set to (.*) days")]
[xUnit.net 00:00:04.57]                 public void GivenPasswordExpirationIsSetToDays(int p0)
[xUnit.net 00:00:04.57]                 {
[xUnit.net 00:00:04.57]                     _scenarioContext.Pending();
[xUnit.net 00:00:04.57]                 }
[xUnit.net 00:00:04.57]         
[xUnit.net 00:00:04.57]         And my password was last changed 85 days ago
[xUnit.net 00:00:04.57]         -> No matching step definition found for the step. Use the following code to create one:
[xUnit.net 00:00:04.57]                 [Given(@"my password was last changed (.*) days ago")]
[xUnit.net 00:00:04.57]                 public void GivenMyPasswordWasLastChangedDaysAgo(int p0)
[xUnit.net 00:00:04.57]                 {
[xUnit.net 00:00:04.57]                     _scenarioContext.Pending();
[xUnit.net 00:00:04.57]                 }
[xUnit.net 00:00:04.57]         
[xUnit.net 00:00:04.57]         When I login to the system
[xUnit.net 00:00:04.57]         -> No matching step definition found for the step. Use the following code to create one:
[xUnit.net 00:00:04.57]                 [When(@"I login to the system")]
[xUnit.net 00:00:04.57]                 public void WhenILoginToTheSystem()
[xUnit.net 00:00:04.57]                 {
[xUnit.net 00:00:04.57]                     _scenarioContext.Pending();
[xUnit.net 00:00:04.57]                 }
[xUnit.net 00:00:04.57]         
[xUnit.net 00:00:04.57]         Then I should see password expiration warning
[xUnit.net 00:00:04.57]         -> No matching step definition found for the step. Use the following code to create one:
[xUnit.net 00:00:04.57]                 [Then(@"I should see password expiration warning")]
[xUnit.net 00:00:04.57]                 public void ThenIShouldSeePasswordExpirationWarning()
[xUnit.net 00:00:04.57]                 {
[xUnit.net 00:00:04.57]                     _scenarioContext.Pending();
[xUnit.net 00:00:04.57]                 }
[xUnit.net 00:00:04.57]         
[xUnit.net 00:00:04.57]         And warning should show "5 days remaining"
[xUnit.net 00:00:04.57]         -> No matching step definition found for the step. Use the following code to create one:
[xUnit.net 00:00:04.57]                 [Then(@"warning should show ""(.*)""")]
[xUnit.net 00:00:04.57]                 public void ThenWarningShouldShow(string p0)
[xUnit.net 00:00:04.57]                 {
[xUnit.net 00:00:04.57]                     _scenarioContext.Pending();
[xUnit.net 00:00:04.57]                 }
[xUnit.net 00:00:04.57]         
[xUnit.net 00:00:04.57]         When my password expires (91 days old)
[xUnit.net 00:00:04.57]         -> No matching step definition found for the step. Use the following code to create one:
[xUnit.net 00:00:04.57]                 [When(@"my password expires \((.*) days old\)")]
[xUnit.net 00:00:04.57]                 public void WhenMyPasswordExpiresDaysOld(int p0)
[xUnit.net 00:00:04.57]                 {
[xUnit.net 00:00:04.57]                     _scenarioContext.Pending();
[xUnit.net 00:00:04.57]                 }
[xUnit.net 00:00:04.57]         
[xUnit.net 00:00:04.57]         And I attempt to login
[xUnit.net 00:00:04.57]         -> No matching step definition found for the step. Use the following code to create one:
[xUnit.net 00:00:04.57]                 [When(@"I attempt to login")]
[xUnit.net 00:00:04.57]                 public void WhenIAttemptToLogin()
[xUnit.net 00:00:04.57]                 {
[xUnit.net 00:00:04.57]                     _scenarioContext.Pending();
[xUnit.net 00:00:04.57]                 }
[xUnit.net 00:00:04.57]         
[xUnit.net 00:00:04.57]         Then I should be forced to change password
[xUnit.net 00:00:04.57]         -> No matching step definition found for the step. Use the following code to create one:
[xUnit.net 00:00:04.57]                 [Then(@"I should be forced to change password")]
[xUnit.net 00:00:04.57]                 public void ThenIShouldBeForcedToChangePassword()
[xUnit.net 00:00:04.57]                 {
[xUnit.net 00:00:04.57]                     _scenarioContext.Pending();
[xUnit.net 00:00:04.57]                 }
[xUnit.net 00:00:04.57]         
[xUnit.net 00:00:04.57]         And I cannot access the system until password is updated
[xUnit.net 00:00:04.57]         -> No matching step definition found for the step. Use the following code to create one:
[xUnit.net 00:00:04.57]                 [Then(@"I cannot access the system until password is updated")]
[xUnit.net 00:00:04.57]                 public void ThenICannotAccessTheSystemUntilPasswordIsUpdated()
[xUnit.net 00:00:04.57]                 {
[xUnit.net 00:00:04.57]                     _scenarioContext.Pending();
[xUnit.net 00:00:04.57]                 }
[xUnit.net 00:00:04.57]         
[xUnit.net 00:00:04.58]     Generate predictive insights for quality management [SKIP]
[xUnit.net 00:00:04.58]       No matching step definition found for one or more steps.\nusing System;\r\nusing TechTalk.SpecFlow;\r\n\r\nnamespace MyNamespace\r\n{\r\n    [Binding]\r\n    public class StepDefinitions\r\n    {\r\n        private readonly ScenarioContext _scenarioContext;\r\n\r\n        public StepDefinitions(ScenarioContext scenarioContext)\r\n        {\r\n            _scenarioContext = scenarioContext;\r\n        }\r\n        [Given(@"quality rating system is configured")]\r\n        public void GivenQualityRatingSystemIsConfigured()\r\n        {\r\n            _scenarioContext.Pending();\r\n        }\r\n        \n        [Given(@"review collection is implemented")]\r\n        public void GivenReviewCollectionIsImplemented()\r\n        {\r\n            _scenarioContext.Pending();\r\n        }\r\n        \n        [Given(@"rating algorithms are established")]\r\n        public void GivenRatingAlgorithmsAreEstablished()\r\n        {\r\n            _scenarioContext.Pending();\r\n        }\r\n        \n        [Given(@"quality standards are defined")]\r\n        public void GivenQualityStandardsAreDefined()\r\n        {\r\n            _scenarioContext.Pending();\r\n        }\r\n        \n        [Given(@"moderation tools are available")]\r\n        public void GivenModerationToolsAreAvailable()\r\n        {\r\n            _scenarioContext.Pending();\r\n        }\r\n        \n        [Given(@"predictive insights enable proactive quality management")]\r\n        public void GivenPredictiveInsightsEnableProactiveQualityManagement()\r\n        {\r\n            _scenarioContext.Pending();\r\n        }\r\n        \n        [Given(@"forecasting helps prevent quality issues")]\r\n        public void GivenForecastingHelpsPreventQualityIssues()\r\n        {\r\n            _scenarioContext.Pending();\r\n        }\r\n        \n        [When(@"generating predictive quality insights:")]\r\n        public void WhenGeneratingPredictiveQualityInsights(Table table)\r\n        {\r\n            _scenarioContext.Pending();\r\n        }\r\n        \n        [Then(@"predictions should be statistically sound")]\r\n        public void ThenPredictionsShouldBeStatisticallySound()\r\n        {\r\n            _scenarioContext.Pending();\r\n        }\r\n        \n        [Then(@"accuracy should be continuously improved")]\r\n        public void ThenAccuracyShouldBeContinuouslyImproved()\r\n        {\r\n            _scenarioContext.Pending();\r\n        }\r\n        \n        [Then(@"actions should be data-driven")]\r\n        public void ThenActionsShouldBeData_Driven()\r\n        {\r\n            _scenarioContext.Pending();\r\n        }\r\n        \n        [Then(@"success should be measurable")]\r\n        public void ThenSuccessShouldBeMeasurable()\r\n        {\r\n            _scenarioContext.Pending();\r\n        }\r\n    }\r\n}\r\n
[xUnit.net 00:00:04.60]     Analyze individual product performance and optimization [SKIP]
[xUnit.net 00:00:04.60]       No matching step definition found for one or more steps.\nusing System;\r\nusing TechTalk.SpecFlow;\r\n\r\nnamespace MyNamespace\r\n{\r\n    [Binding]\r\n    public class StepDefinitions\r\n    {\r\n        private readonly ScenarioContext _scenarioContext;\r\n\r\n        public StepDefinitions(ScenarioContext scenarioContext)\r\n        {\r\n            _scenarioContext = scenarioContext;\r\n        }\r\n        [Given(@"seller analytics system is configured")]\r\n        public void GivenSellerAnalyticsSystemIsConfigured()\r\n        {\r\n            _scenarioContext.Pending();\r\n        }\r\n        \n        [Given(@"data collection is comprehensive")]\r\n        public void GivenDataCollectionIsComprehensive()\r\n        {\r\n            _scenarioContext.Pending();\r\n        }\r\n        \n        [Given(@"visualization tools are available")]\r\n        public void GivenVisualizationToolsAreAvailable()\r\n        {\r\n            _scenarioContext.Pending();\r\n        }\r\n        \n        [Given(@"reporting capabilities are functional")]\r\n        public void GivenReportingCapabilitiesAreFunctional()\r\n        {\r\n            _scenarioContext.Pending();\r\n        }\r\n        \n        [Given(@"performance metrics are tracked")]\r\n        public void GivenPerformanceMetricsAreTracked()\r\n        {\r\n            _scenarioContext.Pending();\r\n        }\r\n        \n        [Given(@"product-level analytics drive inventory and pricing decisions")]\r\n        public void GivenProduct_LevelAnalyticsDriveInventoryAndPricingDecisions()\r\n        {\r\n            _scenarioContext.Pending();\r\n        }\r\n        \n        [Given(@"optimization insights improve sales performance")]\r\n        public void GivenOptimizationInsightsImproveSalesPerformance()\r\n        {\r\n            _scenarioContext.Pending();\r\n        }\r\n        \n        [When(@"analyzing product performance:")]\r\n        public void WhenAnalyzingProductPerformance(Table table)\r\n        {\r\n            _scenarioContext.Pending();\r\n        }\r\n        \n        [Then(@"product insights should drive decisions")]\r\n        public void ThenProductInsightsShouldDriveDecisions()\r\n        {\r\n            _scenarioContext.Pending();\r\n        }\r\n        \n        [Then(@"optimization recommendations should be specific")]\r\n        public void ThenOptimizationRecommendationsShouldBeSpecific()\r\n        {\r\n            _scenarioContext.Pending();\r\n        }\r\n        \n        [Then(@"performance tracking should be continuous")]\r\n        public void ThenPerformanceTrackingShouldBeContinuous()\r\n        {\r\n            _scenarioContext.Pending();\r\n        }\r\n        \n        [Then(@"competitive analysis should be comprehensive")]\r\n        public void ThenCompetitiveAnalysisShouldBeComprehensive()\r\n        {\r\n            _scenarioContext.Pending();\r\n        }\r\n    }\r\n}\r\n
[xUnit.net 00:00:04.61]     Deliver Hanen parent-focused intervention [SKIP]
[xUnit.net 00:00:04.61]       No matching step definition found for one or more steps.\nusing System;\r\nusing TechTalk.SpecFlow;\r\n\r\nnamespace MyNamespace\r\n{\r\n    [Binding]\r\n    public class StepDefinitions\r\n    {\r\n        private readonly ScenarioContext _scenarioContext;\r\n\r\n        public StepDefinitions(ScenarioContext scenarioContext)\r\n        {\r\n            _scenarioContext = scenarioContext;\r\n        }\r\n        [Given(@"specialized therapy protocols are available")]\r\n        public void GivenSpecializedTherapyProtocolsAreAvailable()\r\n        {\r\n            _scenarioContext.Pending();\r\n        }\r\n        \n        [Given(@"clinical procedures are documented")]\r\n        public void GivenClinicalProceduresAreDocumented()\r\n        {\r\n            _scenarioContext.Pending();\r\n        }\r\n        \n        [Given(@"fidelity tracking is enabled")]\r\n        public void GivenFidelityTrackingIsEnabled()\r\n        {\r\n            _scenarioContext.Pending();\r\n        }\r\n        \n        [Given(@"outcome measurements are integrated")]\r\n        public void GivenOutcomeMeasurementsAreIntegrated()\r\n        {\r\n            _scenarioContext.Pending();\r\n        }\r\n        \n        [Given(@"training requirements are defined")]\r\n        public void GivenTrainingRequirementsAreDefined()\r\n        {\r\n            _scenarioContext.Pending();\r\n        }\r\n        \n        [Given(@"Hanen empowers parents as primary interventionists")]\r\n        public void GivenHanenEmpowersParentsAsPrimaryInterventionists()\r\n        {\r\n            _scenarioContext.Pending();\r\n        }\r\n        \n        [Given(@"parent coaching is central")]\r\n        public void GivenParentCoachingIsCentral()\r\n        {\r\n            _scenarioContext.Pending();\r\n        }\r\n        \n        [When(@"implementing Hanen strategies:")]\r\n        public void WhenImplementingHanenStrategies(Table table)\r\n        {\r\n            _scenarioContext.Pending();\r\n        }\r\n        \n        [Then(@"parents should feel empowered")]\r\n        public void ThenParentsShouldFeelEmpowered()\r\n        {\r\n            _scenarioContext.Pending();\r\n        }\r\n        \n        [Then(@"strategies should be implemented")]\r\n        public void ThenStrategiesShouldBeImplemented()\r\n        {\r\n            _scenarioContext.Pending();\r\n        }\r\n        \n        [Then(@"interactions should improve")]\r\n        public void ThenInteractionsShouldImprove()\r\n        {\r\n            _scenarioContext.Pending();\r\n        }\r\n        \n        [Then(@"communication should develop")]\r\n        public void ThenCommunicationShouldDevelop()\r\n        {\r\n            _scenarioContext.Pending();\r\n        }\r\n    }\r\n}\r\n
  Skipped Handle external service error recovery and maintain reliability [1 ms]
  Failed Enforce password expiration for sensitive accounts [344 ms]
  Error Message:
   Expected response.StatusCode to be HttpStatusCode.OK {value: 200}, but found HttpStatusCode.NotFound {value: 404}.
  Stack Trace:
     at FluentAssertions.Execution.XUnit2TestFramework.Throw(String message)
   at FluentAssertions.Execution.TestFrameworkProvider.Throw(String message)
   at FluentAssertions.Execution.DefaultAssertionStrategy.HandleFailure(String message)
   at FluentAssertions.Execution.AssertionScope.FailWith(Func`1 failReasonFunc)
   at FluentAssertions.Execution.AssertionScope.FailWith(Func`1 failReasonFunc)
   at FluentAssertions.Execution.AssertionScope.FailWith(String message, Object[] args)
   at FluentAssertions.Primitives.EnumAssertions`2.Be(TEnum expected, String because, Object[] becauseArgs)
   at TherapyDocs.Api.Tests.BDD.StepDefinitions.SecurityTestingSteps.GivenTheSecuritySystemIsActive() in /home/srowe/workspace/pediatric-therapy-resource/api/Tests/BDD/StepDefinitions/SecurityTestingSteps.cs:line 37
   at TechTalk.SpecFlow.Bindings.SynchronousBindingDelegateInvoker.<>c__DisplayClass2_0.<<InvokeBindingDelegateAsync>b__0>d.MoveNext()
--- End of stack trace from previous location ---
   at TechTalk.SpecFlow.Bindings.AsyncHelpers.<>c__DisplayClass1_0`1.<<RunSync>b__0>d.MoveNext()
--- End of stack trace from previous location ---
   at TechTalk.SpecFlow.Bindings.AsyncHelpers.ExclusiveSynchronizationContext.BeginMessageLoop()
   at TechTalk.SpecFlow.Bindings.AsyncHelpers.RunSync[T](Func`1 task)
   at TechTalk.SpecFlow.Bindings.SynchronousBindingDelegateInvoker.InvokeBindingDelegateAsync(Delegate bindingDelegate, Object[] invokeArgs)
   at TechTalk.SpecFlow.Bindings.SynchronousBindingDelegateInvoker.InvokeDelegateSynchronously(Delegate bindingDelegate, Object[] invokeArgs)
   at TechTalk.SpecFlow.Bindings.BindingInvoker.InvokeBinding(IBinding binding, IContextManager contextManager, Object[] arguments, ITestTracer testTracer, TimeSpan& duration)
   at TechTalk.SpecFlow.Infrastructure.TestExecutionEngine.ExecuteStepMatch(BindingMatch match, Object[] arguments, TimeSpan& duration)
   at TechTalk.SpecFlow.Infrastructure.TestExecutionEngine.ExecuteStep(IContextManager contextManager, StepInstance stepInstance)
   at TechTalk.SpecFlow.Infrastructure.TestExecutionEngine.OnAfterLastStep()
   at TechTalk.SpecFlow.TestRunner.CollectScenarioErrors()
   at TherapyDocs.Api.Tests.BDD.Features.Security.AdvancedAuthenticationSecurityFeature.ScenarioCleanup()
   at TherapyDocs.Api.Tests.BDD.Features.Security.AdvancedAuthenticationSecurityFeature.EnforcePasswordExpirationForSensitiveAccounts() in /home/srowe/workspace/pediatric-therapy-resource/api/Tests/BDD/Features/security/authentication-security.feature:line 90
   at System.RuntimeMethodHandle.InvokeMethod(Object target, Void** arguments, Signature sig, Boolean isConstructor)
   at System.Reflection.MethodBaseInvoker.InvokeWithNoArgs(Object obj, BindingFlags invokeAttr)
  Standard Output Messages:
 Given the security system is active
 -> error: Expected response.StatusCode to be HttpStatusCode.OK {value: 200}, but found HttpStatusCode.NotFound {value: 404}. (0.0s)
 And advanced authentication features are enabled
 -> skipped because of previous errors
 And security policies are configured
 -> skipped because of previous errors
 Given I am a therapist with access to PHI
 -> No matching step definition found for the step. Use the following code to create one:
         [Given(@"I am a therapist with access to PHI")]
         public void GivenIAmATherapistWithAccessToPHI()
         {
             _scenarioContext.Pending();
         }
 
 And password expiration is set to 90 days
 -> No matching step definition found for the step. Use the following code to create one:
         [Given(@"password expiration is set to (.*) days")]
         public void GivenPasswordExpirationIsSetToDays(int p0)
         {
             _scenarioContext.Pending();
         }
 
 And my password was last changed 85 days ago
 -> No matching step definition found for the step. Use the following code to create one:
         [Given(@"my password was last changed (.*) days ago")]
         public void GivenMyPasswordWasLastChangedDaysAgo(int p0)
         {
             _scenarioContext.Pending();
         }
 
 When I login to the system
 -> No matching step definition found for the step. Use the following code to create one:
         [When(@"I login to the system")]
         public void WhenILoginToTheSystem()
         {
             _scenarioContext.Pending();
         }
 
 Then I should see password expiration warning
 -> No matching step definition found for the step. Use the following code to create one:
         [Then(@"I should see password expiration warning")]
         public void ThenIShouldSeePasswordExpirationWarning()
         {
             _scenarioContext.Pending();
         }
 
 And warning should show "5 days remaining"
 -> No matching step definition found for the step. Use the following code to create one:
         [Then(@"warning should show ""(.*)""")]
         public void ThenWarningShouldShow(string p0)
         {
             _scenarioContext.Pending();
         }
 
 When my password expires (91 days old)
 -> No matching step definition found for the step. Use the following code to create one:
         [When(@"my password expires \((.*) days old\)")]
         public void WhenMyPasswordExpiresDaysOld(int p0)
         {
             _scenarioContext.Pending();
         }
 
 And I attempt to login
 -> No matching step definition found for the step. Use the following code to create one:
         [When(@"I attempt to login")]
         public void WhenIAttemptToLogin()
         {
             _scenarioContext.Pending();
         }
 
 Then I should be forced to change password
 -> No matching step definition found for the step. Use the following code to create one:
         [Then(@"I should be forced to change password")]
         public void ThenIShouldBeForcedToChangePassword()
         {
             _scenarioContext.Pending();
         }
 
 And I cannot access the system until password is updated
 -> No matching step definition found for the step. Use the following code to create one:
         [Then(@"I cannot access the system until password is updated")]
         public void ThenICannotAccessTheSystemUntilPasswordIsUpdated()
         {
             _scenarioContext.Pending();
         }
 


  Skipped Generate predictive insights for quality management [1 ms]
  Skipped Analyze individual product performance and optimization [1 ms]
  Skipped Deliver Hanen parent-focused intervention [1 ms]
[xUnit.net 00:00:04.63]       Expected response.StatusCode to be HttpStatusCode.OK {value: 200}, but found HttpStatusCode.NotFound {value: 404}.
[xUnit.net 00:00:04.63]       Stack Trace:
[xUnit.net 00:00:04.63]            at FluentAssertions.Execution.XUnit2TestFramework.Throw(String message)
[xUnit.net 00:00:04.63]            at FluentAssertions.Execution.TestFrameworkProvider.Throw(String message)
[xUnit.net 00:00:04.63]            at FluentAssertions.Execution.DefaultAssertionStrategy.HandleFailure(String message)
[xUnit.net 00:00:04.63]            at FluentAssertions.Execution.AssertionScope.FailWith(Func`1 failReasonFunc)
[xUnit.net 00:00:04.63]            at FluentAssertions.Execution.AssertionScope.FailWith(Func`1 failReasonFunc)
[xUnit.net 00:00:04.63]            at FluentAssertions.Execution.AssertionScope.FailWith(String message, Object[] args)
[xUnit.net 00:00:04.63]            at FluentAssertions.Primitives.EnumAssertions`2.Be(TEnum expected, String because, Object[] becauseArgs)
[xUnit.net 00:00:04.63]         /home/srowe/workspace/pediatric-therapy-resource/api/Tests/BDD/StepDefinitions/PciDssComplianceSteps.cs(37,0): at TherapyDocs.Api.Tests.BDD.StepDefinitions.PciDssComplianceSteps.GivenPciDssComplianceSystemsAreOperational()
[xUnit.net 00:00:04.63]            at TechTalk.SpecFlow.Bindings.SynchronousBindingDelegateInvoker.<>c__DisplayClass2_0.<<InvokeBindingDelegateAsync>b__0>d.MoveNext()
[xUnit.net 00:00:04.63]         --- End of stack trace from previous location ---
[xUnit.net 00:00:04.63]            at TechTalk.SpecFlow.Bindings.AsyncHelpers.<>c__DisplayClass1_0`1.<<RunSync>b__0>d.MoveNext()
[xUnit.net 00:00:04.63]         --- End of stack trace from previous location ---
[xUnit.net 00:00:04.63]            at TechTalk.SpecFlow.Bindings.AsyncHelpers.ExclusiveSynchronizationContext.BeginMessageLoop()
[xUnit.net 00:00:04.63]            at TechTalk.SpecFlow.Bindings.AsyncHelpers.RunSync[T](Func`1 task)
[xUnit.net 00:00:04.63]            at TechTalk.SpecFlow.Bindings.SynchronousBindingDelegateInvoker.InvokeBindingDelegateAsync(Delegate bindingDelegate, Object[] invokeArgs)
[xUnit.net 00:00:04.63]            at TechTalk.SpecFlow.Bindings.SynchronousBindingDelegateInvoker.InvokeDelegateSynchronously(Delegate bindingDelegate, Object[] invokeArgs)
[xUnit.net 00:00:04.63]            at TechTalk.SpecFlow.Bindings.BindingInvoker.InvokeBinding(IBinding binding, IContextManager contextManager, Object[] arguments, ITestTracer testTracer, TimeSpan& duration)
[xUnit.net 00:00:04.63]            at TechTalk.SpecFlow.Infrastructure.TestExecutionEngine.ExecuteStepMatch(BindingMatch match, Object[] arguments, TimeSpan& duration)
[xUnit.net 00:00:04.63]            at TechTalk.SpecFlow.Infrastructure.TestExecutionEngine.ExecuteStep(IContextManager contextManager, StepInstance stepInstance)
[xUnit.net 00:00:04.63]            at TechTalk.SpecFlow.Infrastructure.TestExecutionEngine.OnAfterLastStep()
[xUnit.net 00:00:04.63]            at TechTalk.SpecFlow.TestRunner.CollectScenarioErrors()
[xUnit.net 00:00:04.63]            at TherapyDocs.Api.Tests.BDD.Features.Compliance.PCIDSSComplianceAndPaymentCardSecurityFeature.ScenarioCleanup()
[xUnit.net 00:00:04.63]         /home/srowe/workspace/pediatric-therapy-resource/api/Tests/BDD/Features/compliance/pci-dss.feature(98,0): at TherapyDocs.Api.Tests.BDD.Features.Compliance.PCIDSSComplianceAndPaymentCardSecurityFeature.MonitorAndLogAllAccessToCardholderData()
[xUnit.net 00:00:04.63]            at System.RuntimeMethodHandle.InvokeMethod(Object target, Void** arguments, Signature sig, Boolean isConstructor)
[xUnit.net 00:00:04.63]            at System.Reflection.MethodBaseInvoker.InvokeWithNoArgs(Object obj, BindingFlags invokeAttr)
[xUnit.net 00:00:04.63]       Output:
[xUnit.net 00:00:04.63]         Given PCI DSS compliance systems are operational
[xUnit.net 00:00:04.63]         -> error: Expected response.StatusCode to be HttpStatusCode.OK {value: 200}, but found HttpStatusCode.NotFound {value: 404}. (0.0s)
[xUnit.net 00:00:04.63]         And cardholder data environment (CDE) is defined
[xUnit.net 00:00:04.63]         -> No matching step definition found for the step. Use the following code to create one:
[xUnit.net 00:00:04.63]                 [Given(@"cardholder data environment \(CDE\) is defined")]
[xUnit.net 00:00:04.63]                 public void GivenCardholderDataEnvironmentCDEIsDefined()
[xUnit.net 00:00:04.63]                 {
[xUnit.net 00:00:04.63]                     _scenarioContext.Pending();
[xUnit.net 00:00:04.63]                 }
[xUnit.net 00:00:04.63]         
[xUnit.net 00:00:04.63]         And network segmentation is implemented
[xUnit.net 00:00:04.63]         -> No matching step definition found for the step. Use the following code to create one:
[xUnit.net 00:00:04.63]                 [Given(@"network segmentation is implemented")]
[xUnit.net 00:00:04.63]                 public void GivenNetworkSegmentationIsImplemented()
[xUnit.net 00:00:04.63]                 {
[xUnit.net 00:00:04.63]                     _scenarioContext.Pending();
[xUnit.net 00:00:04.63]                 }
[xUnit.net 00:00:04.63]         
[xUnit.net 00:00:04.63]         And encryption mechanisms are active
[xUnit.net 00:00:04.63]         -> No matching step definition found for the step. Use the following code to create one:
[xUnit.net 00:00:04.63]                 [Given(@"encryption mechanisms are active")]
[xUnit.net 00:00:04.63]                 public void GivenEncryptionMechanismsAreActive()
[xUnit.net 00:00:04.63]                 {
[xUnit.net 00:00:04.63]                     _scenarioContext.Pending();
[xUnit.net 00:00:04.63]                 }
[xUnit.net 00:00:04.63]         
[xUnit.net 00:00:04.63]         And security controls are configured
[xUnit.net 00:00:04.63]         -> No matching step definition found for the step. Use the following code to create one:
[xUnit.net 00:00:04.63]                 [Given(@"security controls are configured")]
[xUnit.net 00:00:04.63]                 public void GivenSecurityControlsAreConfigured()
[xUnit.net 00:00:04.63]                 {
[xUnit.net 00:00:04.63]                     _scenarioContext.Pending();
[xUnit.net 00:00:04.63]                 }
[xUnit.net 00:00:04.63]         
[xUnit.net 00:00:04.63]         Given all CDE access must be logged and monitored
[xUnit.net 00:00:04.63]         -> No matching step definition found for the step. Use the following code to create one:
[xUnit.net 00:00:04.63]                 [Given(@"all CDE access must be logged and monitored")]
[xUnit.net 00:00:04.63]                 public void GivenAllCDEAccessMustBeLoggedAndMonitored()
[xUnit.net 00:00:04.63]                 {
[xUnit.net 00:00:04.63]                     _scenarioContext.Pending();
[xUnit.net 00:00:04.63]                 }
[xUnit.net 00:00:04.63]         
[xUnit.net 00:00:04.63]         And logs must be protected and retained
[xUnit.net 00:00:04.63]         -> No matching step definition found for the step. Use the following code to create one:
[xUnit.net 00:00:04.63]                 [Given(@"logs must be protected and retained")]
[xUnit.net 00:00:04.63]                 public void GivenLogsMustBeProtectedAndRetained()
[xUnit.net 00:00:04.63]                 {
[xUnit.net 00:00:04.63]                     _scenarioContext.Pending();
[xUnit.net 00:00:04.63]                 }
[xUnit.net 00:00:04.63]         
[xUnit.net 00:00:04.63]         When implementing logging:
[xUnit.net 00:00:04.63]           --- table step argument ---
[xUnit.net 00:00:04.63]           | Log Type             | Data Captured          | Retention Period | Protection Method    | Analysis Method      | Alert Triggers       |
[xUnit.net 00:00:04.63]           | User access logs     | Login/logout, commands | 1 year minimum   | Encrypted, immutable | SIEM correlation     | Anomalous access     |
[xUnit.net 00:00:04.63]           | Administrator logs   | All privileged actions | 1 year minimum   | Separate storage     | Privileged analytics | Unauthorized changes |
[xUnit.net 00:00:04.63]           | Security events      | IDS/IPS, anti-malware  | 1 year minimum   | Centralized logging  | Threat detection     | Security incidents   |
[xUnit.net 00:00:04.63]           | Application logs     | Cardholder data access | 1 year minimum   | Secure transmission  | Transaction analysis | Data breaches        |
[xUnit.net 00:00:04.64]           | System logs          | System events, changes | 1 year minimum   | Log integrity        | Change detection     | System compromise    |
[xUnit.net 00:00:04.64]           | Physical access logs | Facility entry/exit    | 3 months minimum | Secured storage      | Access patterns      | Unauthorized entry   |
[xUnit.net 00:00:04.64]         -> No matching step definition found for the step. Use the following code to create one:
[xUnit.net 00:00:04.64]                 [When(@"implementing logging:")]
[xUnit.net 00:00:04.64]                 public void WhenImplementingLogging(Table table)
[xUnit.net 00:00:04.64]                 {
[xUnit.net 00:00:04.64]                     _scenarioContext.Pending();
[xUnit.net 00:00:04.64]                 }
[xUnit.net 00:00:04.64]         
[xUnit.net 00:00:04.64]         Then logging should capture all access
[xUnit.net 00:00:04.64]         -> No matching step definition found for the step. Use the following code to create one:
[xUnit.net 00:00:04.64]                 [Then(@"logging should capture all access")]
[xUnit.net 00:00:04.64]                 public void ThenLoggingShouldCaptureAllAccess()
[xUnit.net 00:00:04.64]                 {
[xUnit.net 00:00:04.64]                     _scenarioContext.Pending();
[xUnit.net 00:00:04.64]                 }
[xUnit.net 00:00:04.64]         
[xUnit.net 00:00:04.64]         And logs should be protected
[xUnit.net 00:00:04.64]         -> No matching step definition found for the step. Use the following code to create one:
[xUnit.net 00:00:04.64]                 [Then(@"logs should be protected")]
[xUnit.net 00:00:04.64]                 public void ThenLogsShouldBeProtected()
[xUnit.net 00:00:04.64]                 {
[xUnit.net 00:00:04.64]                     _scenarioContext.Pending();
[xUnit.net 00:00:04.64]                 }
[xUnit.net 00:00:04.64]         
[xUnit.net 00:00:04.64]         And analysis should detect anomalies
[xUnit.net 00:00:04.64]         -> No matching step definition found for the step. Use the following code to create one:
[xUnit.net 00:00:04.64]                 [Then(@"analysis should detect anomalies")]
[xUnit.net 00:00:04.64]                 public void ThenAnalysisShouldDetectAnomalies()
[xUnit.net 00:00:04.64]                 {
[xUnit.net 00:00:04.64]                     _scenarioContext.Pending();
[xUnit.net 00:00:04.64]                 }
[xUnit.net 00:00:04.64]         
[xUnit.net 00:00:04.64]         And retention should meet requirements
[xUnit.net 00:00:04.64]         -> No matching step definition found for the step. Use the following code to create one:
[xUnit.net 00:00:04.64]                 [Then(@"retention should meet requirements")]
[xUnit.net 00:00:04.64]                 public void ThenRetentionShouldMeetRequirements()
[xUnit.net 00:00:04.64]                 {
[xUnit.net 00:00:04.64]                     _scenarioContext.Pending();
[xUnit.net 00:00:04.64]                 }
[xUnit.net 00:00:04.64]         
[xUnit.net 00:00:04.64]     Monitor outcome quality by caseload [SKIP]
[xUnit.net 00:00:04.64]       No matching step definition found for one or more steps.\nusing System;\r\nusing TechTalk.SpecFlow;\r\n\r\nnamespace MyNamespace\r\n{\r\n    [Binding]\r\n    public class StepDefinitions\r\n    {\r\n        private readonly ScenarioContext _scenarioContext;\r\n\r\n        public StepDefinitions(ScenarioContext scenarioContext)\r\n        {\r\n            _scenarioContext = scenarioContext;\r\n        }\r\n        [Given(@"I am logged in as therapy coordinator")]\r\n        public void GivenIAmLoggedInAsTherapyCoordinator()\r\n        {\r\n            _scenarioContext.Pending();\r\n        }\r\n        \n        [Given(@"the following therapists are active:")]\r\n        public void GivenTheFollowingTherapistsAreActive(Table table)\r\n        {\r\n            _scenarioContext.Pending();\r\n        }\r\n        \n        [Given(@"quality metrics are tracked")]\r\n        public void GivenQualityMetricsAreTracked()\r\n        {\r\n            _scenarioContext.Pending();\r\n        }\r\n        \n        [When(@"I analyze outcomes by caseload size")]\r\n        public void WhenIAnalyzeOutcomesByCaseloadSize()\r\n        {\r\n            _scenarioContext.Pending();\r\n        }\r\n        \n        [Then(@"data shows:")]\r\n        public void ThenDataShows(Table table)\r\n        {\r\n            _scenarioContext.Pending();\r\n        }\r\n        \n        [Then(@"correlation suggests optimal at (.*)")]\r\n        public void ThenCorrelationSuggestsOptimalAt(string p0)\r\n        {\r\n            _scenarioContext.Pending();\r\n        }\r\n    }\r\n}\r\n
[xUnit.net 00:00:04.64]     Ensure sustainable synchronization systems and long-term viability [SKIP]
[xUnit.net 00:00:04.64]       No matching step definition found for one or more steps.\nusing System;\r\nusing TechTalk.SpecFlow;\r\n\r\nnamespace MyNamespace\r\n{\r\n    [Binding]\r\n    public class StepDefinitions\r\n    {\r\n        private readonly ScenarioContext _scenarioContext;\r\n\r\n        public StepDefinitions(ScenarioContext scenarioContext)\r\n        {\r\n            _scenarioContext = scenarioContext;\r\n        }\r\n        [Given(@"cross-device synchronization is enabled")]\r\n        public void GivenCross_DeviceSynchronizationIsEnabled()\r\n        {\r\n            _scenarioContext.Pending();\r\n        }\r\n        \n        [Given(@"multi-device support systems are operational")]\r\n        public void GivenMulti_DeviceSupportSystemsAreOperational()\r\n        {\r\n            _scenarioContext.Pending();\r\n        }\r\n        \n        [Given(@"device registration and management are available")]\r\n        public void GivenDeviceRegistrationAndManagementAreAvailable()\r\n        {\r\n            _scenarioContext.Pending();\r\n        }\r\n        \n        [Given(@"conflict resolution mechanisms are implemented")]\r\n        public void GivenConflictResolutionMechanismsAreImplemented()\r\n        {\r\n            _scenarioContext.Pending();\r\n        }\r\n        \n        [Given(@"secure sync protocols are configured")]\r\n        public void GivenSecureSyncProtocolsAreConfigured()\r\n        {\r\n            _scenarioContext.Pending();\r\n        }\r\n        \n        [Given(@"sync systems require ongoing maintenance")]\r\n        public void GivenSyncSystemsRequireOngoingMaintenance()\r\n        {\r\n            _scenarioContext.Pending();\r\n        }\r\n        \n        [When(@"planning sync sustainability:")]\r\n        public void WhenPlanningSyncSustainability(Table table)\r\n        {\r\n            _scenarioContext.Pending();\r\n        }\r\n        \n        [Then(@"sustainability should be systematically planned")]\r\n        public void ThenSustainabilityShouldBeSystematicallyPlanned()\r\n        {\r\n            _scenarioContext.Pending();\r\n        }\r\n        \n        [Then(@"strategies should address long-term challenges")]\r\n        public void ThenStrategiesShouldAddressLong_TermChallenges()\r\n        {\r\n            _scenarioContext.Pending();\r\n        }\r\n        \n        [Then(@"resources should scale with growth")]\r\n        public void ThenResourcesShouldScaleWithGrowth()\r\n        {\r\n            _scenarioContext.Pending();\r\n        }\r\n        \n        [Then(@"viability should be ensured")]\r\n        public void ThenViabilityShouldBeEnsured()\r\n        {\r\n            _scenarioContext.Pending();\r\n        }\r\n    }\r\n}\r\n
[xUnit.net 00:00:04.64]     Ensure keyboard navigation accessibility and motor accommodation [SKIP]
[xUnit.net 00:00:04.64]       No matching step definition found for one or more steps.\nusing System;\r\nusing TechTalk.SpecFlow;\r\n\r\nnamespace MyNamespace\r\n{\r\n    [Binding]\r\n    public class StepDefinitions\r\n    {\r\n        private readonly ScenarioContext _scenarioContext;\r\n\r\n        public StepDefinitions(ScenarioContext scenarioContext)\r\n        {\r\n            _scenarioContext = scenarioContext;\r\n        }\r\n        [Given(@"accessibility error handling systems are active")]\r\n        public void GivenAccessibilityErrorHandlingSystemsAreActive()\r\n        {\r\n            _scenarioContext.Pending();\r\n        }\r\n        \n        [Given(@"inclusive design principles are implemented")]\r\n        public void GivenInclusiveDesignPrinciplesAreImplemented()\r\n        {\r\n            _scenarioContext.Pending();\r\n        }\r\n        \n        [Given(@"assistive technology integration is functional")]\r\n        public void GivenAssistiveTechnologyIntegrationIsFunctional()\r\n        {\r\n            _scenarioContext.Pending();\r\n        }\r\n        \n        [Given(@"accessibility compliance monitoring is operational")]\r\n        public void GivenAccessibilityComplianceMonitoringIsOperational()\r\n        {\r\n            _scenarioContext.Pending();\r\n        }\r\n        \n        [Given(@"user accommodation systems are available")]\r\n        public void GivenUserAccommodationSystemsAreAvailable()\r\n        {\r\n            _scenarioContext.Pending();\r\n        }\r\n        \n        [Given(@"keyboard-only users require complete navigation capability")]\r\n        public void GivenKeyboard_OnlyUsersRequireCompleteNavigationCapability()\r\n        {\r\n            _scenarioContext.Pending();\r\n        }\r\n        \n        [Given(@"motor accessibility accommodates diverse input methods")]\r\n        public void GivenMotorAccessibilityAccommodatesDiverseInputMethods()\r\n        {\r\n            _scenarioContext.Pending();\r\n        }\r\n        \n        [When(@"implementing keyboard accessibility:")]\r\n        public void WhenImplementingKeyboardAccessibility(Table table)\r\n        {\r\n            _scenarioContext.Pending();\r\n        }\r\n        \n        [Then(@"keyboard support should be complete")]\r\n        public void ThenKeyboardSupportShouldBeComplete()\r\n        {\r\n            _scenarioContext.Pending();\r\n        }\r\n        \n        [Then(@"focus management should be logical")]\r\n        public void ThenFocusManagementShouldBeLogical()\r\n        {\r\n            _scenarioContext.Pending();\r\n        }\r\n        \n        [Then(@"shortcuts should enhance efficiency")]\r\n        public void ThenShortcutsShouldEnhanceEfficiency()\r\n        {\r\n            _scenarioContext.Pending();\r\n        }\r\n        \n        [Then(@"motor assistance should accommodate diverse needs")]\r\n        public void ThenMotorAssistanceShouldAccommodateDiverseNeeds()\r\n        {\r\n            _scenarioContext.Pending();\r\n        }\r\n    }\r\n}\r\n
[xUnit.net 00:00:04.67]     Optimize video content delivery network performance [SKIP]
[xUnit.net 00:00:04.67]       No matching step definition found for one or more steps.\nusing System;\r\nusing TechTalk.SpecFlow;\r\n\r\nnamespace MyNamespace\r\n{\r\n    [Binding]\r\n    public class StepDefinitions\r\n    {\r\n        private readonly ScenarioContext _scenarioContext;\r\n\r\n        public StepDefinitions(ScenarioContext scenarioContext)\r\n        {\r\n            _scenarioContext = scenarioContext;\r\n        }\r\n        [Then(@"CDN should significantly improve delivery performance")]\r\n        public void ThenCDNShouldSignificantlyImproveDeliveryPerformance()\r\n        {\r\n            _scenarioContext.Pending();\r\n        }\r\n        \n        [Then(@"cache hit rates should be optimized for content types")]\r\n        public void ThenCacheHitRatesShouldBeOptimizedForContentTypes()\r\n        {\r\n            _scenarioContext.Pending();\r\n        }\r\n        \n        [Then(@"global distribution should reduce latency")]\r\n        public void ThenGlobalDistributionShouldReduceLatency()\r\n        {\r\n            _scenarioContext.Pending();\r\n        }\r\n        \n        [Then(@"compression should balance quality and bandwidth")]\r\n        public void ThenCompressionShouldBalanceQualityAndBandwidth()\r\n        {\r\n            _scenarioContext.Pending();\r\n        }\r\n    }\r\n}\r\n
  Failed Monitor and log all access to cardholder data [445 ms]
  Error Message:
   Expected response.StatusCode to be HttpStatusCode.OK {value: 200}, but found HttpStatusCode.NotFound {value: 404}.
  Stack Trace:
     at FluentAssertions.Execution.XUnit2TestFramework.Throw(String message)
   at FluentAssertions.Execution.TestFrameworkProvider.Throw(String message)
   at FluentAssertions.Execution.DefaultAssertionStrategy.HandleFailure(String message)
   at FluentAssertions.Execution.AssertionScope.FailWith(Func`1 failReasonFunc)
   at FluentAssertions.Execution.AssertionScope.FailWith(Func`1 failReasonFunc)
   at FluentAssertions.Execution.AssertionScope.FailWith(String message, Object[] args)
   at FluentAssertions.Primitives.EnumAssertions`2.Be(TEnum expected, String because, Object[] becauseArgs)
   at TherapyDocs.Api.Tests.BDD.StepDefinitions.PciDssComplianceSteps.GivenPciDssComplianceSystemsAreOperational() in /home/srowe/workspace/pediatric-therapy-resource/api/Tests/BDD/StepDefinitions/PciDssComplianceSteps.cs:line 37
   at TechTalk.SpecFlow.Bindings.SynchronousBindingDelegateInvoker.<>c__DisplayClass2_0.<<InvokeBindingDelegateAsync>b__0>d.MoveNext()
--- End of stack trace from previous location ---
   at TechTalk.SpecFlow.Bindings.AsyncHelpers.<>c__DisplayClass1_0`1.<<RunSync>b__0>d.MoveNext()
--- End of stack trace from previous location ---
   at TechTalk.SpecFlow.Bindings.AsyncHelpers.ExclusiveSynchronizationContext.BeginMessageLoop()
   at TechTalk.SpecFlow.Bindings.AsyncHelpers.RunSync[T](Func`1 task)
   at TechTalk.SpecFlow.Bindings.SynchronousBindingDelegateInvoker.InvokeBindingDelegateAsync(Delegate bindingDelegate, Object[] invokeArgs)
   at TechTalk.SpecFlow.Bindings.SynchronousBindingDelegateInvoker.InvokeDelegateSynchronously(Delegate bindingDelegate, Object[] invokeArgs)
   at TechTalk.SpecFlow.Bindings.BindingInvoker.InvokeBinding(IBinding binding, IContextManager contextManager, Object[] arguments, ITestTracer testTracer, TimeSpan& duration)
   at TechTalk.SpecFlow.Infrastructure.TestExecutionEngine.ExecuteStepMatch(BindingMatch match, Object[] arguments, TimeSpan& duration)
   at TechTalk.SpecFlow.Infrastructure.TestExecutionEngine.ExecuteStep(IContextManager contextManager, StepInstance stepInstance)
   at TechTalk.SpecFlow.Infrastructure.TestExecutionEngine.OnAfterLastStep()
   at TechTalk.SpecFlow.TestRunner.CollectScenarioErrors()
   at TherapyDocs.Api.Tests.BDD.Features.Compliance.PCIDSSComplianceAndPaymentCardSecurityFeature.ScenarioCleanup()
   at TherapyDocs.Api.Tests.BDD.Features.Compliance.PCIDSSComplianceAndPaymentCardSecurityFeature.MonitorAndLogAllAccessToCardholderData() in /home/srowe/workspace/pediatric-therapy-resource/api/Tests/BDD/Features/compliance/pci-dss.feature:line 98
   at System.RuntimeMethodHandle.InvokeMethod(Object target, Void** arguments, Signature sig, Boolean isConstructor)
   at System.Reflection.MethodBaseInvoker.InvokeWithNoArgs(Object obj, BindingFlags invokeAttr)
  Standard Output Messages:
 Given PCI DSS compliance systems are operational
 -> error: Expected response.StatusCode to be HttpStatusCode.OK {value: 200}, but found HttpStatusCode.NotFound {value: 404}. (0.0s)
 And cardholder data environment (CDE) is defined
 -> No matching step definition found for the step. Use the following code to create one:
         [Given(@"cardholder data environment \(CDE\) is defined")]
         public void GivenCardholderDataEnvironmentCDEIsDefined()
         {
             _scenarioContext.Pending();
         }
 
 And network segmentation is implemented
 -> No matching step definition found for the step. Use the following code to create one:
         [Given(@"network segmentation is implemented")]
         public void GivenNetworkSegmentationIsImplemented()
         {
             _scenarioContext.Pending();
         }
 
 And encryption mechanisms are active
 -> No matching step definition found for the step. Use the following code to create one:
         [Given(@"encryption mechanisms are active")]
         public void GivenEncryptionMechanismsAreActive()
         {
             _scenarioContext.Pending();
         }
 
 And security controls are configured
 -> No matching step definition found for the step. Use the following code to create one:
         [Given(@"security controls are configured")]
         public void GivenSecurityControlsAreConfigured()
         {
             _scenarioContext.Pending();
         }
 
 Given all CDE access must be logged and monitored
 -> No matching step definition found for the step. Use the following code to create one:
         [Given(@"all CDE access must be logged and monitored")]
         public void GivenAllCDEAccessMustBeLoggedAndMonitored()
         {
             _scenarioContext.Pending();
         }
 
 And logs must be protected and retained
 -> No matching step definition found for the step. Use the following code to create one:
         [Given(@"logs must be protected and retained")]
         public void GivenLogsMustBeProtectedAndRetained()
         {
             _scenarioContext.Pending();
         }
 
 When implementing logging:
   --- table step argument ---
   | Log Type             | Data Captured          | Retention Period | Protection Method    | Analysis Method      | Alert Triggers       |
   | User access logs     | Login/logout, commands | 1 year minimum   | Encrypted, immutable | SIEM correlation     | Anomalous access     |
   | Administrator logs   | All privileged actions | 1 year minimum   | Separate storage     | Privileged analytics | Unauthorized changes |
   | Security events      | IDS/IPS, anti-malware  | 1 year minimum   | Centralized logging  | Threat detection     | Security incidents   |
   | Application logs     | Cardholder data access | 1 year minimum   | Secure transmission  | Transaction analysis | Data breaches        |
   | System logs          | System events, changes | 1 year minimum   | Log integrity        | Change detection     | System compromise    |
   | Physical access logs | Facility entry/exit    | 3 months minimum | Secured storage      | Access patterns      | Unauthorized entry   |
 -> No matching step definition found for the step. Use the following code to create one:
         [When(@"implementing logging:")]
         public void WhenImplementingLogging(Table table)
         {
             _scenarioContext.Pending();
         }
 
 Then logging should capture all access
 -> No matching step definition found for the step. Use the following code to create one:
         [Then(@"logging should capture all access")]
         public void ThenLoggingShouldCaptureAllAccess()
         {
             _scenarioContext.Pending();
         }
 
 And logs should be protected
 -> No matching step definition found for the step. Use the following code to create one:
         [Then(@"logs should be protected")]
         public void ThenLogsShouldBeProtected()
         {
             _scenarioContext.Pending();
         }
 
 And analysis should detect anomalies
 -> No matching step definition found for the step. Use the following code to create one:
         [Then(@"analysis should detect anomalies")]
         public void ThenAnalysisShouldDetectAnomalies()
         {
             _scenarioContext.Pending();
         }
 
 And retention should meet requirements
 -> No matching step definition found for the step. Use the following code to create one:
         [Then(@"retention should meet requirements")]
         public void ThenRetentionShouldMeetRequirements()
         {
             _scenarioContext.Pending();
         }
 


  Skipped Monitor outcome quality by caseload [1 ms]
  Skipped Ensure sustainable synchronization systems and long-term viability [1 ms]
  Skipped Ensure keyboard navigation accessibility and motor accommodation [1 ms]
  Skipped Optimize video content delivery network performance [1 ms]
[xUnit.net 00:00:04.68]       TechTalk.SpecFlow.BindingException : Ambiguous step definitions found for step 'Given HIPAA compliance is enforced': TherapyDocs.Api.Tests:TherapyDocs.Api.Tests.BDD.StepDefinitions.ComplianceStepDefinitions.GivenHIPAAComplianceIsEnforced(), TherapyDocs.Api.Tests:TherapyDocs.Api.Tests.BDD.StepDefinitions.EHRIntegrationSteps.GivenHIPAAComplianceIsEnforced()
[xUnit.net 00:00:04.68]       Stack Trace:
[xUnit.net 00:00:04.68]            at TechTalk.SpecFlow.Infrastructure.TestExecutionEngine.GetStepMatch(StepInstance stepInstance)
[xUnit.net 00:00:04.68]            at TechTalk.SpecFlow.Infrastructure.TestExecutionEngine.ExecuteStep(IContextManager contextManager, StepInstance stepInstance)
[xUnit.net 00:00:04.68]            at TechTalk.SpecFlow.Infrastructure.TestExecutionEngine.OnAfterLastStep()
[xUnit.net 00:00:04.68]            at TechTalk.SpecFlow.TestRunner.CollectScenarioErrors()
[xUnit.net 00:00:04.68]            at TherapyDocs.Api.Tests.BDD.Features.Integrations.EHRIntegrationAPIEndpointsFR_010Feature.ScenarioCleanup()
[xUnit.net 00:00:04.68]         /home/srowe/workspace/pediatric-therapy-resource/api/Tests/BDD/Features/integrations/ehr-integration.feature(144,0): at TherapyDocs.Api.Tests.BDD.Features.Integrations.EHRIntegrationAPIEndpointsFR_010Feature.DisconnectEHRIntegration()
[xUnit.net 00:00:04.68]            at System.RuntimeMethodHandle.InvokeMethod(Object target, Void** arguments, Signature sig, Boolean isConstructor)
[xUnit.net 00:00:04.68]            at System.Reflection.MethodBaseInvoker.InvokeWithNoArgs(Object obj, BindingFlags invokeAttr)
[xUnit.net 00:00:04.68]       Output:
[xUnit.net 00:00:04.68]         Given the API is available
[xUnit.net 00:00:04.68]         -> done: CommonStepDefinitions.GivenTheAPIIsAvailable() (0.0s)
[xUnit.net 00:00:04.68]         And I am authenticated as "therapist@clinic.com"
[xUnit.net 00:00:04.68]         -> done: CommonStepDefinitions.GivenIAmAuthenticatedAs("therapist@clinic.com") (0.0s)
[xUnit.net 00:00:04.68]         And HIPAA compliance is enforced
[xUnit.net 00:00:04.68]         -> binding error: Ambiguous step definitions found for step 'Given HIPAA compliance is enforced': TherapyDocs.Api.Tests:TherapyDocs.Api.Tests.BDD.StepDefinitions.ComplianceStepDefinitions.GivenHIPAAComplianceIsEnforced(), TherapyDocs.Api.Tests:TherapyDocs.Api.Tests.BDD.StepDefinitions.EHRIntegrationSteps.GivenHIPAAComplianceIsEnforced()
[xUnit.net 00:00:04.68]         Given EHR connection "conn-123" exists
[xUnit.net 00:00:04.68]         -> skipped because of previous errors
[xUnit.net 00:00:04.68]         When I send a DELETE request to "/api/integrations/ehr/conn-123" with:
[xUnit.net 00:00:04.68]           --- table step argument ---
[xUnit.net 00:00:04.68]           | field      | value             |
[xUnit.net 00:00:04.68]           | retainData | true              |
[xUnit.net 00:00:04.68]           | reason     | switching-systems |
[xUnit.net 00:00:04.68]         -> No matching step definition found for the step. Use the following code to create one:
[xUnit.net 00:00:04.68]                 [When(@"I send a DELETE request to ""(.*)"" with:")]
[xUnit.net 00:00:04.68]                 public void WhenISendADELETERequestToWith(string p0, Table table)
[xUnit.net 00:00:04.68]                 {
[xUnit.net 00:00:04.68]                     _scenarioContext.Pending();
[xUnit.net 00:00:04.68]                 }
[xUnit.net 00:00:04.68]         
[xUnit.net 00:00:04.68]         Then the response status should be 200
[xUnit.net 00:00:04.68]         -> skipped because of previous errors
[xUnit.net 00:00:04.68]         And integration should be disconnected
[xUnit.net 00:00:04.68]         -> No matching step definition found for the step. Use the following code to create one:
[xUnit.net 00:00:04.68]                 [Then(@"integration should be disconnected")]
[xUnit.net 00:00:04.68]                 public void ThenIntegrationShouldBeDisconnected()
[xUnit.net 00:00:04.68]                 {
[xUnit.net 00:00:04.68]                     _scenarioContext.Pending();
[xUnit.net 00:00:04.68]                 }
[xUnit.net 00:00:04.68]         
[xUnit.net 00:00:04.68]         And local data should be retained
[xUnit.net 00:00:04.68]         -> No matching step definition found for the step. Use the following code to create one:
[xUnit.net 00:00:04.68]                 [Then(@"local data should be retained")]
[xUnit.net 00:00:04.68]                 public void ThenLocalDataShouldBeRetained()
[xUnit.net 00:00:04.68]                 {
[xUnit.net 00:00:04.68]                     _scenarioContext.Pending();
[xUnit.net 00:00:04.68]                 }
[xUnit.net 00:00:04.68]         
[xUnit.net 00:00:04.68]         And audit log should be created
[xUnit.net 00:00:04.68]         -> No matching step definition found for the step. Use the following code to create one:
[xUnit.net 00:00:04.68]                 [Then(@"audit log should be created")]
[xUnit.net 00:00:04.68]                 public void ThenAuditLogShouldBeCreated()
[xUnit.net 00:00:04.68]                 {
[xUnit.net 00:00:04.68]                     _scenarioContext.Pending();
[xUnit.net 00:00:04.68]                 }
[xUnit.net 00:00:04.68]         
[xUnit.net 00:00:04.68]     Create token economy system [SKIP]
[xUnit.net 00:00:04.68]       No matching step definition found for one or more steps.\nusing System;\r\nusing TechTalk.SpecFlow;\r\n\r\nnamespace MyNamespace\r\n{\r\n    [Binding]\r\n    public class StepDefinitions\r\n    {\r\n        private readonly ScenarioContext _scenarioContext;\r\n\r\n        public StepDefinitions(ScenarioContext scenarioContext)\r\n        {\r\n            _scenarioContext = scenarioContext;\r\n        }\r\n        [Given(@"I have ABA certification")]\r\n        public void GivenIHaveABACertification()\r\n        {\r\n            _scenarioContext.Pending();\r\n        }\r\n        \n        [Then(@"token board template should be generated")]\r\n        public void ThenTokenBoardTemplateShouldBeGenerated()\r\n        {\r\n            _scenarioContext.Pending();\r\n        }\r\n        \n        [Then(@"tracking system should be initialized")]\r\n        public void ThenTrackingSystemShouldBeInitialized()\r\n        {\r\n            _scenarioContext.Pending();\r\n        }\r\n    }\r\n}\r\n
[xUnit.net 00:00:04.71]     Analytics dashboard for content moderation metrics [SKIP]
[xUnit.net 00:00:04.71]       No matching step definition found for one or more steps.\nusing System;\r\nusing TechTalk.SpecFlow;\r\n\r\nnamespace MyNamespace\r\n{\r\n    [Binding]\r\n    public class StepDefinitions\r\n    {\r\n        private readonly ScenarioContext _scenarioContext;\r\n\r\n        public StepDefinitions(ScenarioContext scenarioContext)\r\n        {\r\n            _scenarioContext = scenarioContext;\r\n        }\r\n        [Given(@"content moderation system is configured")]\r\n        public void GivenContentModerationSystemIsConfigured()\r\n        {\r\n            _scenarioContext.Pending();\r\n        }\r\n        \n        [Given(@"multi-layer safety checks are active")]\r\n        public void GivenMulti_LayerSafetyChecksAreActive()\r\n        {\r\n            _scenarioContext.Pending();\r\n        }\r\n        \n        [Given(@"clinical appropriateness standards are defined")]\r\n        public void GivenClinicalAppropriatenessStandardsAreDefined()\r\n        {\r\n            _scenarioContext.Pending();\r\n        }\r\n        \n        [Given(@"real-time content filtering is enabled")]\r\n        public void GivenReal_TimeContentFilteringIsEnabled()\r\n        {\r\n            _scenarioContext.Pending();\r\n        }\r\n        \n        [Given(@"moderation feedback loops are established")]\r\n        public void GivenModerationFeedbackLoopsAreEstablished()\r\n        {\r\n            _scenarioContext.Pending();\r\n        }\r\n        \n        [Given(@"moderation metrics inform system improvements")]\r\n        public void GivenModerationMetricsInformSystemImprovements()\r\n        {\r\n            _scenarioContext.Pending();\r\n        }\r\n        \n        [Given(@"transparency requires comprehensive reporting")]\r\n        public void GivenTransparencyRequiresComprehensiveReporting()\r\n        {\r\n            _scenarioContext.Pending();\r\n        }\r\n        \n        [When(@"analyzing moderation performance:")]\r\n        public void WhenAnalyzingModerationPerformance(Table table)\r\n        {\r\n            _scenarioContext.Pending();\r\n        }\r\n        \n        [Then(@"analytics should provide actionable insights")]\r\n        public void ThenAnalyticsShouldProvideActionableInsights()\r\n        {\r\n            _scenarioContext.Pending();\r\n        }\r\n        \n        [Then(@"performance trends should be tracked")]\r\n        public void ThenPerformanceTrendsShouldBeTracked()\r\n        {\r\n            _scenarioContext.Pending();\r\n        }\r\n        \n        [Then(@"improvements should be data-driven")]\r\n        public void ThenImprovementsShouldBeData_Driven()\r\n        {\r\n            _scenarioContext.Pending();\r\n        }\r\n        \n        [Then(@"reporting should be transparent")]\r\n        public void ThenReportingShouldBeTransparent()\r\n        {\r\n            _scenarioContext.Pending();\r\n        }\r\n    }\r\n}\r\n
[xUnit.net 00:00:04.71]     Implement comprehensive connection monitoring and network analytics [SKIP]
[xUnit.net 00:00:04.71]       No matching step definition found for one or more steps.\nusing System;\r\nusing TechTalk.SpecFlow;\r\n\r\nnamespace MyNamespace\r\n{\r\n    [Binding]\r\n    public class StepDefinitions\r\n    {\r\n        private readonly ScenarioContext _scenarioContext;\r\n\r\n        public StepDefinitions(ScenarioContext scenarioContext)\r\n        {\r\n            _scenarioContext = scenarioContext;\r\n        }\r\n        [Given(@"network quality monitoring is active")]\r\n        public void GivenNetworkQualityMonitoringIsActive()\r\n        {\r\n            _scenarioContext.Pending();\r\n        }\r\n        \n        [Given(@"adaptive performance systems are implemented")]\r\n        public void GivenAdaptivePerformanceSystemsAreImplemented()\r\n        {\r\n            _scenarioContext.Pending();\r\n        }\r\n        \n        [Given(@"degraded connectivity detection is functional")]\r\n        public void GivenDegradedConnectivityDetectionIsFunctional()\r\n        {\r\n            _scenarioContext.Pending();\r\n        }\r\n        \n        [Given(@"user notification systems are configured")]\r\n        public void GivenUserNotificationSystemsAreConfigured()\r\n        {\r\n            _scenarioContext.Pending();\r\n        }\r\n        \n        [Given(@"progressive enhancement capabilities are available")]\r\n        public void GivenProgressiveEnhancementCapabilitiesAreAvailable()\r\n        {\r\n            _scenarioContext.Pending();\r\n        }\r\n        \n        [Given(@"detailed monitoring enables better optimization")]\r\n        public void GivenDetailedMonitoringEnablesBetterOptimization()\r\n        {\r\n            _scenarioContext.Pending();\r\n        }\r\n        \n        [Given(@"analytics drive connectivity improvements")]\r\n        public void GivenAnalyticsDriveConnectivityImprovements()\r\n        {\r\n            _scenarioContext.Pending();\r\n        }\r\n        \n        [When(@"implementing connection monitoring:")]\r\n        public void WhenImplementingConnectionMonitoring(Table table)\r\n        {\r\n            _scenarioContext.Pending();\r\n        }\r\n        \n        [Then(@"monitoring should be comprehensive")]\r\n        public void ThenMonitoringShouldBeComprehensive()\r\n        {\r\n            _scenarioContext.Pending();\r\n        }\r\n        \n        [Then(@"analysis should drive optimization")]\r\n        public void ThenAnalysisShouldDriveOptimization()\r\n        {\r\n            _scenarioContext.Pending();\r\n        }\r\n        \n        [Then(@"alerts should enable proactive response")]\r\n        public void ThenAlertsShouldEnableProactiveResponse()\r\n        {\r\n            _scenarioContext.Pending();\r\n        }\r\n        \n        [Then(@"data should inform infrastructure decisions")]\r\n        public void ThenDataShouldInformInfrastructureDecisions()\r\n        {\r\n            _scenarioContext.Pending();\r\n        }\r\n    }\r\n}\r\n
[xUnit.net 00:00:04.71]       TechTalk.SpecFlow.BindingException : Ambiguous step definitions found for step 'Given HIPAA compliance is enforced': TherapyDocs.Api.Tests:TherapyDocs.Api.Tests.BDD.StepDefinitions.ComplianceStepDefinitions.GivenHIPAAComplianceIsEnforced(), TherapyDocs.Api.Tests:TherapyDocs.Api.Tests.BDD.StepDefinitions.EHRIntegrationSteps.GivenHIPAAComplianceIsEnforced()
[xUnit.net 00:00:04.71]       Stack Trace:
[xUnit.net 00:00:04.71]            at TechTalk.SpecFlow.Infrastructure.TestExecutionEngine.GetStepMatch(StepInstance stepInstance)
[xUnit.net 00:00:04.71]            at TechTalk.SpecFlow.Infrastructure.TestExecutionEngine.ExecuteStep(IContextManager contextManager, StepInstance stepInstance)
[xUnit.net 00:00:04.71]            at TechTalk.SpecFlow.Infrastructure.TestExecutionEngine.OnAfterLastStep()
[xUnit.net 00:00:04.71]            at TechTalk.SpecFlow.TestRunner.CollectScenarioErrors()
[xUnit.net 00:00:04.71]            at TherapyDocs.Api.Tests.BDD.Features.Integrations.EHRIntegrationAPIEndpointsFR_010Feature.ScenarioCleanup()
[xUnit.net 00:00:04.71]         /home/srowe/workspace/pediatric-therapy-resource/api/Tests/BDD/Features/integrations/ehr-integration.feature(124,0): at TherapyDocs.Api.Tests.BDD.Features.Integrations.EHRIntegrationAPIEndpointsFR_010Feature.TestEHRConnection()
[xUnit.net 00:00:04.71]            at System.RuntimeMethodHandle.InvokeMethod(Object target, Void** arguments, Signature sig, Boolean isConstructor)
[xUnit.net 00:00:04.71]            at System.Reflection.MethodBaseInvoker.InvokeWithNoArgs(Object obj, BindingFlags invokeAttr)
[xUnit.net 00:00:04.71]       Output:
[xUnit.net 00:00:04.71]         Given the API is available
[xUnit.net 00:00:04.71]         -> done: CommonStepDefinitions.GivenTheAPIIsAvailable() (0.0s)
[xUnit.net 00:00:04.71]         And I am authenticated as "therapist@clinic.com"
[xUnit.net 00:00:04.71]         -> done: CommonStepDefinitions.GivenIAmAuthenticatedAs("therapist@clinic.com") (0.0s)
[xUnit.net 00:00:04.71]         And HIPAA compliance is enforced
[xUnit.net 00:00:04.71]         -> binding error: Ambiguous step definitions found for step 'Given HIPAA compliance is enforced': TherapyDocs.Api.Tests:TherapyDocs.Api.Tests.BDD.StepDefinitions.ComplianceStepDefinitions.GivenHIPAAComplianceIsEnforced(), TherapyDocs.Api.Tests:TherapyDocs.Api.Tests.BDD.StepDefinitions.EHRIntegrationSteps.GivenHIPAAComplianceIsEnforced()
[xUnit.net 00:00:04.71]         Given EHR connection "conn-123" exists
[xUnit.net 00:00:04.71]         -> skipped because of previous errors
[xUnit.net 00:00:04.71]         When I send a POST request to "/api/integrations/ehr/conn-123/test"
[xUnit.net 00:00:04.71]         -> skipped because of previous errors
[xUnit.net 00:00:04.71]         Then the response status should be 200
[xUnit.net 00:00:04.71]         -> skipped because of previous errors
[xUnit.net 00:00:04.71]         And the response should contain:
[xUnit.net 00:00:04.71]           --- table step argument ---
[xUnit.net 00:00:04.71]           | field              | type    |
[xUnit.net 00:00:04.71]           | connectionValid    | boolean |
[xUnit.net 00:00:04.71]           | authenticationOk   | boolean |
[xUnit.net 00:00:04.71]           | readAccess         | boolean |
[xUnit.net 00:00:04.71]           | writeAccess        | boolean |
[xUnit.net 00:00:04.71]           | latency            | number  |
[xUnit.net 00:00:04.71]           | availableEndpoints | array   |
[xUnit.net 00:00:04.71]         -> skipped because of previous errors
[xUnit.net 00:00:04.71]     Monitor backup operations and provide operational oversight [SKIP]
[xUnit.net 00:00:04.71]       No matching step definition found for one or more steps.\nusing System;\r\nusing TechTalk.SpecFlow;\r\n\r\nnamespace MyNamespace\r\n{\r\n    [Binding]\r\n    public class StepDefinitions\r\n    {\r\n        private readonly ScenarioContext _scenarioContext;\r\n\r\n        public StepDefinitions(ScenarioContext scenarioContext)\r\n        {\r\n            _scenarioContext = scenarioContext;\r\n        }\r\n        [Given(@"backup systems are configured and operational")]\r\n        public void GivenBackupSystemsAreConfiguredAndOperational()\r\n        {\r\n            _scenarioContext.Pending();\r\n        }\r\n        \n        [Given(@"disaster recovery procedures are established")]\r\n        public void GivenDisasterRecoveryProceduresAreEstablished()\r\n        {\r\n            _scenarioContext.Pending();\r\n        }\r\n        \n        [Given(@"recovery testing is regularly performed")]\r\n        public void GivenRecoveryTestingIsRegularlyPerformed()\r\n        {\r\n            _scenarioContext.Pending();\r\n        }\r\n        \n        [Given(@"backup monitoring is active")]\r\n        public void GivenBackupMonitoringIsActive()\r\n        {\r\n            _scenarioContext.Pending();\r\n        }\r\n        \n        [Given(@"compliance requirements are defined")]\r\n        public void GivenComplianceRequirementsAreDefined()\r\n        {\r\n            _scenarioContext.Pending();\r\n        }\r\n        \n        [Given(@"backup monitoring ensures operation reliability")]\r\n        public void GivenBackupMonitoringEnsuresOperationReliability()\r\n        {\r\n            _scenarioContext.Pending();\r\n        }\r\n        \n        [Given(@"operational oversight prevents backup failures")]\r\n        public void GivenOperationalOversightPreventsBackupFailures()\r\n        {\r\n            _scenarioContext.Pending();\r\n        }\r\n        \n        [When(@"monitoring backup operations:")]\r\n        public void WhenMonitoringBackupOperations(Table table)\r\n        {\r\n            _scenarioContext.Pending();\r\n        }\r\n        \n        [Then(@"monitoring should be continuous and comprehensive")]\r\n        public void ThenMonitoringShouldBeContinuousAndComprehensive()\r\n        {\r\n            _scenarioContext.Pending();\r\n        }\r\n        \n        [Then(@"alerts should trigger appropriate responses")]\r\n        public void ThenAlertsShouldTriggerAppropriateResponses()\r\n        {\r\n            _scenarioContext.Pending();\r\n        }\r\n        \n        [Then(@"escalation should reach responsible personnel")]\r\n        public void ThenEscalationShouldReachResponsiblePersonnel()\r\n        {\r\n            _scenarioContext.Pending();\r\n        }\r\n        \n        [Then(@"metrics should track operational health")]\r\n        public void ThenMetricsShouldTrackOperationalHealth()\r\n        {\r\n            _scenarioContext.Pending();\r\n        }\r\n    }\r\n}\r\n
  Failed Disconnect EHR integration [184 ms]
  Error Message:
   TechTalk.SpecFlow.BindingException : Ambiguous step definitions found for step 'Given HIPAA compliance is enforced': TherapyDocs.Api.Tests:TherapyDocs.Api.Tests.BDD.StepDefinitions.ComplianceStepDefinitions.GivenHIPAAComplianceIsEnforced(), TherapyDocs.Api.Tests:TherapyDocs.Api.Tests.BDD.StepDefinitions.EHRIntegrationSteps.GivenHIPAAComplianceIsEnforced()
  Stack Trace:
     at TechTalk.SpecFlow.Infrastructure.TestExecutionEngine.GetStepMatch(StepInstance stepInstance)
   at TechTalk.SpecFlow.Infrastructure.TestExecutionEngine.ExecuteStep(IContextManager contextManager, StepInstance stepInstance)
   at TechTalk.SpecFlow.Infrastructure.TestExecutionEngine.OnAfterLastStep()
   at TechTalk.SpecFlow.TestRunner.CollectScenarioErrors()
   at TherapyDocs.Api.Tests.BDD.Features.Integrations.EHRIntegrationAPIEndpointsFR_010Feature.ScenarioCleanup()
   at TherapyDocs.Api.Tests.BDD.Features.Integrations.EHRIntegrationAPIEndpointsFR_010Feature.DisconnectEHRIntegration() in /home/srowe/workspace/pediatric-therapy-resource/api/Tests/BDD/Features/integrations/ehr-integration.feature:line 144
   at System.RuntimeMethodHandle.InvokeMethod(Object target, Void** arguments, Signature sig, Boolean isConstructor)
   at System.Reflection.MethodBaseInvoker.InvokeWithNoArgs(Object obj, BindingFlags invokeAttr)
  Standard Output Messages:
 Given the API is available
 -> done: CommonStepDefinitions.GivenTheAPIIsAvailable() (0.0s)
 And I am authenticated as "therapist@clinic.com"
 -> done: CommonStepDefinitions.GivenIAmAuthenticatedAs("therapist@clinic.com") (0.0s)
 And HIPAA compliance is enforced
 -> binding error: Ambiguous step definitions found for step 'Given HIPAA compliance is enforced': TherapyDocs.Api.Tests:TherapyDocs.Api.Tests.BDD.StepDefinitions.ComplianceStepDefinitions.GivenHIPAAComplianceIsEnforced(), TherapyDocs.Api.Tests:TherapyDocs.Api.Tests.BDD.StepDefinitions.EHRIntegrationSteps.GivenHIPAAComplianceIsEnforced()
 Given EHR connection "conn-123" exists
 -> skipped because of previous errors
 When I send a DELETE request to "/api/integrations/ehr/conn-123" with:
   --- table step argument ---
   | field      | value             |
   | retainData | true              |
   | reason     | switching-systems |
 -> No matching step definition found for the step. Use the following code to create one:
         [When(@"I send a DELETE request to ""(.*)"" with:")]
         public void WhenISendADELETERequestToWith(string p0, Table table)
         {
             _scenarioContext.Pending();
         }
 
 Then the response status should be 200
 -> skipped because of previous errors
 And integration should be disconnected
 -> No matching step definition found for the step. Use the following code to create one:
         [Then(@"integration should be disconnected")]
         public void ThenIntegrationShouldBeDisconnected()
         {
             _scenarioContext.Pending();
         }
 
 And local data should be retained
 -> No matching step definition found for the step. Use the following code to create one:
         [Then(@"local data should be retained")]
         public void ThenLocalDataShouldBeRetained()
         {
             _scenarioContext.Pending();
         }
 
 And audit log should be created
 -> No matching step definition found for the step. Use the following code to create one:
         [Then(@"audit log should be created")]
         public void ThenAuditLogShouldBeCreated()
         {
             _scenarioContext.Pending();
         }
 


  Skipped Create token economy system [1 ms]
  Skipped Analytics dashboard for content moderation metrics [1 ms]
  Skipped Implement comprehensive connection monitoring and network analytics [1 ms]
  Failed Test EHR connection [22 ms]
  Error Message:
   TechTalk.SpecFlow.BindingException : Ambiguous step definitions found for step 'Given HIPAA compliance is enforced': TherapyDocs.Api.Tests:TherapyDocs.Api.Tests.BDD.StepDefinitions.ComplianceStepDefinitions.GivenHIPAAComplianceIsEnforced(), TherapyDocs.Api.Tests:TherapyDocs.Api.Tests.BDD.StepDefinitions.EHRIntegrationSteps.GivenHIPAAComplianceIsEnforced()
  Stack Trace:
     at TechTalk.SpecFlow.Infrastructure.TestExecutionEngine.GetStepMatch(StepInstance stepInstance)
   at TechTalk.SpecFlow.Infrastructure.TestExecutionEngine.ExecuteStep(IContextManager contextManager, StepInstance stepInstance)
   at TechTalk.SpecFlow.Infrastructure.TestExecutionEngine.OnAfterLastStep()
   at TechTalk.SpecFlow.TestRunner.CollectScenarioErrors()
   at TherapyDocs.Api.Tests.BDD.Features.Integrations.EHRIntegrationAPIEndpointsFR_010Feature.ScenarioCleanup()
   at TherapyDocs.Api.Tests.BDD.Features.Integrations.EHRIntegrationAPIEndpointsFR_010Feature.TestEHRConnection() in /home/srowe/workspace/pediatric-therapy-resource/api/Tests/BDD/Features/integrations/ehr-integration.feature:line 124
   at System.RuntimeMethodHandle.InvokeMethod(Object target, Void** arguments, Signature sig, Boolean isConstructor)
   at System.Reflection.MethodBaseInvoker.InvokeWithNoArgs(Object obj, BindingFlags invokeAttr)
  Standard Output Messages:
 Given the API is available
 -> done: CommonStepDefinitions.GivenTheAPIIsAvailable() (0.0s)
 And I am authenticated as "therapist@clinic.com"
 -> done: CommonStepDefinitions.GivenIAmAuthenticatedAs("therapist@clinic.com") (0.0s)
 And HIPAA compliance is enforced
 -> binding error: Ambiguous step definitions found for step 'Given HIPAA compliance is enforced': TherapyDocs.Api.Tests:TherapyDocs.Api.Tests.BDD.StepDefinitions.ComplianceStepDefinitions.GivenHIPAAComplianceIsEnforced(), TherapyDocs.Api.Tests:TherapyDocs.Api.Tests.BDD.StepDefinitions.EHRIntegrationSteps.GivenHIPAAComplianceIsEnforced()
 Given EHR connection "conn-123" exists
 -> skipped because of previous errors
 When I send a POST request to "/api/integrations/ehr/conn-123/test"
 -> skipped because of previous errors
 Then the response status should be 200
 -> skipped because of previous errors
 And the response should contain:
   --- table step argument ---
   | field              | type    |
   | connectionValid    | boolean |
   | authenticationOk   | boolean |
   | readAccess         | boolean |
   | writeAccess        | boolean |
   | latency            | number  |
   | availableEndpoints | array   |
 -> skipped because of previous errors


  Skipped Monitor backup operations and provide operational oversight [1 ms]
[xUnit.net 00:00:04.73]       TechTalk.SpecFlow.BindingException : Ambiguous step definitions found for step 'Given HIPAA compliance is enforced': TherapyDocs.Api.Tests:TherapyDocs.Api.Tests.BDD.StepDefinitions.ComplianceStepDefinitions.GivenHIPAAComplianceIsEnforced(), TherapyDocs.Api.Tests:TherapyDocs.Api.Tests.BDD.StepDefinitions.EHRIntegrationSteps.GivenHIPAAComplianceIsEnforced()
[xUnit.net 00:00:04.73]       Stack Trace:
[xUnit.net 00:00:04.73]            at TechTalk.SpecFlow.Infrastructure.TestExecutionEngine.GetStepMatch(StepInstance stepInstance)
[xUnit.net 00:00:04.73]            at TechTalk.SpecFlow.Infrastructure.TestExecutionEngine.ExecuteStep(IContextManager contextManager, StepInstance stepInstance)
[xUnit.net 00:00:04.73]            at TechTalk.SpecFlow.Infrastructure.TestExecutionEngine.OnAfterLastStep()
[xUnit.net 00:00:04.73]            at TechTalk.SpecFlow.TestRunner.CollectScenarioErrors()
[xUnit.net 00:00:04.73]            at TherapyDocs.Api.Tests.BDD.Features.Integrations.EHRIntegrationAPIEndpointsFR_010Feature.ScenarioCleanup()
[xUnit.net 00:00:04.73]         /home/srowe/workspace/pediatric-therapy-resource/api/Tests/BDD/Features/integrations/ehr-integration.feature(57,0): at TherapyDocs.Api.Tests.BDD.Features.Integrations.EHRIntegrationAPIEndpointsFR_010Feature.SyncPatientsFromEHR()
[xUnit.net 00:00:04.73]            at System.RuntimeMethodHandle.InvokeMethod(Object target, Void** arguments, Signature sig, Boolean isConstructor)
[xUnit.net 00:00:04.73]            at System.Reflection.MethodBaseInvoker.InvokeWithNoArgs(Object obj, BindingFlags invokeAttr)
[xUnit.net 00:00:04.73]       Output:
[xUnit.net 00:00:04.73]         Given the API is available
[xUnit.net 00:00:04.73]         -> done: CommonStepDefinitions.GivenTheAPIIsAvailable() (0.0s)
[xUnit.net 00:00:04.73]         And I am authenticated as "therapist@clinic.com"
[xUnit.net 00:00:04.73]         -> done: CommonStepDefinitions.GivenIAmAuthenticatedAs("therapist@clinic.com") (0.0s)
[xUnit.net 00:00:04.73]         And HIPAA compliance is enforced
[xUnit.net 00:00:04.73]         -> binding error: Ambiguous step definitions found for step 'Given HIPAA compliance is enforced': TherapyDocs.Api.Tests:TherapyDocs.Api.Tests.BDD.StepDefinitions.ComplianceStepDefinitions.GivenHIPAAComplianceIsEnforced(), TherapyDocs.Api.Tests:TherapyDocs.Api.Tests.BDD.StepDefinitions.EHRIntegrationSteps.GivenHIPAAComplianceIsEnforced()
[xUnit.net 00:00:04.73]         Given EHR connection "conn-123" exists
[xUnit.net 00:00:04.73]         -> skipped because of previous errors
[xUnit.net 00:00:04.73]         When I send a GET request to "/api/integrations/ehr/conn-123/patients?sync=true"
[xUnit.net 00:00:04.73]         -> skipped because of previous errors
[xUnit.net 00:00:04.73]         Then the response status should be 200
[xUnit.net 00:00:04.73]         -> skipped because of previous errors
[xUnit.net 00:00:04.73]         And the response should contain:
[xUnit.net 00:00:04.73]           --- table step argument ---
[xUnit.net 00:00:04.73]           | field          | type   |
[xUnit.net 00:00:04.73]           | syncedPatients | array  |
[xUnit.net 00:00:04.73]           | newCount       | number |
[xUnit.net 00:00:04.73]           | updatedCount   | number |
[xUnit.net 00:00:04.73]           | errors         | array  |
[xUnit.net 00:00:04.73]         -> skipped because of previous errors
[xUnit.net 00:00:04.73]         And patient data should be mapped correctly
[xUnit.net 00:00:04.73]         -> skipped because of previous errors
[xUnit.net 00:00:04.77]     Monitor validation effectiveness and system performance [SKIP]
[xUnit.net 00:00:04.77]       No matching step definition found for one or more steps.\nusing System;\r\nusing TechTalk.SpecFlow;\r\n\r\nnamespace MyNamespace\r\n{\r\n    [Binding]\r\n    public class StepDefinitions\r\n    {\r\n        private readonly ScenarioContext _scenarioContext;\r\n\r\n        public StepDefinitions(ScenarioContext scenarioContext)\r\n        {\r\n            _scenarioContext = scenarioContext;\r\n        }\r\n        [Given(@"input validation systems are configured")]\r\n        public void GivenInputValidationSystemsAreConfigured()\r\n        {\r\n            _scenarioContext.Pending();\r\n        }\r\n        \n        [Given(@"security filters are active")]\r\n        public void GivenSecurityFiltersAreActive()\r\n        {\r\n            _scenarioContext.Pending();\r\n        }\r\n        \n        [Given(@"validation rules are established")]\r\n        public void GivenValidationRulesAreEstablished()\r\n        {\r\n            _scenarioContext.Pending();\r\n        }\r\n        \n        [Given(@"sanitization mechanisms are implemented")]\r\n        public void GivenSanitizationMechanismsAreImplemented()\r\n        {\r\n            _scenarioContext.Pending();\r\n        }\r\n        \n        [Given(@"error handling workflows are operational")]\r\n        public void GivenErrorHandlingWorkflowsAreOperational()\r\n        {\r\n            _scenarioContext.Pending();\r\n        }\r\n        \n        [Given(@"validation monitoring ensures system health")]\r\n        public void GivenValidationMonitoringEnsuresSystemHealth()\r\n        {\r\n            _scenarioContext.Pending();\r\n        }\r\n        \n        [Given(@"observability provides validation insights")]\r\n        public void GivenObservabilityProvidesValidationInsights()\r\n        {\r\n            _scenarioContext.Pending();\r\n        }\r\n        \n        [When(@"monitoring validation systems:")]\r\n        public void WhenMonitoringValidationSystems(Table table)\r\n        {\r\n            _scenarioContext.Pending();\r\n        }\r\n        \n        [Then(@"monitoring should be comprehensive")]\r\n        public void ThenMonitoringShouldBeComprehensive()\r\n        {\r\n            _scenarioContext.Pending();\r\n        }\r\n        \n        [Then(@"metrics should provide actionable insights")]\r\n        public void ThenMetricsShouldProvideActionableInsights()\r\n        {\r\n            _scenarioContext.Pending();\r\n        }\r\n        \n        [Then(@"analysis should drive optimization")]\r\n        public void ThenAnalysisShouldDriveOptimization()\r\n        {\r\n            _scenarioContext.Pending();\r\n        }\r\n        \n        [Then(@"performance impact should be minimal")]\r\n        public void ThenPerformanceImpactShouldBeMinimal()\r\n        {\r\n            _scenarioContext.Pending();\r\n        }\r\n    }\r\n}\r\n
[xUnit.net 00:00:04.77]       Expected ((int)LastResponse!.StatusCode) to be 200, but found 404 (difference of 204).
[xUnit.net 00:00:04.77]       Stack Trace:
[xUnit.net 00:00:04.77]            at FluentAssertions.Execution.XUnit2TestFramework.Throw(String message)
[xUnit.net 00:00:04.77]            at FluentAssertions.Execution.TestFrameworkProvider.Throw(String message)
[xUnit.net 00:00:04.77]            at FluentAssertions.Execution.DefaultAssertionStrategy.HandleFailure(String message)
[xUnit.net 00:00:04.77]            at FluentAssertions.Execution.AssertionScope.FailWith(Func`1 failReasonFunc)
[xUnit.net 00:00:04.77]            at FluentAssertions.Execution.AssertionScope.FailWith(Func`1 failReasonFunc)
[xUnit.net 00:00:04.77]            at FluentAssertions.Execution.AssertionScope.FailWith(String message, Object[] args)
[xUnit.net 00:00:04.77]            at FluentAssertions.Numeric.NumericAssertions`2.Be(T expected, String because, Object[] becauseArgs)
[xUnit.net 00:00:04.77]         /home/srowe/workspace/pediatric-therapy-resource/api/Tests/BDD/StepDefinitions/BaseStepDefinitions.cs(72,0): at TherapyDocs.Api.Tests.BDD.StepDefinitions.BaseStepDefinitions.ThenTheResponseStatusShouldBe(Int32 statusCode)
[xUnit.net 00:00:04.77]         /home/srowe/workspace/pediatric-therapy-resource/api/Tests/BDD/StepDefinitions/VideoStreamingSteps.cs(765,0): at TherapyDocs.Api.Tests.BDD.StepDefinitions.VideoStreamingSteps.ThenTranscodingShouldCompleteWithinTargetTimeframes()
[xUnit.net 00:00:04.77]            at InvokeStub_Action`1.Invoke(Object, Span`1)
[xUnit.net 00:00:04.77]            at System.Reflection.MethodBaseInvoker.InvokeWithOneArg(Object obj, BindingFlags invokeAttr, Binder binder, Object[] parameters, CultureInfo culture)
[xUnit.net 00:00:04.77]            at TechTalk.SpecFlow.Bindings.BindingInvoker.InvokeBinding(IBinding binding, IContextManager contextManager, Object[] arguments, ITestTracer testTracer, TimeSpan& duration)
[xUnit.net 00:00:04.77]            at TechTalk.SpecFlow.Infrastructure.TestExecutionEngine.ExecuteStepMatch(BindingMatch match, Object[] arguments, TimeSpan& duration)
[xUnit.net 00:00:04.77]            at TechTalk.SpecFlow.Infrastructure.TestExecutionEngine.ExecuteStep(IContextManager contextManager, StepInstance stepInstance)
[xUnit.net 00:00:04.77]            at TechTalk.SpecFlow.Infrastructure.TestExecutionEngine.OnAfterLastStep()
[xUnit.net 00:00:04.77]            at TechTalk.SpecFlow.TestRunner.CollectScenarioErrors()
[xUnit.net 00:00:04.77]            at TherapyDocs.Api.Tests.BDD.Features.Performance.VideoStreamingPerformanceAndQualityTestingFeature.ScenarioCleanup()
[xUnit.net 00:00:04.78]         /home/srowe/workspace/pediatric-therapy-resource/api/Tests/BDD/Features/performance/video-streaming.feature(87,0): at TherapyDocs.Api.Tests.BDD.Features.Performance.VideoStreamingPerformanceAndQualityTestingFeature.TestVideoTranscodingPerformanceAndQuality()
[xUnit.net 00:00:04.78]            at System.RuntimeMethodHandle.InvokeMethod(Object target, Void** arguments, Signature sig, Boolean isConstructor)
[xUnit.net 00:00:04.78]            at System.Reflection.MethodBaseInvoker.InvokeWithNoArgs(Object obj, BindingFlags invokeAttr)
[xUnit.net 00:00:04.78]       Output:
[xUnit.net 00:00:04.78]         Given video streaming infrastructure is configured
[xUnit.net 00:00:04.78]         -> done: VideoStreamingSteps.GivenVideoStreamingInfrastructureIsConfigured() (0.0s)
[xUnit.net 00:00:04.78]         And CDN distribution is optimized
[xUnit.net 00:00:04.78]         -> done: VideoStreamingSteps.GivenCDNDistributionIsOptimized() (0.0s)
[xUnit.net 00:00:04.78]         And adaptive bitrate streaming is enabled
[xUnit.net 00:00:04.78]         -> done: VideoStreamingSteps.GivenAdaptiveBitrateStreamingIsEnabled() (0.0s)
[xUnit.net 00:00:04.78]         And video quality metrics are monitored
[xUnit.net 00:00:04.78]         -> done: VideoStreamingSteps.GivenVideoQualityMetricsAreMonitored() (0.0s)
[xUnit.net 00:00:04.78]         Given video transcoding pipeline is optimized
[xUnit.net 00:00:04.78]         -> done: VideoStreamingSteps.GivenVideoTranscodingPipelineIsOptimized() (0.0s)
[xUnit.net 00:00:04.78]         When videos are uploaded and processed:
[xUnit.net 00:00:04.78]           --- table step argument ---
[xUnit.net 00:00:04.78]           | Video Input Format | File Size | Processing Time Target | Output Formats    | Quality Retention |
[xUnit.net 00:00:04.78]           | 4K H.264           | 2GB       | <10 minutes            | 1080p, 720p, 480p | >95%              |
[xUnit.net 00:00:04.78]           | 1080p H.264        | 500MB     | <3 minutes             | 720p, 480p, 360p  | >98%              |
[xUnit.net 00:00:04.78]           | 720p MOV           | 200MB     | <90 seconds            | 480p, 360p        | >98%              |
[xUnit.net 00:00:04.78]           | Raw upload formats | Variable  | <2x video length       | All standard      | >95%              |
[xUnit.net 00:00:04.78]         -> done: VideoStreamingSteps.WhenVideosAreUploadedAndProcessed(<table>) (0.0s)
[xUnit.net 00:00:04.78]         Then transcoding should complete within target timeframes
[xUnit.net 00:00:04.78]         -> error: Expected ((int)LastResponse!.StatusCode) to be 200, but found 404 (difference of 204). (0.0s)
[xUnit.net 00:00:04.78]         And multiple output formats should be generated automatically
[xUnit.net 00:00:04.78]         -> skipped because of previous errors
[xUnit.net 00:00:04.78]         And video quality should be preserved across formats
[xUnit.net 00:00:04.78]         -> skipped because of previous errors
[xUnit.net 00:00:04.78]         And processing queue should handle peak upload volumes
[xUnit.net 00:00:04.78]         -> skipped because of previous errors
[xUnit.net 00:00:04.78]     Implement socioeconomic sensitivity and class-aware therapy approaches [SKIP]
[xUnit.net 00:00:04.78]       No matching step definition found for one or more steps.\nusing System;\r\nusing TechTalk.SpecFlow;\r\n\r\nnamespace MyNamespace\r\n{\r\n    [Binding]\r\n    public class StepDefinitions\r\n    {\r\n        private readonly ScenarioContext _scenarioContext;\r\n\r\n        public StepDefinitions(ScenarioContext scenarioContext)\r\n        {\r\n            _scenarioContext = scenarioContext;\r\n        }\r\n        [Given(@"cultural adaptation systems are enabled")]\r\n        public void GivenCulturalAdaptationSystemsAreEnabled()\r\n        {\r\n            _scenarioContext.Pending();\r\n        }\r\n        \n        [Given(@"content customization mechanisms are operational")]\r\n        public void GivenContentCustomizationMechanismsAreOperational()\r\n        {\r\n            _scenarioContext.Pending();\r\n        }\r\n        \n        [Given(@"cultural sensitivity protocols are implemented")]\r\n        public void GivenCulturalSensitivityProtocolsAreImplemented()\r\n        {\r\n            _scenarioContext.Pending();\r\n        }\r\n        \n        [Given(@"community validation processes are established")]\r\n        public void GivenCommunityValidationProcessesAreEstablished()\r\n        {\r\n            _scenarioContext.Pending();\r\n        }\r\n        \n        [Given(@"cultural expertise resources are available")]\r\n        public void GivenCulturalExpertiseResourcesAreAvailable()\r\n        {\r\n            _scenarioContext.Pending();\r\n        }\r\n        \n        [Given(@"socioeconomic factors significantly impact therapy")]\r\n        public void GivenSocioeconomicFactorsSignificantlyImpactTherapy()\r\n        {\r\n            _scenarioContext.Pending();\r\n        }\r\n        \n        [Given(@"class-aware approaches improve therapy accessibility")]\r\n        public void GivenClass_AwareApproachesImproveTherapyAccessibility()\r\n        {\r\n            _scenarioContext.Pending();\r\n        }\r\n        \n        [When(@"implementing socioeconomic sensitivity:")]\r\n        public void WhenImplementingSocioeconomicSensitivity(Table table)\r\n        {\r\n            _scenarioContext.Pending();\r\n        }\r\n        \n        [Then(@"socioeconomic sensitivity should be comprehensive")]\r\n        public void ThenSocioeconomicSensitivityShouldBeComprehensive()\r\n        {\r\n            _scenarioContext.Pending();\r\n        }\r\n        \n        [Then(@"resources should be accessible across classes")]\r\n        public void ThenResourcesShouldBeAccessibleAcrossClasses()\r\n        {\r\n            _scenarioContext.Pending();\r\n        }\r\n        \n        [Then(@"dignity should be preserved")]\r\n        public void ThenDignityShouldBePreserved()\r\n        {\r\n            _scenarioContext.Pending();\r\n        }\r\n        \n        [Then(@"empowerment should be promoted")]\r\n        public void ThenEmpowermentShouldBePromoted()\r\n        {\r\n            _scenarioContext.Pending();\r\n        }\r\n    }\r\n}\r\n
[xUnit.net 00:00:04.78]     Ensure sustainable enterprise licensing and growth management [SKIP]
[xUnit.net 00:00:04.78]       No matching step definition found for one or more steps.\nusing System;\r\nusing TechTalk.SpecFlow;\r\n\r\nnamespace MyNamespace\r\n{\r\n    [Binding]\r\n    public class StepDefinitions\r\n    {\r\n        private readonly ScenarioContext _scenarioContext;\r\n\r\n        public StepDefinitions(ScenarioContext scenarioContext)\r\n        {\r\n            _scenarioContext = scenarioContext;\r\n        }\r\n        [Given(@"enterprise licensing system is configured")]\r\n        public void GivenEnterpriseLicensingSystemIsConfigured()\r\n        {\r\n            _scenarioContext.Pending();\r\n        }\r\n        \n        [Given(@"bulk billing engines are active")]\r\n        public void GivenBulkBillingEnginesAreActive()\r\n        {\r\n            _scenarioContext.Pending();\r\n        }\r\n        \n        [Given(@"SSO integration is available")]\r\n        public void GivenSSOIntegrationIsAvailable()\r\n        {\r\n            _scenarioContext.Pending();\r\n        }\r\n        \n        [Given(@"organizational management tools are implemented")]\r\n        public void GivenOrganizationalManagementToolsAreImplemented()\r\n        {\r\n            _scenarioContext.Pending();\r\n        }\r\n        \n        [Given(@"compliance frameworks are established")]\r\n        public void GivenComplianceFrameworksAreEstablished()\r\n        {\r\n            _scenarioContext.Pending();\r\n        }\r\n        \n        [Given(@"enterprise customers drive significant platform growth")]\r\n        public void GivenEnterpriseCustomersDriveSignificantPlatformGrowth()\r\n        {\r\n            _scenarioContext.Pending();\r\n        }\r\n        \n        [When(@"planning enterprise sustainability:")]\r\n        public void WhenPlanningEnterpriseSustainability(Table table)\r\n        {\r\n            _scenarioContext.Pending();\r\n        }\r\n        \n        [Then(@"sustainability should be enterprise-focused")]\r\n        public void ThenSustainabilityShouldBeEnterprise_Focused()\r\n        {\r\n            _scenarioContext.Pending();\r\n        }\r\n        \n        [Then(@"strategies should support large-scale operations")]\r\n        public void ThenStrategiesShouldSupportLarge_ScaleOperations()\r\n        {\r\n            _scenarioContext.Pending();\r\n        }\r\n        \n        [Then(@"resources should match enterprise requirements")]\r\n        public void ThenResourcesShouldMatchEnterpriseRequirements()\r\n        {\r\n            _scenarioContext.Pending();\r\n        }\r\n        \n        [Then(@"viability should be long-term")]\r\n        public void ThenViabilityShouldBeLong_Term()\r\n        {\r\n            _scenarioContext.Pending();\r\n        }\r\n    }\r\n}\r\n
  Failed Sync patients from EHR [31 ms]
  Error Message:
   TechTalk.SpecFlow.BindingException : Ambiguous step definitions found for step 'Given HIPAA compliance is enforced': TherapyDocs.Api.Tests:TherapyDocs.Api.Tests.BDD.StepDefinitions.ComplianceStepDefinitions.GivenHIPAAComplianceIsEnforced(), TherapyDocs.Api.Tests:TherapyDocs.Api.Tests.BDD.StepDefinitions.EHRIntegrationSteps.GivenHIPAAComplianceIsEnforced()
  Stack Trace:
     at TechTalk.SpecFlow.Infrastructure.TestExecutionEngine.GetStepMatch(StepInstance stepInstance)
   at TechTalk.SpecFlow.Infrastructure.TestExecutionEngine.ExecuteStep(IContextManager contextManager, StepInstance stepInstance)
   at TechTalk.SpecFlow.Infrastructure.TestExecutionEngine.OnAfterLastStep()
   at TechTalk.SpecFlow.TestRunner.CollectScenarioErrors()
   at TherapyDocs.Api.Tests.BDD.Features.Integrations.EHRIntegrationAPIEndpointsFR_010Feature.ScenarioCleanup()
   at TherapyDocs.Api.Tests.BDD.Features.Integrations.EHRIntegrationAPIEndpointsFR_010Feature.SyncPatientsFromEHR() in /home/srowe/workspace/pediatric-therapy-resource/api/Tests/BDD/Features/integrations/ehr-integration.feature:line 57
   at System.RuntimeMethodHandle.InvokeMethod(Object target, Void** arguments, Signature sig, Boolean isConstructor)
   at System.Reflection.MethodBaseInvoker.InvokeWithNoArgs(Object obj, BindingFlags invokeAttr)
  Standard Output Messages:
 Given the API is available
 -> done: CommonStepDefinitions.GivenTheAPIIsAvailable() (0.0s)
 And I am authenticated as "therapist@clinic.com"
 -> done: CommonStepDefinitions.GivenIAmAuthenticatedAs("therapist@clinic.com") (0.0s)
 And HIPAA compliance is enforced
 -> binding error: Ambiguous step definitions found for step 'Given HIPAA compliance is enforced': TherapyDocs.Api.Tests:TherapyDocs.Api.Tests.BDD.StepDefinitions.ComplianceStepDefinitions.GivenHIPAAComplianceIsEnforced(), TherapyDocs.Api.Tests:TherapyDocs.Api.Tests.BDD.StepDefinitions.EHRIntegrationSteps.GivenHIPAAComplianceIsEnforced()
 Given EHR connection "conn-123" exists
 -> skipped because of previous errors
 When I send a GET request to "/api/integrations/ehr/conn-123/patients?sync=true"
 -> skipped because of previous errors
 Then the response status should be 200
 -> skipped because of previous errors
 And the response should contain:
   --- table step argument ---
   | field          | type   |
   | syncedPatients | array  |
   | newCount       | number |
   | updatedCount   | number |
   | errors         | array  |
 -> skipped because of previous errors
 And patient data should be mapped correctly
 -> skipped because of previous errors


  Skipped Monitor validation effectiveness and system performance [1 ms]
  Failed Test video transcoding performance and quality [72 ms]
  Error Message:
   Expected ((int)LastResponse!.StatusCode) to be 200, but found 404 (difference of 204).
  Stack Trace:
     at FluentAssertions.Execution.XUnit2TestFramework.Throw(String message)
   at FluentAssertions.Execution.TestFrameworkProvider.Throw(String message)
   at FluentAssertions.Execution.DefaultAssertionStrategy.HandleFailure(String message)
   at FluentAssertions.Execution.AssertionScope.FailWith(Func`1 failReasonFunc)
   at FluentAssertions.Execution.AssertionScope.FailWith(Func`1 failReasonFunc)
   at FluentAssertions.Execution.AssertionScope.FailWith(String message, Object[] args)
   at FluentAssertions.Numeric.NumericAssertions`2.Be(T expected, String because, Object[] becauseArgs)
   at TherapyDocs.Api.Tests.BDD.StepDefinitions.BaseStepDefinitions.ThenTheResponseStatusShouldBe(Int32 statusCode) in /home/srowe/workspace/pediatric-therapy-resource/api/Tests/BDD/StepDefinitions/BaseStepDefinitions.cs:line 72
   at TherapyDocs.Api.Tests.BDD.StepDefinitions.VideoStreamingSteps.ThenTranscodingShouldCompleteWithinTargetTimeframes() in /home/srowe/workspace/pediatric-therapy-resource/api/Tests/BDD/StepDefinitions/VideoStreamingSteps.cs:line 765
   at InvokeStub_Action`1.Invoke(Object, Span`1)
   at System.Reflection.MethodBaseInvoker.InvokeWithOneArg(Object obj, BindingFlags invokeAttr, Binder binder, Object[] parameters, CultureInfo culture)
   at TechTalk.SpecFlow.Bindings.BindingInvoker.InvokeBinding(IBinding binding, IContextManager contextManager, Object[] arguments, ITestTracer testTracer, TimeSpan& duration)
   at TechTalk.SpecFlow.Infrastructure.TestExecutionEngine.ExecuteStepMatch(BindingMatch match, Object[] arguments, TimeSpan& duration)
   at TechTalk.SpecFlow.Infrastructure.TestExecutionEngine.ExecuteStep(IContextManager contextManager, StepInstance stepInstance)
   at TechTalk.SpecFlow.Infrastructure.TestExecutionEngine.OnAfterLastStep()
   at TechTalk.SpecFlow.TestRunner.CollectScenarioErrors()
   at TherapyDocs.Api.Tests.BDD.Features.Performance.VideoStreamingPerformanceAndQualityTestingFeature.ScenarioCleanup()
   at TherapyDocs.Api.Tests.BDD.Features.Performance.VideoStreamingPerformanceAndQualityTestingFeature.TestVideoTranscodingPerformanceAndQuality() in /home/srowe/workspace/pediatric-therapy-resource/api/Tests/BDD/Features/performance/video-streaming.feature:line 87
   at System.RuntimeMethodHandle.InvokeMethod(Object target, Void** arguments, Signature sig, Boolean isConstructor)
   at System.Reflection.MethodBaseInvoker.InvokeWithNoArgs(Object obj, BindingFlags invokeAttr)
  Standard Output Messages:
 Given video streaming infrastructure is configured
 -> done: VideoStreamingSteps.GivenVideoStreamingInfrastructureIsConfigured() (0.0s)
 And CDN distribution is optimized
 -> done: VideoStreamingSteps.GivenCDNDistributionIsOptimized() (0.0s)
 And adaptive bitrate streaming is enabled
 -> done: VideoStreamingSteps.GivenAdaptiveBitrateStreamingIsEnabled() (0.0s)
 And video quality metrics are monitored
 -> done: VideoStreamingSteps.GivenVideoQualityMetricsAreMonitored() (0.0s)
 Given video transcoding pipeline is optimized
 -> done: VideoStreamingSteps.GivenVideoTranscodingPipelineIsOptimized() (0.0s)
 When videos are uploaded and processed:
   --- table step argument ---
   | Video Input Format | File Size | Processing Time Target | Output Formats    | Quality Retention |
   | 4K H.264           | 2GB       | <10 minutes            | 1080p, 720p, 480p | >95%              |
   | 1080p H.264        | 500MB     | <3 minutes             | 720p, 480p, 360p  | >98%              |
   | 720p MOV           | 200MB     | <90 seconds            | 480p, 360p        | >98%              |
   | Raw upload formats | Variable  | <2x video length       | All standard      | >95%              |
 -> done: VideoStreamingSteps.WhenVideosAreUploadedAndProcessed(<table>) (0.0s)
 Then transcoding should complete within target timeframes
 -> error: Expected ((int)LastResponse!.StatusCode) to be 200, but found 404 (difference of 204). (0.0s)
 And multiple output formats should be generated automatically
 -> skipped because of previous errors
 And video quality should be preserved across formats
 -> skipped because of previous errors
 And processing queue should handle peak upload volumes
 -> skipped because of previous errors


  Skipped Implement socioeconomic sensitivity and class-aware therapy approaches [1 ms]
  Skipped Ensure sustainable enterprise licensing and growth management [1 ms]
[xUnit.net 00:00:04.79]     Admin successfully gets user by ID [SKIP]
[xUnit.net 00:00:04.79]       No matching step definition found for one or more steps.\nusing System;\r\nusing TechTalk.SpecFlow;\r\n\r\nnamespace MyNamespace\r\n{\r\n    [Binding]\r\n    public class StepDefinitions\r\n    {\r\n        private readonly ScenarioContext _scenarioContext;\r\n\r\n        public StepDefinitions(ScenarioContext scenarioContext)\r\n        {\r\n            _scenarioContext = scenarioContext;\r\n        }\r\n        [Given(@"I am authenticated as an admin")]\r\n        public void GivenIAmAuthenticatedAsAnAdmin()\r\n        {\r\n            _scenarioContext.Pending();\r\n        }\r\n        \n        [Given(@"a user exists with id ""(.*)""")]\r\n        public void GivenAUserExistsWithId(string p0)\r\n        {\r\n            _scenarioContext.Pending();\r\n        }\r\n        \n        [Then(@"the response should contain full user details")]\r\n        public void ThenTheResponseShouldContainFullUserDetails()\r\n        {\r\n            _scenarioContext.Pending();\r\n        }\r\n        \n        [Then(@"sensitive data should be masked appropriately")]\r\n        public void ThenSensitiveDataShouldBeMaskedAppropriately()\r\n        {\r\n            _scenarioContext.Pending();\r\n        }\r\n    }\r\n}\r\n
[xUnit.net 00:00:04.80]     Test database partitioning strategies for large datasets [SKIP]
[xUnit.net 00:00:04.80]       No matching step definition found for one or more steps.\nusing System;\r\nusing TechTalk.SpecFlow;\r\n\r\nnamespace MyNamespace\r\n{\r\n    [Binding]\r\n    public class StepDefinitions\r\n    {\r\n        private readonly ScenarioContext _scenarioContext;\r\n\r\n        public StepDefinitions(ScenarioContext scenarioContext)\r\n        {\r\n            _scenarioContext = scenarioContext;\r\n        }\r\n        [Then(@"partitioning should improve query performance significantly")]\r\n        public void ThenPartitioningShouldImproveQueryPerformanceSignificantly()\r\n        {\r\n            _scenarioContext.Pending();\r\n        }\r\n        \n        [Then(@"partition maintenance should be automated where possible")]\r\n        public void ThenPartitionMaintenanceShouldBeAutomatedWherePossible()\r\n        {\r\n            _scenarioContext.Pending();\r\n        }\r\n        \n        [Then(@"partition pruning should eliminate unnecessary data scans")]\r\n        public void ThenPartitionPruningShouldEliminateUnnecessaryDataScans()\r\n        {\r\n            _scenarioContext.Pending();\r\n        }\r\n        \n        [Then(@"cross-partition queries should be minimized")]\r\n        public void ThenCross_PartitionQueriesShouldBeMinimized()\r\n        {\r\n            _scenarioContext.Pending();\r\n        }\r\n    }\r\n}\r\n
[xUnit.net 00:00:04.81]       Expected response.StatusCode to be HttpStatusCode.OK {value: 200}, but found HttpStatusCode.NotFound {value: 404}.
[xUnit.net 00:00:04.81]       Stack Trace:
[xUnit.net 00:00:04.81]            at FluentAssertions.Execution.XUnit2TestFramework.Throw(String message)
[xUnit.net 00:00:04.81]            at FluentAssertions.Execution.TestFrameworkProvider.Throw(String message)
[xUnit.net 00:00:04.81]            at FluentAssertions.Execution.DefaultAssertionStrategy.HandleFailure(String message)
[xUnit.net 00:00:04.81]            at FluentAssertions.Execution.AssertionScope.FailWith(Func`1 failReasonFunc)
[xUnit.net 00:00:04.81]            at FluentAssertions.Execution.AssertionScope.FailWith(Func`1 failReasonFunc)
[xUnit.net 00:00:04.81]            at FluentAssertions.Execution.AssertionScope.FailWith(String message, Object[] args)
[xUnit.net 00:00:04.81]            at FluentAssertions.Primitives.EnumAssertions`2.Be(TEnum expected, String because, Object[] becauseArgs)
[xUnit.net 00:00:04.81]         /home/srowe/workspace/pediatric-therapy-resource/api/Tests/BDD/StepDefinitions/SecurityTestingSteps.cs(37,0): at TherapyDocs.Api.Tests.BDD.StepDefinitions.SecurityTestingSteps.GivenTheSecuritySystemIsActive()
[xUnit.net 00:00:04.81]            at TechTalk.SpecFlow.Bindings.SynchronousBindingDelegateInvoker.<>c__DisplayClass2_0.<<InvokeBindingDelegateAsync>b__0>d.MoveNext()
[xUnit.net 00:00:04.81]         --- End of stack trace from previous location ---
[xUnit.net 00:00:04.81]            at TechTalk.SpecFlow.Bindings.AsyncHelpers.<>c__DisplayClass1_0`1.<<RunSync>b__0>d.MoveNext()
[xUnit.net 00:00:04.81]         --- End of stack trace from previous location ---
[xUnit.net 00:00:04.81]            at TechTalk.SpecFlow.Bindings.AsyncHelpers.ExclusiveSynchronizationContext.BeginMessageLoop()
[xUnit.net 00:00:04.81]            at TechTalk.SpecFlow.Bindings.AsyncHelpers.RunSync[T](Func`1 task)
[xUnit.net 00:00:04.81]            at TechTalk.SpecFlow.Bindings.SynchronousBindingDelegateInvoker.InvokeBindingDelegateAsync(Delegate bindingDelegate, Object[] invokeArgs)
[xUnit.net 00:00:04.81]            at TechTalk.SpecFlow.Bindings.SynchronousBindingDelegateInvoker.InvokeDelegateSynchronously(Delegate bindingDelegate, Object[] invokeArgs)
[xUnit.net 00:00:04.81]            at TechTalk.SpecFlow.Bindings.BindingInvoker.InvokeBinding(IBinding binding, IContextManager contextManager, Object[] arguments, ITestTracer testTracer, TimeSpan& duration)
[xUnit.net 00:00:04.81]            at TechTalk.SpecFlow.Infrastructure.TestExecutionEngine.ExecuteStepMatch(BindingMatch match, Object[] arguments, TimeSpan& duration)
[xUnit.net 00:00:04.81]            at TechTalk.SpecFlow.Infrastructure.TestExecutionEngine.ExecuteStep(IContextManager contextManager, StepInstance stepInstance)
[xUnit.net 00:00:04.81]            at TechTalk.SpecFlow.Infrastructure.TestExecutionEngine.OnAfterLastStep()
[xUnit.net 00:00:04.81]            at TechTalk.SpecFlow.TestRunner.CollectScenarioErrors()
[xUnit.net 00:00:04.81]            at TherapyDocs.Api.Tests.BDD.Features.Security.AdvancedAuthenticationSecurityFeature.ScenarioCleanup()
[xUnit.net 00:00:04.81]         /home/srowe/workspace/pediatric-therapy-resource/api/Tests/BDD/Features/security/authentication-security.feature(220,0): at TherapyDocs.Api.Tests.BDD.Features.Security.AdvancedAuthenticationSecurityFeature.HandleCorruptedAuthenticationTokens()
[xUnit.net 00:00:04.81]            at System.RuntimeMethodHandle.InvokeMethod(Object target, Void** arguments, Signature sig, Boolean isConstructor)
[xUnit.net 00:00:04.81]            at System.Reflection.MethodBaseInvoker.InvokeWithNoArgs(Object obj, BindingFlags invokeAttr)
[xUnit.net 00:00:04.81]       Output:
[xUnit.net 00:00:04.81]         Given the security system is active
[xUnit.net 00:00:04.81]         -> error: Expected response.StatusCode to be HttpStatusCode.OK {value: 200}, but found HttpStatusCode.NotFound {value: 404}. (0.0s)
[xUnit.net 00:00:04.81]         And advanced authentication features are enabled
[xUnit.net 00:00:04.81]         -> skipped because of previous errors
[xUnit.net 00:00:04.81]         And security policies are configured
[xUnit.net 00:00:04.81]         -> skipped because of previous errors
[xUnit.net 00:00:04.81]         Given user has valid session with corrupted JWT token
[xUnit.net 00:00:04.81]         -> No matching step definition found for the step. Use the following code to create one:
[xUnit.net 00:00:04.81]                 [Given(@"user has valid session with corrupted JWT token")]
[xUnit.net 00:00:04.81]                 public void GivenUserHasValidSessionWithCorruptedJWTToken()
[xUnit.net 00:00:04.81]                 {
[xUnit.net 00:00:04.81]                     _scenarioContext.Pending();
[xUnit.net 00:00:04.81]                 }
[xUnit.net 00:00:04.81]         
[xUnit.net 00:00:04.81]         When token corruption is detected
[xUnit.net 00:00:04.81]         -> No matching step definition found for the step. Use the following code to create one:
[xUnit.net 00:00:04.81]                 [When(@"token corruption is detected")]
[xUnit.net 00:00:04.81]                 public void WhenTokenCorruptionIsDetected()
[xUnit.net 00:00:04.81]                 {
[xUnit.net 00:00:04.81]                     _scenarioContext.Pending();
[xUnit.net 00:00:04.81]                 }
[xUnit.net 00:00:04.81]         
[xUnit.net 00:00:04.81]         Then user should be immediately logged out
[xUnit.net 00:00:04.81]         -> No matching step definition found for the step. Use the following code to create one:
[xUnit.net 00:00:04.81]                 [Then(@"user should be immediately logged out")]
[xUnit.net 00:00:04.81]                 public void ThenUserShouldBeImmediatelyLoggedOut()
[xUnit.net 00:00:04.81]                 {
[xUnit.net 00:00:04.81]                     _scenarioContext.Pending();
[xUnit.net 00:00:04.81]                 }
[xUnit.net 00:00:04.81]         
[xUnit.net 00:00:04.81]         And new authentication should be required
[xUnit.net 00:00:04.81]         -> No matching step definition found for the step. Use the following code to create one:
[xUnit.net 00:00:04.81]                 [Then(@"new authentication should be required")]
[xUnit.net 00:00:04.81]                 public void ThenNewAuthenticationShouldBeRequired()
[xUnit.net 00:00:04.81]                 {
[xUnit.net 00:00:04.81]                     _scenarioContext.Pending();
[xUnit.net 00:00:04.81]                 }
[xUnit.net 00:00:04.81]         
[xUnit.net 00:00:04.81]         And incident should be logged for investigation
[xUnit.net 00:00:04.81]         -> No matching step definition found for the step. Use the following code to create one:
[xUnit.net 00:00:04.81]                 [Then(@"incident should be logged for investigation")]
[xUnit.net 00:00:04.81]                 public void ThenIncidentShouldBeLoggedForInvestigation()
[xUnit.net 00:00:04.81]                 {
[xUnit.net 00:00:04.82]                     _scenarioContext.Pending();
[xUnit.net 00:00:04.82]                 }
[xUnit.net 00:00:04.82]         
[xUnit.net 00:00:04.82]         And user should receive security notification
[xUnit.net 00:00:04.82]         -> No matching step definition found for the step. Use the following code to create one:
[xUnit.net 00:00:04.82]                 [Then(@"user should receive security notification")]
[xUnit.net 00:00:04.82]                 public void ThenUserShouldReceiveSecurityNotification()
[xUnit.net 00:00:04.82]                 {
[xUnit.net 00:00:04.82]                     _scenarioContext.Pending();
[xUnit.net 00:00:04.82]                 }
[xUnit.net 00:00:04.82]         
[xUnit.net 00:00:04.82]       Expected ((int)LastResponse!.StatusCode) to be 400, but found 404 (difference of 4).
[xUnit.net 00:00:04.82]       Stack Trace:
[xUnit.net 00:00:04.82]            at FluentAssertions.Execution.XUnit2TestFramework.Throw(String message)
[xUnit.net 00:00:04.82]            at FluentAssertions.Execution.TestFrameworkProvider.Throw(String message)
[xUnit.net 00:00:04.82]            at FluentAssertions.Execution.DefaultAssertionStrategy.HandleFailure(String message)
[xUnit.net 00:00:04.82]            at FluentAssertions.Execution.AssertionScope.FailWith(Func`1 failReasonFunc)
[xUnit.net 00:00:04.82]            at FluentAssertions.Execution.AssertionScope.FailWith(Func`1 failReasonFunc)
[xUnit.net 00:00:04.82]            at FluentAssertions.Execution.AssertionScope.FailWith(String message, Object[] args)
[xUnit.net 00:00:04.82]            at FluentAssertions.Numeric.NumericAssertions`2.Be(T expected, String because, Object[] becauseArgs)
[xUnit.net 00:00:04.82]         /home/srowe/workspace/pediatric-therapy-resource/api/Tests/BDD/StepDefinitions/BaseStepDefinitions.cs(72,0): at TherapyDocs.Api.Tests.BDD.StepDefinitions.BaseStepDefinitions.ThenTheResponseStatusShouldBe(Int32 statusCode)
[xUnit.net 00:00:04.82]         /home/srowe/workspace/pediatric-therapy-resource/api/Tests/BDD/StepDefinitions/CommonStepDefinitions.cs(55,0): at TherapyDocs.Api.Tests.BDD.StepDefinitions.CommonStepDefinitions.ThenTheResponseStatusShouldBeStep(Int32 statusCode)
[xUnit.net 00:00:04.82]            at InvokeStub_Action`2.Invoke(Object, Span`1)
[xUnit.net 00:00:04.82]            at System.Reflection.MethodBaseInvoker.InvokeWithFewArgs(Object obj, BindingFlags invokeAttr, Binder binder, Object[] parameters, CultureInfo culture)
[xUnit.net 00:00:04.82]            at TechTalk.SpecFlow.Bindings.BindingInvoker.InvokeBinding(IBinding binding, IContextManager contextManager, Object[] arguments, ITestTracer testTracer, TimeSpan& duration)
[xUnit.net 00:00:04.82]            at TechTalk.SpecFlow.Infrastructure.TestExecutionEngine.ExecuteStepMatch(BindingMatch match, Object[] arguments, TimeSpan& duration)
[xUnit.net 00:00:04.82]            at TechTalk.SpecFlow.Infrastructure.TestExecutionEngine.ExecuteStep(IContextManager contextManager, StepInstance stepInstance)
[xUnit.net 00:00:04.82]            at TechTalk.SpecFlow.Infrastructure.TestExecutionEngine.OnAfterLastStep()
[xUnit.net 00:00:04.82]            at TechTalk.SpecFlow.TestRunner.CollectScenarioErrors()
[xUnit.net 00:00:04.82]            at TherapyDocs.Api.Tests.BDD.Features.Auth.UserManagementAPIEndpointsFeature.ScenarioCleanup()
[xUnit.net 00:00:04.82]         /home/srowe/workspace/pediatric-therapy-resource/api/Tests/BDD/Features/auth/user-management.feature(48,0): at TherapyDocs.Api.Tests.BDD.Features.Auth.UserManagementAPIEndpointsFeature.PreventUpdatingProtectedFields()
[xUnit.net 00:00:04.82]            at System.RuntimeMethodHandle.InvokeMethod(Object target, Void** arguments, Signature sig, Boolean isConstructor)
[xUnit.net 00:00:04.82]            at System.Reflection.MethodBaseInvoker.InvokeWithNoArgs(Object obj, BindingFlags invokeAttr)
[xUnit.net 00:00:04.82]       Output:
[xUnit.net 00:00:04.82]         Given the API is available
[xUnit.net 00:00:04.82]         -> done: CommonStepDefinitions.GivenTheAPIIsAvailable() (0.0s)
[xUnit.net 00:00:04.82]         And I am authenticated as "user@clinic.com"
[xUnit.net 00:00:04.82]         -> done: CommonStepDefinitions.GivenIAmAuthenticatedAs("user@clinic.com") (0.0s)
[xUnit.net 00:00:04.82]         When I send a PUT request to "/api/users/profile" with:
[xUnit.net 00:00:04.82]           --- table step argument ---
[xUnit.net 00:00:04.82]           | field | value             |
[xUnit.net 00:00:04.82]           | email | newemail@test.com |
[xUnit.net 00:00:04.82]           | id    | different-id      |
[xUnit.net 00:00:04.82]         -> done: CommonStepDefinitions.WhenISendAPUTRequestToWithStep("/api/users/profile", <table>) (0.0s)
[xUnit.net 00:00:04.82]         Then the response status should be 400
[xUnit.net 00:00:04.82]         -> error: Expected ((int)LastResponse!.StatusCode) to be 400, but found 404 (difference of 4). (0.0s)
[xUnit.net 00:00:04.82]         And the response should contain error "Cannot update protected fields"
[xUnit.net 00:00:04.82]         -> skipped because of previous errors
[xUnit.net 00:00:04.82]     Test bulk data operations and migration [SKIP]
[xUnit.net 00:00:04.82]       No matching step definition found for one or more steps.\nusing System;\r\nusing TechTalk.SpecFlow;\r\n\r\nnamespace MyNamespace\r\n{\r\n    [Binding]\r\n    public class StepDefinitions\r\n    {\r\n        private readonly ScenarioContext _scenarioContext;\r\n\r\n        public StepDefinitions(ScenarioContext scenarioContext)\r\n        {\r\n            _scenarioContext = scenarioContext;\r\n        }\r\n        [Given(@"practices may need to perform bulk data operations")]\r\n        public void GivenPracticesMayNeedToPerformBulkDataOperations()\r\n        {\r\n            _scenarioContext.Pending();\r\n        }\r\n        \n        [When(@"bulk EHR operations are tested:")]\r\n        public void WhenBulkEHROperationsAreTested(Table table)\r\n        {\r\n            _scenarioContext.Pending();\r\n        }\r\n        \n        [Then(@"bulk operations should complete within time targets")]\r\n        public void ThenBulkOperationsShouldCompleteWithinTimeTargets()\r\n        {\r\n            _scenarioContext.Pending();\r\n        }\r\n        \n        [Then(@"partial failures should not corrupt data")]\r\n        public void ThenPartialFailuresShouldNotCorruptData()\r\n        {\r\n            _scenarioContext.Pending();\r\n        }\r\n        \n        [Then(@"progress should be trackable and resumable")]\r\n        public void ThenProgressShouldBeTrackableAndResumable()\r\n        {\r\n            _scenarioContext.Pending();\r\n        }\r\n        \n        [Then(@"detailed logs should be available for troubleshooting")]\r\n        public void ThenDetailedLogsShouldBeAvailableForTroubleshooting()\r\n        {\r\n            _scenarioContext.Pending();\r\n        }\r\n    }\r\n}\r\n
  Skipped Admin successfully gets user by ID [1 ms]
  Skipped Test database partitioning strategies for large datasets [1 ms]
  Failed Handle corrupted authentication tokens [280 ms]
  Error Message:
   Expected response.StatusCode to be HttpStatusCode.OK {value: 200}, but found HttpStatusCode.NotFound {value: 404}.
  Stack Trace:
     at FluentAssertions.Execution.XUnit2TestFramework.Throw(String message)
   at FluentAssertions.Execution.TestFrameworkProvider.Throw(String message)
   at FluentAssertions.Execution.DefaultAssertionStrategy.HandleFailure(String message)
   at FluentAssertions.Execution.AssertionScope.FailWith(Func`1 failReasonFunc)
   at FluentAssertions.Execution.AssertionScope.FailWith(Func`1 failReasonFunc)
   at FluentAssertions.Execution.AssertionScope.FailWith(String message, Object[] args)
   at FluentAssertions.Primitives.EnumAssertions`2.Be(TEnum expected, String because, Object[] becauseArgs)
   at TherapyDocs.Api.Tests.BDD.StepDefinitions.SecurityTestingSteps.GivenTheSecuritySystemIsActive() in /home/srowe/workspace/pediatric-therapy-resource/api/Tests/BDD/StepDefinitions/SecurityTestingSteps.cs:line 37
   at TechTalk.SpecFlow.Bindings.SynchronousBindingDelegateInvoker.<>c__DisplayClass2_0.<<InvokeBindingDelegateAsync>b__0>d.MoveNext()
--- End of stack trace from previous location ---
   at TechTalk.SpecFlow.Bindings.AsyncHelpers.<>c__DisplayClass1_0`1.<<RunSync>b__0>d.MoveNext()
--- End of stack trace from previous location ---
   at TechTalk.SpecFlow.Bindings.AsyncHelpers.ExclusiveSynchronizationContext.BeginMessageLoop()
   at TechTalk.SpecFlow.Bindings.AsyncHelpers.RunSync[T](Func`1 task)
   at TechTalk.SpecFlow.Bindings.SynchronousBindingDelegateInvoker.InvokeBindingDelegateAsync(Delegate bindingDelegate, Object[] invokeArgs)
   at TechTalk.SpecFlow.Bindings.SynchronousBindingDelegateInvoker.InvokeDelegateSynchronously(Delegate bindingDelegate, Object[] invokeArgs)
   at TechTalk.SpecFlow.Bindings.BindingInvoker.InvokeBinding(IBinding binding, IContextManager contextManager, Object[] arguments, ITestTracer testTracer, TimeSpan& duration)
   at TechTalk.SpecFlow.Infrastructure.TestExecutionEngine.ExecuteStepMatch(BindingMatch match, Object[] arguments, TimeSpan& duration)
   at TechTalk.SpecFlow.Infrastructure.TestExecutionEngine.ExecuteStep(IContextManager contextManager, StepInstance stepInstance)
   at TechTalk.SpecFlow.Infrastructure.TestExecutionEngine.OnAfterLastStep()
   at TechTalk.SpecFlow.TestRunner.CollectScenarioErrors()
   at TherapyDocs.Api.Tests.BDD.Features.Security.AdvancedAuthenticationSecurityFeature.ScenarioCleanup()
   at TherapyDocs.Api.Tests.BDD.Features.Security.AdvancedAuthenticationSecurityFeature.HandleCorruptedAuthenticationTokens() in /home/srowe/workspace/pediatric-therapy-resource/api/Tests/BDD/Features/security/authentication-security.feature:line 220
   at System.RuntimeMethodHandle.InvokeMethod(Object target, Void** arguments, Signature sig, Boolean isConstructor)
   at System.Reflection.MethodBaseInvoker.InvokeWithNoArgs(Object obj, BindingFlags invokeAttr)
  Standard Output Messages:
 Given the security system is active
 -> error: Expected response.StatusCode to be HttpStatusCode.OK {value: 200}, but found HttpStatusCode.NotFound {value: 404}. (0.0s)
 And advanced authentication features are enabled
 -> skipped because of previous errors
 And security policies are configured
 -> skipped because of previous errors
 Given user has valid session with corrupted JWT token
 -> No matching step definition found for the step. Use the following code to create one:
         [Given(@"user has valid session with corrupted JWT token")]
         public void GivenUserHasValidSessionWithCorruptedJWTToken()
         {
             _scenarioContext.Pending();
         }
 
 When token corruption is detected
 -> No matching step definition found for the step. Use the following code to create one:
         [When(@"token corruption is detected")]
         public void WhenTokenCorruptionIsDetected()
         {
             _scenarioContext.Pending();
         }
 
 Then user should be immediately logged out
 -> No matching step definition found for the step. Use the following code to create one:
         [Then(@"user should be immediately logged out")]
         public void ThenUserShouldBeImmediatelyLoggedOut()
         {
             _scenarioContext.Pending();
         }
 
 And new authentication should be required
 -> No matching step definition found for the step. Use the following code to create one:
         [Then(@"new authentication should be required")]
         public void ThenNewAuthenticationShouldBeRequired()
         {
             _scenarioContext.Pending();
         }
 
 And incident should be logged for investigation
 -> No matching step definition found for the step. Use the following code to create one:
         [Then(@"incident should be logged for investigation")]
         public void ThenIncidentShouldBeLoggedForInvestigation()
         {
             _scenarioContext.Pending();
         }
 
 And user should receive security notification
 -> No matching step definition found for the step. Use the following code to create one:
         [Then(@"user should receive security notification")]
         public void ThenUserShouldReceiveSecurityNotification()
         {
             _scenarioContext.Pending();
         }
 


  Failed Prevent updating protected fields [36 ms]
  Error Message:
   Expected ((int)LastResponse!.StatusCode) to be 400, but found 404 (difference of 4).
  Stack Trace:
     at FluentAssertions.Execution.XUnit2TestFramework.Throw(String message)
   at FluentAssertions.Execution.TestFrameworkProvider.Throw(String message)
   at FluentAssertions.Execution.DefaultAssertionStrategy.HandleFailure(String message)
   at FluentAssertions.Execution.AssertionScope.FailWith(Func`1 failReasonFunc)
   at FluentAssertions.Execution.AssertionScope.FailWith(Func`1 failReasonFunc)
   at FluentAssertions.Execution.AssertionScope.FailWith(String message, Object[] args)
   at FluentAssertions.Numeric.NumericAssertions`2.Be(T expected, String because, Object[] becauseArgs)
   at TherapyDocs.Api.Tests.BDD.StepDefinitions.BaseStepDefinitions.ThenTheResponseStatusShouldBe(Int32 statusCode) in /home/srowe/workspace/pediatric-therapy-resource/api/Tests/BDD/StepDefinitions/BaseStepDefinitions.cs:line 72
   at TherapyDocs.Api.Tests.BDD.StepDefinitions.CommonStepDefinitions.ThenTheResponseStatusShouldBeStep(Int32 statusCode) in /home/srowe/workspace/pediatric-therapy-resource/api/Tests/BDD/StepDefinitions/CommonStepDefinitions.cs:line 55
   at InvokeStub_Action`2.Invoke(Object, Span`1)
   at System.Reflection.MethodBaseInvoker.InvokeWithFewArgs(Object obj, BindingFlags invokeAttr, Binder binder, Object[] parameters, CultureInfo culture)
   at TechTalk.SpecFlow.Bindings.BindingInvoker.InvokeBinding(IBinding binding, IContextManager contextManager, Object[] arguments, ITestTracer testTracer, TimeSpan& duration)
   at TechTalk.SpecFlow.Infrastructure.TestExecutionEngine.ExecuteStepMatch(BindingMatch match, Object[] arguments, TimeSpan& duration)
   at TechTalk.SpecFlow.Infrastructure.TestExecutionEngine.ExecuteStep(IContextManager contextManager, StepInstance stepInstance)
   at TechTalk.SpecFlow.Infrastructure.TestExecutionEngine.OnAfterLastStep()
   at TechTalk.SpecFlow.TestRunner.CollectScenarioErrors()
   at TherapyDocs.Api.Tests.BDD.Features.Auth.UserManagementAPIEndpointsFeature.ScenarioCleanup()
   at TherapyDocs.Api.Tests.BDD.Features.Auth.UserManagementAPIEndpointsFeature.PreventUpdatingProtectedFields() in /home/srowe/workspace/pediatric-therapy-resource/api/Tests/BDD/Features/auth/user-management.feature:line 48
   at System.RuntimeMethodHandle.InvokeMethod(Object target, Void** arguments, Signature sig, Boolean isConstructor)
   at System.Reflection.MethodBaseInvoker.InvokeWithNoArgs(Object obj, BindingFlags invokeAttr)
  Standard Output Messages:
 Given the API is available
 -> done: CommonStepDefinitions.GivenTheAPIIsAvailable() (0.0s)
 And I am authenticated as "user@clinic.com"
 -> done: CommonStepDefinitions.GivenIAmAuthenticatedAs("user@clinic.com") (0.0s)
 When I send a PUT request to "/api/users/profile" with:
   --- table step argument ---
   | field | value             |
   | email | newemail@test.com |
   | id    | different-id      |
 -> done: CommonStepDefinitions.WhenISendAPUTRequestToWithStep("/api/users/profile", <table>) (0.0s)
 Then the response status should be 400
 -> error: Expected ((int)LastResponse!.StatusCode) to be 400, but found 404 (difference of 4). (0.0s)
 And the response should contain error "Cannot update protected fields"
 -> skipped because of previous errors


  Skipped Test bulk data operations and migration [1 ms]
[xUnit.net 00:00:04.82]       TechTalk.SpecFlow.BindingException : Ambiguous step definitions found for step 'Given HIPAA compliance is enforced': TherapyDocs.Api.Tests:TherapyDocs.Api.Tests.BDD.StepDefinitions.ComplianceStepDefinitions.GivenHIPAAComplianceIsEnforced(), TherapyDocs.Api.Tests:TherapyDocs.Api.Tests.BDD.StepDefinitions.EHRIntegrationSteps.GivenHIPAAComplianceIsEnforced()
[xUnit.net 00:00:04.82]       Stack Trace:
[xUnit.net 00:00:04.82]            at TechTalk.SpecFlow.Infrastructure.TestExecutionEngine.GetStepMatch(StepInstance stepInstance)
[xUnit.net 00:00:04.82]            at TechTalk.SpecFlow.Infrastructure.TestExecutionEngine.ExecuteStep(IContextManager contextManager, StepInstance stepInstance)
[xUnit.net 00:00:04.82]            at TechTalk.SpecFlow.Infrastructure.TestExecutionEngine.OnAfterLastStep()
[xUnit.net 00:00:04.82]            at TechTalk.SpecFlow.TestRunner.CollectScenarioErrors()
[xUnit.net 00:00:04.82]            at TherapyDocs.Api.Tests.BDD.Features.Integrations.EHRIntegrationAPIEndpointsFR_010Feature.ScenarioCleanup()
[xUnit.net 00:00:04.82]         /home/srowe/workspace/pediatric-therapy-resource/api/Tests/BDD/Features/integrations/ehr-integration.feature(116,0): at TherapyDocs.Api.Tests.BDD.Features.Integrations.EHRIntegrationAPIEndpointsFR_010Feature.ConfigureFieldMapping()
[xUnit.net 00:00:04.82]            at System.RuntimeMethodHandle.InvokeMethod(Object target, Void** arguments, Signature sig, Boolean isConstructor)
[xUnit.net 00:00:04.82]            at System.Reflection.MethodBaseInvoker.InvokeWithNoArgs(Object obj, BindingFlags invokeAttr)
[xUnit.net 00:00:04.82]       Output:
[xUnit.net 00:00:04.82]         Given the API is available
[xUnit.net 00:00:04.82]         -> done: CommonStepDefinitions.GivenTheAPIIsAvailable() (0.0s)
[xUnit.net 00:00:04.82]         And I am authenticated as "therapist@clinic.com"
[xUnit.net 00:00:04.82]         -> done: CommonStepDefinitions.GivenIAmAuthenticatedAs("therapist@clinic.com") (0.0s)
[xUnit.net 00:00:04.82]         And HIPAA compliance is enforced
[xUnit.net 00:00:04.82]         -> binding error: Ambiguous step definitions found for step 'Given HIPAA compliance is enforced': TherapyDocs.Api.Tests:TherapyDocs.Api.Tests.BDD.StepDefinitions.ComplianceStepDefinitions.GivenHIPAAComplianceIsEnforced(), TherapyDocs.Api.Tests:TherapyDocs.Api.Tests.BDD.StepDefinitions.EHRIntegrationSteps.GivenHIPAAComplianceIsEnforced()
[xUnit.net 00:00:04.82]         Given EHR connection "conn-123" exists
[xUnit.net 00:00:04.82]         -> skipped because of previous errors
[xUnit.net 00:00:04.82]         When I send a PUT request to "/api/integrations/ehr/conn-123/mapping" with:
[xUnit.net 00:00:04.82]           --- table step argument ---
[xUnit.net 00:00:04.82]           | field            | value                                                |
[xUnit.net 00:00:04.82]           | patientMapping   | {"firstName": "first_name", "lastName": "last_name"} |
[xUnit.net 00:00:04.82]           | diagnosisMapping | {"icd10": "diagnosis_code"}                          |
[xUnit.net 00:00:04.82]           | customFields     | {"therapyGoals": "custom_field_1"}                   |
[xUnit.net 00:00:04.82]         -> skipped because of previous errors
[xUnit.net 00:00:04.82]         Then the response status should be 200
[xUnit.net 00:00:04.82]         -> skipped because of previous errors
[xUnit.net 00:00:04.82]         And mapping should be saved
[xUnit.net 00:00:04.82]         -> No matching step definition found for the step. Use the following code to create one:
[xUnit.net 00:00:04.82]                 [Then(@"mapping should be saved")]
[xUnit.net 00:00:04.82]                 public void ThenMappingShouldBeSaved()
[xUnit.net 00:00:04.82]                 {
[xUnit.net 00:00:04.82]                     _scenarioContext.Pending();
[xUnit.net 00:00:04.82]                 }
[xUnit.net 00:00:04.82]         
[xUnit.net 00:00:04.82]         And future syncs should use mapping
[xUnit.net 00:00:04.82]         -> No matching step definition found for the step. Use the following code to create one:
[xUnit.net 00:00:04.82]                 [Then(@"future syncs should use mapping")]
[xUnit.net 00:00:04.82]                 public void ThenFutureSyncsShouldUseMapping()
[xUnit.net 00:00:04.82]                 {
[xUnit.net 00:00:04.82]                     _scenarioContext.Pending();
[xUnit.net 00:00:04.82]                 }
[xUnit.net 00:00:04.82]         
[xUnit.net 00:00:04.83]       Expected ((int)LastResponse!.StatusCode) to be 200, but found 404 (difference of 204).
[xUnit.net 00:00:04.83]       Stack Trace:
[xUnit.net 00:00:04.83]            at FluentAssertions.Execution.XUnit2TestFramework.Throw(String message)
[xUnit.net 00:00:04.83]            at FluentAssertions.Execution.TestFrameworkProvider.Throw(String message)
[xUnit.net 00:00:04.83]            at FluentAssertions.Execution.DefaultAssertionStrategy.HandleFailure(String message)
[xUnit.net 00:00:04.83]            at FluentAssertions.Execution.AssertionScope.FailWith(Func`1 failReasonFunc)
[xUnit.net 00:00:04.83]            at FluentAssertions.Execution.AssertionScope.FailWith(Func`1 failReasonFunc)
[xUnit.net 00:00:04.83]            at FluentAssertions.Execution.AssertionScope.FailWith(String message, Object[] args)
[xUnit.net 00:00:04.83]            at FluentAssertions.Numeric.NumericAssertions`2.Be(T expected, String because, Object[] becauseArgs)
[xUnit.net 00:00:04.83]         /home/srowe/workspace/pediatric-therapy-resource/api/Tests/BDD/StepDefinitions/BaseStepDefinitions.cs(72,0): at TherapyDocs.Api.Tests.BDD.StepDefinitions.BaseStepDefinitions.ThenTheResponseStatusShouldBe(Int32 statusCode)
[xUnit.net 00:00:04.83]         /home/srowe/workspace/pediatric-therapy-resource/api/Tests/BDD/StepDefinitions/CommonStepDefinitions.cs(55,0): at TherapyDocs.Api.Tests.BDD.StepDefinitions.CommonStepDefinitions.ThenTheResponseStatusShouldBeStep(Int32 statusCode)
[xUnit.net 00:00:04.83]            at InvokeStub_Action`2.Invoke(Object, Span`1)
[xUnit.net 00:00:04.83]            at System.Reflection.MethodBaseInvoker.InvokeWithFewArgs(Object obj, BindingFlags invokeAttr, Binder binder, Object[] parameters, CultureInfo culture)
[xUnit.net 00:00:04.83]            at TechTalk.SpecFlow.Bindings.BindingInvoker.InvokeBinding(IBinding binding, IContextManager contextManager, Object[] arguments, ITestTracer testTracer, TimeSpan& duration)
[xUnit.net 00:00:04.84]            at TechTalk.SpecFlow.Infrastructure.TestExecutionEngine.ExecuteStepMatch(BindingMatch match, Object[] arguments, TimeSpan& duration)
[xUnit.net 00:00:04.84]            at TechTalk.SpecFlow.Infrastructure.TestExecutionEngine.ExecuteStep(IContextManager contextManager, StepInstance stepInstance)
[xUnit.net 00:00:04.84]            at TechTalk.SpecFlow.Infrastructure.TestExecutionEngine.OnAfterLastStep()
[xUnit.net 00:00:04.84]            at TechTalk.SpecFlow.TestRunner.CollectScenarioErrors()
[xUnit.net 00:00:04.84]            at TherapyDocs.Api.Tests.BDD.Features.Auth.UserManagementAPIEndpointsFeature.ScenarioCleanup()
[xUnit.net 00:00:04.84]         /home/srowe/workspace/pediatric-therapy-resource/api/Tests/BDD/Features/auth/user-management.feature(15,0): at TherapyDocs.Api.Tests.BDD.Features.Auth.UserManagementAPIEndpointsFeature.SuccessfullyGetCurrentUserProfile()
[xUnit.net 00:00:04.84]            at System.RuntimeMethodHandle.InvokeMethod(Object target, Void** arguments, Signature sig, Boolean isConstructor)
[xUnit.net 00:00:04.84]            at System.Reflection.MethodBaseInvoker.InvokeWithNoArgs(Object obj, BindingFlags invokeAttr)
[xUnit.net 00:00:04.84]       Output:
[xUnit.net 00:00:04.84]         Given the API is available
[xUnit.net 00:00:04.84]         -> done: CommonStepDefinitions.GivenTheAPIIsAvailable() (0.0s)
[xUnit.net 00:00:04.84]         And I am authenticated as "user@clinic.com"
[xUnit.net 00:00:04.84]         -> done: CommonStepDefinitions.GivenIAmAuthenticatedAs("user@clinic.com") (0.0s)
[xUnit.net 00:00:04.84]         When I send a GET request to "/api/users/profile"
[xUnit.net 00:00:04.84]         -> done: CommonStepDefinitions.WhenISendAGETRequestToStep("/api/users/profile") (0.0s)
[xUnit.net 00:00:04.84]         Then the response status should be 200
[xUnit.net 00:00:04.84]         -> error: Expected ((int)LastResponse!.StatusCode) to be 200, but found 404 (difference of 204). (0.0s)
[xUnit.net 00:00:04.84]         And the response should contain:
[xUnit.net 00:00:04.84]           --- table step argument ---
[xUnit.net 00:00:04.84]           | field         | type    |
[xUnit.net 00:00:04.84]           | id            | string  |
[xUnit.net 00:00:04.84]           | email         | string  |
[xUnit.net 00:00:04.84]           | firstName     | string  |
[xUnit.net 00:00:04.84]           | lastName      | string  |
[xUnit.net 00:00:04.84]           | licenseNumber | string  |
[xUnit.net 00:00:04.84]           | licenseState  | string  |
[xUnit.net 00:00:04.84]           | licenseType   | string  |
[xUnit.net 00:00:04.84]           | phone         | string  |
[xUnit.net 00:00:04.84]           | createdAt     | string  |
[xUnit.net 00:00:04.84]           | verified      | boolean |
[xUnit.net 00:00:04.84]           | subscription  | object  |
[xUnit.net 00:00:04.84]         -> skipped because of previous errors
[xUnit.net 00:00:04.86]     Record functional analysis data [SKIP]
[xUnit.net 00:00:04.86]       No matching step definition found for one or more steps.\nusing System;\r\nusing TechTalk.SpecFlow;\r\n\r\nnamespace MyNamespace\r\n{\r\n    [Binding]\r\n    public class StepDefinitions\r\n    {\r\n        private readonly ScenarioContext _scenarioContext;\r\n\r\n        public StepDefinitions(ScenarioContext scenarioContext)\r\n        {\r\n            _scenarioContext = scenarioContext;\r\n        }\r\n        [Given(@"I have ABA certification")]\r\n        public void GivenIHaveABACertification()\r\n        {\r\n            _scenarioContext.Pending();\r\n        }\r\n        \n        [Then(@"FA graph should update")]\r\n        public void ThenFAGraphShouldUpdate()\r\n        {\r\n            _scenarioContext.Pending();\r\n        }\r\n        \n        [Then(@"function hypothesis should strengthen")]\r\n        public void ThenFunctionHypothesisShouldStrengthen()\r\n        {\r\n            _scenarioContext.Pending();\r\n        }\r\n    }\r\n}\r\n
[xUnit.net 00:00:04.91]     Recover from data corruption or loss incidents [SKIP]
[xUnit.net 00:00:04.91]       No matching step definition found for one or more steps.\nusing System;\r\nusing TechTalk.SpecFlow;\r\n\r\nnamespace MyNamespace\r\n{\r\n    [Binding]\r\n    public class StepDefinitions\r\n    {\r\n        private readonly ScenarioContext _scenarioContext;\r\n\r\n        public StepDefinitions(ScenarioContext scenarioContext)\r\n        {\r\n            _scenarioContext = scenarioContext;\r\n        }\r\n        [Given(@"the incident response system is active")]\r\n        public void GivenTheIncidentResponseSystemIsActive()\r\n        {\r\n            _scenarioContext.Pending();\r\n        }\r\n        \n        [Given(@"security monitoring is enabled")]\r\n        public void GivenSecurityMonitoringIsEnabled()\r\n        {\r\n            _scenarioContext.Pending();\r\n        }\r\n        \n        [Given(@"response procedures are configured")]\r\n        public void GivenResponseProceduresAreConfigured()\r\n        {\r\n            _scenarioContext.Pending();\r\n        }\r\n        \n        [Given(@"security incident results in data corruption")]\r\n        public void GivenSecurityIncidentResultsInDataCorruption()\r\n        {\r\n            _scenarioContext.Pending();\r\n        }\r\n        \n        [Given(@"backups are available from multiple time points")]\r\n        public void GivenBackupsAreAvailableFromMultipleTimePoints()\r\n        {\r\n            _scenarioContext.Pending();\r\n        }\r\n        \n        [When(@"data recovery procedures are initiated")]\r\n        public void WhenDataRecoveryProceduresAreInitiated()\r\n        {\r\n            _scenarioContext.Pending();\r\n        }\r\n        \n        [Then(@"recovery process should follow:")]\r\n        public void ThenRecoveryProcessShouldFollow(Table table)\r\n        {\r\n            _scenarioContext.Pending();\r\n        }\r\n        \n        [Then(@"recovery should be completed within RTO \((.*) hours\)")]\r\n        public void ThenRecoveryShouldBeCompletedWithinRTOHours(int p0)\r\n        {\r\n            _scenarioContext.Pending();\r\n        }\r\n        \n        [Then(@"RPO should not exceed (.*) hour of data loss")]\r\n        public void ThenRPOShouldNotExceedHourOfDataLoss(int p0)\r\n        {\r\n            _scenarioContext.Pending();\r\n        }\r\n    }\r\n}\r\n
[xUnit.net 00:00:04.95]     Get parent training materials [SKIP]
[xUnit.net 00:00:04.95]       No matching step definition found for one or more steps.\nusing System;\r\nusing TechTalk.SpecFlow;\r\n\r\nnamespace MyNamespace\r\n{\r\n    [Binding]\r\n    public class StepDefinitions\r\n    {\r\n        private readonly ScenarioContext _scenarioContext;\r\n\r\n        public StepDefinitions(ScenarioContext scenarioContext)\r\n        {\r\n            _scenarioContext = scenarioContext;\r\n        }\r\n        [Given(@"I have ABA certification")]\r\n        public void GivenIHaveABACertification()\r\n        {\r\n            _scenarioContext.Pending();\r\n        }\r\n    }\r\n}\r\n
[xUnit.net 00:00:04.95]     Manage enterprise change control [SKIP]
[xUnit.net 00:00:04.95]       No matching step definition found for one or more steps.\nusing System;\r\nusing TechTalk.SpecFlow;\r\n\r\nnamespace MyNamespace\r\n{\r\n    [Binding]\r\n    public class StepDefinitions\r\n    {\r\n        private readonly ScenarioContext _scenarioContext;\r\n\r\n        public StepDefinitions(ScenarioContext scenarioContext)\r\n        {\r\n            _scenarioContext = scenarioContext;\r\n        }\r\n        [Given(@"multi-tenant architecture is implemented")]\r\n        public void GivenMulti_TenantArchitectureIsImplemented()\r\n        {\r\n            _scenarioContext.Pending();\r\n        }\r\n        \n        [Given(@"data isolation is enforced")]\r\n        public void GivenDataIsolationIsEnforced()\r\n        {\r\n            _scenarioContext.Pending();\r\n        }\r\n        \n        [Given(@"tenant provisioning is automated")]\r\n        public void GivenTenantProvisioningIsAutomated()\r\n        {\r\n            _scenarioContext.Pending();\r\n        }\r\n        \n        [Given(@"scalability is built-in")]\r\n        public void GivenScalabilityIsBuilt_In()\r\n        {\r\n            _scenarioContext.Pending();\r\n        }\r\n        \n        [Given(@"enterprise features are enabled")]\r\n        public void GivenEnterpriseFeaturesAreEnabled()\r\n        {\r\n            _scenarioContext.Pending();\r\n        }\r\n        \n        [Given(@"enterprises require stable operations")]\r\n        public void GivenEnterprisesRequireStableOperations()\r\n        {\r\n            _scenarioContext.Pending();\r\n        }\r\n        \n        [Given(@"changes must be controlled carefully")]\r\n        public void GivenChangesMustBeControlledCarefully()\r\n        {\r\n            _scenarioContext.Pending();\r\n        }\r\n        \n        [When(@"implementing change management:")]\r\n        public void WhenImplementingChangeManagement(Table table)\r\n        {\r\n            _scenarioContext.Pending();\r\n        }\r\n        \n        [Then(@"changes should be controlled")]\r\n        public void ThenChangesShouldBeControlled()\r\n        {\r\n            _scenarioContext.Pending();\r\n        }\r\n        \n        [Then(@"quality should be maintained")]\r\n        public void ThenQualityShouldBeMaintained()\r\n        {\r\n            _scenarioContext.Pending();\r\n        }\r\n        \n        [Then(@"risks should be minimized")]\r\n        public void ThenRisksShouldBeMinimized()\r\n        {\r\n            _scenarioContext.Pending();\r\n        }\r\n        \n        [Then(@"communication should be clear")]\r\n        public void ThenCommunicationShouldBeClear()\r\n        {\r\n            _scenarioContext.Pending();\r\n        }\r\n    }\r\n}\r\n
  Failed Configure field mapping [88 ms]
  Error Message:
   TechTalk.SpecFlow.BindingException : Ambiguous step definitions found for step 'Given HIPAA compliance is enforced': TherapyDocs.Api.Tests:TherapyDocs.Api.Tests.BDD.StepDefinitions.ComplianceStepDefinitions.GivenHIPAAComplianceIsEnforced(), TherapyDocs.Api.Tests:TherapyDocs.Api.Tests.BDD.StepDefinitions.EHRIntegrationSteps.GivenHIPAAComplianceIsEnforced()
  Stack Trace:
     at TechTalk.SpecFlow.Infrastructure.TestExecutionEngine.GetStepMatch(StepInstance stepInstance)
   at TechTalk.SpecFlow.Infrastructure.TestExecutionEngine.ExecuteStep(IContextManager contextManager, StepInstance stepInstance)
   at TechTalk.SpecFlow.Infrastructure.TestExecutionEngine.OnAfterLastStep()
   at TechTalk.SpecFlow.TestRunner.CollectScenarioErrors()
   at TherapyDocs.Api.Tests.BDD.Features.Integrations.EHRIntegrationAPIEndpointsFR_010Feature.ScenarioCleanup()
   at TherapyDocs.Api.Tests.BDD.Features.Integrations.EHRIntegrationAPIEndpointsFR_010Feature.ConfigureFieldMapping() in /home/srowe/workspace/pediatric-therapy-resource/api/Tests/BDD/Features/integrations/ehr-integration.feature:line 116
   at System.RuntimeMethodHandle.InvokeMethod(Object target, Void** arguments, Signature sig, Boolean isConstructor)
   at System.Reflection.MethodBaseInvoker.InvokeWithNoArgs(Object obj, BindingFlags invokeAttr)
  Standard Output Messages:
 Given the API is available
 -> done: CommonStepDefinitions.GivenTheAPIIsAvailable() (0.0s)
 And I am authenticated as "therapist@clinic.com"
 -> done: CommonStepDefinitions.GivenIAmAuthenticatedAs("therapist@clinic.com") (0.0s)
 And HIPAA compliance is enforced
 -> binding error: Ambiguous step definitions found for step 'Given HIPAA compliance is enforced': TherapyDocs.Api.Tests:TherapyDocs.Api.Tests.BDD.StepDefinitions.ComplianceStepDefinitions.GivenHIPAAComplianceIsEnforced(), TherapyDocs.Api.Tests:TherapyDocs.Api.Tests.BDD.StepDefinitions.EHRIntegrationSteps.GivenHIPAAComplianceIsEnforced()
 Given EHR connection "conn-123" exists
 -> skipped because of previous errors
 When I send a PUT request to "/api/integrations/ehr/conn-123/mapping" with:
   --- table step argument ---
   | field            | value                                                |
   | patientMapping   | {"firstName": "first_name", "lastName": "last_name"} |
   | diagnosisMapping | {"icd10": "diagnosis_code"}                          |
   | customFields     | {"therapyGoals": "custom_field_1"}                   |
 -> skipped because of previous errors
 Then the response status should be 200
 -> skipped because of previous errors
 And mapping should be saved
 -> No matching step definition found for the step. Use the following code to create one:
         [Then(@"mapping should be saved")]
         public void ThenMappingShouldBeSaved()
         {
             _scenarioContext.Pending();
         }
 
 And future syncs should use mapping
 -> No matching step definition found for the step. Use the following code to create one:
         [Then(@"future syncs should use mapping")]
         public void ThenFutureSyncsShouldUseMapping()
         {
             _scenarioContext.Pending();
         }
 


  Failed Successfully get current user profile [22 ms]
  Error Message:
   Expected ((int)LastResponse!.StatusCode) to be 200, but found 404 (difference of 204).
  Stack Trace:
     at FluentAssertions.Execution.XUnit2TestFramework.Throw(String message)
   at FluentAssertions.Execution.TestFrameworkProvider.Throw(String message)
   at FluentAssertions.Execution.DefaultAssertionStrategy.HandleFailure(String message)
   at FluentAssertions.Execution.AssertionScope.FailWith(Func`1 failReasonFunc)
   at FluentAssertions.Execution.AssertionScope.FailWith(Func`1 failReasonFunc)
   at FluentAssertions.Execution.AssertionScope.FailWith(String message, Object[] args)
   at FluentAssertions.Numeric.NumericAssertions`2.Be(T expected, String because, Object[] becauseArgs)
   at TherapyDocs.Api.Tests.BDD.StepDefinitions.BaseStepDefinitions.ThenTheResponseStatusShouldBe(Int32 statusCode) in /home/srowe/workspace/pediatric-therapy-resource/api/Tests/BDD/StepDefinitions/BaseStepDefinitions.cs:line 72
   at TherapyDocs.Api.Tests.BDD.StepDefinitions.CommonStepDefinitions.ThenTheResponseStatusShouldBeStep(Int32 statusCode) in /home/srowe/workspace/pediatric-therapy-resource/api/Tests/BDD/StepDefinitions/CommonStepDefinitions.cs:line 55
   at InvokeStub_Action`2.Invoke(Object, Span`1)
   at System.Reflection.MethodBaseInvoker.InvokeWithFewArgs(Object obj, BindingFlags invokeAttr, Binder binder, Object[] parameters, CultureInfo culture)
   at TechTalk.SpecFlow.Bindings.BindingInvoker.InvokeBinding(IBinding binding, IContextManager contextManager, Object[] arguments, ITestTracer testTracer, TimeSpan& duration)
   at TechTalk.SpecFlow.Infrastructure.TestExecutionEngine.ExecuteStepMatch(BindingMatch match, Object[] arguments, TimeSpan& duration)
   at TechTalk.SpecFlow.Infrastructure.TestExecutionEngine.ExecuteStep(IContextManager contextManager, StepInstance stepInstance)
   at TechTalk.SpecFlow.Infrastructure.TestExecutionEngine.OnAfterLastStep()
   at TechTalk.SpecFlow.TestRunner.CollectScenarioErrors()
   at TherapyDocs.Api.Tests.BDD.Features.Auth.UserManagementAPIEndpointsFeature.ScenarioCleanup()
   at TherapyDocs.Api.Tests.BDD.Features.Auth.UserManagementAPIEndpointsFeature.SuccessfullyGetCurrentUserProfile() in /home/srowe/workspace/pediatric-therapy-resource/api/Tests/BDD/Features/auth/user-management.feature:line 15
   at System.RuntimeMethodHandle.InvokeMethod(Object target, Void** arguments, Signature sig, Boolean isConstructor)
   at System.Reflection.MethodBaseInvoker.InvokeWithNoArgs(Object obj, BindingFlags invokeAttr)
  Standard Output Messages:
 Given the API is available
 -> done: CommonStepDefinitions.GivenTheAPIIsAvailable() (0.0s)
 And I am authenticated as "user@clinic.com"
 -> done: CommonStepDefinitions.GivenIAmAuthenticatedAs("user@clinic.com") (0.0s)
 When I send a GET request to "/api/users/profile"
 -> done: CommonStepDefinitions.WhenISendAGETRequestToStep("/api/users/profile") (0.0s)
 Then the response status should be 200
 -> error: Expected ((int)LastResponse!.StatusCode) to be 200, but found 404 (difference of 204). (0.0s)
 And the response should contain:
   --- table step argument ---
   | field         | type    |
   | id            | string  |
   | email         | string  |
   | firstName     | string  |
   | lastName      | string  |
   | licenseNumber | string  |
   | licenseState  | string  |
   | licenseType   | string  |
   | phone         | string  |
   | createdAt     | string  |
   | verified      | boolean |
   | subscription  | object  |
 -> skipped because of previous errors


  Skipped Record functional analysis data [1 ms]
  Skipped Recover from data corruption or loss incidents [1 ms]
  Skipped Get parent training materials [1 ms]
  Skipped Manage enterprise change control [1 ms]
[xUnit.net 00:00:04.96]     Optimize travel between schools [SKIP]
[xUnit.net 00:00:04.96]       No matching step definition found for one or more steps.\nusing System;\r\nusing TechTalk.SpecFlow;\r\n\r\nnamespace MyNamespace\r\n{\r\n    [Binding]\r\n    public class StepDefinitions\r\n    {\r\n        private readonly ScenarioContext _scenarioContext;\r\n\r\n        public StepDefinitions(ScenarioContext scenarioContext)\r\n        {\r\n            _scenarioContext = scenarioContext;\r\n        }\r\n        [Given(@"I am logged in as therapy coordinator")]\r\n        public void GivenIAmLoggedInAsTherapyCoordinator()\r\n        {\r\n            _scenarioContext.Pending();\r\n        }\r\n        \n        [Given(@"the following therapists are active:")]\r\n        public void GivenTheFollowingTherapistsAreActive(Table table)\r\n        {\r\n            _scenarioContext.Pending();\r\n        }\r\n        \n        [Given(@"therapists serve multiple locations")]\r\n        public void GivenTherapistsServeMultipleLocations()\r\n        {\r\n            _scenarioContext.Pending();\r\n        }\r\n        \n        [When(@"I run route optimization")]\r\n        public void WhenIRunRouteOptimization()\r\n        {\r\n            _scenarioContext.Pending();\r\n        }\r\n        \n        [Then(@"system suggests:")]\r\n        public void ThenSystemSuggests(Table table)\r\n        {\r\n            _scenarioContext.Pending();\r\n        }\r\n        \n        [Then(@"changes consider:")]\r\n        public void ThenChangesConsider(Table table)\r\n        {\r\n            _scenarioContext.Pending();\r\n        }\r\n    }\r\n}\r\n
[xUnit.net 00:00:05.00]       Expected response.StatusCode to be HttpStatusCode.OK {value: 200}, but found HttpStatusCode.NotFound {value: 404}.
[xUnit.net 00:00:05.00]       Stack Trace:
[xUnit.net 00:00:05.00]            at FluentAssertions.Execution.XUnit2TestFramework.Throw(String message)
[xUnit.net 00:00:05.00]            at FluentAssertions.Execution.TestFrameworkProvider.Throw(String message)
[xUnit.net 00:00:05.00]            at FluentAssertions.Execution.DefaultAssertionStrategy.HandleFailure(String message)
[xUnit.net 00:00:05.00]            at FluentAssertions.Execution.AssertionScope.FailWith(Func`1 failReasonFunc)
[xUnit.net 00:00:05.00]            at FluentAssertions.Execution.AssertionScope.FailWith(Func`1 failReasonFunc)
[xUnit.net 00:00:05.00]            at FluentAssertions.Execution.AssertionScope.FailWith(String message, Object[] args)
[xUnit.net 00:00:05.00]            at FluentAssertions.Primitives.EnumAssertions`2.Be(TEnum expected, String because, Object[] becauseArgs)
[xUnit.net 00:00:05.00]         /home/srowe/workspace/pediatric-therapy-resource/api/Tests/BDD/StepDefinitions/PciDssComplianceSteps.cs(37,0): at TherapyDocs.Api.Tests.BDD.StepDefinitions.PciDssComplianceSteps.GivenPciDssComplianceSystemsAreOperational()
[xUnit.net 00:00:05.00]            at TechTalk.SpecFlow.Bindings.SynchronousBindingDelegateInvoker.<>c__DisplayClass2_0.<<InvokeBindingDelegateAsync>b__0>d.MoveNext()
[xUnit.net 00:00:05.00]         --- End of stack trace from previous location ---
[xUnit.net 00:00:05.00]            at TechTalk.SpecFlow.Bindings.AsyncHelpers.<>c__DisplayClass1_0`1.<<RunSync>b__0>d.MoveNext()
[xUnit.net 00:00:05.00]         --- End of stack trace from previous location ---
[xUnit.net 00:00:05.00]            at TechTalk.SpecFlow.Bindings.AsyncHelpers.ExclusiveSynchronizationContext.BeginMessageLoop()
[xUnit.net 00:00:05.00]            at TechTalk.SpecFlow.Bindings.AsyncHelpers.RunSync[T](Func`1 task)
[xUnit.net 00:00:05.00]            at TechTalk.SpecFlow.Bindings.SynchronousBindingDelegateInvoker.InvokeBindingDelegateAsync(Delegate bindingDelegate, Object[] invokeArgs)
[xUnit.net 00:00:05.00]            at TechTalk.SpecFlow.Bindings.SynchronousBindingDelegateInvoker.InvokeDelegateSynchronously(Delegate bindingDelegate, Object[] invokeArgs)
[xUnit.net 00:00:05.00]            at TechTalk.SpecFlow.Bindings.BindingInvoker.InvokeBinding(IBinding binding, IContextManager contextManager, Object[] arguments, ITestTracer testTracer, TimeSpan& duration)
[xUnit.net 00:00:05.00]            at TechTalk.SpecFlow.Infrastructure.TestExecutionEngine.ExecuteStepMatch(BindingMatch match, Object[] arguments, TimeSpan& duration)
[xUnit.net 00:00:05.00]            at TechTalk.SpecFlow.Infrastructure.TestExecutionEngine.ExecuteStep(IContextManager contextManager, StepInstance stepInstance)
[xUnit.net 00:00:05.01]            at TechTalk.SpecFlow.Infrastructure.TestExecutionEngine.OnAfterLastStep()
[xUnit.net 00:00:05.01]            at TechTalk.SpecFlow.TestRunner.CollectScenarioErrors()
[xUnit.net 00:00:05.01]            at TherapyDocs.Api.Tests.BDD.Features.Compliance.PCIDSSComplianceAndPaymentCardSecurityFeature.ScenarioCleanup()
[xUnit.net 00:00:05.01]         /home/srowe/workspace/pediatric-therapy-resource/api/Tests/BDD/Features/compliance/pci-dss.feature(287,0): at TherapyDocs.Api.Tests.BDD.Features.Compliance.PCIDSSComplianceAndPaymentCardSecurityFeature.AddressEmergingThreatsAndPaymentTrends()
[xUnit.net 00:00:05.01]            at System.RuntimeMethodHandle.InvokeMethod(Object target, Void** arguments, Signature sig, Boolean isConstructor)
[xUnit.net 00:00:05.01]            at System.Reflection.MethodBaseInvoker.InvokeWithNoArgs(Object obj, BindingFlags invokeAttr)
[xUnit.net 00:00:05.01]       Output:
[xUnit.net 00:00:05.01]         Given PCI DSS compliance systems are operational
[xUnit.net 00:00:05.01]         -> error: Expected response.StatusCode to be HttpStatusCode.OK {value: 200}, but found HttpStatusCode.NotFound {value: 404}. (0.0s)
[xUnit.net 00:00:05.01]         And cardholder data environment (CDE) is defined
[xUnit.net 00:00:05.01]         -> No matching step definition found for the step. Use the following code to create one:
[xUnit.net 00:00:05.01]                 [Given(@"cardholder data environment \(CDE\) is defined")]
[xUnit.net 00:00:05.01]                 public void GivenCardholderDataEnvironmentCDEIsDefined()
[xUnit.net 00:00:05.01]                 {
[xUnit.net 00:00:05.01]                     _scenarioContext.Pending();
[xUnit.net 00:00:05.01]                 }
[xUnit.net 00:00:05.01]         
[xUnit.net 00:00:05.01]         And network segmentation is implemented
[xUnit.net 00:00:05.01]         -> No matching step definition found for the step. Use the following code to create one:
[xUnit.net 00:00:05.01]                 [Given(@"network segmentation is implemented")]
[xUnit.net 00:00:05.01]                 public void GivenNetworkSegmentationIsImplemented()
[xUnit.net 00:00:05.01]                 {
[xUnit.net 00:00:05.01]                     _scenarioContext.Pending();
[xUnit.net 00:00:05.01]                 }
[xUnit.net 00:00:05.01]         
[xUnit.net 00:00:05.01]         And encryption mechanisms are active
[xUnit.net 00:00:05.01]         -> No matching step definition found for the step. Use the following code to create one:
[xUnit.net 00:00:05.01]                 [Given(@"encryption mechanisms are active")]
[xUnit.net 00:00:05.01]                 public void GivenEncryptionMechanismsAreActive()
[xUnit.net 00:00:05.01]                 {
[xUnit.net 00:00:05.01]                     _scenarioContext.Pending();
[xUnit.net 00:00:05.01]                 }
[xUnit.net 00:00:05.01]         
[xUnit.net 00:00:05.01]         And security controls are configured
[xUnit.net 00:00:05.01]         -> No matching step definition found for the step. Use the following code to create one:
[xUnit.net 00:00:05.01]                 [Given(@"security controls are configured")]
[xUnit.net 00:00:05.01]                 public void GivenSecurityControlsAreConfigured()
[xUnit.net 00:00:05.01]                 {
[xUnit.net 00:00:05.01]                     _scenarioContext.Pending();
[xUnit.net 00:00:05.01]                 }
[xUnit.net 00:00:05.01]         
[xUnit.net 00:00:05.01]         Given payment landscape evolves rapidly
[xUnit.net 00:00:05.01]         -> No matching step definition found for the step. Use the following code to create one:
[xUnit.net 00:00:05.01]                 [Given(@"payment landscape evolves rapidly")]
[xUnit.net 00:00:05.01]                 public void GivenPaymentLandscapeEvolvesRapidly()
[xUnit.net 00:00:05.01]                 {
[xUnit.net 00:00:05.01]                     _scenarioContext.Pending();
[xUnit.net 00:00:05.01]                 }
[xUnit.net 00:00:05.01]         
[xUnit.net 00:00:05.01]         And new threats require adaptive security
[xUnit.net 00:00:05.01]         -> No matching step definition found for the step. Use the following code to create one:
[xUnit.net 00:00:05.01]                 [Given(@"new threats require adaptive security")]
[xUnit.net 00:00:05.01]                 public void GivenNewThreatsRequireAdaptiveSecurity()
[xUnit.net 00:00:05.01]                 {
[xUnit.net 00:00:05.01]                     _scenarioContext.Pending();
[xUnit.net 00:00:05.01]                 }
[xUnit.net 00:00:05.01]         
[xUnit.net 00:00:05.01]         When addressing emerging threats:
[xUnit.net 00:00:05.01]           --- table step argument ---
[xUnit.net 00:00:05.01]           | Threat/Trend         | Security Response      | Implementation Timeline | Effectiveness Measure  | Compliance Impact    | Future Planning       |
[xUnit.net 00:00:05.01]           | Contactless payments | NFC security controls  | 90-day deployment       | Fraud rate monitoring  | Scope expansion      | Technology roadmap    |
[xUnit.net 00:00:05.01]           | Mobile wallets       | App security standards | 120-day implementation  | Transaction monitoring | Mobile compliance    | Platform strategy     |
[xUnit.net 00:00:05.01]           | Cryptocurrency       | Separate processing    | 180-day segregation     | Isolation validation   | Out of scope         | Crypto strategy       |
[xUnit.net 00:00:05.01]           | API economy          | API security gateway   | 60-day deployment       | API monitoring         | Interface compliance | API governance        |
[xUnit.net 00:00:05.01]           | Quantum threats      | Crypto-agility plan    | 2-year preparation      | Algorithm inventory    | Future compliance    | Quantum roadmap       |
[xUnit.net 00:00:05.01]           | Supply chain attacks | Vendor hardening       | Continuous improvement  | Incident prevention    | Third-party focus    | Supply chain security |
[xUnit.net 00:00:05.01]         -> No matching step definition found for the step. Use the following code to create one:
[xUnit.net 00:00:05.01]                 [When(@"addressing emerging threats:")]
[xUnit.net 00:00:05.01]                 public void WhenAddressingEmergingThreats(Table table)
[xUnit.net 00:00:05.01]                 {
[xUnit.net 00:00:05.01]                     _scenarioContext.Pending();
[xUnit.net 00:00:05.01]                 }
[xUnit.net 00:00:05.01]         
[xUnit.net 00:00:05.01]         Then emerging threats should be addressed
[xUnit.net 00:00:05.01]         -> No matching step definition found for the step. Use the following code to create one:
[xUnit.net 00:00:05.01]                 [Then(@"emerging threats should be addressed")]
[xUnit.net 00:00:05.01]                 public void ThenEmergingThreatsShouldBeAddressed()
[xUnit.net 00:00:05.01]                 {
[xUnit.net 00:00:05.01]                     _scenarioContext.Pending();
[xUnit.net 00:00:05.01]                 }
[xUnit.net 00:00:05.01]         
[xUnit.net 00:00:05.01]         And responses should be timely
[xUnit.net 00:00:05.01]         -> No matching step definition found for the step. Use the following code to create one:
[xUnit.net 00:00:05.01]                 [Then(@"responses should be timely")]
[xUnit.net 00:00:05.01]                 public void ThenResponsesShouldBeTimely()
[xUnit.net 00:00:05.01]                 {
[xUnit.net 00:00:05.01]                     _scenarioContext.Pending();
[xUnit.net 00:00:05.01]                 }
[xUnit.net 00:00:05.01]         
[xUnit.net 00:00:05.01]         And effectiveness should be measured
[xUnit.net 00:00:05.01]         -> No matching step definition found for the step. Use the following code to create one:
[xUnit.net 00:00:05.01]                 [Then(@"effectiveness should be measured")]
[xUnit.net 00:00:05.01]                 public void ThenEffectivenessShouldBeMeasured()
[xUnit.net 00:00:05.01]                 {
[xUnit.net 00:00:05.01]                     _scenarioContext.Pending();
[xUnit.net 00:00:05.01]                 }
[xUnit.net 00:00:05.01]         
[xUnit.net 00:00:05.01]         And future should be planned
[xUnit.net 00:00:05.01]         -> No matching step definition found for the step. Use the following code to create one:
[xUnit.net 00:00:05.01]                 [Then(@"future should be planned")]
[xUnit.net 00:00:05.01]                 public void ThenFutureShouldBePlanned()
[xUnit.net 00:00:05.01]                 {
[xUnit.net 00:00:05.01]                     _scenarioContext.Pending();
[xUnit.net 00:00:05.01]                 }
[xUnit.net 00:00:05.01]         
[xUnit.net 00:00:05.01]     Measure resource effectiveness across outcomes [SKIP]
[xUnit.net 00:00:05.01]       No matching step definition found for one or more steps.\nusing System;\r\nusing TechTalk.SpecFlow;\r\n\r\nnamespace MyNamespace\r\n{\r\n    [Binding]\r\n    public class StepDefinitions\r\n    {\r\n        private readonly ScenarioContext _scenarioContext;\r\n\r\n        public StepDefinitions(ScenarioContext scenarioContext)\r\n        {\r\n            _scenarioContext = scenarioContext;\r\n        }\r\n        [Given(@"usage analytics system is configured")]\r\n        public void GivenUsageAnalyticsSystemIsConfigured()\r\n        {\r\n            _scenarioContext.Pending();\r\n        }\r\n        \n        [Given(@"comprehensive tracking is enabled")]\r\n        public void GivenComprehensiveTrackingIsEnabled()\r\n        {\r\n            _scenarioContext.Pending();\r\n        }\r\n        \n        [Given(@"pattern recognition algorithms are active")]\r\n        public void GivenPatternRecognitionAlgorithmsAreActive()\r\n        {\r\n            _scenarioContext.Pending();\r\n        }\r\n        \n        [Given(@"insight generation engine is ready")]\r\n        public void GivenInsightGenerationEngineIsReady()\r\n        {\r\n            _scenarioContext.Pending();\r\n        }\r\n        \n        [Given(@"therapy outcomes are tracked systematically")]\r\n        public void GivenTherapyOutcomesAreTrackedSystematically()\r\n        {\r\n            _scenarioContext.Pending();\r\n        }\r\n        \n        [Given(@"resource usage is linked to sessions")]\r\n        public void GivenResourceUsageIsLinkedToSessions()\r\n        {\r\n            _scenarioContext.Pending();\r\n        }\r\n        \n        [When(@"analyzing resource effectiveness:")]\r\n        public void WhenAnalyzingResourceEffectiveness(Table table)\r\n        {\r\n            _scenarioContext.Pending();\r\n        }\r\n        \n        [Then(@"effectiveness metrics should guide recommendations")]\r\n        public void ThenEffectivenessMetricsShouldGuideRecommendations()\r\n        {\r\n            _scenarioContext.Pending();\r\n        }\r\n        \n        [Then(@"high-performing resources should be prioritized")]\r\n        public void ThenHigh_PerformingResourcesShouldBePrioritized()\r\n        {\r\n            _scenarioContext.Pending();\r\n        }\r\n        \n        [Then(@"improvement opportunities should be identified")]\r\n        public void ThenImprovementOpportunitiesShouldBeIdentified()\r\n        {\r\n            _scenarioContext.Pending();\r\n        }\r\n        \n        [Then(@"ROI calculations should be clear")]\r\n        public void ThenROICalculationsShouldBeClear()\r\n        {\r\n            _scenarioContext.Pending();\r\n        }\r\n    }\r\n}\r\n
[xUnit.net 00:00:05.02]     Address student confusion from multiple partners [SKIP]
[xUnit.net 00:00:05.02]       No matching step definition found for one or more steps.\nusing System;\r\nusing TechTalk.SpecFlow;\r\n\r\nnamespace MyNamespace\r\n{\r\n    [Binding]\r\n    public class StepDefinitions\r\n    {\r\n        private readonly ScenarioContext _scenarioContext;\r\n\r\n        public StepDefinitions(ScenarioContext scenarioContext)\r\n        {\r\n            _scenarioContext = scenarioContext;\r\n        }\r\n        [Given(@"PECS two-person training system is configured")]\r\n        public void GivenPECSTwo_PersonTrainingSystemIsConfigured()\r\n        {\r\n            _scenarioContext.Pending();\r\n        }\r\n        \n        [Given(@"training protocols are evidence-based")]\r\n        public void GivenTrainingProtocolsAreEvidence_Based()\r\n        {\r\n            _scenarioContext.Pending();\r\n        }\r\n        \n        [Given(@"role assignments are clear")]\r\n        public void GivenRoleAssignmentsAreClear()\r\n        {\r\n            _scenarioContext.Pending();\r\n        }\r\n        \n        [Given(@"prompting procedures are standardized")]\r\n        public void GivenPromptingProceduresAreStandardized()\r\n        {\r\n            _scenarioContext.Pending();\r\n        }\r\n        \n        [Given(@"communication partner training is available")]\r\n        public void GivenCommunicationPartnerTrainingIsAvailable()\r\n        {\r\n            _scenarioContext.Pending();\r\n        }\r\n        \n        [Given(@"students may become confused with multiple partners")]\r\n        public void GivenStudentsMayBecomeConfusedWithMultiplePartners()\r\n        {\r\n            _scenarioContext.Pending();\r\n        }\r\n        \n        [When(@"student confusion occurs:")]\r\n        public void WhenStudentConfusionOccurs(Table table)\r\n        {\r\n            _scenarioContext.Pending();\r\n        }\r\n        \n        [Then(@"confusion should be minimized")]\r\n        public void ThenConfusionShouldBeMinimized()\r\n        {\r\n            _scenarioContext.Pending();\r\n        }\r\n        \n        [Then(@"student comfort should be prioritized")]\r\n        public void ThenStudentComfortShouldBePrioritized()\r\n        {\r\n            _scenarioContext.Pending();\r\n        }\r\n        \n        [Then(@"consistency should be established")]\r\n        public void ThenConsistencyShouldBeEstablished()\r\n        {\r\n            _scenarioContext.Pending();\r\n        }\r\n        \n        [Then(@"learning should resume")]\r\n        public void ThenLearningShouldResume()\r\n        {\r\n            _scenarioContext.Pending();\r\n        }\r\n    }\r\n}\r\n
[xUnit.net 00:00:05.04]     Handle video storage system failures [SKIP]
[xUnit.net 00:00:05.04]       No matching step definition found for one or more steps.\nusing System;\r\nusing TechTalk.SpecFlow;\r\n\r\nnamespace MyNamespace\r\n{\r\n    [Binding]\r\n    public class StepDefinitions\r\n    {\r\n        private readonly ScenarioContext _scenarioContext;\r\n\r\n        public StepDefinitions(ScenarioContext scenarioContext)\r\n        {\r\n            _scenarioContext = scenarioContext;\r\n        }\r\n        [Then(@"video content should remain accessible during storage issues")]\r\n        public void ThenVideoContentShouldRemainAccessibleDuringStorageIssues()\r\n        {\r\n            _scenarioContext.Pending();\r\n        }\r\n        \n        [Then(@"automatic failover should maintain service availability")]\r\n        public void ThenAutomaticFailoverShouldMaintainServiceAvailability()\r\n        {\r\n            _scenarioContext.Pending();\r\n        }\r\n        \n        [Then(@"data redundancy should prevent content loss")]\r\n        public void ThenDataRedundancyShouldPreventContentLoss()\r\n        {\r\n            _scenarioContext.Pending();\r\n        }\r\n        \n        [Then(@"recovery procedures should minimize downtime")]\r\n        public void ThenRecoveryProceduresShouldMinimizeDowntime()\r\n        {\r\n            _scenarioContext.Pending();\r\n        }\r\n    }\r\n}\r\n
  Skipped Optimize travel between schools [1 ms]
  Failed Address emerging threats and payment trends [375 ms]
  Error Message:
   Expected response.StatusCode to be HttpStatusCode.OK {value: 200}, but found HttpStatusCode.NotFound {value: 404}.
  Stack Trace:
     at FluentAssertions.Execution.XUnit2TestFramework.Throw(String message)
   at FluentAssertions.Execution.TestFrameworkProvider.Throw(String message)
   at FluentAssertions.Execution.DefaultAssertionStrategy.HandleFailure(String message)
   at FluentAssertions.Execution.AssertionScope.FailWith(Func`1 failReasonFunc)
   at FluentAssertions.Execution.AssertionScope.FailWith(Func`1 failReasonFunc)
   at FluentAssertions.Execution.AssertionScope.FailWith(String message, Object[] args)
   at FluentAssertions.Primitives.EnumAssertions`2.Be(TEnum expected, String because, Object[] becauseArgs)
   at TherapyDocs.Api.Tests.BDD.StepDefinitions.PciDssComplianceSteps.GivenPciDssComplianceSystemsAreOperational() in /home/srowe/workspace/pediatric-therapy-resource/api/Tests/BDD/StepDefinitions/PciDssComplianceSteps.cs:line 37
   at TechTalk.SpecFlow.Bindings.SynchronousBindingDelegateInvoker.<>c__DisplayClass2_0.<<InvokeBindingDelegateAsync>b__0>d.MoveNext()
--- End of stack trace from previous location ---
   at TechTalk.SpecFlow.Bindings.AsyncHelpers.<>c__DisplayClass1_0`1.<<RunSync>b__0>d.MoveNext()
--- End of stack trace from previous location ---
   at TechTalk.SpecFlow.Bindings.AsyncHelpers.ExclusiveSynchronizationContext.BeginMessageLoop()
   at TechTalk.SpecFlow.Bindings.AsyncHelpers.RunSync[T](Func`1 task)
   at TechTalk.SpecFlow.Bindings.SynchronousBindingDelegateInvoker.InvokeBindingDelegateAsync(Delegate bindingDelegate, Object[] invokeArgs)
   at TechTalk.SpecFlow.Bindings.SynchronousBindingDelegateInvoker.InvokeDelegateSynchronously(Delegate bindingDelegate, Object[] invokeArgs)
   at TechTalk.SpecFlow.Bindings.BindingInvoker.InvokeBinding(IBinding binding, IContextManager contextManager, Object[] arguments, ITestTracer testTracer, TimeSpan& duration)
   at TechTalk.SpecFlow.Infrastructure.TestExecutionEngine.ExecuteStepMatch(BindingMatch match, Object[] arguments, TimeSpan& duration)
   at TechTalk.SpecFlow.Infrastructure.TestExecutionEngine.ExecuteStep(IContextManager contextManager, StepInstance stepInstance)
   at TechTalk.SpecFlow.Infrastructure.TestExecutionEngine.OnAfterLastStep()
   at TechTalk.SpecFlow.TestRunner.CollectScenarioErrors()
   at TherapyDocs.Api.Tests.BDD.Features.Compliance.PCIDSSComplianceAndPaymentCardSecurityFeature.ScenarioCleanup()
   at TherapyDocs.Api.Tests.BDD.Features.Compliance.PCIDSSComplianceAndPaymentCardSecurityFeature.AddressEmergingThreatsAndPaymentTrends() in /home/srowe/workspace/pediatric-therapy-resource/api/Tests/BDD/Features/compliance/pci-dss.feature:line 287
   at System.RuntimeMethodHandle.InvokeMethod(Object target, Void** arguments, Signature sig, Boolean isConstructor)
   at System.Reflection.MethodBaseInvoker.InvokeWithNoArgs(Object obj, BindingFlags invokeAttr)
  Standard Output Messages:
 Given PCI DSS compliance systems are operational
 -> error: Expected response.StatusCode to be HttpStatusCode.OK {value: 200}, but found HttpStatusCode.NotFound {value: 404}. (0.0s)
 And cardholder data environment (CDE) is defined
 -> No matching step definition found for the step. Use the following code to create one:
         [Given(@"cardholder data environment \(CDE\) is defined")]
         public void GivenCardholderDataEnvironmentCDEIsDefined()
         {
             _scenarioContext.Pending();
         }
 
 And network segmentation is implemented
 -> No matching step definition found for the step. Use the following code to create one:
         [Given(@"network segmentation is implemented")]
         public void GivenNetworkSegmentationIsImplemented()
         {
             _scenarioContext.Pending();
         }
 
 And encryption mechanisms are active
 -> No matching step definition found for the step. Use the following code to create one:
         [Given(@"encryption mechanisms are active")]
         public void GivenEncryptionMechanismsAreActive()
         {
             _scenarioContext.Pending();
         }
 
 And security controls are configured
 -> No matching step definition found for the step. Use the following code to create one:
         [Given(@"security controls are configured")]
         public void GivenSecurityControlsAreConfigured()
         {
             _scenarioContext.Pending();
         }
 
 Given payment landscape evolves rapidly
 -> No matching step definition found for the step. Use the following code to create one:
         [Given(@"payment landscape evolves rapidly")]
         public void GivenPaymentLandscapeEvolvesRapidly()
         {
             _scenarioContext.Pending();
         }
 
 And new threats require adaptive security
 -> No matching step definition found for the step. Use the following code to create one:
         [Given(@"new threats require adaptive security")]
         public void GivenNewThreatsRequireAdaptiveSecurity()
         {
             _scenarioContext.Pending();
         }
 
 When addressing emerging threats:
   --- table step argument ---
   | Threat/Trend         | Security Response      | Implementation Timeline | Effectiveness Measure  | Compliance Impact    | Future Planning       |
   | Contactless payments | NFC security controls  | 90-day deployment       | Fraud rate monitoring  | Scope expansion      | Technology roadmap    |
   | Mobile wallets       | App security standards | 120-day implementation  | Transaction monitoring | Mobile compliance    | Platform strategy     |
   | Cryptocurrency       | Separate processing    | 180-day segregation     | Isolation validation   | Out of scope         | Crypto strategy       |
   | API economy          | API security gateway   | 60-day deployment       | API monitoring         | Interface compliance | API governance        |
   | Quantum threats      | Crypto-agility plan    | 2-year preparation      | Algorithm inventory    | Future compliance    | Quantum roadmap       |
   | Supply chain attacks | Vendor hardening       | Continuous improvement  | Incident prevention    | Third-party focus    | Supply chain security |
 -> No matching step definition found for the step. Use the following code to create one:
         [When(@"addressing emerging threats:")]
         public void WhenAddressingEmergingThreats(Table table)
         {
             _scenarioContext.Pending();
         }
 
 Then emerging threats should be addressed
 -> No matching step definition found for the step. Use the following code to create one:
         [Then(@"emerging threats should be addressed")]
         public void ThenEmergingThreatsShouldBeAddressed()
         {
             _scenarioContext.Pending();
         }
 
 And responses should be timely
 -> No matching step definition found for the step. Use the following code to create one:
         [Then(@"responses should be timely")]
         public void ThenResponsesShouldBeTimely()
         {
             _scenarioContext.Pending();
         }
 
 And effectiveness should be measured
 -> No matching step definition found for the step. Use the following code to create one:
         [Then(@"effectiveness should be measured")]
         public void ThenEffectivenessShouldBeMeasured()
         {
             _scenarioContext.Pending();
         }
 
 And future should be planned
 -> No matching step definition found for the step. Use the following code to create one:
         [Then(@"future should be planned")]
         public void ThenFutureShouldBePlanned()
         {
             _scenarioContext.Pending();
         }
 


  Skipped Measure resource effectiveness across outcomes [1 ms]
  Skipped Address student confusion from multiple partners [1 ms]
  Skipped Handle video storage system failures [1 ms]
[xUnit.net 00:00:05.08]     Admin lists users with pagination [SKIP]
[xUnit.net 00:00:05.08]       No matching step definition found for one or more steps.\nusing System;\r\nusing TechTalk.SpecFlow;\r\n\r\nnamespace MyNamespace\r\n{\r\n    [Binding]\r\n    public class StepDefinitions\r\n    {\r\n        private readonly ScenarioContext _scenarioContext;\r\n\r\n        public StepDefinitions(ScenarioContext scenarioContext)\r\n        {\r\n            _scenarioContext = scenarioContext;\r\n        }\r\n        [Given(@"I am authenticated as an admin")]\r\n        public void GivenIAmAuthenticatedAsAnAdmin()\r\n        {\r\n            _scenarioContext.Pending();\r\n        }\r\n        \n        [Given(@"there are (.*) users in the system")]\r\n        public void GivenThereAreUsersInTheSystem(int p0)\r\n        {\r\n            _scenarioContext.Pending();\r\n        }\r\n        \n        [Then(@"the users array should contain (.*) items")]\r\n        public void ThenTheUsersArrayShouldContainItems(int p0)\r\n        {\r\n            _scenarioContext.Pending();\r\n        }\r\n    }\r\n}\r\n
[xUnit.net 00:00:05.09]     Handle database resource exhaustion scenarios [SKIP]
[xUnit.net 00:00:05.09]       No matching step definition found for one or more steps.\nusing System;\r\nusing TechTalk.SpecFlow;\r\n\r\nnamespace MyNamespace\r\n{\r\n    [Binding]\r\n    public class StepDefinitions\r\n    {\r\n        private readonly ScenarioContext _scenarioContext;\r\n\r\n        public StepDefinitions(ScenarioContext scenarioContext)\r\n        {\r\n            _scenarioContext = scenarioContext;\r\n        }\r\n        [Then(@"resource exhaustion should be prevented through monitoring")]\r\n        public void ThenResourceExhaustionShouldBePreventedThroughMonitoring()\r\n        {\r\n            _scenarioContext.Pending();\r\n        }\r\n        \n        [Then(@"protective mechanisms should maintain database stability")]\r\n        public void ThenProtectiveMechanismsShouldMaintainDatabaseStability()\r\n        {\r\n            _scenarioContext.Pending();\r\n        }\r\n        \n        [Then(@"resource alerts should trigger automatic scaling when possible")]\r\n        public void ThenResourceAlertsShouldTriggerAutomaticScalingWhenPossible()\r\n        {\r\n            _scenarioContext.Pending();\r\n        }\r\n        \n        [Then(@"manual intervention should be minimized through automation")]\r\n        public void ThenManualInterventionShouldBeMinimizedThroughAutomation()\r\n        {\r\n            _scenarioContext.Pending();\r\n        }\r\n    }\r\n}\r\n
[xUnit.net 00:00:05.10]       System.FormatException : The input string '1,000' was not in a correct format.
[xUnit.net 00:00:05.10]       Stack Trace:
[xUnit.net 00:00:05.10]            at System.Number.ThrowFormatException[TChar](ReadOnlySpan`1 value)
[xUnit.net 00:00:05.10]            at System.Int32.Parse(String s)
[xUnit.net 00:00:05.10]         /home/srowe/workspace/pediatric-therapy-resource/api/Tests/BDD/StepDefinitions/VideoStreamingSteps.cs(225,0): at TherapyDocs.Api.Tests.BDD.StepDefinitions.VideoStreamingSteps.WhenConcurrentVideoStreamingLoadIsTested(Table table)
[xUnit.net 00:00:05.10]            at TechTalk.SpecFlow.Bindings.SynchronousBindingDelegateInvoker.<>c__DisplayClass2_0.<<InvokeBindingDelegateAsync>b__0>d.MoveNext()
[xUnit.net 00:00:05.10]         --- End of stack trace from previous location ---
[xUnit.net 00:00:05.10]            at TechTalk.SpecFlow.Bindings.AsyncHelpers.<>c__DisplayClass1_0`1.<<RunSync>b__0>d.MoveNext()
[xUnit.net 00:00:05.10]         --- End of stack trace from previous location ---
[xUnit.net 00:00:05.10]            at TechTalk.SpecFlow.Bindings.AsyncHelpers.ExclusiveSynchronizationContext.BeginMessageLoop()
[xUnit.net 00:00:05.10]            at TechTalk.SpecFlow.Bindings.AsyncHelpers.RunSync[T](Func`1 task)
[xUnit.net 00:00:05.10]            at TechTalk.SpecFlow.Bindings.SynchronousBindingDelegateInvoker.InvokeBindingDelegateAsync(Delegate bindingDelegate, Object[] invokeArgs)
[xUnit.net 00:00:05.10]            at TechTalk.SpecFlow.Bindings.SynchronousBindingDelegateInvoker.InvokeDelegateSynchronously(Delegate bindingDelegate, Object[] invokeArgs)
[xUnit.net 00:00:05.10]            at TechTalk.SpecFlow.Bindings.BindingInvoker.InvokeBinding(IBinding binding, IContextManager contextManager, Object[] arguments, ITestTracer testTracer, TimeSpan& duration)
[xUnit.net 00:00:05.10]            at TechTalk.SpecFlow.Infrastructure.TestExecutionEngine.ExecuteStepMatch(BindingMatch match, Object[] arguments, TimeSpan& duration)
[xUnit.net 00:00:05.10]            at TechTalk.SpecFlow.Infrastructure.TestExecutionEngine.ExecuteStep(IContextManager contextManager, StepInstance stepInstance)
[xUnit.net 00:00:05.10]            at TechTalk.SpecFlow.Infrastructure.TestExecutionEngine.OnAfterLastStep()
[xUnit.net 00:00:05.10]            at TechTalk.SpecFlow.TestRunner.CollectScenarioErrors()
[xUnit.net 00:00:05.10]            at TherapyDocs.Api.Tests.BDD.Features.Performance.VideoStreamingPerformanceAndQualityTestingFeature.ScenarioCleanup()
[xUnit.net 00:00:05.10]         /home/srowe/workspace/pediatric-therapy-resource/api/Tests/BDD/Features/performance/video-streaming.feature(26,0): at TherapyDocs.Api.Tests.BDD.Features.Performance.VideoStreamingPerformanceAndQualityTestingFeature.Handle10KConcurrentVideoStreamsWithOptimalQuality()
[xUnit.net 00:00:05.10]            at System.RuntimeMethodHandle.InvokeMethod(Object target, Void** arguments, Signature sig, Boolean isConstructor)
[xUnit.net 00:00:05.10]            at System.Reflection.MethodBaseInvoker.InvokeWithNoArgs(Object obj, BindingFlags invokeAttr)
[xUnit.net 00:00:05.10]       Output:
[xUnit.net 00:00:05.10]         Given video streaming infrastructure is configured
[xUnit.net 00:00:05.10]         -> done: VideoStreamingSteps.GivenVideoStreamingInfrastructureIsConfigured() (0.0s)
[xUnit.net 00:00:05.10]         And CDN distribution is optimized
[xUnit.net 00:00:05.10]         -> done: VideoStreamingSteps.GivenCDNDistributionIsOptimized() (0.0s)
[xUnit.net 00:00:05.10]         And adaptive bitrate streaming is enabled
[xUnit.net 00:00:05.10]         -> done: VideoStreamingSteps.GivenAdaptiveBitrateStreamingIsEnabled() (0.0s)
[xUnit.net 00:00:05.10]         And video quality metrics are monitored
[xUnit.net 00:00:05.10]         -> done: VideoStreamingSteps.GivenVideoQualityMetricsAreMonitored() (0.0s)
[xUnit.net 00:00:05.10]         Given the platform supports high-volume video streaming
[xUnit.net 00:00:05.10]         -> done: VideoStreamingSteps.GivenThePlatformSupportsHighVolumeVideoStreaming() (0.0s)
[xUnit.net 00:00:05.10]         When concurrent video streaming load is tested:
[xUnit.net 00:00:05.10]           --- table step argument ---
[xUnit.net 00:00:05.10]           | Stream Count | Video Quality | Target Bitrate | Buffer Health | Success Rate |
[xUnit.net 00:00:05.10]           | 1,000        | 1080p         | 5 Mbps         | >95%          | >99.5%       |
[xUnit.net 00:00:05.10]           | 2,500        | 1080p         | 5 Mbps         | >90%          | >99.0%       |
[xUnit.net 00:00:05.11]           | 5,000        | 1080p         | 4 Mbps         | >85%          | >98.5%       |
[xUnit.net 00:00:05.11]           | 7,500        | 720p          | 3 Mbps         | >80%          | >98.0%       |
[xUnit.net 00:00:05.11]           | 10,000       | 720p          | 2.5 Mbps       | >75%          | >97.5%       |
[xUnit.net 00:00:05.11]         -> error: The input string '1,000' was not in a correct format. (0.0s)
[xUnit.net 00:00:05.11]         Then video streaming should maintain stable quality
[xUnit.net 00:00:05.11]         -> skipped because of previous errors
[xUnit.net 00:00:05.11]         And buffering events should be minimized
[xUnit.net 00:00:05.11]         -> skipped because of previous errors
[xUnit.net 00:00:05.11]         And stream startup time should be under 3 seconds
[xUnit.net 00:00:05.11]         -> skipped because of previous errors
[xUnit.net 00:00:05.11]         And video quality should adapt based on network conditions
[xUnit.net 00:00:05.11]         -> skipped because of previous errors
[xUnit.net 00:00:05.11]       Expected ((int)LastResponse!.StatusCode) to be 400, but found 404 (difference of 4).
[xUnit.net 00:00:05.11]       Stack Trace:
[xUnit.net 00:00:05.11]            at FluentAssertions.Execution.XUnit2TestFramework.Throw(String message)
[xUnit.net 00:00:05.11]            at FluentAssertions.Execution.TestFrameworkProvider.Throw(String message)
[xUnit.net 00:00:05.11]            at FluentAssertions.Execution.DefaultAssertionStrategy.HandleFailure(String message)
[xUnit.net 00:00:05.11]            at FluentAssertions.Execution.AssertionScope.FailWith(Func`1 failReasonFunc)
[xUnit.net 00:00:05.11]            at FluentAssertions.Execution.AssertionScope.FailWith(Func`1 failReasonFunc)
[xUnit.net 00:00:05.11]            at FluentAssertions.Execution.AssertionScope.FailWith(String message, Object[] args)
[xUnit.net 00:00:05.11]            at FluentAssertions.Numeric.NumericAssertions`2.Be(T expected, String because, Object[] becauseArgs)
[xUnit.net 00:00:05.11]         /home/srowe/workspace/pediatric-therapy-resource/api/Tests/BDD/StepDefinitions/BaseStepDefinitions.cs(72,0): at TherapyDocs.Api.Tests.BDD.StepDefinitions.BaseStepDefinitions.ThenTheResponseStatusShouldBe(Int32 statusCode)
[xUnit.net 00:00:05.11]         /home/srowe/workspace/pediatric-therapy-resource/api/Tests/BDD/StepDefinitions/CommonStepDefinitions.cs(55,0): at TherapyDocs.Api.Tests.BDD.StepDefinitions.CommonStepDefinitions.ThenTheResponseStatusShouldBeStep(Int32 statusCode)
[xUnit.net 00:00:05.11]            at InvokeStub_Action`2.Invoke(Object, Span`1)
[xUnit.net 00:00:05.11]            at System.Reflection.MethodBaseInvoker.InvokeWithFewArgs(Object obj, BindingFlags invokeAttr, Binder binder, Object[] parameters, CultureInfo culture)
[xUnit.net 00:00:05.11]            at TechTalk.SpecFlow.Bindings.BindingInvoker.InvokeBinding(IBinding binding, IContextManager contextManager, Object[] arguments, ITestTracer testTracer, TimeSpan& duration)
[xUnit.net 00:00:05.11]            at TechTalk.SpecFlow.Infrastructure.TestExecutionEngine.ExecuteStepMatch(BindingMatch match, Object[] arguments, TimeSpan& duration)
[xUnit.net 00:00:05.11]            at TechTalk.SpecFlow.Infrastructure.TestExecutionEngine.ExecuteStep(IContextManager contextManager, StepInstance stepInstance)
[xUnit.net 00:00:05.11]            at TechTalk.SpecFlow.Infrastructure.TestExecutionEngine.OnAfterLastStep()
[xUnit.net 00:00:05.11]            at TechTalk.SpecFlow.TestRunner.CollectScenarioErrors()
[xUnit.net 00:00:05.11]            at TherapyDocs.Api.Tests.BDD.Features.Auth.UserManagementAPIEndpointsFeature.ScenarioCleanup()
[xUnit.net 00:00:05.11]         /home/srowe/workspace/pediatric-therapy-resource/api/Tests/BDD/Features/auth/user-management.feature(155,0): at TherapyDocs.Api.Tests.BDD.Features.Auth.UserManagementAPIEndpointsFeature.RejectInvalidLicense()
[xUnit.net 00:00:05.11]            at System.RuntimeMethodHandle.InvokeMethod(Object target, Void** arguments, Signature sig, Boolean isConstructor)
[xUnit.net 00:00:05.11]            at System.Reflection.MethodBaseInvoker.InvokeWithNoArgs(Object obj, BindingFlags invokeAttr)
[xUnit.net 00:00:05.11]       Output:
[xUnit.net 00:00:05.11]         Given the API is available
[xUnit.net 00:00:05.11]         -> done: CommonStepDefinitions.GivenTheAPIIsAvailable() (0.0s)
[xUnit.net 00:00:05.11]         And I am authenticated as "user@clinic.com"
[xUnit.net 00:00:05.11]         -> done: CommonStepDefinitions.GivenIAmAuthenticatedAs("user@clinic.com") (0.0s)
[xUnit.net 00:00:05.11]         When I send a POST request to "/api/users/licenses/verify" with:
[xUnit.net 00:00:05.11]           --- table step argument ---
[xUnit.net 00:00:05.11]           | field         | value       |
[xUnit.net 00:00:05.11]           | licenseNumber | INVALID-123 |
[xUnit.net 00:00:05.11]           | licenseState  | XX          |
[xUnit.net 00:00:05.11]           | licenseType   | OT          |
[xUnit.net 00:00:05.11]         -> done: CommonStepDefinitions.WhenISendAPOSTRequestToWithStep("/api/users/licens...", <table>) (0.0s)
[xUnit.net 00:00:05.11]         Then the response status should be 400
[xUnit.net 00:00:05.11]         -> error: Expected ((int)LastResponse!.StatusCode) to be 400, but found 404 (difference of 4). (0.0s)
[xUnit.net 00:00:05.11]         And the response should contain error "License verification failed"
[xUnit.net 00:00:05.11]         -> skipped because of previous errors
[xUnit.net 00:00:05.16]     Train custom model for therapy-specific content generation [SKIP]
[xUnit.net 00:00:05.16]       No matching step definition found for one or more steps.\nusing System;\r\nusing TechTalk.SpecFlow;\r\n\r\nnamespace MyNamespace\r\n{\r\n    [Binding]\r\n    public class StepDefinitions\r\n    {\r\n        private readonly ScenarioContext _scenarioContext;\r\n\r\n        public StepDefinitions(ScenarioContext scenarioContext)\r\n        {\r\n            _scenarioContext = scenarioContext;\r\n        }\r\n        [Given(@"custom ML model training infrastructure is configured")]\r\n        public void GivenCustomMLModelTrainingInfrastructureIsConfigured()\r\n        {\r\n            _scenarioContext.Pending();\r\n        }\r\n        \n        [Given(@"training data management system is active")]\r\n        public void GivenTrainingDataManagementSystemIsActive()\r\n        {\r\n            _scenarioContext.Pending();\r\n        }\r\n        \n        [Given(@"model versioning and deployment pipeline exists")]\r\n        public void GivenModelVersioningAndDeploymentPipelineExists()\r\n        {\r\n            _scenarioContext.Pending();\r\n        }\r\n        \n        [Given(@"performance monitoring is enabled")]\r\n        public void GivenPerformanceMonitoringIsEnabled()\r\n        {\r\n            _scenarioContext.Pending();\r\n        }\r\n        \n        [Given(@"security and compliance measures are enforced")]\r\n        public void GivenSecurityAndComplianceMeasuresAreEnforced()\r\n        {\r\n            _scenarioContext.Pending();\r\n        }\r\n        \n        [Given(@"I have curated training data for therapy content")]\r\n        public void GivenIHaveCuratedTrainingDataForTherapyContent()\r\n        {\r\n            _scenarioContext.Pending();\r\n        }\r\n        \n        [Given(@"data quality meets minimum requirements")]\r\n        public void GivenDataQualityMeetsMinimumRequirements()\r\n        {\r\n            _scenarioContext.Pending();\r\n        }\r\n        \n        [When(@"initiating model training with parameters:")]\r\n        public void WhenInitiatingModelTrainingWithParameters(Table table)\r\n        {\r\n            _scenarioContext.Pending();\r\n        }\r\n        \n        [Then(@"training should proceed with progress monitoring")]\r\n        public void ThenTrainingShouldProceedWithProgressMonitoring()\r\n        {\r\n            _scenarioContext.Pending();\r\n        }\r\n        \n        [Then(@"validation metrics should be tracked continuously")]\r\n        public void ThenValidationMetricsShouldBeTrackedContinuously()\r\n        {\r\n            _scenarioContext.Pending();\r\n        }\r\n        \n        [Then(@"model checkpoints should be saved automatically")]\r\n        public void ThenModelCheckpointsShouldBeSavedAutomatically()\r\n        {\r\n            _scenarioContext.Pending();\r\n        }\r\n        \n        [Then(@"final model should meet performance thresholds")]\r\n        public void ThenFinalModelShouldMeetPerformanceThresholds()\r\n        {\r\n            _scenarioContext.Pending();\r\n        }\r\n    }\r\n}\r\n
[xUnit.net 00:00:05.18]     Implement distributed caching for frequently accessed data [SKIP]
[xUnit.net 00:00:05.18]       No matching step definition found for one or more steps.\nusing System;\r\nusing TechTalk.SpecFlow;\r\n\r\nnamespace MyNamespace\r\n{\r\n    [Binding]\r\n    public class StepDefinitions\r\n    {\r\n        private readonly ScenarioContext _scenarioContext;\r\n\r\n        public StepDefinitions(ScenarioContext scenarioContext)\r\n        {\r\n            _scenarioContext = scenarioContext;\r\n        }\r\n        [Given(@"data volume management systems are configured")]\r\n        public void GivenDataVolumeManagementSystemsAreConfigured()\r\n        {\r\n            _scenarioContext.Pending();\r\n        }\r\n        \n        [Given(@"big data infrastructure is deployed")]\r\n        public void GivenBigDataInfrastructureIsDeployed()\r\n        {\r\n            _scenarioContext.Pending();\r\n        }\r\n        \n        [Given(@"data lifecycle policies are defined")]\r\n        public void GivenDataLifecyclePoliciesAreDefined()\r\n        {\r\n            _scenarioContext.Pending();\r\n        }\r\n        \n        [Given(@"storage tiers are established")]\r\n        public void GivenStorageTiersAreEstablished()\r\n        {\r\n            _scenarioContext.Pending();\r\n        }\r\n        \n        [Given(@"processing frameworks are initialized")]\r\n        public void GivenProcessingFrameworksAreInitialized()\r\n        {\r\n            _scenarioContext.Pending();\r\n        }\r\n        \n        [Given(@"hot data requires sub-millisecond access")]\r\n        public void GivenHotDataRequiresSub_MillisecondAccess()\r\n        {\r\n            _scenarioContext.Pending();\r\n        }\r\n        \n        [Given(@"cache must scale with data volume")]\r\n        public void GivenCacheMustScaleWithDataVolume()\r\n        {\r\n            _scenarioContext.Pending();\r\n        }\r\n        \n        [When(@"implementing caching layers:")]\r\n        public void WhenImplementingCachingLayers(Table table)\r\n        {\r\n            _scenarioContext.Pending();\r\n        }\r\n        \n        [Then(@"cache hit rates should exceed (.*)%")]\r\n        public void ThenCacheHitRatesShouldExceed(int p0)\r\n        {\r\n            _scenarioContext.Pending();\r\n        }\r\n        \n        [Then(@"latency should be sub-millisecond")]\r\n        public void ThenLatencyShouldBeSub_Millisecond()\r\n        {\r\n            _scenarioContext.Pending();\r\n        }\r\n        \n        [Then(@"cache should scale horizontally")]\r\n        public void ThenCacheShouldScaleHorizontally()\r\n        {\r\n            _scenarioContext.Pending();\r\n        }\r\n        \n        [Then(@"data should remain consistent")]\r\n        public void ThenDataShouldRemainConsistent()\r\n        {\r\n            _scenarioContext.Pending();\r\n        }\r\n    }\r\n}\r\n
  Skipped Admin lists users with pagination [1 ms]
  Skipped Handle database resource exhaustion scenarios [1 ms]
  Failed Handle 10K concurrent video streams with optimal quality [53 ms]
  Error Message:
   System.FormatException : The input string '1,000' was not in a correct format.
  Stack Trace:
     at System.Number.ThrowFormatException[TChar](ReadOnlySpan`1 value)
   at System.Int32.Parse(String s)
   at TherapyDocs.Api.Tests.BDD.StepDefinitions.VideoStreamingSteps.WhenConcurrentVideoStreamingLoadIsTested(Table table) in /home/srowe/workspace/pediatric-therapy-resource/api/Tests/BDD/StepDefinitions/VideoStreamingSteps.cs:line 225
   at TechTalk.SpecFlow.Bindings.SynchronousBindingDelegateInvoker.<>c__DisplayClass2_0.<<InvokeBindingDelegateAsync>b__0>d.MoveNext()
--- End of stack trace from previous location ---
   at TechTalk.SpecFlow.Bindings.AsyncHelpers.<>c__DisplayClass1_0`1.<<RunSync>b__0>d.MoveNext()
--- End of stack trace from previous location ---
   at TechTalk.SpecFlow.Bindings.AsyncHelpers.ExclusiveSynchronizationContext.BeginMessageLoop()
   at TechTalk.SpecFlow.Bindings.AsyncHelpers.RunSync[T](Func`1 task)
   at TechTalk.SpecFlow.Bindings.SynchronousBindingDelegateInvoker.InvokeBindingDelegateAsync(Delegate bindingDelegate, Object[] invokeArgs)
   at TechTalk.SpecFlow.Bindings.SynchronousBindingDelegateInvoker.InvokeDelegateSynchronously(Delegate bindingDelegate, Object[] invokeArgs)
   at TechTalk.SpecFlow.Bindings.BindingInvoker.InvokeBinding(IBinding binding, IContextManager contextManager, Object[] arguments, ITestTracer testTracer, TimeSpan& duration)
   at TechTalk.SpecFlow.Infrastructure.TestExecutionEngine.ExecuteStepMatch(BindingMatch match, Object[] arguments, TimeSpan& duration)
   at TechTalk.SpecFlow.Infrastructure.TestExecutionEngine.ExecuteStep(IContextManager contextManager, StepInstance stepInstance)
   at TechTalk.SpecFlow.Infrastructure.TestExecutionEngine.OnAfterLastStep()
   at TechTalk.SpecFlow.TestRunner.CollectScenarioErrors()
   at TherapyDocs.Api.Tests.BDD.Features.Performance.VideoStreamingPerformanceAndQualityTestingFeature.ScenarioCleanup()
   at TherapyDocs.Api.Tests.BDD.Features.Performance.VideoStreamingPerformanceAndQualityTestingFeature.Handle10KConcurrentVideoStreamsWithOptimalQuality() in /home/srowe/workspace/pediatric-therapy-resource/api/Tests/BDD/Features/performance/video-streaming.feature:line 26
   at System.RuntimeMethodHandle.InvokeMethod(Object target, Void** arguments, Signature sig, Boolean isConstructor)
   at System.Reflection.MethodBaseInvoker.InvokeWithNoArgs(Object obj, BindingFlags invokeAttr)
  Standard Output Messages:
 Given video streaming infrastructure is configured
 -> done: VideoStreamingSteps.GivenVideoStreamingInfrastructureIsConfigured() (0.0s)
 And CDN distribution is optimized
 -> done: VideoStreamingSteps.GivenCDNDistributionIsOptimized() (0.0s)
 And adaptive bitrate streaming is enabled
 -> done: VideoStreamingSteps.GivenAdaptiveBitrateStreamingIsEnabled() (0.0s)
 And video quality metrics are monitored
 -> done: VideoStreamingSteps.GivenVideoQualityMetricsAreMonitored() (0.0s)
 Given the platform supports high-volume video streaming
 -> done: VideoStreamingSteps.GivenThePlatformSupportsHighVolumeVideoStreaming() (0.0s)
 When concurrent video streaming load is tested:
   --- table step argument ---
   | Stream Count | Video Quality | Target Bitrate | Buffer Health | Success Rate |
   | 1,000        | 1080p         | 5 Mbps         | >95%          | >99.5%       |
   | 2,500        | 1080p         | 5 Mbps         | >90%          | >99.0%       |
   | 5,000        | 1080p         | 4 Mbps         | >85%          | >98.5%       |
   | 7,500        | 720p          | 3 Mbps         | >80%          | >98.0%       |
   | 10,000       | 720p          | 2.5 Mbps       | >75%          | >97.5%       |
 -> error: The input string '1,000' was not in a correct format. (0.0s)
 Then video streaming should maintain stable quality
 -> skipped because of previous errors
 And buffering events should be minimized
 -> skipped because of previous errors
 And stream startup time should be under 3 seconds
 -> skipped because of previous errors
 And video quality should adapt based on network conditions
 -> skipped because of previous errors


  Failed Reject invalid license [30 ms]
  Error Message:
   Expected ((int)LastResponse!.StatusCode) to be 400, but found 404 (difference of 4).
  Stack Trace:
     at FluentAssertions.Execution.XUnit2TestFramework.Throw(String message)
   at FluentAssertions.Execution.TestFrameworkProvider.Throw(String message)
   at FluentAssertions.Execution.DefaultAssertionStrategy.HandleFailure(String message)
   at FluentAssertions.Execution.AssertionScope.FailWith(Func`1 failReasonFunc)
   at FluentAssertions.Execution.AssertionScope.FailWith(Func`1 failReasonFunc)
   at FluentAssertions.Execution.AssertionScope.FailWith(String message, Object[] args)
   at FluentAssertions.Numeric.NumericAssertions`2.Be(T expected, String because, Object[] becauseArgs)
   at TherapyDocs.Api.Tests.BDD.StepDefinitions.BaseStepDefinitions.ThenTheResponseStatusShouldBe(Int32 statusCode) in /home/srowe/workspace/pediatric-therapy-resource/api/Tests/BDD/StepDefinitions/BaseStepDefinitions.cs:line 72
   at TherapyDocs.Api.Tests.BDD.StepDefinitions.CommonStepDefinitions.ThenTheResponseStatusShouldBeStep(Int32 statusCode) in /home/srowe/workspace/pediatric-therapy-resource/api/Tests/BDD/StepDefinitions/CommonStepDefinitions.cs:line 55
   at InvokeStub_Action`2.Invoke(Object, Span`1)
   at System.Reflection.MethodBaseInvoker.InvokeWithFewArgs(Object obj, BindingFlags invokeAttr, Binder binder, Object[] parameters, CultureInfo culture)
   at TechTalk.SpecFlow.Bindings.BindingInvoker.InvokeBinding(IBinding binding, IContextManager contextManager, Object[] arguments, ITestTracer testTracer, TimeSpan& duration)
   at TechTalk.SpecFlow.Infrastructure.TestExecutionEngine.ExecuteStepMatch(BindingMatch match, Object[] arguments, TimeSpan& duration)
   at TechTalk.SpecFlow.Infrastructure.TestExecutionEngine.ExecuteStep(IContextManager contextManager, StepInstance stepInstance)
   at TechTalk.SpecFlow.Infrastructure.TestExecutionEngine.OnAfterLastStep()
   at TechTalk.SpecFlow.TestRunner.CollectScenarioErrors()
   at TherapyDocs.Api.Tests.BDD.Features.Auth.UserManagementAPIEndpointsFeature.ScenarioCleanup()
   at TherapyDocs.Api.Tests.BDD.Features.Auth.UserManagementAPIEndpointsFeature.RejectInvalidLicense() in /home/srowe/workspace/pediatric-therapy-resource/api/Tests/BDD/Features/auth/user-management.feature:line 155
   at System.RuntimeMethodHandle.InvokeMethod(Object target, Void** arguments, Signature sig, Boolean isConstructor)
   at System.Reflection.MethodBaseInvoker.InvokeWithNoArgs(Object obj, BindingFlags invokeAttr)
  Standard Output Messages:
 Given the API is available
 -> done: CommonStepDefinitions.GivenTheAPIIsAvailable() (0.0s)
 And I am authenticated as "user@clinic.com"
 -> done: CommonStepDefinitions.GivenIAmAuthenticatedAs("user@clinic.com") (0.0s)
 When I send a POST request to "/api/users/licenses/verify" with:
   --- table step argument ---
   | field         | value       |
   | licenseNumber | INVALID-123 |
   | licenseState  | XX          |
   | licenseType   | OT          |
 -> done: CommonStepDefinitions.WhenISendAPOSTRequestToWithStep("/api/users/licens...", <table>) (0.0s)
 Then the response status should be 400
 -> error: Expected ((int)LastResponse!.StatusCode) to be 400, but found 404 (difference of 4). (0.0s)
 And the response should contain error "License verification failed"
 -> skipped because of previous errors


  Skipped Train custom model for therapy-specific content generation [1 ms]
  Skipped Implement distributed caching for frequently accessed data [1 ms]
[xUnit.net 00:00:05.23]     Resolve data conflicts between UPTRMS and EHR systems [SKIP]
[xUnit.net 00:00:05.23]       No matching step definition found for one or more steps.\nusing System;\r\nusing TechTalk.SpecFlow;\r\n\r\nnamespace MyNamespace\r\n{\r\n    [Binding]\r\n    public class StepDefinitions\r\n    {\r\n        private readonly ScenarioContext _scenarioContext;\r\n\r\n        public StepDefinitions(ScenarioContext scenarioContext)\r\n        {\r\n            _scenarioContext = scenarioContext;\r\n        }\r\n        [Given(@"data conflicts may arise during synchronization")]\r\n        public void GivenDataConflictsMayAriseDuringSynchronization()\r\n        {\r\n            _scenarioContext.Pending();\r\n        }\r\n        \n        [When(@"data conflict scenarios are tested:")]\r\n        public void WhenDataConflictScenariosAreTested(Table table)\r\n        {\r\n            _scenarioContext.Pending();\r\n        }\r\n        \n        [Then(@"data conflicts should be resolved systematically")]\r\n        public void ThenDataConflictsShouldBeResolvedSystematically()\r\n        {\r\n            _scenarioContext.Pending();\r\n        }\r\n        \n        [Then(@"resolution should preserve data integrity")]\r\n        public void ThenResolutionShouldPreserveDataIntegrity()\r\n        {\r\n            _scenarioContext.Pending();\r\n        }\r\n        \n        [Then(@"users should be involved only when necessary")]\r\n        public void ThenUsersShouldBeInvolvedOnlyWhenNecessary()\r\n        {\r\n            _scenarioContext.Pending();\r\n        }\r\n        \n        [Then(@"conflict resolution should be auditable")]\r\n        public void ThenConflictResolutionShouldBeAuditable()\r\n        {\r\n            _scenarioContext.Pending();\r\n        }\r\n    }\r\n}\r\n
[xUnit.net 00:00:05.25]       Expected response.StatusCode to be HttpStatusCode.OK {value: 200}, but found HttpStatusCode.NotFound {value: 404}.
[xUnit.net 00:00:05.25]       Stack Trace:
[xUnit.net 00:00:05.25]            at FluentAssertions.Execution.XUnit2TestFramework.Throw(String message)
[xUnit.net 00:00:05.25]            at FluentAssertions.Execution.TestFrameworkProvider.Throw(String message)
[xUnit.net 00:00:05.25]            at FluentAssertions.Execution.DefaultAssertionStrategy.HandleFailure(String message)
[xUnit.net 00:00:05.25]            at FluentAssertions.Execution.AssertionScope.FailWith(Func`1 failReasonFunc)
[xUnit.net 00:00:05.25]            at FluentAssertions.Execution.AssertionScope.FailWith(Func`1 failReasonFunc)
[xUnit.net 00:00:05.25]            at FluentAssertions.Execution.AssertionScope.FailWith(String message, Object[] args)
[xUnit.net 00:00:05.25]            at FluentAssertions.Primitives.EnumAssertions`2.Be(TEnum expected, String because, Object[] becauseArgs)
[xUnit.net 00:00:05.25]         /home/srowe/workspace/pediatric-therapy-resource/api/Tests/BDD/StepDefinitions/SecurityTestingSteps.cs(37,0): at TherapyDocs.Api.Tests.BDD.StepDefinitions.SecurityTestingSteps.GivenTheSecuritySystemIsActive()
[xUnit.net 00:00:05.25]            at TechTalk.SpecFlow.Bindings.SynchronousBindingDelegateInvoker.<>c__DisplayClass2_0.<<InvokeBindingDelegateAsync>b__0>d.MoveNext()
[xUnit.net 00:00:05.25]         --- End of stack trace from previous location ---
[xUnit.net 00:00:05.25]            at TechTalk.SpecFlow.Bindings.AsyncHelpers.<>c__DisplayClass1_0`1.<<RunSync>b__0>d.MoveNext()
[xUnit.net 00:00:05.25]         --- End of stack trace from previous location ---
[xUnit.net 00:00:05.25]            at TechTalk.SpecFlow.Bindings.AsyncHelpers.ExclusiveSynchronizationContext.BeginMessageLoop()
[xUnit.net 00:00:05.25]            at TechTalk.SpecFlow.Bindings.AsyncHelpers.RunSync[T](Func`1 task)
[xUnit.net 00:00:05.25]            at TechTalk.SpecFlow.Bindings.SynchronousBindingDelegateInvoker.InvokeBindingDelegateAsync(Delegate bindingDelegate, Object[] invokeArgs)
[xUnit.net 00:00:05.25]            at TechTalk.SpecFlow.Bindings.SynchronousBindingDelegateInvoker.InvokeDelegateSynchronously(Delegate bindingDelegate, Object[] invokeArgs)
[xUnit.net 00:00:05.25]            at TechTalk.SpecFlow.Bindings.BindingInvoker.InvokeBinding(IBinding binding, IContextManager contextManager, Object[] arguments, ITestTracer testTracer, TimeSpan& duration)
[xUnit.net 00:00:05.25]            at TechTalk.SpecFlow.Infrastructure.TestExecutionEngine.ExecuteStepMatch(BindingMatch match, Object[] arguments, TimeSpan& duration)
[xUnit.net 00:00:05.25]            at TechTalk.SpecFlow.Infrastructure.TestExecutionEngine.ExecuteStep(IContextManager contextManager, StepInstance stepInstance)
[xUnit.net 00:00:05.25]            at TechTalk.SpecFlow.Infrastructure.TestExecutionEngine.OnAfterLastStep()
[xUnit.net 00:00:05.25]            at TechTalk.SpecFlow.TestRunner.CollectScenarioErrors()
[xUnit.net 00:00:05.25]            at TherapyDocs.Api.Tests.BDD.Features.Security.AdvancedAuthenticationSecurityFeature.ScenarioCleanup()
[xUnit.net 00:00:05.25]         /home/srowe/workspace/pediatric-therapy-resource/api/Tests/BDD/Features/security/authentication-security.feature(106,0): at TherapyDocs.Api.Tests.BDD.Features.Security.AdvancedAuthenticationSecurityFeature.ManageConcurrentSessionLimits()
[xUnit.net 00:00:05.25]            at System.RuntimeMethodHandle.InvokeMethod(Object target, Void** arguments, Signature sig, Boolean isConstructor)
[xUnit.net 00:00:05.25]            at System.Reflection.MethodBaseInvoker.InvokeWithNoArgs(Object obj, BindingFlags invokeAttr)
[xUnit.net 00:00:05.25]       Output:
[xUnit.net 00:00:05.25]         Given the security system is active
[xUnit.net 00:00:05.25]         -> error: Expected response.StatusCode to be HttpStatusCode.OK {value: 200}, but found HttpStatusCode.NotFound {value: 404}. (0.0s)
[xUnit.net 00:00:05.25]         And advanced authentication features are enabled
[xUnit.net 00:00:05.25]         -> skipped because of previous errors
[xUnit.net 00:00:05.25]         And security policies are configured
[xUnit.net 00:00:05.25]         -> skipped because of previous errors
[xUnit.net 00:00:05.25]         Given I am logged in from my office computer
[xUnit.net 00:00:05.25]         -> No matching step definition found for the step. Use the following code to create one:
[xUnit.net 00:00:05.25]                 [Given(@"I am logged in from my office computer")]
[xUnit.net 00:00:05.25]                 public void GivenIAmLoggedInFromMyOfficeComputer()
[xUnit.net 00:00:05.25]                 {
[xUnit.net 00:00:05.25]                     _scenarioContext.Pending();
[xUnit.net 00:00:05.25]                 }
[xUnit.net 00:00:05.25]         
[xUnit.net 00:00:05.25]         And concurrent session limit is set to 3
[xUnit.net 00:00:05.25]         -> No matching step definition found for the step. Use the following code to create one:
[xUnit.net 00:00:05.25]                 [Given(@"concurrent session limit is set to (.*)")]
[xUnit.net 00:00:05.25]                 public void GivenConcurrentSessionLimitIsSetTo(int p0)
[xUnit.net 00:00:05.25]                 {
[xUnit.net 00:00:05.25]                     _scenarioContext.Pending();
[xUnit.net 00:00:05.25]                 }
[xUnit.net 00:00:05.25]         
[xUnit.net 00:00:05.25]         When I login from my home computer
[xUnit.net 00:00:05.25]         -> No matching step definition found for the step. Use the following code to create one:
[xUnit.net 00:00:05.25]                 [When(@"I login from my home computer")]
[xUnit.net 00:00:05.25]                 public void WhenILoginFromMyHomeComputer()
[xUnit.net 00:00:05.25]                 {
[xUnit.net 00:00:05.25]                     _scenarioContext.Pending();
[xUnit.net 00:00:05.25]                 }
[xUnit.net 00:00:05.25]         
[xUnit.net 00:00:05.25]         And I login from my tablet
[xUnit.net 00:00:05.25]         -> No matching step definition found for the step. Use the following code to create one:
[xUnit.net 00:00:05.25]                 [When(@"I login from my tablet")]
[xUnit.net 00:00:05.25]                 public void WhenILoginFromMyTablet()
[xUnit.net 00:00:05.25]                 {
[xUnit.net 00:00:05.25]                     _scenarioContext.Pending();
[xUnit.net 00:00:05.25]                 }
[xUnit.net 00:00:05.25]         
[xUnit.net 00:00:05.25]         And I login from my phone
[xUnit.net 00:00:05.25]         -> No matching step definition found for the step. Use the following code to create one:
[xUnit.net 00:00:05.25]                 [When(@"I login from my phone")]
[xUnit.net 00:00:05.25]                 public void WhenILoginFromMyPhone()
[xUnit.net 00:00:05.25]                 {
[xUnit.net 00:00:05.25]                     _scenarioContext.Pending();
[xUnit.net 00:00:05.25]                 }
[xUnit.net 00:00:05.25]         
[xUnit.net 00:00:05.25]         Then all 3 sessions should remain active
[xUnit.net 00:00:05.25]         -> No matching step definition found for the step. Use the following code to create one:
[xUnit.net 00:00:05.25]                 [Then(@"all (.*) sessions should remain active")]
[xUnit.net 00:00:05.25]                 public void ThenAllSessionsShouldRemainActive(int p0)
[xUnit.net 00:00:05.25]                 {
[xUnit.net 00:00:05.25]                     _scenarioContext.Pending();
[xUnit.net 00:00:05.25]                 }
[xUnit.net 00:00:05.25]         
[xUnit.net 00:00:05.25]         When I attempt to login from a 4th device
[xUnit.net 00:00:05.25]         -> No matching step definition found for the step. Use the following code to create one:
[xUnit.net 00:00:05.25]                 [When(@"I attempt to login from a (.*)th device")]
[xUnit.net 00:00:05.25]                 public void WhenIAttemptToLoginFromAThDevice(int p0)
[xUnit.net 00:00:05.25]                 {
[xUnit.net 00:00:05.26]                     _scenarioContext.Pending();
[xUnit.net 00:00:05.26]                 }
[xUnit.net 00:00:05.26]         
[xUnit.net 00:00:05.26]         Then I should be prompted to terminate existing session
[xUnit.net 00:00:05.27]         -> No matching step definition found for the step. Use the following code to create one:
[xUnit.net 00:00:05.27]                 [Then(@"I should be prompted to terminate existing session")]
[xUnit.net 00:00:05.27]                 public void ThenIShouldBePromptedToTerminateExistingSession()
[xUnit.net 00:00:05.27]                 {
[xUnit.net 00:00:05.28]                     _scenarioContext.Pending();
[xUnit.net 00:00:05.28]                 }
[xUnit.net 00:00:05.28]         
[xUnit.net 00:00:05.28]         And I should see list of active sessions with device info
[xUnit.net 00:00:05.28]         -> No matching step definition found for the step. Use the following code to create one:
[xUnit.net 00:00:05.28]                 [Then(@"I should see list of active sessions with device info")]
[xUnit.net 00:00:05.28]                 public void ThenIShouldSeeListOfActiveSessionsWithDeviceInfo()
[xUnit.net 00:00:05.28]                 {
[xUnit.net 00:00:05.28]                     _scenarioContext.Pending();
[xUnit.net 00:00:05.28]                 }
[xUnit.net 00:00:05.28]         
[xUnit.net 00:00:05.28]         When I select to terminate "Office Computer" session
[xUnit.net 00:00:05.28]         -> No matching step definition found for the step. Use the following code to create one:
[xUnit.net 00:00:05.28]                 [When(@"I select to terminate ""(.*)"" session")]
[xUnit.net 00:00:05.28]                 public void WhenISelectToTerminateSession(string p0)
[xUnit.net 00:00:05.28]                 {
[xUnit.net 00:00:05.28]                     _scenarioContext.Pending();
[xUnit.net 00:00:05.28]                 }
[xUnit.net 00:00:05.28]         
[xUnit.net 00:00:05.28]         Then the new session should be created
[xUnit.net 00:00:05.28]         -> No matching step definition found for the step. Use the following code to create one:
[xUnit.net 00:00:05.28]                 [Then(@"the new session should be created")]
[xUnit.net 00:00:05.28]                 public void ThenTheNewSessionShouldBeCreated()
[xUnit.net 00:00:05.28]                 {
[xUnit.net 00:00:05.28]                     _scenarioContext.Pending();
[xUnit.net 00:00:05.28]                 }
[xUnit.net 00:00:05.28]         
[xUnit.net 00:00:05.28]         And the office session should be immediately terminated
[xUnit.net 00:00:05.28]         -> No matching step definition found for the step. Use the following code to create one:
[xUnit.net 00:00:05.28]                 [Then(@"the office session should be immediately terminated")]
[xUnit.net 00:00:05.28]                 public void ThenTheOfficeSessionShouldBeImmediatelyTerminated()
[xUnit.net 00:00:05.28]                 {
[xUnit.net 00:00:05.28]                     _scenarioContext.Pending();
[xUnit.net 00:00:05.28]                 }
[xUnit.net 00:00:05.28]         
[xUnit.net 00:00:05.28]     Balance schedule density [SKIP]
[xUnit.net 00:00:05.28]       No matching step definition found for one or more steps.\nusing System;\r\nusing TechTalk.SpecFlow;\r\n\r\nnamespace MyNamespace\r\n{\r\n    [Binding]\r\n    public class StepDefinitions\r\n    {\r\n        private readonly ScenarioContext _scenarioContext;\r\n\r\n        public StepDefinitions(ScenarioContext scenarioContext)\r\n        {\r\n            _scenarioContext = scenarioContext;\r\n        }\r\n        [Given(@"I am logged in as therapy coordinator")]\r\n        public void GivenIAmLoggedInAsTherapyCoordinator()\r\n        {\r\n            _scenarioContext.Pending();\r\n        }\r\n        \n        [Given(@"the following therapists are active:")]\r\n        public void GivenTheFollowingTherapistsAreActive(Table table)\r\n        {\r\n            _scenarioContext.Pending();\r\n        }\r\n        \n        [Given(@"varying session requirements")]\r\n        public void GivenVaryingSessionRequirements()\r\n        {\r\n            _scenarioContext.Pending();\r\n        }\r\n        \n        [When(@"I analyze ""(.*)"" schedule")]\r\n        public void WhenIAnalyzeSchedule(string p0)\r\n        {\r\n            _scenarioContext.Pending();\r\n        }\r\n        \n        [Then(@"I see:")]\r\n        public void ThenISee(Table table)\r\n        {\r\n            _scenarioContext.Pending();\r\n        }\r\n    }\r\n}\r\n
[xUnit.net 00:00:05.28]     Manage memory limits and prevent out-of-memory conditions [SKIP]
[xUnit.net 00:00:05.28]       No matching step definition found for one or more steps.\nusing System;\r\nusing TechTalk.SpecFlow;\r\n\r\nnamespace MyNamespace\r\n{\r\n    [Binding]\r\n    public class StepDefinitions\r\n    {\r\n        private readonly ScenarioContext _scenarioContext;\r\n\r\n        public StepDefinitions(ScenarioContext scenarioContext)\r\n        {\r\n            _scenarioContext = scenarioContext;\r\n        }\r\n        [Given(@"resource limit management is configured")]\r\n        public void GivenResourceLimitManagementIsConfigured()\r\n        {\r\n            _scenarioContext.Pending();\r\n        }\r\n        \n        [Given(@"monitoring systems track resource usage")]\r\n        public void GivenMonitoringSystemsTrackResourceUsage()\r\n        {\r\n            _scenarioContext.Pending();\r\n        }\r\n        \n        [Given(@"enforcement mechanisms are active")]\r\n        public void GivenEnforcementMechanismsAreActive()\r\n        {\r\n            _scenarioContext.Pending();\r\n        }\r\n        \n        [Given(@"quotas are defined per tier")]\r\n        public void GivenQuotasAreDefinedPerTier()\r\n        {\r\n            _scenarioContext.Pending();\r\n        }\r\n        \n        [Given(@"alerting thresholds are established")]\r\n        public void GivenAlertingThresholdsAreEstablished()\r\n        {\r\n            _scenarioContext.Pending();\r\n        }\r\n        \n        [Given(@"memory is a critical finite resource")]\r\n        public void GivenMemoryIsACriticalFiniteResource()\r\n        {\r\n            _scenarioContext.Pending();\r\n        }\r\n        \n        [Given(@"OOM conditions must be prevented")]\r\n        public void GivenOOMConditionsMustBePrevented()\r\n        {\r\n            _scenarioContext.Pending();\r\n        }\r\n        \n        [When(@"implementing memory management:")]\r\n        public void WhenImplementingMemoryManagement(Table table)\r\n        {\r\n            _scenarioContext.Pending();\r\n        }\r\n        \n        [Then(@"memory usage should be controlled")]\r\n        public void ThenMemoryUsageShouldBeControlled()\r\n        {\r\n            _scenarioContext.Pending();\r\n        }\r\n        \n        [Then(@"OOM conditions should be rare")]\r\n        public void ThenOOMConditionsShouldBeRare()\r\n        {\r\n            _scenarioContext.Pending();\r\n        }\r\n        \n        [Then(@"critical services should be protected")]\r\n        public void ThenCriticalServicesShouldBeProtected()\r\n        {\r\n            _scenarioContext.Pending();\r\n        }\r\n        \n        [Then(@"performance should degrade gracefully")]\r\n        public void ThenPerformanceShouldDegradeGracefully()\r\n        {\r\n            _scenarioContext.Pending();\r\n        }\r\n    }\r\n}\r\n
[xUnit.net 00:00:05.29]     Forecast therapy outcomes for individual students [SKIP]
[xUnit.net 00:00:05.29]       No matching step definition found for one or more steps.\nusing System;\r\nusing TechTalk.SpecFlow;\r\n\r\nnamespace MyNamespace\r\n{\r\n    [Binding]\r\n    public class StepDefinitions\r\n    {\r\n        private readonly ScenarioContext _scenarioContext;\r\n\r\n        public StepDefinitions(ScenarioContext scenarioContext)\r\n        {\r\n            _scenarioContext = scenarioContext;\r\n        }\r\n        [Given(@"outcome prediction models are configured")]\r\n        public void GivenOutcomePredictionModelsAreConfigured()\r\n        {\r\n            _scenarioContext.Pending();\r\n        }\r\n        \n        [Given(@"historical outcome data is available")]\r\n        public void GivenHistoricalOutcomeDataIsAvailable()\r\n        {\r\n            _scenarioContext.Pending();\r\n        }\r\n        \n        [Given(@"multivariate analysis is enabled")]\r\n        public void GivenMultivariateAnalysisIsEnabled()\r\n        {\r\n            _scenarioContext.Pending();\r\n        }\r\n        \n        [Given(@"evidence-based benchmarks are loaded")]\r\n        public void GivenEvidence_BasedBenchmarksAreLoaded()\r\n        {\r\n            _scenarioContext.Pending();\r\n        }\r\n        \n        [Given(@"stakeholder communication tools are ready")]\r\n        public void GivenStakeholderCommunicationToolsAreReady()\r\n        {\r\n            _scenarioContext.Pending();\r\n        }\r\n        \n        [Given(@"I have students with established therapy plans")]\r\n        public void GivenIHaveStudentsWithEstablishedTherapyPlans()\r\n        {\r\n            _scenarioContext.Pending();\r\n        }\r\n        \n        [Given(@"baseline assessments are complete")]\r\n        public void GivenBaselineAssessmentsAreComplete()\r\n        {\r\n            _scenarioContext.Pending();\r\n        }\r\n        \n        [When(@"forecasting therapy outcomes:")]\r\n        public void WhenForecastingTherapyOutcomes(Table table)\r\n        {\r\n            _scenarioContext.Pending();\r\n        }\r\n        \n        [Then(@"forecasts should be evidence-based")]\r\n        public void ThenForecastsShouldBeEvidence_Based()\r\n        {\r\n            _scenarioContext.Pending();\r\n        }\r\n        \n        [Then(@"confidence intervals should be provided")]\r\n        public void ThenConfidenceIntervalsShouldBeProvided()\r\n        {\r\n            _scenarioContext.Pending();\r\n        }\r\n        \n        [Then(@"key influencing factors should be identified")]\r\n        public void ThenKeyInfluencingFactorsShouldBeIdentified()\r\n        {\r\n            _scenarioContext.Pending();\r\n        }\r\n        \n        [Then(@"timelines should be realistic")]\r\n        public void ThenTimelinesShouldBeRealistic()\r\n        {\r\n            _scenarioContext.Pending();\r\n        }\r\n    }\r\n}\r\n
  Skipped Resolve data conflicts between UPTRMS and EHR systems [1 ms]
  Failed Manage concurrent session limits [434 ms]
  Error Message:
   Expected response.StatusCode to be HttpStatusCode.OK {value: 200}, but found HttpStatusCode.NotFound {value: 404}.
  Stack Trace:
     at FluentAssertions.Execution.XUnit2TestFramework.Throw(String message)
   at FluentAssertions.Execution.TestFrameworkProvider.Throw(String message)
   at FluentAssertions.Execution.DefaultAssertionStrategy.HandleFailure(String message)
   at FluentAssertions.Execution.AssertionScope.FailWith(Func`1 failReasonFunc)
   at FluentAssertions.Execution.AssertionScope.FailWith(Func`1 failReasonFunc)
   at FluentAssertions.Execution.AssertionScope.FailWith(String message, Object[] args)
   at FluentAssertions.Primitives.EnumAssertions`2.Be(TEnum expected, String because, Object[] becauseArgs)
   at TherapyDocs.Api.Tests.BDD.StepDefinitions.SecurityTestingSteps.GivenTheSecuritySystemIsActive() in /home/srowe/workspace/pediatric-therapy-resource/api/Tests/BDD/StepDefinitions/SecurityTestingSteps.cs:line 37
   at TechTalk.SpecFlow.Bindings.SynchronousBindingDelegateInvoker.<>c__DisplayClass2_0.<<InvokeBindingDelegateAsync>b__0>d.MoveNext()
--- End of stack trace from previous location ---
   at TechTalk.SpecFlow.Bindings.AsyncHelpers.<>c__DisplayClass1_0`1.<<RunSync>b__0>d.MoveNext()
--- End of stack trace from previous location ---
   at TechTalk.SpecFlow.Bindings.AsyncHelpers.ExclusiveSynchronizationContext.BeginMessageLoop()
   at TechTalk.SpecFlow.Bindings.AsyncHelpers.RunSync[T](Func`1 task)
   at TechTalk.SpecFlow.Bindings.SynchronousBindingDelegateInvoker.InvokeBindingDelegateAsync(Delegate bindingDelegate, Object[] invokeArgs)
   at TechTalk.SpecFlow.Bindings.SynchronousBindingDelegateInvoker.InvokeDelegateSynchronously(Delegate bindingDelegate, Object[] invokeArgs)
   at TechTalk.SpecFlow.Bindings.BindingInvoker.InvokeBinding(IBinding binding, IContextManager contextManager, Object[] arguments, ITestTracer testTracer, TimeSpan& duration)
   at TechTalk.SpecFlow.Infrastructure.TestExecutionEngine.ExecuteStepMatch(BindingMatch match, Object[] arguments, TimeSpan& duration)
   at TechTalk.SpecFlow.Infrastructure.TestExecutionEngine.ExecuteStep(IContextManager contextManager, StepInstance stepInstance)
   at TechTalk.SpecFlow.Infrastructure.TestExecutionEngine.OnAfterLastStep()
   at TechTalk.SpecFlow.TestRunner.CollectScenarioErrors()
   at TherapyDocs.Api.Tests.BDD.Features.Security.AdvancedAuthenticationSecurityFeature.ScenarioCleanup()
   at TherapyDocs.Api.Tests.BDD.Features.Security.AdvancedAuthenticationSecurityFeature.ManageConcurrentSessionLimits() in /home/srowe/workspace/pediatric-therapy-resource/api/Tests/BDD/Features/security/authentication-security.feature:line 106
   at System.RuntimeMethodHandle.InvokeMethod(Object target, Void** arguments, Signature sig, Boolean isConstructor)
   at System.Reflection.MethodBaseInvoker.InvokeWithNoArgs(Object obj, BindingFlags invokeAttr)
  Standard Output Messages:
 Given the security system is active
 -> error: Expected response.StatusCode to be HttpStatusCode.OK {value: 200}, but found HttpStatusCode.NotFound {value: 404}. (0.0s)
 And advanced authentication features are enabled
 -> skipped because of previous errors
 And security policies are configured
 -> skipped because of previous errors
 Given I am logged in from my office computer
 -> No matching step definition found for the step. Use the following code to create one:
         [Given(@"I am logged in from my office computer")]
         public void GivenIAmLoggedInFromMyOfficeComputer()
         {
             _scenarioContext.Pending();
         }
 
 And concurrent session limit is set to 3
 -> No matching step definition found for the step. Use the following code to create one:
         [Given(@"concurrent session limit is set to (.*)")]
         public void GivenConcurrentSessionLimitIsSetTo(int p0)
         {
             _scenarioContext.Pending();
         }
 
 When I login from my home computer
 -> No matching step definition found for the step. Use the following code to create one:
         [When(@"I login from my home computer")]
         public void WhenILoginFromMyHomeComputer()
         {
             _scenarioContext.Pending();
         }
 
 And I login from my tablet
 -> No matching step definition found for the step. Use the following code to create one:
         [When(@"I login from my tablet")]
         public void WhenILoginFromMyTablet()
         {
             _scenarioContext.Pending();
         }
 
 And I login from my phone
 -> No matching step definition found for the step. Use the following code to create one:
         [When(@"I login from my phone")]
         public void WhenILoginFromMyPhone()
         {
             _scenarioContext.Pending();
         }
 
 Then all 3 sessions should remain active
 -> No matching step definition found for the step. Use the following code to create one:
         [Then(@"all (.*) sessions should remain active")]
         public void ThenAllSessionsShouldRemainActive(int p0)
         {
             _scenarioContext.Pending();
         }
 
 When I attempt to login from a 4th device
 -> No matching step definition found for the step. Use the following code to create one:
         [When(@"I attempt to login from a (.*)th device")]
         public void WhenIAttemptToLoginFromAThDevice(int p0)
         {
             _scenarioContext.Pending();
         }
 
 Then I should be prompted to terminate existing session
 -> No matching step definition found for the step. Use the following code to create one:
         [Then(@"I should be prompted to terminate existing session")]
         public void ThenIShouldBePromptedToTerminateExistingSession()
         {
             _scenarioContext.Pending();
         }
 
 And I should see list of active sessions with device info
 -> No matching step definition found for the step. Use the following code to create one:
         [Then(@"I should see list of active sessions with device info")]
         public void ThenIShouldSeeListOfActiveSessionsWithDeviceInfo()
         {
             _scenarioContext.Pending();
         }
 
 When I select to terminate "Office Computer" session
 -> No matching step definition found for the step. Use the following code to create one:
         [When(@"I select to terminate ""(.*)"" session")]
         public void WhenISelectToTerminateSession(string p0)
         {
             _scenarioContext.Pending();
         }
 
 Then the new session should be created
 -> No matching step definition found for the step. Use the following code to create one:
         [Then(@"the new session should be created")]
         public void ThenTheNewSessionShouldBeCreated()
         {
             _scenarioContext.Pending();
         }
 
 And the office session should be immediately terminated
 -> No matching step definition found for the step. Use the following code to create one:
         [Then(@"the office session should be immediately terminated")]
         public void ThenTheOfficeSessionShouldBeImmediatelyTerminated()
         {
             _scenarioContext.Pending();
         }
 


  Skipped Balance schedule density [1 ms]
  Skipped Manage memory limits and prevent out-of-memory conditions [1 ms]
  Skipped Forecast therapy outcomes for individual students [1 ms]
[xUnit.net 00:00:05.32]     Isolate resources for concurrent multi-tenant operations [SKIP]
[xUnit.net 00:00:05.32]       No matching step definition found for one or more steps.\nusing System;\r\nusing TechTalk.SpecFlow;\r\n\r\nnamespace MyNamespace\r\n{\r\n    [Binding]\r\n    public class StepDefinitions\r\n    {\r\n        private readonly ScenarioContext _scenarioContext;\r\n\r\n        public StepDefinitions(ScenarioContext scenarioContext)\r\n        {\r\n            _scenarioContext = scenarioContext;\r\n        }\r\n        [Given(@"concurrent session infrastructure is deployed")]\r\n        public void GivenConcurrentSessionInfrastructureIsDeployed()\r\n        {\r\n            _scenarioContext.Pending();\r\n        }\r\n        \n        [Given(@"real-time communication systems are configured")]\r\n        public void GivenReal_TimeCommunicationSystemsAreConfigured()\r\n        {\r\n            _scenarioContext.Pending();\r\n        }\r\n        \n        [Given(@"session state management is distributed")]\r\n        public void GivenSessionStateManagementIsDistributed()\r\n        {\r\n            _scenarioContext.Pending();\r\n        }\r\n        \n        [Given(@"connection pooling is optimized")]\r\n        public void GivenConnectionPoolingIsOptimized()\r\n        {\r\n            _scenarioContext.Pending();\r\n        }\r\n        \n        [Given(@"monitoring systems track active sessions")]\r\n        public void GivenMonitoringSystemsTrackActiveSessions()\r\n        {\r\n            _scenarioContext.Pending();\r\n        }\r\n        \n        [Given(@"tenants must not impact each other")]\r\n        public void GivenTenantsMustNotImpactEachOther()\r\n        {\r\n            _scenarioContext.Pending();\r\n        }\r\n        \n        [Given(@"isolation must work at scale")]\r\n        public void GivenIsolationMustWorkAtScale()\r\n        {\r\n            _scenarioContext.Pending();\r\n        }\r\n        \n        [When(@"implementing resource isolation:")]\r\n        public void WhenImplementingResourceIsolation(Table table)\r\n        {\r\n            _scenarioContext.Pending();\r\n        }\r\n        \n        [Then(@"resources should be isolated")]\r\n        public void ThenResourcesShouldBeIsolated()\r\n        {\r\n            _scenarioContext.Pending();\r\n        }\r\n        \n        [Then(@"performance should be predictable")]\r\n        public void ThenPerformanceShouldBePredictable()\r\n        {\r\n            _scenarioContext.Pending();\r\n        }\r\n        \n        [Then(@"bursts should be controlled")]\r\n        public void ThenBurstsShouldBeControlled()\r\n        {\r\n            _scenarioContext.Pending();\r\n        }\r\n        \n        [Then(@"monitoring should track usage")]\r\n        public void ThenMonitoringShouldTrackUsage()\r\n        {\r\n            _scenarioContext.Pending();\r\n        }\r\n    }\r\n}\r\n
[xUnit.net 00:00:05.34]     Implement gait training protocols [SKIP]
[xUnit.net 00:00:05.34]       No matching step definition found for one or more steps.\nusing System;\r\nusing TechTalk.SpecFlow;\r\n\r\nnamespace MyNamespace\r\n{\r\n    [Binding]\r\n    public class StepDefinitions\r\n    {\r\n        private readonly ScenarioContext _scenarioContext;\r\n\r\n        public StepDefinitions(ScenarioContext scenarioContext)\r\n        {\r\n            _scenarioContext = scenarioContext;\r\n        }\r\n        [Given(@"specialized therapy protocols are available")]\r\n        public void GivenSpecializedTherapyProtocolsAreAvailable()\r\n        {\r\n            _scenarioContext.Pending();\r\n        }\r\n        \n        [Given(@"clinical procedures are documented")]\r\n        public void GivenClinicalProceduresAreDocumented()\r\n        {\r\n            _scenarioContext.Pending();\r\n        }\r\n        \n        [Given(@"fidelity tracking is enabled")]\r\n        public void GivenFidelityTrackingIsEnabled()\r\n        {\r\n            _scenarioContext.Pending();\r\n        }\r\n        \n        [Given(@"outcome measurements are integrated")]\r\n        public void GivenOutcomeMeasurementsAreIntegrated()\r\n        {\r\n            _scenarioContext.Pending();\r\n        }\r\n        \n        [Given(@"training requirements are defined")]\r\n        public void GivenTrainingRequirementsAreDefined()\r\n        {\r\n            _scenarioContext.Pending();\r\n        }\r\n        \n        [Given(@"gait training improves mobility")]\r\n        public void GivenGaitTrainingImprovesMobility()\r\n        {\r\n            _scenarioContext.Pending();\r\n        }\r\n        \n        [Given(@"protocols ensure systematic progression")]\r\n        public void GivenProtocolsEnsureSystematicProgression()\r\n        {\r\n            _scenarioContext.Pending();\r\n        }\r\n        \n        [When(@"conducting gait training:")]\r\n        public void WhenConductingGaitTraining(Table table)\r\n        {\r\n            _scenarioContext.Pending();\r\n        }\r\n        \n        [Then(@"gait pattern should normalize")]\r\n        public void ThenGaitPatternShouldNormalize()\r\n        {\r\n            _scenarioContext.Pending();\r\n        }\r\n        \n        [Then(@"independence should increase")]\r\n        public void ThenIndependenceShouldIncrease()\r\n        {\r\n            _scenarioContext.Pending();\r\n        }\r\n        \n        [Then(@"safety should be maintained")]\r\n        public void ThenSafetyShouldBeMaintained()\r\n        {\r\n            _scenarioContext.Pending();\r\n        }\r\n        \n        [Then(@"function should improve")]\r\n        public void ThenFunctionShouldImprove()\r\n        {\r\n            _scenarioContext.Pending();\r\n        }\r\n    }\r\n}\r\n
[xUnit.net 00:00:05.37]     Manage resources and plan capacity during service failures [SKIP]
[xUnit.net 00:00:05.37]       No matching step definition found for one or more steps.\nusing System;\r\nusing TechTalk.SpecFlow;\r\n\r\nnamespace MyNamespace\r\n{\r\n    [Binding]\r\n    public class StepDefinitions\r\n    {\r\n        private readonly ScenarioContext _scenarioContext;\r\n\r\n        public StepDefinitions(ScenarioContext scenarioContext)\r\n        {\r\n            _scenarioContext = scenarioContext;\r\n        }\r\n        [Given(@"external service monitoring is active")]\r\n        public void GivenExternalServiceMonitoringIsActive()\r\n        {\r\n            _scenarioContext.Pending();\r\n        }\r\n        \n        [Given(@"fallback mechanisms are implemented")]\r\n        public void GivenFallbackMechanismsAreImplemented()\r\n        {\r\n            _scenarioContext.Pending();\r\n        }\r\n        \n        [Given(@"service health checks are configured")]\r\n        public void GivenServiceHealthChecksAreConfigured()\r\n        {\r\n            _scenarioContext.Pending();\r\n        }\r\n        \n        [Given(@"circuit breaker patterns are deployed")]\r\n        public void GivenCircuitBreakerPatternsAreDeployed()\r\n        {\r\n            _scenarioContext.Pending();\r\n        }\r\n        \n        [Given(@"error handling workflows are established")]\r\n        public void GivenErrorHandlingWorkflowsAreEstablished()\r\n        {\r\n            _scenarioContext.Pending();\r\n        }\r\n        \n        [Given(@"service failures may require additional resources")]\r\n        public void GivenServiceFailuresMayRequireAdditionalResources()\r\n        {\r\n            _scenarioContext.Pending();\r\n        }\r\n        \n        [Given(@"capacity planning ensures adequate resources")]\r\n        public void GivenCapacityPlanningEnsuresAdequateResources()\r\n        {\r\n            _scenarioContext.Pending();\r\n        }\r\n        \n        [When(@"managing resources during service failures:")]\r\n        public void WhenManagingResourcesDuringServiceFailures(Table table)\r\n        {\r\n            _scenarioContext.Pending();\r\n        }\r\n        \n        [Then(@"management should be proactive")]\r\n        public void ThenManagementShouldBeProactive()\r\n        {\r\n            _scenarioContext.Pending();\r\n        }\r\n        \n        [Then(@"planning should anticipate failure scenarios")]\r\n        public void ThenPlanningShouldAnticipateFailureScenarios()\r\n        {\r\n            _scenarioContext.Pending();\r\n        }\r\n        \n        [Then(@"monitoring should provide early warning")]\r\n        public void ThenMonitoringShouldProvideEarlyWarning()\r\n        {\r\n            _scenarioContext.Pending();\r\n        }\r\n        \n        [Then(@"optimization should maximize efficiency")]\r\n        public void ThenOptimizationShouldMaximizeEfficiency()\r\n        {\r\n            _scenarioContext.Pending();\r\n        }\r\n    }\r\n}\r\n
[xUnit.net 00:00:05.39]       Expected response.StatusCode to be HttpStatusCode.OK {value: 200}, but found HttpStatusCode.NotFound {value: 404}.
[xUnit.net 00:00:05.39]       Stack Trace:
[xUnit.net 00:00:05.39]            at FluentAssertions.Execution.XUnit2TestFramework.Throw(String message)
[xUnit.net 00:00:05.39]            at FluentAssertions.Execution.TestFrameworkProvider.Throw(String message)
[xUnit.net 00:00:05.39]            at FluentAssertions.Execution.DefaultAssertionStrategy.HandleFailure(String message)
[xUnit.net 00:00:05.39]            at FluentAssertions.Execution.AssertionScope.FailWith(Func`1 failReasonFunc)
[xUnit.net 00:00:05.39]            at FluentAssertions.Execution.AssertionScope.FailWith(Func`1 failReasonFunc)
[xUnit.net 00:00:05.39]            at FluentAssertions.Execution.AssertionScope.FailWith(String message, Object[] args)
[xUnit.net 00:00:05.39]            at FluentAssertions.Primitives.EnumAssertions`2.Be(TEnum expected, String because, Object[] becauseArgs)
[xUnit.net 00:00:05.39]         /home/srowe/workspace/pediatric-therapy-resource/api/Tests/BDD/StepDefinitions/PciDssComplianceSteps.cs(37,0): at TherapyDocs.Api.Tests.BDD.StepDefinitions.PciDssComplianceSteps.GivenPciDssComplianceSystemsAreOperational()
[xUnit.net 00:00:05.39]            at TechTalk.SpecFlow.Bindings.SynchronousBindingDelegateInvoker.<>c__DisplayClass2_0.<<InvokeBindingDelegateAsync>b__0>d.MoveNext()
[xUnit.net 00:00:05.39]         --- End of stack trace from previous location ---
[xUnit.net 00:00:05.39]            at TechTalk.SpecFlow.Bindings.AsyncHelpers.<>c__DisplayClass1_0`1.<<RunSync>b__0>d.MoveNext()
[xUnit.net 00:00:05.39]         --- End of stack trace from previous location ---
[xUnit.net 00:00:05.39]            at TechTalk.SpecFlow.Bindings.AsyncHelpers.ExclusiveSynchronizationContext.BeginMessageLoop()
[xUnit.net 00:00:05.39]            at TechTalk.SpecFlow.Bindings.AsyncHelpers.RunSync[T](Func`1 task)
[xUnit.net 00:00:05.39]            at TechTalk.SpecFlow.Bindings.SynchronousBindingDelegateInvoker.InvokeBindingDelegateAsync(Delegate bindingDelegate, Object[] invokeArgs)
[xUnit.net 00:00:05.39]            at TechTalk.SpecFlow.Bindings.SynchronousBindingDelegateInvoker.InvokeDelegateSynchronously(Delegate bindingDelegate, Object[] invokeArgs)
[xUnit.net 00:00:05.39]            at TechTalk.SpecFlow.Bindings.BindingInvoker.InvokeBinding(IBinding binding, IContextManager contextManager, Object[] arguments, ITestTracer testTracer, TimeSpan& duration)
[xUnit.net 00:00:05.39]            at TechTalk.SpecFlow.Infrastructure.TestExecutionEngine.ExecuteStepMatch(BindingMatch match, Object[] arguments, TimeSpan& duration)
[xUnit.net 00:00:05.39]            at TechTalk.SpecFlow.Infrastructure.TestExecutionEngine.ExecuteStep(IContextManager contextManager, StepInstance stepInstance)
[xUnit.net 00:00:05.39]            at TechTalk.SpecFlow.Infrastructure.TestExecutionEngine.OnAfterLastStep()
[xUnit.net 00:00:05.39]            at TechTalk.SpecFlow.TestRunner.CollectScenarioErrors()
[xUnit.net 00:00:05.39]            at TherapyDocs.Api.Tests.BDD.Features.Compliance.PCIDSSComplianceAndPaymentCardSecurityFeature.ScenarioCleanup()
[xUnit.net 00:00:05.39]         /home/srowe/workspace/pediatric-therapy-resource/api/Tests/BDD/Features/compliance/pci-dss.feature(253,0): at TherapyDocs.Api.Tests.BDD.Features.Compliance.PCIDSSComplianceAndPaymentCardSecurityFeature.EstablishContinuousComplianceMonitoringProgram()
[xUnit.net 00:00:05.39]            at System.RuntimeMethodHandle.InvokeMethod(Object target, Void** arguments, Signature sig, Boolean isConstructor)
[xUnit.net 00:00:05.39]            at System.Reflection.MethodBaseInvoker.InvokeWithNoArgs(Object obj, BindingFlags invokeAttr)
[xUnit.net 00:00:05.39]       Output:
[xUnit.net 00:00:05.39]         Given PCI DSS compliance systems are operational
[xUnit.net 00:00:05.39]         -> error: Expected response.StatusCode to be HttpStatusCode.OK {value: 200}, but found HttpStatusCode.NotFound {value: 404}. (0.0s)
[xUnit.net 00:00:05.39]         And cardholder data environment (CDE) is defined
[xUnit.net 00:00:05.39]         -> No matching step definition found for the step. Use the following code to create one:
[xUnit.net 00:00:05.39]                 [Given(@"cardholder data environment \(CDE\) is defined")]
[xUnit.net 00:00:05.39]                 public void GivenCardholderDataEnvironmentCDEIsDefined()
[xUnit.net 00:00:05.39]                 {
[xUnit.net 00:00:05.39]                     _scenarioContext.Pending();
[xUnit.net 00:00:05.39]                 }
[xUnit.net 00:00:05.39]         
[xUnit.net 00:00:05.39]         And network segmentation is implemented
[xUnit.net 00:00:05.39]         -> No matching step definition found for the step. Use the following code to create one:
[xUnit.net 00:00:05.39]                 [Given(@"network segmentation is implemented")]
[xUnit.net 00:00:05.39]                 public void GivenNetworkSegmentationIsImplemented()
[xUnit.net 00:00:05.39]                 {
[xUnit.net 00:00:05.39]                     _scenarioContext.Pending();
[xUnit.net 00:00:05.39]                 }
[xUnit.net 00:00:05.39]         
[xUnit.net 00:00:05.39]         And encryption mechanisms are active
[xUnit.net 00:00:05.39]         -> No matching step definition found for the step. Use the following code to create one:
[xUnit.net 00:00:05.39]                 [Given(@"encryption mechanisms are active")]
[xUnit.net 00:00:05.39]                 public void GivenEncryptionMechanismsAreActive()
[xUnit.net 00:00:05.39]                 {
[xUnit.net 00:00:05.39]                     _scenarioContext.Pending();
[xUnit.net 00:00:05.39]                 }
[xUnit.net 00:00:05.39]         
[xUnit.net 00:00:05.39]         And security controls are configured
[xUnit.net 00:00:05.39]         -> No matching step definition found for the step. Use the following code to create one:
[xUnit.net 00:00:05.39]                 [Given(@"security controls are configured")]
[xUnit.net 00:00:05.39]                 public void GivenSecurityControlsAreConfigured()
[xUnit.net 00:00:05.39]                 {
[xUnit.net 00:00:05.39]                     _scenarioContext.Pending();
[xUnit.net 00:00:05.39]                 }
[xUnit.net 00:00:05.39]         
[xUnit.net 00:00:05.39]         Given compliance requires ongoing effort
[xUnit.net 00:00:05.39]         -> No matching step definition found for the step. Use the following code to create one:
[xUnit.net 00:00:05.39]                 [Given(@"compliance requires ongoing effort")]
[xUnit.net 00:00:05.39]                 public void GivenComplianceRequiresOngoingEffort()
[xUnit.net 00:00:05.39]                 {
[xUnit.net 00:00:05.39]                     _scenarioContext.Pending();
[xUnit.net 00:00:05.39]                 }
[xUnit.net 00:00:05.39]         
[xUnit.net 00:00:05.39]         And monitoring ensures sustained compliance
[xUnit.net 00:00:05.39]         -> No matching step definition found for the step. Use the following code to create one:
[xUnit.net 00:00:05.39]                 [Given(@"monitoring ensures sustained compliance")]
[xUnit.net 00:00:05.39]                 public void GivenMonitoringEnsuresSustainedCompliance()
[xUnit.net 00:00:05.39]                 {
[xUnit.net 00:00:05.39]                     _scenarioContext.Pending();
[xUnit.net 00:00:05.39]                 }
[xUnit.net 00:00:05.39]         
[xUnit.net 00:00:05.39]         When monitoring compliance:
[xUnit.net 00:00:05.39]           --- table step argument ---
[xUnit.net 00:00:05.39]           | Monitoring Area         | Automated Tools     | Manual Reviews      | Alert Thresholds     | Escalation Path | Reporting               |
[xUnit.net 00:00:05.39]           | Configuration drift     | CCMS scanning       | Monthly audits      | Any deviation        | IT security     | Drift reports           |
[xUnit.net 00:00:05.39]           | Access creep            | IAM analytics       | Quarterly reviews   | Privilege expansion  | Identity team   | Access reports          |
[xUnit.net 00:00:05.39]           | Vulnerability emergence | Continuous scanning | Weekly reviews      | CVSS >4.0            | Security ops    | Vulnerability dashboard |
[xUnit.net 00:00:05.39]           | Log integrity           | SIEM monitoring     | Daily checks        | Missing logs         | SOC team        | Log reports             |
[xUnit.net 00:00:05.39]           | Change compliance       | Change tracking     | CAB reviews         | Unauthorized changes | Change manager  | Change metrics          |
[xUnit.net 00:00:05.39]           | Training compliance     | LMS tracking        | Annual verification | <95% completion      | HR + managers   | Training dashboard      |
[xUnit.net 00:00:05.39]         -> No matching step definition found for the step. Use the following code to create one:
[xUnit.net 00:00:05.39]                 [When(@"monitoring compliance:")]
[xUnit.net 00:00:05.39]                 public void WhenMonitoringCompliance(Table table)
[xUnit.net 00:00:05.39]                 {
[xUnit.net 00:00:05.39]                     _scenarioContext.Pending();
[xUnit.net 00:00:05.39]                 }
[xUnit.net 00:00:05.39]         
[xUnit.net 00:00:05.39]         Then monitoring should be continuous
[xUnit.net 00:00:05.39]         -> binding error: Ambiguous step definitions found for step 'Then monitoring should be continuous': TherapyDocs.Api.Tests:TherapyDocs.Api.Tests.BDD.StepDefinitions.ComplianceAuditSteps.ThenMonitoringShouldBeContinuous(), TherapyDocs.Api.Tests:TherapyDocs.Api.Tests.BDD.StepDefinitions.HipaaComplianceSteps.ThenMonitoringShouldBeContinuous()
[xUnit.net 00:00:05.39]         And alerts should drive action
[xUnit.net 00:00:05.39]         -> No matching step definition found for the step. Use the following code to create one:
[xUnit.net 00:00:05.39]                 [Then(@"alerts should drive action")]
[xUnit.net 00:00:05.39]                 public void ThenAlertsShouldDriveAction()
[xUnit.net 00:00:05.39]                 {
[xUnit.net 00:00:05.39]                     _scenarioContext.Pending();
[xUnit.net 00:00:05.39]                 }
[xUnit.net 00:00:05.39]         
[xUnit.net 00:00:05.39]         And reviews should catch gaps
[xUnit.net 00:00:05.39]         -> No matching step definition found for the step. Use the following code to create one:
[xUnit.net 00:00:05.39]                 [Then(@"reviews should catch gaps")]
[xUnit.net 00:00:05.39]                 public void ThenReviewsShouldCatchGaps()
[xUnit.net 00:00:05.39]                 {
[xUnit.net 00:00:05.39]                     _scenarioContext.Pending();
[xUnit.net 00:00:05.39]                 }
[xUnit.net 00:00:05.39]         
[xUnit.net 00:00:05.39]         And reporting should inform management
[xUnit.net 00:00:05.39]         -> No matching step definition found for the step. Use the following code to create one:
[xUnit.net 00:00:05.39]                 [Then(@"reporting should inform management")]
[xUnit.net 00:00:05.39]                 public void ThenReportingShouldInformManagement()
[xUnit.net 00:00:05.39]                 {
[xUnit.net 00:00:05.39]                     _scenarioContext.Pending();
[xUnit.net 00:00:05.39]                 }
[xUnit.net 00:00:05.40]         
[xUnit.net 00:00:05.40]     Build culture of protocol compliance [SKIP]
[xUnit.net 00:00:05.40]       No matching step definition found for one or more steps.\nusing System;\r\nusing TechTalk.SpecFlow;\r\n\r\nnamespace MyNamespace\r\n{\r\n    [Binding]\r\n    public class StepDefinitions\r\n    {\r\n        private readonly ScenarioContext _scenarioContext;\r\n\r\n        public StepDefinitions(ScenarioContext scenarioContext)\r\n        {\r\n            _scenarioContext = scenarioContext;\r\n        }\r\n        [Given(@"protocol compliance systems are active")]\r\n        public void GivenProtocolComplianceSystemsAreActive()\r\n        {\r\n            _scenarioContext.Pending();\r\n        }\r\n        \n        [Given(@"quality metrics are defined")]\r\n        public void GivenQualityMetricsAreDefined()\r\n        {\r\n            _scenarioContext.Pending();\r\n        }\r\n        \n        [Given(@"monitoring tools are available")]\r\n        public void GivenMonitoringToolsAreAvailable()\r\n        {\r\n            _scenarioContext.Pending();\r\n        }\r\n        \n        [Given(@"reporting dashboards exist")]\r\n        public void GivenReportingDashboardsExist()\r\n        {\r\n            _scenarioContext.Pending();\r\n        }\r\n        \n        [Given(@"improvement processes are established")]\r\n        public void GivenImprovementProcessesAreEstablished()\r\n        {\r\n            _scenarioContext.Pending();\r\n        }\r\n        \n        [Given(@"staff engagement drives compliance")]\r\n        public void GivenStaffEngagementDrivesCompliance()\r\n        {\r\n            _scenarioContext.Pending();\r\n        }\r\n        \n        [Given(@"culture supports quality practice")]\r\n        public void GivenCultureSupportsQualityPractice()\r\n        {\r\n            _scenarioContext.Pending();\r\n        }\r\n        \n        [When(@"building compliance culture:")]\r\n        public void WhenBuildingComplianceCulture(Table table)\r\n        {\r\n            _scenarioContext.Pending();\r\n        }\r\n        \n        [Then(@"culture should support compliance")]\r\n        public void ThenCultureShouldSupportCompliance()\r\n        {\r\n            _scenarioContext.Pending();\r\n        }\r\n        \n        [Then(@"engagement should be high")]\r\n        public void ThenEngagementShouldBeHigh()\r\n        {\r\n            _scenarioContext.Pending();\r\n        }\r\n        \n        [Then(@"quality should be valued")]\r\n        public void ThenQualityShouldBeValued()\r\n        {\r\n            _scenarioContext.Pending();\r\n        }\r\n        \n        [Then(@"excellence should be pursued")]\r\n        public void ThenExcellenceShouldBePursued()\r\n        {\r\n            _scenarioContext.Pending();\r\n        }\r\n    }\r\n}\r\n
  Skipped Isolate resources for concurrent multi-tenant operations [1 ms]
  Skipped Implement gait training protocols [1 ms]
  Skipped Manage resources and plan capacity during service failures [1 ms]
  Failed Establish continuous compliance monitoring program [391 ms]
  Error Message:
   Expected response.StatusCode to be HttpStatusCode.OK {value: 200}, but found HttpStatusCode.NotFound {value: 404}.
  Stack Trace:
     at FluentAssertions.Execution.XUnit2TestFramework.Throw(String message)
   at FluentAssertions.Execution.TestFrameworkProvider.Throw(String message)
   at FluentAssertions.Execution.DefaultAssertionStrategy.HandleFailure(String message)
   at FluentAssertions.Execution.AssertionScope.FailWith(Func`1 failReasonFunc)
   at FluentAssertions.Execution.AssertionScope.FailWith(Func`1 failReasonFunc)
   at FluentAssertions.Execution.AssertionScope.FailWith(String message, Object[] args)
   at FluentAssertions.Primitives.EnumAssertions`2.Be(TEnum expected, String because, Object[] becauseArgs)
   at TherapyDocs.Api.Tests.BDD.StepDefinitions.PciDssComplianceSteps.GivenPciDssComplianceSystemsAreOperational() in /home/srowe/workspace/pediatric-therapy-resource/api/Tests/BDD/StepDefinitions/PciDssComplianceSteps.cs:line 37
   at TechTalk.SpecFlow.Bindings.SynchronousBindingDelegateInvoker.<>c__DisplayClass2_0.<<InvokeBindingDelegateAsync>b__0>d.MoveNext()
--- End of stack trace from previous location ---
   at TechTalk.SpecFlow.Bindings.AsyncHelpers.<>c__DisplayClass1_0`1.<<RunSync>b__0>d.MoveNext()
--- End of stack trace from previous location ---
   at TechTalk.SpecFlow.Bindings.AsyncHelpers.ExclusiveSynchronizationContext.BeginMessageLoop()
   at TechTalk.SpecFlow.Bindings.AsyncHelpers.RunSync[T](Func`1 task)
   at TechTalk.SpecFlow.Bindings.SynchronousBindingDelegateInvoker.InvokeBindingDelegateAsync(Delegate bindingDelegate, Object[] invokeArgs)
   at TechTalk.SpecFlow.Bindings.SynchronousBindingDelegateInvoker.InvokeDelegateSynchronously(Delegate bindingDelegate, Object[] invokeArgs)
   at TechTalk.SpecFlow.Bindings.BindingInvoker.InvokeBinding(IBinding binding, IContextManager contextManager, Object[] arguments, ITestTracer testTracer, TimeSpan& duration)
   at TechTalk.SpecFlow.Infrastructure.TestExecutionEngine.ExecuteStepMatch(BindingMatch match, Object[] arguments, TimeSpan& duration)
   at TechTalk.SpecFlow.Infrastructure.TestExecutionEngine.ExecuteStep(IContextManager contextManager, StepInstance stepInstance)
   at TechTalk.SpecFlow.Infrastructure.TestExecutionEngine.OnAfterLastStep()
   at TechTalk.SpecFlow.TestRunner.CollectScenarioErrors()
   at TherapyDocs.Api.Tests.BDD.Features.Compliance.PCIDSSComplianceAndPaymentCardSecurityFeature.ScenarioCleanup()
   at TherapyDocs.Api.Tests.BDD.Features.Compliance.PCIDSSComplianceAndPaymentCardSecurityFeature.EstablishContinuousComplianceMonitoringProgram() in /home/srowe/workspace/pediatric-therapy-resource/api/Tests/BDD/Features/compliance/pci-dss.feature:line 253
   at System.RuntimeMethodHandle.InvokeMethod(Object target, Void** arguments, Signature sig, Boolean isConstructor)
   at System.Reflection.MethodBaseInvoker.InvokeWithNoArgs(Object obj, BindingFlags invokeAttr)
  Standard Output Messages:
 Given PCI DSS compliance systems are operational
 -> error: Expected response.StatusCode to be HttpStatusCode.OK {value: 200}, but found HttpStatusCode.NotFound {value: 404}. (0.0s)
 And cardholder data environment (CDE) is defined
 -> No matching step definition found for the step. Use the following code to create one:
         [Given(@"cardholder data environment \(CDE\) is defined")]
         public void GivenCardholderDataEnvironmentCDEIsDefined()
         {
             _scenarioContext.Pending();
         }
 
 And network segmentation is implemented
 -> No matching step definition found for the step. Use the following code to create one:
         [Given(@"network segmentation is implemented")]
         public void GivenNetworkSegmentationIsImplemented()
         {
             _scenarioContext.Pending();
         }
 
 And encryption mechanisms are active
 -> No matching step definition found for the step. Use the following code to create one:
         [Given(@"encryption mechanisms are active")]
         public void GivenEncryptionMechanismsAreActive()
         {
             _scenarioContext.Pending();
         }
 
 And security controls are configured
 -> No matching step definition found for the step. Use the following code to create one:
         [Given(@"security controls are configured")]
         public void GivenSecurityControlsAreConfigured()
         {
             _scenarioContext.Pending();
         }
 
 Given compliance requires ongoing effort
 -> No matching step definition found for the step. Use the following code to create one:
         [Given(@"compliance requires ongoing effort")]
         public void GivenComplianceRequiresOngoingEffort()
         {
             _scenarioContext.Pending();
         }
 
 And monitoring ensures sustained compliance
 -> No matching step definition found for the step. Use the following code to create one:
         [Given(@"monitoring ensures sustained compliance")]
         public void GivenMonitoringEnsuresSustainedCompliance()
         {
             _scenarioContext.Pending();
         }
 
 When monitoring compliance:
   --- table step argument ---
   | Monitoring Area         | Automated Tools     | Manual Reviews      | Alert Thresholds     | Escalation Path | Reporting               |
   | Configuration drift     | CCMS scanning       | Monthly audits      | Any deviation        | IT security     | Drift reports           |
   | Access creep            | IAM analytics       | Quarterly reviews   | Privilege expansion  | Identity team   | Access reports          |
   | Vulnerability emergence | Continuous scanning | Weekly reviews      | CVSS >4.0            | Security ops    | Vulnerability dashboard |
   | Log integrity           | SIEM monitoring     | Daily checks        | Missing logs         | SOC team        | Log reports             |
   | Change compliance       | Change tracking     | CAB reviews         | Unauthorized changes | Change manager  | Change metrics          |
   | Training compliance     | LMS tracking        | Annual verification | <95% completion      | HR + managers   | Training dashboard      |
 -> No matching step definition found for the step. Use the following code to create one:
         [When(@"monitoring compliance:")]
         public void WhenMonitoringCompliance(Table table)
         {
             _scenarioContext.Pending();
         }
 
 Then monitoring should be continuous
 -> binding error: Ambiguous step definitions found for step 'Then monitoring should be continuous': TherapyDocs.Api.Tests:TherapyDocs.Api.Tests.BDD.StepDefinitions.ComplianceAuditSteps.ThenMonitoringShouldBeContinuous(), TherapyDocs.Api.Tests:TherapyDocs.Api.Tests.BDD.StepDefinitions.HipaaComplianceSteps.ThenMonitoringShouldBeContinuous()
 And alerts should drive action
 -> No matching step definition found for the step. Use the following code to create one:
         [Then(@"alerts should drive action")]
         public void ThenAlertsShouldDriveAction()
         {
             _scenarioContext.Pending();
         }
 
 And reviews should catch gaps
 -> No matching step definition found for the step. Use the following code to create one:
         [Then(@"reviews should catch gaps")]
         public void ThenReviewsShouldCatchGaps()
         {
             _scenarioContext.Pending();
         }
 
 And reporting should inform management
 -> No matching step definition found for the step. Use the following code to create one:
         [Then(@"reporting should inform management")]
         public void ThenReportingShouldInformManagement()
         {
             _scenarioContext.Pending();
         }
 


  Skipped Build culture of protocol compliance [1 ms]
[xUnit.net 00:00:05.41]     Provide emergency accessibility and crisis accommodation [SKIP]
[xUnit.net 00:00:05.41]       No matching step definition found for one or more steps.\nusing System;\r\nusing TechTalk.SpecFlow;\r\n\r\nnamespace MyNamespace\r\n{\r\n    [Binding]\r\n    public class StepDefinitions\r\n    {\r\n        private readonly ScenarioContext _scenarioContext;\r\n\r\n        public StepDefinitions(ScenarioContext scenarioContext)\r\n        {\r\n            _scenarioContext = scenarioContext;\r\n        }\r\n        [Given(@"accessibility error handling systems are active")]\r\n        public void GivenAccessibilityErrorHandlingSystemsAreActive()\r\n        {\r\n            _scenarioContext.Pending();\r\n        }\r\n        \n        [Given(@"inclusive design principles are implemented")]\r\n        public void GivenInclusiveDesignPrinciplesAreImplemented()\r\n        {\r\n            _scenarioContext.Pending();\r\n        }\r\n        \n        [Given(@"assistive technology integration is functional")]\r\n        public void GivenAssistiveTechnologyIntegrationIsFunctional()\r\n        {\r\n            _scenarioContext.Pending();\r\n        }\r\n        \n        [Given(@"accessibility compliance monitoring is operational")]\r\n        public void GivenAccessibilityComplianceMonitoringIsOperational()\r\n        {\r\n            _scenarioContext.Pending();\r\n        }\r\n        \n        [Given(@"user accommodation systems are available")]\r\n        public void GivenUserAccommodationSystemsAreAvailable()\r\n        {\r\n            _scenarioContext.Pending();\r\n        }\r\n        \n        [Given(@"emergency situations require immediate accessible communication")]\r\n        public void GivenEmergencySituationsRequireImmediateAccessibleCommunication()\r\n        {\r\n            _scenarioContext.Pending();\r\n        }\r\n        \n        [Given(@"crisis accommodation ensures safety for all users")]\r\n        public void GivenCrisisAccommodationEnsuresSafetyForAllUsers()\r\n        {\r\n            _scenarioContext.Pending();\r\n        }\r\n        \n        [When(@"handling emergency accessibility:")]\r\n        public void WhenHandlingEmergencyAccessibility(Table table)\r\n        {\r\n            _scenarioContext.Pending();\r\n        }\r\n        \n        [Then(@"emergency response should be immediately accessible")]\r\n        public void ThenEmergencyResponseShouldBeImmediatelyAccessible()\r\n        {\r\n            _scenarioContext.Pending();\r\n        }\r\n        \n        [Then(@"communication should reach all users")]\r\n        public void ThenCommunicationShouldReachAllUsers()\r\n        {\r\n            _scenarioContext.Pending();\r\n        }\r\n        \n        [Then(@"urgency should be clearly indicated")]\r\n        public void ThenUrgencyShouldBeClearlyIndicated()\r\n        {\r\n            _scenarioContext.Pending();\r\n        }\r\n        \n        [Then(@"assistance should be readily available")]\r\n        public void ThenAssistanceShouldBeReadilyAvailable()\r\n        {\r\n            _scenarioContext.Pending();\r\n        }\r\n    }\r\n}\r\n
[xUnit.net 00:00:05.41]     Admin suspends a user account [SKIP]
[xUnit.net 00:00:05.41]       No matching step definition found for one or more steps.\nusing System;\r\nusing TechTalk.SpecFlow;\r\n\r\nnamespace MyNamespace\r\n{\r\n    [Binding]\r\n    public class StepDefinitions\r\n    {\r\n        private readonly ScenarioContext _scenarioContext;\r\n\r\n        public StepDefinitions(ScenarioContext scenarioContext)\r\n        {\r\n            _scenarioContext = scenarioContext;\r\n        }\r\n        [Given(@"I am authenticated as an admin")]\r\n        public void GivenIAmAuthenticatedAsAnAdmin()\r\n        {\r\n            _scenarioContext.Pending();\r\n        }\r\n        \n        [Given(@"a user exists with id ""(.*)""")]\r\n        public void GivenAUserExistsWithId(string p0)\r\n        {\r\n            _scenarioContext.Pending();\r\n        }\r\n        \n        [Then(@"the user should receive a suspension notification")]\r\n        public void ThenTheUserShouldReceiveASuspensionNotification()\r\n        {\r\n            _scenarioContext.Pending();\r\n        }\r\n        \n        [Then(@"the action should be logged")]\r\n        public void ThenTheActionShouldBeLogged()\r\n        {\r\n            _scenarioContext.Pending();\r\n        }\r\n    }\r\n}\r\n
[xUnit.net 00:00:05.41]     Provide AI-powered performance optimization recommendations [SKIP]
[xUnit.net 00:00:05.41]       No matching step definition found for one or more steps.\nusing System;\r\nusing TechTalk.SpecFlow;\r\n\r\nnamespace MyNamespace\r\n{\r\n    [Binding]\r\n    public class StepDefinitions\r\n    {\r\n        private readonly ScenarioContext _scenarioContext;\r\n\r\n        public StepDefinitions(ScenarioContext scenarioContext)\r\n        {\r\n            _scenarioContext = scenarioContext;\r\n        }\r\n        [Given(@"seller analytics system is configured")]\r\n        public void GivenSellerAnalyticsSystemIsConfigured()\r\n        {\r\n            _scenarioContext.Pending();\r\n        }\r\n        \n        [Given(@"data collection is comprehensive")]\r\n        public void GivenDataCollectionIsComprehensive()\r\n        {\r\n            _scenarioContext.Pending();\r\n        }\r\n        \n        [Given(@"visualization tools are available")]\r\n        public void GivenVisualizationToolsAreAvailable()\r\n        {\r\n            _scenarioContext.Pending();\r\n        }\r\n        \n        [Given(@"reporting capabilities are functional")]\r\n        public void GivenReportingCapabilitiesAreFunctional()\r\n        {\r\n            _scenarioContext.Pending();\r\n        }\r\n        \n        [Given(@"performance metrics are tracked")]\r\n        public void GivenPerformanceMetricsAreTracked()\r\n        {\r\n            _scenarioContext.Pending();\r\n        }\r\n        \n        [Given(@"AI can identify optimization opportunities from data patterns")]\r\n        public void GivenAICanIdentifyOptimizationOpportunitiesFromDataPatterns()\r\n        {\r\n            _scenarioContext.Pending();\r\n        }\r\n        \n        [Given(@"automated recommendations save time and improve results")]\r\n        public void GivenAutomatedRecommendationsSaveTimeAndImproveResults()\r\n        {\r\n            _scenarioContext.Pending();\r\n        }\r\n        \n        [When(@"generating optimization recommendations:")]\r\n        public void WhenGeneratingOptimizationRecommendations(Table table)\r\n        {\r\n            _scenarioContext.Pending();\r\n        }\r\n        \n        [Then(@"AI recommendations should be data-driven")]\r\n        public void ThenAIRecommendationsShouldBeData_Driven()\r\n        {\r\n            _scenarioContext.Pending();\r\n        }\r\n        \n        [Then(@"impact predictions should be reliable")]\r\n        public void ThenImpactPredictionsShouldBeReliable()\r\n        {\r\n            _scenarioContext.Pending();\r\n        }\r\n        \n        [Then(@"implementation guidance should be clear")]\r\n        public void ThenImplementationGuidanceShouldBeClear()\r\n        {\r\n            _scenarioContext.Pending();\r\n        }\r\n        \n        [Then(@"success tracking should validate recommendations")]\r\n        public void ThenSuccessTrackingShouldValidateRecommendations()\r\n        {\r\n            _scenarioContext.Pending();\r\n        }\r\n    }\r\n}\r\n
[xUnit.net 00:00:05.44]     Implement comprehensive cross-device data synchronization [SKIP]
[xUnit.net 00:00:05.44]       No matching step definition found for one or more steps.\nusing System;\r\nusing TechTalk.SpecFlow;\r\n\r\nnamespace MyNamespace\r\n{\r\n    [Binding]\r\n    public class StepDefinitions\r\n    {\r\n        private readonly ScenarioContext _scenarioContext;\r\n\r\n        public StepDefinitions(ScenarioContext scenarioContext)\r\n        {\r\n            _scenarioContext = scenarioContext;\r\n        }\r\n        [Given(@"cross-device synchronization is enabled")]\r\n        public void GivenCross_DeviceSynchronizationIsEnabled()\r\n        {\r\n            _scenarioContext.Pending();\r\n        }\r\n        \n        [Given(@"multi-device support systems are operational")]\r\n        public void GivenMulti_DeviceSupportSystemsAreOperational()\r\n        {\r\n            _scenarioContext.Pending();\r\n        }\r\n        \n        [Given(@"device registration and management are available")]\r\n        public void GivenDeviceRegistrationAndManagementAreAvailable()\r\n        {\r\n            _scenarioContext.Pending();\r\n        }\r\n        \n        [Given(@"conflict resolution mechanisms are implemented")]\r\n        public void GivenConflictResolutionMechanismsAreImplemented()\r\n        {\r\n            _scenarioContext.Pending();\r\n        }\r\n        \n        [Given(@"secure sync protocols are configured")]\r\n        public void GivenSecureSyncProtocolsAreConfigured()\r\n        {\r\n            _scenarioContext.Pending();\r\n        }\r\n        \n        [Given(@"users work across multiple devices simultaneously")]\r\n        public void GivenUsersWorkAcrossMultipleDevicesSimultaneously()\r\n        {\r\n            _scenarioContext.Pending();\r\n        }\r\n        \n        [Given(@"data consistency is essential for therapy workflows")]\r\n        public void GivenDataConsistencyIsEssentialForTherapyWorkflows()\r\n        {\r\n            _scenarioContext.Pending();\r\n        }\r\n        \n        [When(@"implementing cross-device synchronization:")]\r\n        public void WhenImplementingCross_DeviceSynchronization(Table table)\r\n        {\r\n            _scenarioContext.Pending();\r\n        }\r\n        \n        [Then(@"synchronization should be reliable")]\r\n        public void ThenSynchronizationShouldBeReliable()\r\n        {\r\n            _scenarioContext.Pending();\r\n        }\r\n        \n        [Then(@"conflicts should be resolved intelligently")]\r\n        public void ThenConflictsShouldBeResolvedIntelligently()\r\n        {\r\n            _scenarioContext.Pending();\r\n        }\r\n        \n        [Then(@"data integrity should be maintained")]\r\n        public void ThenDataIntegrityShouldBeMaintained()\r\n        {\r\n            _scenarioContext.Pending();\r\n        }\r\n        \n        [Then(@"performance should be optimized")]\r\n        public void ThenPerformanceShouldBeOptimized()\r\n        {\r\n            _scenarioContext.Pending();\r\n        }\r\n    }\r\n}\r\n
[xUnit.net 00:00:05.45]     Test read replica performance and load distribution [SKIP]
[xUnit.net 00:00:05.45]       No matching step definition found for one or more steps.\nusing System;\r\nusing TechTalk.SpecFlow;\r\n\r\nnamespace MyNamespace\r\n{\r\n    [Binding]\r\n    public class StepDefinitions\r\n    {\r\n        private readonly ScenarioContext _scenarioContext;\r\n\r\n        public StepDefinitions(ScenarioContext scenarioContext)\r\n        {\r\n            _scenarioContext = scenarioContext;\r\n        }\r\n        [Then(@"read replicas should handle read load effectively")]\r\n        public void ThenReadReplicasShouldHandleReadLoadEffectively()\r\n        {\r\n            _scenarioContext.Pending();\r\n        }\r\n        \n        [Then(@"replication lag should be minimized")]\r\n        public void ThenReplicationLagShouldBeMinimized()\r\n        {\r\n            _scenarioContext.Pending();\r\n        }\r\n        \n        [Then(@"failover should be transparent to applications")]\r\n        public void ThenFailoverShouldBeTransparentToApplications()\r\n        {\r\n            _scenarioContext.Pending();\r\n        }\r\n        \n        [Then(@"read consistency should meet application requirements")]\r\n        public void ThenReadConsistencyShouldMeetApplicationRequirements()\r\n        {\r\n            _scenarioContext.Pending();\r\n        }\r\n    }\r\n}\r\n
  Skipped Provide emergency accessibility and crisis accommodation [1 ms]
  Skipped Admin suspends a user account [1 ms]
  Skipped Provide AI-powered performance optimization recommendations [1 ms]
  Skipped Implement comprehensive cross-device data synchronization [1 ms]
  Skipped Test read replica performance and load distribution [1 ms]
[xUnit.net 00:00:05.45]       Expected ((int)LastResponse!.StatusCode) to be 200, but found 404 (difference of 204).
[xUnit.net 00:00:05.46]       Stack Trace:
[xUnit.net 00:00:05.46]            at FluentAssertions.Execution.XUnit2TestFramework.Throw(String message)
[xUnit.net 00:00:05.46]            at FluentAssertions.Execution.TestFrameworkProvider.Throw(String message)
[xUnit.net 00:00:05.46]            at FluentAssertions.Execution.DefaultAssertionStrategy.HandleFailure(String message)
[xUnit.net 00:00:05.46]            at FluentAssertions.Execution.AssertionScope.FailWith(Func`1 failReasonFunc)
[xUnit.net 00:00:05.46]            at FluentAssertions.Execution.AssertionScope.FailWith(Func`1 failReasonFunc)
[xUnit.net 00:00:05.46]            at FluentAssertions.Execution.AssertionScope.FailWith(String message, Object[] args)
[xUnit.net 00:00:05.46]            at FluentAssertions.Numeric.NumericAssertions`2.Be(T expected, String because, Object[] becauseArgs)
[xUnit.net 00:00:05.46]         /home/srowe/workspace/pediatric-therapy-resource/api/Tests/BDD/StepDefinitions/BaseStepDefinitions.cs(72,0): at TherapyDocs.Api.Tests.BDD.StepDefinitions.BaseStepDefinitions.ThenTheResponseStatusShouldBe(Int32 statusCode)
[xUnit.net 00:00:05.46]         /home/srowe/workspace/pediatric-therapy-resource/api/Tests/BDD/StepDefinitions/CommonStepDefinitions.cs(55,0): at TherapyDocs.Api.Tests.BDD.StepDefinitions.CommonStepDefinitions.ThenTheResponseStatusShouldBeStep(Int32 statusCode)
[xUnit.net 00:00:05.46]            at InvokeStub_Action`2.Invoke(Object, Span`1)
[xUnit.net 00:00:05.46]            at System.Reflection.MethodBaseInvoker.InvokeWithFewArgs(Object obj, BindingFlags invokeAttr, Binder binder, Object[] parameters, CultureInfo culture)
[xUnit.net 00:00:05.46]            at TechTalk.SpecFlow.Bindings.BindingInvoker.InvokeBinding(IBinding binding, IContextManager contextManager, Object[] arguments, ITestTracer testTracer, TimeSpan& duration)
[xUnit.net 00:00:05.46]            at TechTalk.SpecFlow.Infrastructure.TestExecutionEngine.ExecuteStepMatch(BindingMatch match, Object[] arguments, TimeSpan& duration)
[xUnit.net 00:00:05.46]            at TechTalk.SpecFlow.Infrastructure.TestExecutionEngine.ExecuteStep(IContextManager contextManager, StepInstance stepInstance)
[xUnit.net 00:00:05.46]            at TechTalk.SpecFlow.Infrastructure.TestExecutionEngine.OnAfterLastStep()
[xUnit.net 00:00:05.46]            at TechTalk.SpecFlow.TestRunner.CollectScenarioErrors()
[xUnit.net 00:00:05.46]            at TherapyDocs.Api.Tests.BDD.Features.Auth.UserManagementAPIEndpointsFeature.ScenarioCleanup()
[xUnit.net 00:00:05.46]         /home/srowe/workspace/pediatric-therapy-resource/api/Tests/BDD/Features/auth/user-management.feature(123,0): at TherapyDocs.Api.Tests.BDD.Features.Auth.UserManagementAPIEndpointsFeature.GetUsersProfessionalLicenses()
[xUnit.net 00:00:05.46]            at System.RuntimeMethodHandle.InvokeMethod(Object target, Void** arguments, Signature sig, Boolean isConstructor)
[xUnit.net 00:00:05.46]            at System.Reflection.MethodBaseInvoker.InvokeWithNoArgs(Object obj, BindingFlags invokeAttr)
[xUnit.net 00:00:05.46]       Output:
[xUnit.net 00:00:05.46]         Given the API is available
[xUnit.net 00:00:05.46]         -> done: CommonStepDefinitions.GivenTheAPIIsAvailable() (0.0s)
[xUnit.net 00:00:05.46]         And I am authenticated as "user@clinic.com"
[xUnit.net 00:00:05.46]         -> done: CommonStepDefinitions.GivenIAmAuthenticatedAs("user@clinic.com") (0.0s)
[xUnit.net 00:00:05.46]         When I send a GET request to "/api/users/licenses"
[xUnit.net 00:00:05.46]         -> done: CommonStepDefinitions.WhenISendAGETRequestToStep("/api/users/licenses") (0.0s)
[xUnit.net 00:00:05.46]         Then the response status should be 200
[xUnit.net 00:00:05.46]         -> error: Expected ((int)LastResponse!.StatusCode) to be 200, but found 404 (difference of 204). (0.0s)
[xUnit.net 00:00:05.46]         And the auth response should contain array of:
[xUnit.net 00:00:05.46]           --- table step argument ---
[xUnit.net 00:00:05.46]           | field          | type    |
[xUnit.net 00:00:05.46]           | licenseNumber  | string  |
[xUnit.net 00:00:05.46]           | licenseState   | string  |
[xUnit.net 00:00:05.46]           | licenseType    | string  |
[xUnit.net 00:00:05.46]           | expirationDate | string  |
[xUnit.net 00:00:05.46]           | verified       | boolean |
[xUnit.net 00:00:05.46]           | verifiedAt     | string  |
[xUnit.net 00:00:05.46]         -> skipped because of previous errors
[xUnit.net 00:00:05.46]     Provide demographic-based rating insights and filtering [SKIP]
[xUnit.net 00:00:05.46]       No matching step definition found for one or more steps.\nusing System;\r\nusing TechTalk.SpecFlow;\r\n\r\nnamespace MyNamespace\r\n{\r\n    [Binding]\r\n    public class StepDefinitions\r\n    {\r\n        private readonly ScenarioContext _scenarioContext;\r\n\r\n        public StepDefinitions(ScenarioContext scenarioContext)\r\n        {\r\n            _scenarioContext = scenarioContext;\r\n        }\r\n        [Given(@"quality rating system is configured")]\r\n        public void GivenQualityRatingSystemIsConfigured()\r\n        {\r\n            _scenarioContext.Pending();\r\n        }\r\n        \n        [Given(@"review collection is implemented")]\r\n        public void GivenReviewCollectionIsImplemented()\r\n        {\r\n            _scenarioContext.Pending();\r\n        }\r\n        \n        [Given(@"rating algorithms are established")]\r\n        public void GivenRatingAlgorithmsAreEstablished()\r\n        {\r\n            _scenarioContext.Pending();\r\n        }\r\n        \n        [Given(@"quality standards are defined")]\r\n        public void GivenQualityStandardsAreDefined()\r\n        {\r\n            _scenarioContext.Pending();\r\n        }\r\n        \n        [Given(@"moderation tools are available")]\r\n        public void GivenModerationToolsAreAvailable()\r\n        {\r\n            _scenarioContext.Pending();\r\n        }\r\n        \n        [Given(@"different user groups may have different quality perceptions")]\r\n        public void GivenDifferentUserGroupsMayHaveDifferentQualityPerceptions()\r\n        {\r\n            _scenarioContext.Pending();\r\n        }\r\n        \n        [Given(@"demographic insights help target appropriate audiences")]\r\n        public void GivenDemographicInsightsHelpTargetAppropriateAudiences()\r\n        {\r\n            _scenarioContext.Pending();\r\n        }\r\n        \n        [When(@"implementing demographic rating insights:")]\r\n        public void WhenImplementingDemographicRatingInsights(Table table)\r\n        {\r\n            _scenarioContext.Pending();\r\n        }\r\n        \n        [Then(@"demographic insights should be meaningful")]\r\n        public void ThenDemographicInsightsShouldBeMeaningful()\r\n        {\r\n            _scenarioContext.Pending();\r\n        }\r\n        \n        [Then(@"privacy should be rigorously protected")]\r\n        public void ThenPrivacyShouldBeRigorouslyProtected()\r\n        {\r\n            _scenarioContext.Pending();\r\n        }\r\n        \n        [Then(@"segmentation should improve relevance")]\r\n        public void ThenSegmentationShouldImproveRelevance()\r\n        {\r\n            _scenarioContext.Pending();\r\n        }\r\n        \n        [Then(@"filtering should aid decision-making")]\r\n        public void ThenFilteringShouldAidDecision_Making()\r\n        {\r\n            _scenarioContext.Pending();\r\n        }\r\n    }\r\n}\r\n
[xUnit.net 00:00:05.46]     Implement automatic failover mechanisms and recovery procedures [SKIP]
[xUnit.net 00:00:05.46]       No matching step definition found for one or more steps.\nusing System;\r\nusing TechTalk.SpecFlow;\r\n\r\nnamespace MyNamespace\r\n{\r\n    [Binding]\r\n    public class StepDefinitions\r\n    {\r\n        private readonly ScenarioContext _scenarioContext;\r\n\r\n        public StepDefinitions(ScenarioContext scenarioContext)\r\n        {\r\n            _scenarioContext = scenarioContext;\r\n        }\r\n        [Given(@"backup systems are configured and operational")]\r\n        public void GivenBackupSystemsAreConfiguredAndOperational()\r\n        {\r\n            _scenarioContext.Pending();\r\n        }\r\n        \n        [Given(@"disaster recovery procedures are established")]\r\n        public void GivenDisasterRecoveryProceduresAreEstablished()\r\n        {\r\n            _scenarioContext.Pending();\r\n        }\r\n        \n        [Given(@"recovery testing is regularly performed")]\r\n        public void GivenRecoveryTestingIsRegularlyPerformed()\r\n        {\r\n            _scenarioContext.Pending();\r\n        }\r\n        \n        [Given(@"backup monitoring is active")]\r\n        public void GivenBackupMonitoringIsActive()\r\n        {\r\n            _scenarioContext.Pending();\r\n        }\r\n        \n        [Given(@"compliance requirements are defined")]\r\n        public void GivenComplianceRequirementsAreDefined()\r\n        {\r\n            _scenarioContext.Pending();\r\n        }\r\n        \n        [Given(@"automatic failover reduces recovery time")]\r\n        public void GivenAutomaticFailoverReducesRecoveryTime()\r\n        {\r\n            _scenarioContext.Pending();\r\n        }\r\n        \n        [Given(@"automated recovery minimizes human intervention requirements")]\r\n        public void GivenAutomatedRecoveryMinimizesHumanInterventionRequirements()\r\n        {\r\n            _scenarioContext.Pending();\r\n        }\r\n        \n        [When(@"implementing automatic failover:")]\r\n        public void WhenImplementingAutomaticFailover(Table table)\r\n        {\r\n            _scenarioContext.Pending();\r\n        }\r\n        \n        [Then(@"failover should be rapid and reliable")]\r\n        public void ThenFailoverShouldBeRapidAndReliable()\r\n        {\r\n            _scenarioContext.Pending();\r\n        }\r\n        \n        [Then(@"synchronization should maintain data integrity")]\r\n        public void ThenSynchronizationShouldMaintainDataIntegrity()\r\n        {\r\n            _scenarioContext.Pending();\r\n        }\r\n        \n        [Then(@"continuity should be preserved")]\r\n        public void ThenContinuityShouldBePreserved()\r\n        {\r\n            _scenarioContext.Pending();\r\n        }\r\n        \n        [Then(@"fallback should be automatic when possible")]\r\n        public void ThenFallbackShouldBeAutomaticWhenPossible()\r\n        {\r\n            _scenarioContext.Pending();\r\n        }\r\n    }\r\n}\r\n
[xUnit.net 00:00:05.47]     Implement progressive enhancement and graceful feature degradation [SKIP]
[xUnit.net 00:00:05.48]       No matching step definition found for one or more steps.\nusing System;\r\nusing TechTalk.SpecFlow;\r\n\r\nnamespace MyNamespace\r\n{\r\n    [Binding]\r\n    public class StepDefinitions\r\n    {\r\n        private readonly ScenarioContext _scenarioContext;\r\n\r\n        public StepDefinitions(ScenarioContext scenarioContext)\r\n        {\r\n            _scenarioContext = scenarioContext;\r\n        }\r\n        [Given(@"network quality monitoring is active")]\r\n        public void GivenNetworkQualityMonitoringIsActive()\r\n        {\r\n            _scenarioContext.Pending();\r\n        }\r\n        \n        [Given(@"adaptive performance systems are implemented")]\r\n        public void GivenAdaptivePerformanceSystemsAreImplemented()\r\n        {\r\n            _scenarioContext.Pending();\r\n        }\r\n        \n        [Given(@"degraded connectivity detection is functional")]\r\n        public void GivenDegradedConnectivityDetectionIsFunctional()\r\n        {\r\n            _scenarioContext.Pending();\r\n        }\r\n        \n        [Given(@"user notification systems are configured")]\r\n        public void GivenUserNotificationSystemsAreConfigured()\r\n        {\r\n            _scenarioContext.Pending();\r\n        }\r\n        \n        [Given(@"progressive enhancement capabilities are available")]\r\n        public void GivenProgressiveEnhancementCapabilitiesAreAvailable()\r\n        {\r\n            _scenarioContext.Pending();\r\n        }\r\n        \n        [Given(@"features should degrade gracefully as connectivity decreases")]\r\n        public void GivenFeaturesShouldDegradeGracefullyAsConnectivityDecreases()\r\n        {\r\n            _scenarioContext.Pending();\r\n        }\r\n        \n        [Given(@"progressive enhancement maintains core functionality")]\r\n        public void GivenProgressiveEnhancementMaintainsCoreFunctionality()\r\n        {\r\n            _scenarioContext.Pending();\r\n        }\r\n        \n        [When(@"implementing progressive enhancement:")]\r\n        public void WhenImplementingProgressiveEnhancement(Table table)\r\n        {\r\n            _scenarioContext.Pending();\r\n        }\r\n        \n        [Then(@"enhancement should be systematic")]\r\n        public void ThenEnhancementShouldBeSystematic()\r\n        {\r\n            _scenarioContext.Pending();\r\n        }\r\n        \n        [Then(@"degradation should be predictable")]\r\n        public void ThenDegradationShouldBePredictable()\r\n        {\r\n            _scenarioContext.Pending();\r\n        }\r\n        \n        [Then(@"core functionality should be preserved")]\r\n        public void ThenCoreFunctionalityShouldBePreserved()\r\n        {\r\n            _scenarioContext.Pending();\r\n        }\r\n        \n        [Then(@"alternatives should be clearly communicated")]\r\n        public void ThenAlternativesShouldBeClearlyCommunicated()\r\n        {\r\n            _scenarioContext.Pending();\r\n        }\r\n    }\r\n}\r\n
[xUnit.net 00:00:05.49]     Handle video server overload conditions [SKIP]
[xUnit.net 00:00:05.49]       No matching step definition found for one or more steps.\nusing System;\r\nusing TechTalk.SpecFlow;\r\n\r\nnamespace MyNamespace\r\n{\r\n    [Binding]\r\n    public class StepDefinitions\r\n    {\r\n        private readonly ScenarioContext _scenarioContext;\r\n\r\n        public StepDefinitions(ScenarioContext scenarioContext)\r\n        {\r\n            _scenarioContext = scenarioContext;\r\n        }\r\n        [Then(@"system should scale automatically to handle increased load")]\r\n        public void ThenSystemShouldScaleAutomaticallyToHandleIncreasedLoad()\r\n        {\r\n            _scenarioContext.Pending();\r\n        }\r\n        \n        [Then(@"load balancing should distribute traffic effectively")]\r\n        public void ThenLoadBalancingShouldDistributeTrafficEffectively()\r\n        {\r\n            _scenarioContext.Pending();\r\n        }\r\n        \n        [Then(@"failover mechanisms should minimize downtime")]\r\n        public void ThenFailoverMechanismsShouldMinimizeDowntime()\r\n        {\r\n            _scenarioContext.Pending();\r\n        }\r\n        \n        [Then(@"user experience should degrade gracefully under extreme load")]\r\n        public void ThenUserExperienceShouldDegradeGracefullyUnderExtremeLoad()\r\n        {\r\n            _scenarioContext.Pending();\r\n        }\r\n    }\r\n}\r\n
  Failed Get user's professional licenses [39 ms]
  Error Message:
   Expected ((int)LastResponse!.StatusCode) to be 200, but found 404 (difference of 204).
  Stack Trace:
     at FluentAssertions.Execution.XUnit2TestFramework.Throw(String message)
   at FluentAssertions.Execution.TestFrameworkProvider.Throw(String message)
   at FluentAssertions.Execution.DefaultAssertionStrategy.HandleFailure(String message)
   at FluentAssertions.Execution.AssertionScope.FailWith(Func`1 failReasonFunc)
   at FluentAssertions.Execution.AssertionScope.FailWith(Func`1 failReasonFunc)
   at FluentAssertions.Execution.AssertionScope.FailWith(String message, Object[] args)
   at FluentAssertions.Numeric.NumericAssertions`2.Be(T expected, String because, Object[] becauseArgs)
   at TherapyDocs.Api.Tests.BDD.StepDefinitions.BaseStepDefinitions.ThenTheResponseStatusShouldBe(Int32 statusCode) in /home/srowe/workspace/pediatric-therapy-resource/api/Tests/BDD/StepDefinitions/BaseStepDefinitions.cs:line 72
   at TherapyDocs.Api.Tests.BDD.StepDefinitions.CommonStepDefinitions.ThenTheResponseStatusShouldBeStep(Int32 statusCode) in /home/srowe/workspace/pediatric-therapy-resource/api/Tests/BDD/StepDefinitions/CommonStepDefinitions.cs:line 55
   at InvokeStub_Action`2.Invoke(Object, Span`1)
   at System.Reflection.MethodBaseInvoker.InvokeWithFewArgs(Object obj, BindingFlags invokeAttr, Binder binder, Object[] parameters, CultureInfo culture)
   at TechTalk.SpecFlow.Bindings.BindingInvoker.InvokeBinding(IBinding binding, IContextManager contextManager, Object[] arguments, ITestTracer testTracer, TimeSpan& duration)
   at TechTalk.SpecFlow.Infrastructure.TestExecutionEngine.ExecuteStepMatch(BindingMatch match, Object[] arguments, TimeSpan& duration)
   at TechTalk.SpecFlow.Infrastructure.TestExecutionEngine.ExecuteStep(IContextManager contextManager, StepInstance stepInstance)
   at TechTalk.SpecFlow.Infrastructure.TestExecutionEngine.OnAfterLastStep()
   at TechTalk.SpecFlow.TestRunner.CollectScenarioErrors()
   at TherapyDocs.Api.Tests.BDD.Features.Auth.UserManagementAPIEndpointsFeature.ScenarioCleanup()
   at TherapyDocs.Api.Tests.BDD.Features.Auth.UserManagementAPIEndpointsFeature.GetUsersProfessionalLicenses() in /home/srowe/workspace/pediatric-therapy-resource/api/Tests/BDD/Features/auth/user-management.feature:line 123
   at System.RuntimeMethodHandle.InvokeMethod(Object target, Void** arguments, Signature sig, Boolean isConstructor)
   at System.Reflection.MethodBaseInvoker.InvokeWithNoArgs(Object obj, BindingFlags invokeAttr)
  Standard Output Messages:
 Given the API is available
 -> done: CommonStepDefinitions.GivenTheAPIIsAvailable() (0.0s)
 And I am authenticated as "user@clinic.com"
 -> done: CommonStepDefinitions.GivenIAmAuthenticatedAs("user@clinic.com") (0.0s)
 When I send a GET request to "/api/users/licenses"
 -> done: CommonStepDefinitions.WhenISendAGETRequestToStep("/api/users/licenses") (0.0s)
 Then the response status should be 200
 -> error: Expected ((int)LastResponse!.StatusCode) to be 200, but found 404 (difference of 204). (0.0s)
 And the auth response should contain array of:
   --- table step argument ---
   | field          | type    |
   | licenseNumber  | string  |
   | licenseState   | string  |
   | licenseType    | string  |
   | expirationDate | string  |
   | verified       | boolean |
   | verifiedAt     | string  |
 -> skipped because of previous errors


  Skipped Provide demographic-based rating insights and filtering [1 ms]
  Skipped Implement automatic failover mechanisms and recovery procedures [1 ms]
  Skipped Implement progressive enhancement and graceful feature degradation [1 ms]
  Skipped Handle video server overload conditions [1 ms]
[xUnit.net 00:00:05.49]     Cultural sensitivity and bias detection [SKIP]
[xUnit.net 00:00:05.49]       No matching step definition found for one or more steps.\nusing System;\r\nusing TechTalk.SpecFlow;\r\n\r\nnamespace MyNamespace\r\n{\r\n    [Binding]\r\n    public class StepDefinitions\r\n    {\r\n        private readonly ScenarioContext _scenarioContext;\r\n\r\n        public StepDefinitions(ScenarioContext scenarioContext)\r\n        {\r\n            _scenarioContext = scenarioContext;\r\n        }\r\n        [Given(@"content moderation system is configured")]\r\n        public void GivenContentModerationSystemIsConfigured()\r\n        {\r\n            _scenarioContext.Pending();\r\n        }\r\n        \n        [Given(@"multi-layer safety checks are active")]\r\n        public void GivenMulti_LayerSafetyChecksAreActive()\r\n        {\r\n            _scenarioContext.Pending();\r\n        }\r\n        \n        [Given(@"clinical appropriateness standards are defined")]\r\n        public void GivenClinicalAppropriatenessStandardsAreDefined()\r\n        {\r\n            _scenarioContext.Pending();\r\n        }\r\n        \n        [Given(@"real-time content filtering is enabled")]\r\n        public void GivenReal_TimeContentFilteringIsEnabled()\r\n        {\r\n            _scenarioContext.Pending();\r\n        }\r\n        \n        [Given(@"moderation feedback loops are established")]\r\n        public void GivenModerationFeedbackLoopsAreEstablished()\r\n        {\r\n            _scenarioContext.Pending();\r\n        }\r\n        \n        [Given(@"content must be culturally inclusive")]\r\n        public void GivenContentMustBeCulturallyInclusive()\r\n        {\r\n            _scenarioContext.Pending();\r\n        }\r\n        \n        [Given(@"bias can impact therapeutic relationships")]\r\n        public void GivenBiasCanImpactTherapeuticRelationships()\r\n        {\r\n            _scenarioContext.Pending();\r\n        }\r\n        \n        [When(@"screening for cultural sensitivity:")]\r\n        public void WhenScreeningForCulturalSensitivity(Table table)\r\n        {\r\n            _scenarioContext.Pending();\r\n        }\r\n        \n        [Then(@"bias detection should be comprehensive")]\r\n        public void ThenBiasDetectionShouldBeComprehensive()\r\n        {\r\n            _scenarioContext.Pending();\r\n        }\r\n        \n        [Then(@"representation should be inclusive")]\r\n        public void ThenRepresentationShouldBeInclusive()\r\n        {\r\n            _scenarioContext.Pending();\r\n        }\r\n        \n        [Then(@"cultural sensitivity should be maintained")]\r\n        public void ThenCulturalSensitivityShouldBeMaintained()\r\n        {\r\n            _scenarioContext.Pending();\r\n        }\r\n        \n        [Then(@"modifications should enhance inclusivity")]\r\n        public void ThenModificationsShouldEnhanceInclusivity()\r\n        {\r\n            _scenarioContext.Pending();\r\n        }\r\n    }\r\n}\r\n
[xUnit.net 00:00:05.54]       System.FormatException : The input string '1,000' was not in a correct format.
[xUnit.net 00:00:05.54]       Stack Trace:
[xUnit.net 00:00:05.54]            at System.Number.ThrowFormatException[TChar](ReadOnlySpan`1 value)
[xUnit.net 00:00:05.54]            at System.Int32.Parse(String s)
[xUnit.net 00:00:05.54]         /home/srowe/workspace/pediatric-therapy-resource/api/Tests/BDD/StepDefinitions/VideoStreamingSteps.cs(404,0): at TherapyDocs.Api.Tests.BDD.StepDefinitions.VideoStreamingSteps.WhenInteractiveVideoElementsAreUsedDuringStreaming(Table table)
[xUnit.net 00:00:05.54]            at TechTalk.SpecFlow.Bindings.SynchronousBindingDelegateInvoker.<>c__DisplayClass2_0.<<InvokeBindingDelegateAsync>b__0>d.MoveNext()
[xUnit.net 00:00:05.54]         --- End of stack trace from previous location ---
[xUnit.net 00:00:05.54]            at TechTalk.SpecFlow.Bindings.AsyncHelpers.<>c__DisplayClass1_0`1.<<RunSync>b__0>d.MoveNext()
[xUnit.net 00:00:05.54]         --- End of stack trace from previous location ---
[xUnit.net 00:00:05.54]            at TechTalk.SpecFlow.Bindings.AsyncHelpers.ExclusiveSynchronizationContext.BeginMessageLoop()
[xUnit.net 00:00:05.54]            at TechTalk.SpecFlow.Bindings.AsyncHelpers.RunSync[T](Func`1 task)
[xUnit.net 00:00:05.54]            at TechTalk.SpecFlow.Bindings.SynchronousBindingDelegateInvoker.InvokeBindingDelegateAsync(Delegate bindingDelegate, Object[] invokeArgs)
[xUnit.net 00:00:05.54]            at TechTalk.SpecFlow.Bindings.SynchronousBindingDelegateInvoker.InvokeDelegateSynchronously(Delegate bindingDelegate, Object[] invokeArgs)
[xUnit.net 00:00:05.54]            at TechTalk.SpecFlow.Bindings.BindingInvoker.InvokeBinding(IBinding binding, IContextManager contextManager, Object[] arguments, ITestTracer testTracer, TimeSpan& duration)
[xUnit.net 00:00:05.54]            at TechTalk.SpecFlow.Infrastructure.TestExecutionEngine.ExecuteStepMatch(BindingMatch match, Object[] arguments, TimeSpan& duration)
[xUnit.net 00:00:05.54]            at TechTalk.SpecFlow.Infrastructure.TestExecutionEngine.ExecuteStep(IContextManager contextManager, StepInstance stepInstance)
[xUnit.net 00:00:05.54]            at TechTalk.SpecFlow.Infrastructure.TestExecutionEngine.OnAfterLastStep()
[xUnit.net 00:00:05.54]            at TechTalk.SpecFlow.TestRunner.CollectScenarioErrors()
[xUnit.net 00:00:05.54]            at TherapyDocs.Api.Tests.BDD.Features.Performance.VideoStreamingPerformanceAndQualityTestingFeature.ScenarioCleanup()
[xUnit.net 00:00:05.54]         /home/srowe/workspace/pediatric-therapy-resource/api/Tests/BDD/Features/performance/video-streaming.feature(117,0): at TherapyDocs.Api.Tests.BDD.Features.Performance.VideoStreamingPerformanceAndQualityTestingFeature.TestInteractiveVideoFeaturesPerformance()
[xUnit.net 00:00:05.54]            at System.RuntimeMethodHandle.InvokeMethod(Object target, Void** arguments, Signature sig, Boolean isConstructor)
[xUnit.net 00:00:05.54]            at System.Reflection.MethodBaseInvoker.InvokeWithNoArgs(Object obj, BindingFlags invokeAttr)
[xUnit.net 00:00:05.54]       Output:
[xUnit.net 00:00:05.54]         Given video streaming infrastructure is configured
[xUnit.net 00:00:05.54]         -> done: VideoStreamingSteps.GivenVideoStreamingInfrastructureIsConfigured() (0.0s)
[xUnit.net 00:00:05.54]         And CDN distribution is optimized
[xUnit.net 00:00:05.54]         -> done: VideoStreamingSteps.GivenCDNDistributionIsOptimized() (0.0s)
[xUnit.net 00:00:05.54]         And adaptive bitrate streaming is enabled
[xUnit.net 00:00:05.54]         -> done: VideoStreamingSteps.GivenAdaptiveBitrateStreamingIsEnabled() (0.0s)
[xUnit.net 00:00:05.54]         And video quality metrics are monitored
[xUnit.net 00:00:05.54]         -> done: VideoStreamingSteps.GivenVideoQualityMetricsAreMonitored() (0.0s)
[xUnit.net 00:00:05.54]         Given interactive video features are implemented
[xUnit.net 00:00:05.54]         -> done: VideoStreamingSteps.GivenInteractiveVideoFeaturesAreImplemented() (0.0s)
[xUnit.net 00:00:05.54]         When interactive video elements are used during streaming:
[xUnit.net 00:00:05.54]           --- table step argument ---
[xUnit.net 00:00:05.54]           | Interactive Feature | Response Time Target | Concurrent Users | Accuracy Requirement |
[xUnit.net 00:00:05.54]           | Video annotations   | <100ms               | 1,000            | 100% sync            |
[xUnit.net 00:00:05.54]           | Progress tracking   | Real-time            | 5,000            | <1 second delay      |
[xUnit.net 00:00:05.54]           | Quiz overlays       | <200ms               | 2,000            | 100% accuracy        |
[xUnit.net 00:00:05.54]           | Chapter navigation  | <50ms                | 10,000           | Instant response     |
[xUnit.net 00:00:05.54]           | Subtitle display    | Frame-accurate       | All streams      | Perfect sync         |
[xUnit.net 00:00:05.54]           | Playback controls   | <25ms                | All streams      | Instant response     |
[xUnit.net 00:00:05.54]         -> error: The input string '1,000' was not in a correct format. (0.0s)
[xUnit.net 00:00:05.54]         Then interactive features should respond instantly
[xUnit.net 00:00:05.54]         -> skipped because of previous errors
[xUnit.net 00:00:05.54]         And synchronization should be frame-accurate
[xUnit.net 00:00:05.54]         -> skipped because of previous errors
[xUnit.net 00:00:05.54]         And multiple users should be able to interact simultaneously
[xUnit.net 00:00:05.54]         -> skipped because of previous errors
[xUnit.net 00:00:05.54]         And feature availability should not impact video quality
[xUnit.net 00:00:05.54]         -> skipped because of previous errors
[xUnit.net 00:00:05.55]     Ensure sustainable input validation and continuous improvement [SKIP]
[xUnit.net 00:00:05.55]       No matching step definition found for one or more steps.\nusing System;\r\nusing TechTalk.SpecFlow;\r\n\r\nnamespace MyNamespace\r\n{\r\n    [Binding]\r\n    public class StepDefinitions\r\n    {\r\n        private readonly ScenarioContext _scenarioContext;\r\n\r\n        public StepDefinitions(ScenarioContext scenarioContext)\r\n        {\r\n            _scenarioContext = scenarioContext;\r\n        }\r\n        [Given(@"input validation systems are configured")]\r\n        public void GivenInputValidationSystemsAreConfigured()\r\n        {\r\n            _scenarioContext.Pending();\r\n        }\r\n        \n        [Given(@"security filters are active")]\r\n        public void GivenSecurityFiltersAreActive()\r\n        {\r\n            _scenarioContext.Pending();\r\n        }\r\n        \n        [Given(@"validation rules are established")]\r\n        public void GivenValidationRulesAreEstablished()\r\n        {\r\n            _scenarioContext.Pending();\r\n        }\r\n        \n        [Given(@"sanitization mechanisms are implemented")]\r\n        public void GivenSanitizationMechanismsAreImplemented()\r\n        {\r\n            _scenarioContext.Pending();\r\n        }\r\n        \n        [Given(@"error handling workflows are operational")]\r\n        public void GivenErrorHandlingWorkflowsAreOperational()\r\n        {\r\n            _scenarioContext.Pending();\r\n        }\r\n        \n        [Given(@"input validation requires ongoing optimization")]\r\n        public void GivenInputValidationRequiresOngoingOptimization()\r\n        {\r\n            _scenarioContext.Pending();\r\n        }\r\n        \n        [When(@"planning validation sustainability:")]\r\n        public void WhenPlanningValidationSustainability(Table table)\r\n        {\r\n            _scenarioContext.Pending();\r\n        }\r\n        \n        [Then(@"sustainability should be systematically planned")]\r\n        public void ThenSustainabilityShouldBeSystematicallyPlanned()\r\n        {\r\n            _scenarioContext.Pending();\r\n        }\r\n        \n        [Then(@"improvement should be continuous")]\r\n        public void ThenImprovementShouldBeContinuous()\r\n        {\r\n            _scenarioContext.Pending();\r\n        }\r\n        \n        [Then(@"resources should be adequate")]\r\n        public void ThenResourcesShouldBeAdequate()\r\n        {\r\n            _scenarioContext.Pending();\r\n        }\r\n        \n        [Then(@"viability should be ensured")]\r\n        public void ThenViabilityShouldBeEnsured()\r\n        {\r\n            _scenarioContext.Pending();\r\n        }\r\n    }\r\n}\r\n
[xUnit.net 00:00:05.55]     Provide custom reporting and stakeholder communication tools [SKIP]
[xUnit.net 00:00:05.55]       No matching step definition found for one or more steps.\nusing System;\r\nusing TechTalk.SpecFlow;\r\n\r\nnamespace MyNamespace\r\n{\r\n    [Binding]\r\n    public class StepDefinitions\r\n    {\r\n        private readonly ScenarioContext _scenarioContext;\r\n\r\n        public StepDefinitions(ScenarioContext scenarioContext)\r\n        {\r\n            _scenarioContext = scenarioContext;\r\n        }\r\n        [Given(@"enterprise licensing system is configured")]\r\n        public void GivenEnterpriseLicensingSystemIsConfigured()\r\n        {\r\n            _scenarioContext.Pending();\r\n        }\r\n        \n        [Given(@"bulk billing engines are active")]\r\n        public void GivenBulkBillingEnginesAreActive()\r\n        {\r\n            _scenarioContext.Pending();\r\n        }\r\n        \n        [Given(@"SSO integration is available")]\r\n        public void GivenSSOIntegrationIsAvailable()\r\n        {\r\n            _scenarioContext.Pending();\r\n        }\r\n        \n        [Given(@"organizational management tools are implemented")]\r\n        public void GivenOrganizationalManagementToolsAreImplemented()\r\n        {\r\n            _scenarioContext.Pending();\r\n        }\r\n        \n        [Given(@"compliance frameworks are established")]\r\n        public void GivenComplianceFrameworksAreEstablished()\r\n        {\r\n            _scenarioContext.Pending();\r\n        }\r\n        \n        [Given(@"enterprise stakeholders need custom reports")]\r\n        public void GivenEnterpriseStakeholdersNeedCustomReports()\r\n        {\r\n            _scenarioContext.Pending();\r\n        }\r\n        \n        [Given(@"communication tools improve stakeholder engagement")]\r\n        public void GivenCommunicationToolsImproveStakeholderEngagement()\r\n        {\r\n            _scenarioContext.Pending();\r\n        }\r\n        \n        [When(@"implementing custom reporting:")]\r\n        public void WhenImplementingCustomReporting(Table table)\r\n        {\r\n            _scenarioContext.Pending();\r\n        }\r\n        \n        [Then(@"reporting should meet stakeholder needs")]\r\n        public void ThenReportingShouldMeetStakeholderNeeds()\r\n        {\r\n            _scenarioContext.Pending();\r\n        }\r\n        \n        [Then(@"customization should be flexible")]\r\n        public void ThenCustomizationShouldBeFlexible()\r\n        {\r\n            _scenarioContext.Pending();\r\n        }\r\n        \n        [Then(@"delivery should be reliable")]\r\n        public void ThenDeliveryShouldBeReliable()\r\n        {\r\n            _scenarioContext.Pending();\r\n        }\r\n        \n        [Then(@"automation should reduce manual effort")]\r\n        public void ThenAutomationShouldReduceManualEffort()\r\n        {\r\n            _scenarioContext.Pending();\r\n        }\r\n    }\r\n}\r\n
[xUnit.net 00:00:05.55]     Detect and classify security incidents automatically [SKIP]
[xUnit.net 00:00:05.55]       No matching step definition found for one or more steps.\nusing System;\r\nusing TechTalk.SpecFlow;\r\n\r\nnamespace MyNamespace\r\n{\r\n    [Binding]\r\n    public class StepDefinitions\r\n    {\r\n        private readonly ScenarioContext _scenarioContext;\r\n\r\n        public StepDefinitions(ScenarioContext scenarioContext)\r\n        {\r\n            _scenarioContext = scenarioContext;\r\n        }\r\n        [Given(@"the incident response system is active")]\r\n        public void GivenTheIncidentResponseSystemIsActive()\r\n        {\r\n            _scenarioContext.Pending();\r\n        }\r\n        \n        [Given(@"security monitoring is enabled")]\r\n        public void GivenSecurityMonitoringIsEnabled()\r\n        {\r\n            _scenarioContext.Pending();\r\n        }\r\n        \n        [Given(@"response procedures are configured")]\r\n        public void GivenResponseProceduresAreConfigured()\r\n        {\r\n            _scenarioContext.Pending();\r\n        }\r\n        \n        [Given(@"automated security monitoring is active")]\r\n        public void GivenAutomatedSecurityMonitoringIsActive()\r\n        {\r\n            _scenarioContext.Pending();\r\n        }\r\n        \n        [When(@"potential security incidents are detected:")]\r\n        public void WhenPotentialSecurityIncidentsAreDetected(Table table)\r\n        {\r\n            _scenarioContext.Pending();\r\n        }\r\n        \n        [Then(@"incidents should be automatically classified by severity")]\r\n        public void ThenIncidentsShouldBeAutomaticallyClassifiedBySeverity()\r\n        {\r\n            _scenarioContext.Pending();\r\n        }\r\n        \n        [Then(@"immediate containment actions should be triggered")]\r\n        public void ThenImmediateContainmentActionsShouldBeTriggered()\r\n        {\r\n            _scenarioContext.Pending();\r\n        }\r\n        \n        [Then(@"security team should be alerted within (.*) minute")]\r\n        public void ThenSecurityTeamShouldBeAlertedWithinMinute(int p0)\r\n        {\r\n            _scenarioContext.Pending();\r\n        }\r\n        \n        [Then(@"incident should be logged with complete forensic data")]\r\n        public void ThenIncidentShouldBeLoggedWithCompleteForensicData()\r\n        {\r\n            _scenarioContext.Pending();\r\n        }\r\n    }\r\n}\r\n
Fatal error. System.AccessViolationException: Attempted to read or write protected memory. This is often an indication that other memory is corrupt.
   at System.Collections.Generic.List`1[[System.__Canon, System.Private.CoreLib, Version=9.0.0.0, Culture=neutral, PublicKeyToken=7cec85d7bea7798e]].Clear()
   at TinyJson.JSONParser.Split(System.String)
   at TinyJson.JSONParser.ParseValue(System.Type, System.String)
   at TinyJson.JSONParser.ParseObject(System.Type, System.String)
   at TinyJson.JSONParser.ParseValue(System.Type, System.String)
   at TinyJson.JSONParser.ParseValue(System.Type, System.String)
   at TinyJson.JSONParser.FromJson[[System.__Canon, System.Private.CoreLib, Version=9.0.0.0, Culture=neutral, PublicKeyToken=7cec85d7bea7798e]](System.String)
   at Gherkin.GherkinDialectProvider.ParseJsonContent(System.String)
   at Gherkin.GherkinDialectProvider.LoadLanguageSettings()
   at Gherkin.GherkinDialectProvider.TryGetDialect(System.String, Gherkin.Ast.Location, Gherkin.GherkinDialect ByRef)
   at Gherkin.GherkinDialectProvider.GetDialect(System.String, Gherkin.Ast.Location)
   at TechTalk.SpecFlow.Parser.SpecFlowGherkinDialectProvider.GetDialect(System.String, Gherkin.Ast.Location)
   at Gherkin.GherkinDialectProvider+<>c__DisplayClass3_0.<.ctor>b__0()
   at System.Lazy`1[[System.__Canon, System.Private.CoreLib, Version=9.0.0.0, Culture=neutral, PublicKeyToken=7cec85d7bea7798e]].ViaFactory(System.Threading.LazyThreadSafetyMode)
   at System.Lazy`1[[System.__Canon, System.Private.CoreLib, Version=9.0.0.0, Culture=neutral, PublicKeyToken=7cec85d7bea7798e]].ExecutionAndPublication(System.LazyHelper, Boolean)
   at System.Lazy`1[[System.__Canon, System.Private.CoreLib, Version=9.0.0.0, Culture=neutral, PublicKeyToken=7cec85d7bea7798e]].CreateValue()
   at Gherkin.GherkinDialectProvider.get_DefaultDialect()
   at TechTalk.SpecFlow.Tracing.LanguageHelper.LoadTranslation(System.Globalization.CultureInfo)
   at TechTalk.SpecFlow.Tracing.LanguageHelper.GetTranslation(System.Globalization.CultureInfo)
   at TechTalk.SpecFlow.Tracing.LanguageHelper.GetDefaultKeyword(System.Globalization.CultureInfo, TechTalk.SpecFlow.Bindings.StepDefinitionKeyword)
   at TechTalk.SpecFlow.Tracing.LanguageHelper.GetDefaultKeyword(System.Globalization.CultureInfo, TechTalk.SpecFlow.Bindings.StepDefinitionType)
   at TechTalk.SpecFlow.BindingSkeletons.StepDefinitionSkeletonProvider.GetMethodName(TechTalk.SpecFlow.Bindings.StepInstance, TechTalk.SpecFlow.BindingSkeletons.AnalyzedStepText, TechTalk.SpecFlow.BindingSkeletons.StepDefinitionSkeletonStyle, TechTalk.SpecFlow.ProgrammingLanguage)
   at TechTalk.SpecFlow.BindingSkeletons.StepDefinitionSkeletonProvider.GetStepDefinitionSkeleton(TechTalk.SpecFlow.ProgrammingLanguage, TechTalk.SpecFlow.Bindings.StepInstance, TechTalk.SpecFlow.BindingSkeletons.StepDefinitionSkeletonStyle, System.Globalization.CultureInfo)
   at TechTalk.SpecFlow.BindingSkeletons.StepDefinitionSkeletonProvider+<>c__DisplayClass4_0.<GetBindingClassSkeleton>b__0(TechTalk.SpecFlow.Bindings.StepInstance)
   at System.Linq.Enumerable+IteratorSelectIterator`2[[System.__Canon, System.Private.CoreLib, Version=9.0.0.0, Culture=neutral, PublicKeyToken=7cec85d7bea7798e],[System.__Canon, System.Private.CoreLib, Version=9.0.0.0, Culture=neutral, PublicKeyToken=7cec85d7bea7798e]].MoveNext()
   at System.Collections.Generic.HashSet`1[[System.__Canon, System.Private.CoreLib, Version=9.0.0.0, Culture=neutral, PublicKeyToken=7cec85d7bea7798e]].UnionWith(System.Collections.Generic.IEnumerable`1<System.__Canon>)
   at System.Collections.Generic.HashSet`1[[System.__Canon, System.Private.CoreLib, Version=9.0.0.0, Culture=neutral, PublicKeyToken=7cec85d7bea7798e]]..ctor(System.Collections.Generic.IEnumerable`1<System.__Canon>, System.Collections.Generic.IEqualityComparer`1<System.__Canon>)
   at System.Linq.Enumerable+DistinctIterator`1[[System.__Canon, System.Private.CoreLib, Version=9.0.0.0, Culture=neutral, PublicKeyToken=7cec85d7bea7798e]].ToArray()
   at TechTalk.SpecFlow.BindingSkeletons.StepDefinitionSkeletonProvider.GetBindingClassSkeleton(TechTalk.SpecFlow.ProgrammingLanguage, TechTalk.SpecFlow.Bindings.StepInstance[], System.String, System.String, TechTalk.SpecFlow.BindingSkeletons.StepDefinitionSkeletonStyle, System.Globalization.CultureInfo)
   at TechTalk.SpecFlow.Infrastructure.TestUndefinedMessageFactory.BuildFromContext(TechTalk.SpecFlow.ScenarioContext, TechTalk.SpecFlow.FeatureContext)
   at TechTalk.SpecFlow.Infrastructure.TestExecutionEngine.OnAfterLastStep()
   at TechTalk.SpecFlow.TestRunner.CollectScenarioErrors()
   at TherapyDocs.Api.Tests.BDD.Features.Auth.UserManagementAPIEndpointsFeature.ScenarioCleanup()
   at TherapyDocs.Api.Tests.BDD.Features.Auth.UserManagementAPIEndpointsFeature.SuccessfullyDeleteUserAccount()
   at System.RuntimeMethodHandle.InvokeMethod(System.Object, Void**, System.Signature, Boolean)
   at System.Reflection.MethodBaseInvoker.InvokeWithNoArgs(System.Object, System.Reflection.BindingFlags)
   at System.Reflection.RuntimeMethodInfo.Invoke(System.Object, System.Reflection.BindingFlags, System.Reflection.Binder, System.Object[], System.Globalization.CultureInfo)
   at Xunit.Sdk.TestInvoker`1[[System.__Canon, System.Private.CoreLib, Version=9.0.0.0, Culture=neutral, PublicKeyToken=7cec85d7bea7798e]].CallTestMethod(System.Object)
   at Xunit.Sdk.TestInvoker`1+<>c__DisplayClass48_0+<<InvokeTestMethodAsync>b__1>d[[System.__Canon, System.Private.CoreLib, Version=9.0.0.0, Culture=neutral, PublicKeyToken=7cec85d7bea7798e]].MoveNext()
   at System.Runtime.CompilerServices.AsyncMethodBuilderCore.Start[[Xunit.Sdk.TestInvoker`1+<>c__DisplayClass48_0+<<InvokeTestMethodAsync>b__1>d[[System.__Canon, System.Private.CoreLib, Version=9.0.0.0, Culture=neutral, PublicKeyToken=7cec85d7bea7798e]], xunit.execution.dotnet, Version=2.6.2.0, Culture=neutral, PublicKeyToken=8d05b1bb7a6fdb6c]](<<InvokeTestMethodAsync>b__1>d<System.__Canon> ByRef)
   at System.Runtime.CompilerServices.AsyncTaskMethodBuilder.Start[[Xunit.Sdk.TestInvoker`1+<>c__DisplayClass48_0+<<InvokeTestMethodAsync>b__1>d[[System.__Canon, System.Private.CoreLib, Version=9.0.0.0, Culture=neutral, PublicKeyToken=7cec85d7bea7798e]], xunit.execution.dotnet, Version=2.6.2.0, Culture=neutral, PublicKeyToken=8d05b1bb7a6fdb6c]](<<InvokeTestMethodAsync>b__1>d<System.__Canon> ByRef)
   at Xunit.Sdk.TestInvoker`1+<>c__DisplayClass48_0[[System.__Canon, System.Private.CoreLib, Version=9.0.0.0, Culture=neutral, PublicKeyToken=7cec85d7bea7798e]].<InvokeTestMethodAsync>b__1()
   at Xunit.Sdk.ExecutionTimer+<AggregateAsync>d__4.MoveNext()
   at System.Runtime.CompilerServices.AsyncMethodBuilderCore.Start[[Xunit.Sdk.ExecutionTimer+<AggregateAsync>d__4, xunit.execution.dotnet, Version=2.6.2.0, Culture=neutral, PublicKeyToken=8d05b1bb7a6fdb6c]](<AggregateAsync>d__4 ByRef)
   at System.Runtime.CompilerServices.AsyncTaskMethodBuilder.Start[[Xunit.Sdk.ExecutionTimer+<AggregateAsync>d__4, xunit.execution.dotnet, Version=2.6.2.0, Culture=neutral, PublicKeyToken=8d05b1bb7a6fdb6c]](<AggregateAsync>d__4 ByRef)
   at Xunit.Sdk.ExecutionTimer.AggregateAsync(System.Func`1<System.Threading.Tasks.Task>)
   at Xunit.Sdk.TestInvoker`1+<>c__DisplayClass48_0[[System.__Canon, System.Private.CoreLib, Version=9.0.0.0, Culture=neutral, PublicKeyToken=7cec85d7bea7798e]].<InvokeTestMethodAsync>b__0()
   at Xunit.Sdk.ExceptionAggregator+<RunAsync>d__9.MoveNext()
   at System.Runtime.CompilerServices.AsyncMethodBuilderCore.Start[[Xunit.Sdk.ExceptionAggregator+<RunAsync>d__9, xunit.core, Version=2.6.2.0, Culture=neutral, PublicKeyToken=8d05b1bb7a6fdb6c]](<RunAsync>d__9 ByRef)
   at System.Runtime.CompilerServices.AsyncTaskMethodBuilder.Start[[Xunit.Sdk.ExceptionAggregator+<RunAsync>d__9, xunit.core, Version=2.6.2.0, Culture=neutral, PublicKeyToken=8d05b1bb7a6fdb6c]](<RunAsync>d__9 ByRef)
   at Xunit.Sdk.ExceptionAggregator.RunAsync(System.Func`1<System.Threading.Tasks.Task>)
   at Xunit.Sdk.TestInvoker`1+<InvokeTestMethodAsync>d__48[[System.__Canon, System.Private.CoreLib, Version=9.0.0.0, Culture=neutral, PublicKeyToken=7cec85d7bea7798e]].MoveNext()
   at System.Runtime.CompilerServices.AsyncMethodBuilderCore.Start[[Xunit.Sdk.TestInvoker`1+<InvokeTestMethodAsync>d__48[[System.__Canon, System.Private.CoreLib, Version=9.0.0.0, Culture=neutral, PublicKeyToken=7cec85d7bea7798e]], xunit.execution.dotnet, Version=2.6.2.0, Culture=neutral, PublicKeyToken=8d05b1bb7a6fdb6c]](<InvokeTestMethodAsync>d__48<System.__Canon> ByRef)
   at System.Runtime.CompilerServices.AsyncTaskMethodBuilder`1[[System.Decimal, System.Private.CoreLib, Version=9.0.0.0, Culture=neutral, PublicKeyToken=7cec85d7bea7798e]].Start[[Xunit.Sdk.TestInvoker`1+<InvokeTestMethodAsync>d__48[[System.__Canon, System.Private.CoreLib, Version=9.0.0.0, Culture=neutral, PublicKeyToken=7cec85d7bea7798e]], xunit.execution.dotnet, Version=2.6.2.0, Culture=neutral, PublicKeyToken=8d05b1bb7a6fdb6c]](<InvokeTestMethodAsync>d__48<System.__Canon> ByRef)
   at Xunit.Sdk.TestInvoker`1[[System.__Canon, System.Private.CoreLib, Version=9.0.0.0, Culture=neutral, PublicKeyToken=7cec85d7bea7798e]].InvokeTestMethodAsync(System.Object)
   at Xunit.Sdk.XunitTestInvoker.InvokeTestMethodAsync(System.Object)
   at Xunit.Sdk.TestInvoker`1+<<RunAsync>b__47_0>d[[System.__Canon, System.Private.CoreLib, Version=9.0.0.0, Culture=neutral, PublicKeyToken=7cec85d7bea7798e]].MoveNext()
   at System.Runtime.CompilerServices.AsyncMethodBuilderCore.Start[[Xunit.Sdk.TestInvoker`1+<<RunAsync>b__47_0>d[[System.__Canon, System.Private.CoreLib, Version=9.0.0.0, Culture=neutral, PublicKeyToken=7cec85d7bea7798e]], xunit.execution.dotnet, Version=2.6.2.0, Culture=neutral, PublicKeyToken=8d05b1bb7a6fdb6c]](<<RunAsync>b__47_0>d<System.__Canon> ByRef)
   at System.Runtime.CompilerServices.AsyncTaskMethodBuilder`1[[System.Decimal, System.Private.CoreLib, Version=9.0.0.0, Culture=neutral, PublicKeyToken=7cec85d7bea7798e]].Start[[Xunit.Sdk.TestInvoker`1+<<RunAsync>b__47_0>d[[System.__Canon, System.Private.CoreLib, Version=9.0.0.0, Culture=neutral, PublicKeyToken=7cec85d7bea7798e]], xunit.execution.dotnet, Version=2.6.2.0, Culture=neutral, PublicKeyToken=8d05b1bb7a6fdb6c]](<<RunAsync>b__47_0>d<System.__Canon> ByRef)
   at Xunit.Sdk.TestInvoker`1[[System.__Canon, System.Private.CoreLib, Version=9.0.0.0, Culture=neutral, PublicKeyToken=7cec85d7bea7798e]].<RunAsync>b__47_0()
   at Xunit.Sdk.ExceptionAggregator+<RunAsync>d__10`1[[System.Decimal, System.Private.CoreLib, Version=9.0.0.0, Culture=neutral, PublicKeyToken=7cec85d7bea7798e]].MoveNext()
   at System.Runtime.CompilerServices.AsyncMethodBuilderCore.Start[[Xunit.Sdk.ExceptionAggregator+<RunAsync>d__10`1[[System.Decimal, System.Private.CoreLib, Version=9.0.0.0, Culture=neutral, PublicKeyToken=7cec85d7bea7798e]], xunit.core, Version=2.6.2.0, Culture=neutral, PublicKeyToken=8d05b1bb7a6fdb6c]](<RunAsync>d__10`1<System.Decimal> ByRef)
   at System.Runtime.CompilerServices.AsyncTaskMethodBuilder`1[[System.Decimal, System.Private.CoreLib, Version=9.0.0.0, Culture=neutral, PublicKeyToken=7cec85d7bea7798e]].Start[[Xunit.Sdk.ExceptionAggregator+<RunAsync>d__10`1[[System.Decimal, System.Private.CoreLib, Version=9.0.0.0, Culture=neutral, PublicKeyToken=7cec85d7bea7798e]], xunit.core, Version=2.6.2.0, Culture=neutral, PublicKeyToken=8d05b1bb7a6fdb6c]](<RunAsync>d__10`1<System.Decimal> ByRef)
   at Xunit.Sdk.ExceptionAggregator.RunAsync[[System.Decimal, System.Private.CoreLib, Version=9.0.0.0, Culture=neutral, PublicKeyToken=7cec85d7bea7798e]](System.Func`1<System.Threading.Tasks.Task`1<System.Decimal>>)
   at Xunit.Sdk.TestInvoker`1[[System.__Canon, System.Private.CoreLib, Version=9.0.0.0, Culture=neutral, PublicKeyToken=7cec85d7bea7798e]].RunAsync()
   at Xunit.Sdk.XunitTestRunner.InvokeTestMethodAsync(Xunit.Sdk.ExceptionAggregator)
   at Xunit.Sdk.XunitTestRunner+<InvokeTestAsync>d__4.MoveNext()
   at System.Runtime.CompilerServices.AsyncMethodBuilderCore.Start[[Xunit.Sdk.XunitTestRunner+<InvokeTestAsync>d__4, xunit.execution.dotnet, Version=2.6.2.0, Culture=neutral, PublicKeyToken=8d05b1bb7a6fdb6c]](<InvokeTestAsync>d__4 ByRef)
   at System.Runtime.CompilerServices.AsyncTaskMethodBuilder`1[[System.__Canon, System.Private.CoreLib, Version=9.0.0.0, Culture=neutral, PublicKeyToken=7cec85d7bea7798e]].Start[[Xunit.Sdk.XunitTestRunner+<InvokeTestAsync>d__4, xunit.execution.dotnet, Version=2.6.2.0, Culture=neutral, PublicKeyToken=8d05b1bb7a6fdb6c]](<InvokeTestAsync>d__4 ByRef)
   at Xunit.Sdk.XunitTestRunner.InvokeTestAsync(Xunit.Sdk.ExceptionAggregator)
   at Xunit.Sdk.TestRunner`1+<>c__DisplayClass43_0[[System.__Canon, System.Private.CoreLib, Version=9.0.0.0, Culture=neutral, PublicKeyToken=7cec85d7bea7798e]].<RunAsync>b__0()
   at Xunit.Sdk.ExceptionAggregator+<RunAsync>d__10`1[[System.__Canon, System.Private.CoreLib, Version=9.0.0.0, Culture=neutral, PublicKeyToken=7cec85d7bea7798e]].MoveNext()
   at System.Runtime.CompilerServices.AsyncMethodBuilderCore.Start[[Xunit.Sdk.ExceptionAggregator+<RunAsync>d__10`1[[System.__Canon, System.Private.CoreLib, Version=9.0.0.0, Culture=neutral, PublicKeyToken=7cec85d7bea7798e]], xunit.core, Version=2.6.2.0, Culture=neutral, PublicKeyToken=8d05b1bb7a6fdb6c]](<RunAsync>d__10`1<System.__Canon> ByRef)
   at System.Runtime.CompilerServices.AsyncTaskMethodBuilder`1[[System.__Canon, System.Private.CoreLib, Version=9.0.0.0, Culture=neutral, PublicKeyToken=7cec85d7bea7798e]].Start[[Xunit.Sdk.ExceptionAggregator+<RunAsync>d__10`1[[System.__Canon, System.Private.CoreLib, Version=9.0.0.0, Culture=neutral, PublicKeyToken=7cec85d7bea7798e]], xunit.core, Version=2.6.2.0, Culture=neutral, PublicKeyToken=8d05b1bb7a6fdb6c]](<RunAsync>d__10`1<System.__Canon> ByRef)
   at Xunit.Sdk.ExceptionAggregator.RunAsync[[System.__Canon, System.Private.CoreLib, Version=9.0.0.0, Culture=neutral, PublicKeyToken=7cec85d7bea7798e]](System.Func`1<System.Threading.Tasks.Task`1<System.__Canon>>)
   at Xunit.Sdk.TestRunner`1+<RunAsync>d__43[[System.__Canon, System.Private.CoreLib, Version=9.0.0.0, Culture=neutral, PublicKeyToken=7cec85d7bea7798e]].MoveNext()
   at System.Runtime.CompilerServices.AsyncMethodBuilderCore.Start[[Xunit.Sdk.TestRunner`1+<RunAsync>d__43[[System.__Canon, System.Private.CoreLib, Version=9.0.0.0, Culture=neutral, PublicKeyToken=7cec85d7bea7798e]], xunit.execution.dotnet, Version=2.6.2.0, Culture=neutral, PublicKeyToken=8d05b1bb7a6fdb6c]](<RunAsync>d__43<System.__Canon> ByRef)
   at System.Runtime.CompilerServices.AsyncTaskMethodBuilder`1[[System.__Canon, System.Private.CoreLib, Version=9.0.0.0, Culture=neutral, PublicKeyToken=7cec85d7bea7798e]].Start[[Xunit.Sdk.TestRunner`1+<RunAsync>d__43[[System.__Canon, System.Private.CoreLib, Version=9.0.0.0, Culture=neutral, PublicKeyToken=7cec85d7bea7798e]], xunit.execution.dotnet, Version=2.6.2.0, Culture=neutral, PublicKeyToken=8d05b1bb7a6fdb6c]](<RunAsync>d__43<System.__Canon> ByRef)
   at Xunit.Sdk.TestRunner`1[[System.__Canon, System.Private.CoreLib, Version=9.0.0.0, Culture=neutral, PublicKeyToken=7cec85d7bea7798e]].RunAsync()
   at Xunit.Sdk.XunitTestCaseRunner.RunTestAsync()
   at Xunit.Sdk.TestCaseRunner`1+<RunAsync>d__19[[System.__Canon, System.Private.CoreLib, Version=9.0.0.0, Culture=neutral, PublicKeyToken=7cec85d7bea7798e]].MoveNext()
   at System.Runtime.CompilerServices.AsyncMethodBuilderCore.Start[[Xunit.Sdk.TestCaseRunner`1+<RunAsync>d__19[[System.__Canon, System.Private.CoreLib, Version=9.0.0.0, Culture=neutral, PublicKeyToken=7cec85d7bea7798e]], xunit.execution.dotnet, Version=2.6.2.0, Culture=neutral, PublicKeyToken=8d05b1bb7a6fdb6c]](<RunAsync>d__19<System.__Canon> ByRef)
   at System.Runtime.CompilerServices.AsyncTaskMethodBuilder`1[[System.__Canon, System.Private.CoreLib, Version=9.0.0.0, Culture=neutral, PublicKeyToken=7cec85d7bea7798e]].Start[[Xunit.Sdk.TestCaseRunner`1+<RunAsync>d__19[[System.__Canon, System.Private.CoreLib, Version=9.0.0.0, Culture=neutral, PublicKeyToken=7cec85d7bea7798e]], xunit.execution.dotnet, Version=2.6.2.0, Culture=neutral, PublicKeyToken=8d05b1bb7a6fdb6c]](<RunAsync>d__19<System.__Canon> ByRef)
   at Xunit.Sdk.TestCaseRunner`1[[System.__Canon, System.Private.CoreLib, Version=9.0.0.0, Culture=neutral, PublicKeyToken=7cec85d7bea7798e]].RunAsync()
   at Xunit.Sdk.XunitTestCase.RunAsync(Xunit.Abstractions.IMessageSink, Xunit.Sdk.IMessageBus, System.Object[], Xunit.Sdk.ExceptionAggregator, System.Threading.CancellationTokenSource)
   at Xunit.Sdk.SkippableFactDiscoverer+SkippableFactTestCase.<>n__0(Xunit.Abstractions.IMessageSink, Xunit.Sdk.IMessageBus, System.Object[], Xunit.Sdk.ExceptionAggregator, System.Threading.CancellationTokenSource)
   at Xunit.Sdk.SkippableFactDiscoverer+SkippableFactTestCase+<RunAsync>d__6.MoveNext()
   at System.Runtime.CompilerServices.AsyncMethodBuilderCore.Start[[Xunit.Sdk.SkippableFactDiscoverer+SkippableFactTestCase+<RunAsync>d__6, Xunit.SkippableFact, Version=1.3.0.0, Culture=neutral, PublicKeyToken=b2b52da82b58eb73]](<RunAsync>d__6 ByRef)
   at System.Runtime.CompilerServices.AsyncTaskMethodBuilder`1[[System.__Canon, System.Private.CoreLib, Version=9.0.0.0, Culture=neutral, PublicKeyToken=7cec85d7bea7798e]].Start[[Xunit.Sdk.SkippableFactDiscoverer+SkippableFactTestCase+<RunAsync>d__6, Xunit.SkippableFact, Version=1.3.0.0, Culture=neutral, PublicKeyToken=b2b52da82b58eb73]](<RunAsync>d__6 ByRef)
   at Xunit.Sdk.SkippableFactDiscoverer+SkippableFactTestCase.RunAsync(Xunit.Abstractions.IMessageSink, Xunit.Sdk.IMessageBus, System.Object[], Xunit.Sdk.ExceptionAggregator, System.Threading.CancellationTokenSource)
   at Xunit.Sdk.XunitTestMethodRunner.RunTestCaseAsync(Xunit.Sdk.IXunitTestCase)
   at Xunit.Sdk.TestMethodRunner`1+<RunTestCasesAsync>d__32[[System.__Canon, System.Private.CoreLib, Version=9.0.0.0, Culture=neutral, PublicKeyToken=7cec85d7bea7798e]].MoveNext()
   at System.Runtime.CompilerServices.AsyncMethodBuilderCore.Start[[Xunit.Sdk.TestMethodRunner`1+<RunTestCasesAsync>d__32[[System.__Canon, System.Private.CoreLib, Version=9.0.0.0, Culture=neutral, PublicKeyToken=7cec85d7bea7798e]], xunit.execution.dotnet, Version=2.6.2.0, Culture=neutral, PublicKeyToken=8d05b1bb7a6fdb6c]](<RunTestCasesAsync>d__32<System.__Canon> ByRef)
   at System.Runtime.CompilerServices.AsyncTaskMethodBuilder`1[[System.__Canon, System.Private.CoreLib, Version=9.0.0.0, Culture=neutral, PublicKeyToken=7cec85d7bea7798e]].Start[[Xunit.Sdk.TestMethodRunner`1+<RunTestCasesAsync>d__32[[System.__Canon, System.Private.CoreLib, Version=9.0.0.0, Culture=neutral, PublicKeyToken=7cec85d7bea7798e]], xunit.execution.dotnet, Version=2.6.2.0, Culture=neutral, PublicKeyToken=8d05b1bb7a6fdb6c]](<RunTestCasesAsync>d__32<System.__Canon> ByRef)
   at Xunit.Sdk.TestMethodRunner`1[[System.__Canon, System.Private.CoreLib, Version=9.0.0.0, Culture=neutral, PublicKeyToken=7cec85d7bea7798e]].RunTestCasesAsync()
   at Xunit.Sdk.TestMethodRunner`1+<RunAsync>d__31[[System.__Canon, System.Private.CoreLib, Version=9.0.0.0, Culture=neutral, PublicKeyToken=7cec85d7bea7798e]].MoveNext()
   at System.Runtime.CompilerServices.AsyncMethodBuilderCore.Start[[Xunit.Sdk.TestMethodRunner`1+<RunAsync>d__31[[System.__Canon, System.Private.CoreLib, Version=9.0.0.0, Culture=neutral, PublicKeyToken=7cec85d7bea7798e]], xunit.execution.dotnet, Version=2.6.2.0, Culture=neutral, PublicKeyToken=8d05b1bb7a6fdb6c]](<RunAsync>d__31<System.__Canon> ByRef)
   at System.Runtime.CompilerServices.AsyncTaskMethodBuilder`1[[System.__Canon, System.Private.CoreLib, Version=9.0.0.0, Culture=neutral, PublicKeyToken=7cec85d7bea7798e]].Start[[Xunit.Sdk.TestMethodRunner`1+<RunAsync>d__31[[System.__Canon, System.Private.CoreLib, Version=9.0.0.0, Culture=neutral, PublicKeyToken=7cec85d7bea7798e]], xunit.execution.dotnet, Version=2.6.2.0, Culture=neutral, PublicKeyToken=8d05b1bb7a6fdb6c]](<RunAsync>d__31<System.__Canon> ByRef)
   at Xunit.Sdk.TestMethodRunner`1[[System.__Canon, System.Private.CoreLib, Version=9.0.0.0, Culture=neutral, PublicKeyToken=7cec85d7bea7798e]].RunAsync()
   at Xunit.Sdk.XunitTestClassRunner.RunTestMethodAsync(Xunit.Abstractions.ITestMethod, Xunit.Abstractions.IReflectionMethodInfo, System.Collections.Generic.IEnumerable`1<Xunit.Sdk.IXunitTestCase>, System.Object[])
   at Xunit.Sdk.TestClassRunner`1+<RunTestMethodsAsync>d__38[[System.__Canon, System.Private.CoreLib, Version=9.0.0.0, Culture=neutral, PublicKeyToken=7cec85d7bea7798e]].MoveNext()
   at System.Runtime.CompilerServices.AsyncMethodBuilderCore.Start[[Xunit.Sdk.TestClassRunner`1+<RunTestMethodsAsync>d__38[[System.__Canon, System.Private.CoreLib, Version=9.0.0.0, Culture=neutral, PublicKeyToken=7cec85d7bea7798e]], xunit.execution.dotnet, Version=2.6.2.0, Culture=neutral, PublicKeyToken=8d05b1bb7a6fdb6c]](<RunTestMethodsAsync>d__38<System.__Canon> ByRef)
   at System.Runtime.CompilerServices.AsyncTaskMethodBuilder`1[[System.__Canon, System.Private.CoreLib, Version=9.0.0.0, Culture=neutral, PublicKeyToken=7cec85d7bea7798e]].Start[[Xunit.Sdk.TestClassRunner`1+<RunTestMethodsAsync>d__38[[System.__Canon, System.Private.CoreLib, Version=9.0.0.0, Culture=neutral, PublicKeyToken=7cec85d7bea7798e]], xunit.execution.dotnet, Version=2.6.2.0, Culture=neutral, PublicKeyToken=8d05b1bb7a6fdb6c]](<RunTestMethodsAsync>d__38<System.__Canon> ByRef)
   at Xunit.Sdk.TestClassRunner`1[[System.__Canon, System.Private.CoreLib, Version=9.0.0.0, Culture=neutral, PublicKeyToken=7cec85d7bea7798e]].RunTestMethodsAsync()
   at Xunit.Sdk.TestClassRunner`1+<RunAsync>d__37[[System.__Canon, System.Private.CoreLib, Version=9.0.0.0, Culture=neutral, PublicKeyToken=7cec85d7bea7798e]].MoveNext()
   at System.Runtime.CompilerServices.AsyncMethodBuilderCore.Start[[Xunit.Sdk.TestClassRunner`1+<RunAsync>d__37[[System.__Canon, System.Private.CoreLib, Version=9.0.0.0, Culture=neutral, PublicKeyToken=7cec85d7bea7798e]], xunit.execution.dotnet, Version=2.6.2.0, Culture=neutral, PublicKeyToken=8d05b1bb7a6fdb6c]](<RunAsync>d__37<System.__Canon> ByRef)
   at System.Runtime.CompilerServices.AsyncTaskMethodBuilder`1[[System.__Canon, System.Private.CoreLib, Version=9.0.0.0, Culture=neutral, PublicKeyToken=7cec85d7bea7798e]].Start[[Xunit.Sdk.TestClassRunner`1+<RunAsync>d__37[[System.__Canon, System.Private.CoreLib, Version=9.0.0.0, Culture=neutral, PublicKeyToken=7cec85d7bea7798e]], xunit.execution.dotnet, Version=2.6.2.0, Culture=neutral, PublicKeyToken=8d05b1bb7a6fdb6c]](<RunAsync>d__37<System.__Canon> ByRef)
   at Xunit.Sdk.TestClassRunner`1[[System.__Canon, System.Private.CoreLib, Version=9.0.0.0, Culture=neutral, PublicKeyToken=7cec85d7bea7798e]].RunAsync()
   at TechTalk.SpecFlow.xUnit.SpecFlowPlugin.XunitTestCollectionRunnerWithAssemblyFixture.RunTestClassAsync(Xunit.Abstractions.ITestClass, Xunit.Abstractions.IReflectionTypeInfo, System.Collections.Generic.IEnumerable`1<Xunit.Sdk.IXunitTestCase>)
   at Xunit.Sdk.TestCollectionRunner`1+<RunTestClassesAsync>d__28[[System.__Canon, System.Private.CoreLib, Version=9.0.0.0, Culture=neutral, PublicKeyToken=7cec85d7bea7798e]].MoveNext()
   at System.Runtime.CompilerServices.AsyncMethodBuilderCore.Start[[Xunit.Sdk.TestCollectionRunner`1+<RunTestClassesAsync>d__28[[System.__Canon, System.Private.CoreLib, Version=9.0.0.0, Culture=neutral, PublicKeyToken=7cec85d7bea7798e]], xunit.execution.dotnet, Version=2.6.2.0, Culture=neutral, PublicKeyToken=8d05b1bb7a6fdb6c]](<RunTestClassesAsync>d__28<System.__Canon> ByRef)
   at System.Runtime.CompilerServices.AsyncTaskMethodBuilder`1[[System.__Canon, System.Private.CoreLib, Version=9.0.0.0, Culture=neutral, PublicKeyToken=7cec85d7bea7798e]].Start[[Xunit.Sdk.TestCollectionRunner`1+<RunTestClassesAsync>d__28[[System.__Canon, System.Private.CoreLib, Version=9.0.0.0, Culture=neutral, PublicKeyToken=7cec85d7bea7798e]], xunit.execution.dotnet, Version=2.6.2.0, Culture=neutral, PublicKeyToken=8d05b1bb7a6fdb6c]](<RunTestClassesAsync>d__28<System.__Canon> ByRef)
   at Xunit.Sdk.TestCollectionRunner`1[[System.__Canon, System.Private.CoreLib, Version=9.0.0.0, Culture=neutral, PublicKeyToken=7cec85d7bea7798e]].RunTestClassesAsync()
   at Xunit.Sdk.TestCollectionRunner`1+<RunAsync>d__27[[System.__Canon, System.Private.CoreLib, Version=9.0.0.0, Culture=neutral, PublicKeyToken=7cec85d7bea7798e]].MoveNext()
   at System.Runtime.CompilerServices.AsyncMethodBuilderCore.Start[[Xunit.Sdk.TestCollectionRunner`1+<RunAsync>d__27[[System.__Canon, System.Private.CoreLib, Version=9.0.0.0, Culture=neutral, PublicKeyToken=7cec85d7bea7798e]], xunit.execution.dotnet, Version=2.6.2.0, Culture=neutral, PublicKeyToken=8d05b1bb7a6fdb6c]](<RunAsync>d__27<System.__Canon> ByRef)
   at System.Runtime.CompilerServices.AsyncTaskMethodBuilder`1[[System.__Canon, System.Private.CoreLib, Version=9.0.0.0, Culture=neutral, PublicKeyToken=7cec85d7bea7798e]].Start[[Xunit.Sdk.TestCollectionRunner`1+<RunAsync>d__27[[System.__Canon, System.Private.CoreLib, Version=9.0.0.0, Culture=neutral, PublicKeyToken=7cec85d7bea7798e]], xunit.execution.dotnet, Version=2.6.2.0, Culture=neutral, PublicKeyToken=8d05b1bb7a6fdb6c]](<RunAsync>d__27<System.__Canon> ByRef)
   at Xunit.Sdk.TestCollectionRunner`1[[System.__Canon, System.Private.CoreLib, Version=9.0.0.0, Culture=neutral, PublicKeyToken=7cec85d7bea7798e]].RunAsync()
   at TechTalk.SpecFlow.xUnit.SpecFlowPlugin.XunitTestAssemblyRunnerWithAssemblyFixture.RunTestCollectionAsync(Xunit.Sdk.IMessageBus, Xunit.Abstractions.ITestCollection, System.Collections.Generic.IEnumerable`1<Xunit.Sdk.IXunitTestCase>, System.Threading.CancellationTokenSource)
   at Xunit.Sdk.XunitTestAssemblyRunner+<>c__DisplayClass14_2.<RunTestCollectionsAsync>b__2()
   at System.Threading.Tasks.Task`1[[System.__Canon, System.Private.CoreLib, Version=9.0.0.0, Culture=neutral, PublicKeyToken=7cec85d7bea7798e]].InnerInvoke()
   at System.Threading.ExecutionContext.RunInternal(System.Threading.ExecutionContext, System.Threading.ContextCallback, System.Object)
   at System.Threading.Tasks.Task.ExecuteWithThreadLocal(System.Threading.Tasks.Task ByRef, System.Threading.Thread)
   at System.Threading.Tasks.Task.ExecuteEntry()
   at System.Threading.Tasks.SynchronizationContextTaskScheduler+<>c.<.cctor>b__8_0(System.Object)
   at Xunit.Sdk.MaxConcurrencySyncContext.RunOnSyncContext(System.Threading.SendOrPostCallback, System.Object)
   at Xunit.Sdk.MaxConcurrencySyncContext+<>c__DisplayClass11_0.<WorkerThreadProc>b__0(System.Object)
   at System.Threading.ExecutionContext.RunInternal(System.Threading.ExecutionContext, System.Threading.ContextCallback, System.Object)
   at Xunit.Sdk.ExecutionContextHelper.Run(System.Object, System.Action`1<System.Object>)
   at Xunit.Sdk.MaxConcurrencySyncContext.WorkerThreadProc()
   at Xunit.Sdk.XunitWorkerThread+<>c.<QueueUserWorkItem>b__5_0(System.Object)
   at System.Threading.ExecutionContext.RunInternal(System.Threading.ExecutionContext, System.Threading.ContextCallback, System.Object)
   at System.Threading.Tasks.Task.ExecuteWithThreadLocal(System.Threading.Tasks.Task ByRef, System.Threading.Thread)

Total tests: Unknown
     Passed: 2
     Failed: 111
    Skipped: 155
 Total time: 6.1328 Seconds
     1>Project "/home/srowe/workspace/pediatric-therapy-resource/api/TherapyDocs.sln" (1) is building "/home/srowe/workspace/pediatric-therapy-resource/api/Tests/TherapyDocs.Api.Tests.csproj" (3) on node 2 (VSTest target(s)).
     3>_VSTestConsole:
         MSB4181: The "VSTestTask" task returned false but did not log an error.
     3>Done Building Project "/home/srowe/workspace/pediatric-therapy-resource/api/Tests/TherapyDocs.Api.Tests.csproj" (VSTest target(s)) -- FAILED.
     1>Done Building Project "/home/srowe/workspace/pediatric-therapy-resource/api/TherapyDocs.sln" (VSTest target(s)) -- FAILED.

Build FAILED.
    0 Warning(s)
    0 Error(s)

Time Elapsed 00:00:06.66
